08-13 10:41:40.172  1513  1778 I         : SLAM_ALG::pipeline # TrackingOnce long frame: 6.596000,0.805000,5.791000,1017394954036
08-13 10:41:40.183  1513  6864 I VrlinkDataSource: timeSync.ts:1017419404879, offset:625
08-13 10:41:40.199  1513  1783 I         : 2.5.85: [WARNING] SceneDepthProcessOnce InterpolatePose failed! prePose ts 1017428142519, nextPose ts 1017428142519, avg_ts 1017428286862
08-13 10:41:40.199  1513  1777 I         : 2.5.85: [ProcessVisualInertialOnce]: Send SLAM Img[1017433697135],latest IMU[1017428286875]
08-13 10:41:40.203  1513  1778 I         : SLAM_ALG::pipeline # TrackingOnce long frame: 3.371000,1.263000,2.108000,1017428286875
08-13 10:41:40.206  1513  1783 I         : MeshRecon # [timing] IN GenerateDepthMatFromMesh: 0.023000, 0.000000, 0.036000, 1.207000
08-13 10:41:40.206  1513  1783 I         : MeshRecon # [timing] SceneDepthSystem_Process: 7.275001 = 0.631000 + 5.150000 + 0.129000 + 1.321000 + 0.044000
08-13 10:41:40.232  1513  1777 I         : 2.5.85: [ProcessVisualInertialOnce]: Send SLAM Img[1017466903645],latest IMU[1017461619753]
08-13 10:41:40.237  1513  1778 I         : SLAM_ALG::pipeline # TrackingOnce long frame: 4.294000,1.263000,3.031000,1017461619753
08-13 10:41:40.239  1513  1783 I         : MeshRecon # [timing] IN GenerateDepthMatFromMesh: 0.015000, 0.000000, 0.032000, 1.294000
08-13 10:41:40.239  1513  1783 I         : MeshRecon # [timing] SceneDepthSystem_Process: 7.621000 = 0.454000 + 5.649000 + 0.085000 + 1.396000 + 0.037000
08-13 10:41:40.241  1513  1784 I         : MeshRecon # [timing] SUM:50.844997, Prep:0.005000,Rect:1.721000,BBox:1.067000,Depth:38.405998,Filter:2.456000,Insert:7.190000,Update:0.000000,CB:0.000000,Floor:0.000000,Boundary:0.000000,NearObj:0.000000,Room1:0.000000,Room2:0.000000
08-13 10:41:40.256  4283  4423 D PerformanceService: handleMessage - isLow: false, lowMemForLmk: false
08-13 10:41:40.256  1513  1784 I         : MeshRecon # DetectNearObj result: xyz (-0.150000, 0.150000, -0.603018), dist 0.554435
08-13 10:41:40.256  3537  3765 I FOO     : [SystemUX] onNearestObjectUpdate 0.554435
08-13 10:41:40.256  1513  1784 I         : MeshRecon # [timing] DetectNearObj: 0.012000 + 0.009000 + 0.248000 = 0.269000
08-13 10:41:40.265  1513  1777 I         : 2.5.85: [ProcessVisualInertialOnce]: Send SLAM Img[1017500110416],latest IMU[1017494952565]
08-13 10:41:40.271  1513  1778 I         : SLAM_ALG::pipeline # TrackingOnce long frame: 5.232000,2.420000,2.812000,1017494952565
08-13 10:41:40.272  1513  1783 I         : MeshRecon # [timing] IN GenerateDepthMatFromMesh: 0.018000, 0.000000, 0.040000, 1.311000
08-13 10:41:40.272  1513  1783 I         : MeshRecon # [timing] SceneDepthSystem_Process: 7.435000 = 0.465000 + 5.410000 + 0.113000 + 1.416000 + 0.031000
08-13 10:41:40.284  1513  1710 I DataMonitor: (cam_dl):[dur: avg:16.57, min:16.66, max:16.67)] [lat: avg:5.47, min:3.23, max:9.68], miss(0) total:180
08-13 10:41:40.284  1513  1710 I DataMonitor: (cam_ul):[dur: avg:16.57, min:16.66, max:16.67)] [lat: avg:5.49, min:3.23, max:9.40], miss(0) total:180
08-13 10:41:40.284  1513  1710 I DataMonitor: (cam_ur):[dur: avg:16.57, min:16.66, max:16.67)] [lat: avg:5.49, min:3.23, max:9.68], miss(0) total:180
08-13 10:41:40.284  1513  1710 I DataMonitor: (cam_dr):[dur: avg:16.57, min:16.66, max:16.67)] [lat: avg:5.56, min:3.23, max:10.76], miss(0) total:180
08-13 10:41:40.284  1513  1710 I DataMonitor: (cam_auxl):[dur: avg:16.57, min:16.66, max:16.67)] [lat: avg:5.93, min:3.26, max:11.18], miss(0) total:180
08-13 10:41:40.284  1513  1710 I DataMonitor: (cam_auxr):[dur: avg:16.57, min:16.66, max:16.67)] [lat: avg:5.91, min:3.25, max:11.31], miss(0) total:180
08-13 10:41:40.284  1513  1710 I DataMonitor: (cam_lvst):[dur: avg:13.82, min:13.89, max:14.14)] [lat: avg:11.14, min:11.00, max:11.73], miss(0) total:216
08-13 10:41:40.285  1513  1710 I DataMonitor: (cam_rvst):[dur: avg:13.82, min:13.89, max:14.14)] [lat: avg:11.13, min:10.98, max:11.61], miss(0) total:216
08-13 10:41:40.285  1513  1710 I DataMonitor: (cam_let):[dur: avg:11.12, min:11.16, max:11.16)] [lat: avg:2.93, min:2.69, max:5.43], miss(0) total:269
08-13 10:41:40.285  1513  1710 I DataMonitor: (cam_ret):[dur: avg:11.12, min:11.16, max:11.16)] [lat: avg:2.98, min:2.69, max:5.92], miss(0) total:269
08-13 10:41:40.285  1513  1710 I DataMonitor: (cam_tof):[dur: avg:32.96, min:33.33, max:33.33)] [lat: avg:24.77, min:23.99, max:27.35], miss(0) total:90
08-13 10:41:40.285  1513  1710 I DataMonitor: (imu_hmd):[dur: avg:0.98, min:0.98, max:0.98)] [lat: avg:0.70, min:0.46, max:1.08], miss(0) total:3072
08-13 10:41:40.285  1513  1710 I DataMonitor: (slam):[lat: avg:4.96, min:4.16, max:5.74], [ql: 0 0.000000] total:3072
08-13 10:41:40.285  1513  1710 I DataMonitor: (eye_pose):[lat: avg:6.46, min:4.79, max:22.02], [ql: 27 0.100372] total:269
08-13 10:41:40.299  1513  1777 I         : 2.5.85: [ProcessVisualInertialOnce]: Send SLAM Img[1017533316927],latest IMU[1017528285443]
08-13 10:41:40.303  1513  1778 I         : SLAM_ALG::pipeline # TrackingOnce long frame: 4.403000,1.072000,3.331000,1017528285443
08-13 10:41:40.305  1513  1783 I         : MeshRecon # [timing] IN GenerateDepthMatFromMesh: 0.020000, 0.000000, 0.039000, 1.315000
08-13 10:41:40.305  1513  1783 I         : MeshRecon # [timing] SceneDepthSystem_Process: 6.677000 = 0.404000 + 4.726000 + 0.099000 + 1.411000 + 0.037000
08-13 10:41:40.332  1513  1777 I         : 2.5.85: [ProcessVisualInertialOnce]: Send SLAM Img[1017566523750],latest IMU[1017561618294]
08-13 10:41:40.337  1513  1778 I         : SLAM_ALG::pipeline # TrackingOnce long frame: 5.112000,0.793000,4.319000,1017561618294
08-13 10:41:40.338  1513  1783 I         : MeshRecon # [timing] IN GenerateDepthMatFromMesh: 0.027000, 0.000000, 0.072000, 1.286000
08-13 10:41:40.338  1513  1783 I         : MeshRecon # [timing] SceneDepthSystem_Process: 6.808000 = 0.418000 + 4.699000 + 0.191000 + 1.454000 + 0.046000
08-13 10:41:40.366  1513  1777 I         : 2.5.85: [ProcessVisualInertialOnce]: Send SLAM Img[1017599730260],latest IMU[1017594951133]
08-13 10:41:40.366  2610  2625 I LayerState: XR submitFrame:19900 [minV=1 curV=73671], client:3842, type:1 layer_count:4
08-13 10:41:40.372  1513  1783 I         : MeshRecon # [timing] IN GenerateDepthMatFromMesh: 0.020000, 0.000000, 0.040000, 1.384000
08-13 10:41:40.372  1513  1783 I         : MeshRecon # [timing] SceneDepthSystem_Process: 6.832000 = 0.690000 + 4.430000 + 0.127000 + 1.546000 + 0.039000
08-13 10:41:40.372  1513  1778 I         : SLAM_ALG::pipeline # TrackingOnce long frame: 5.956000,1.226000,4.729000,1017594951133
08-13 10:41:40.398  1513  1777 I         : 2.5.85: [ProcessVisualInertialOnce]: Send SLAM Img[1017632937031],latest IMU[1017628283984]
08-13 10:41:40.404  1513  1778 I         : SLAM_ALG::pipeline # TrackingOnce long frame: 4.583000,1.828000,2.755000,1017628283984
08-13 10:41:40.407  1513  1783 I         : MeshRecon # [timing] IN GenerateDepthMatFromMesh: 0.066000, 0.000000, 0.045000, 1.626000
08-13 10:41:40.407  1513  1783 I         : MeshRecon # [timing] SceneDepthSystem_Process: 8.695000 = 0.609000 + 6.003000 + 0.092000 + 1.942000 + 0.049000
08-13 10:41:40.432  1513  1783 I         : 2.5.85: [WARNING] SceneDepthProcessOnce InterpolatePose failed! prePose ts 1017661566009, nextPose ts 1017661566009, avg_ts 1017661616836
08-13 10:41:40.432  1513  1777 I         : 2.5.85: [ProcessVisualInertialOnce]: Send SLAM Img[1017666143593],latest IMU[1017661616836]
08-13 10:41:40.439  1513  1778 I         : SLAM_ALG::pipeline # TrackingOnce long frame: 6.066000,2.336000,3.730000,1017661616836
08-13 10:41:40.439  1513  1783 I         : MeshRecon # [timing] IN GenerateDepthMatFromMesh: 0.022000, 0.000000, 0.050000, 1.376000
08-13 10:41:40.440  1513  1783 I         : MeshRecon # [timing] SceneDepthSystem_Process: 7.758000 = 0.547000 + 5.576000 + 0.105000 + 1.498000 + 0.032000
08-13 10:41:40.447  1513  1784 E MeshTrackingModule: [Spatial] on block update, count: 26
08-13 10:41:40.451  1513  1784 I         : MeshRecon # Callback updated 26 blocks at map_id 47!
08-13 10:41:40.451  1513  1784 I         : MeshRecon # [timing] SUM:61.416996, Prep:0.005000,Rect:2.218000,BBox:1.862000,Depth:35.813999,Filter:0.657000,Insert:11.823000,Update:5.202000,CB:3.834000,Floor:0.001000,Boundary:0.000000,NearObj:0.000000,Room1:0.000000,Room2:0.001000
08-13 10:41:40.451  1513  1784 I         : MeshRecon # [cur update] chunk num: 26, vtx num: 519, idx num: 1776;  [max update] chunk num: 97, vtx num: 4687, idx num: 18291;  [all] chunk num: 82, vtx num: 2501, idx num: 9711
08-13 10:41:40.451  1513  1784 I         : CalculateBBox_QNN            -> min:0.930, max:5.289, avg:1.391 ms, sum:2.15595 s
08-13 10:41:40.451  1513  1784 I         : CalculateDepth               -> min:30.39, max:53.21, avg:35.63 ms, sum:55.1962 s
08-13 10:41:40.451  1513  1784 I         : CalculateDepthStereo_CNN     -> min:15.30, max:31.77, avg:17.29 ms, sum:26.7859 s
08-13 10:41:40.451  1513  1784 I         : CalculateDepthToF_CNN        -> min:12.74, max:31.52, avg:16.48 ms, sum:25.5359 s
08-13 10:41:40.451  1513  1784 I         : CalculateDepthToF_ToFMask    -> min:0.044, max:0.734, avg:0.065 ms, sum:0.10195 s
08-13 10:41:40.451  1513  1784 I         : CallbackBlockUpdateEvent     -> min:2.799, max:9.660, avg:5.064 ms, sum:2.61813 s
08-13 10:41:40.451  1513  1784 I         : DetectFloor                  -> min:0.074, max:1.212, avg:0.245 ms, sum:0.07415 s
08-13 10:41:40.451  1513  1784 I         : DetectNearObj                -> min:0.004, max:3.782, avg:0.317 ms, sum:0.41574 s
08-13 10:41:40.451  1513  1784 I         : FilterDepth                  -> min:0.140, max:8.363, avg:1.172 ms, sum:1.80450 s
08-13 10:41:40.451  1513  1784 I         : InsertData                   -> min:4.666, max:16.54, avg:8.710 ms, sum:13.4049 s
08-13 10:41:40.451  1513  1784 I         : Rectification                -> min:1.342, max:4.288, avg:1.728 ms, sum:2.67773 s
08-13 10:41:40.451  1513  1784 I         : TrackingBBox                 -> min:0.005, max:0.521, avg:0.014 ms, sum:0.02207 s
08-13 10:41:40.451  1513  1784 I         : UpdateMesh                   -> min:1.155, max:40.21, avg:15.70 ms, sum:8.11742 s
08-13 10:41:40.451  1513  1784 I         : 
08-13 10:41:40.465  1513  1783 I         : 2.5.85: [WARNING] SceneDepthProcessOnce InterpolatePose failed! prePose ts 1017694772519, nextPose ts 1017694772519, avg_ts 1017694949648
08-13 10:41:40.466  1513  1777 I         : 2.5.85: [ProcessVisualInertialOnce]: Send SLAM Img[1017700327083],latest IMU[1017694949661]
08-13 10:41:40.468  1513  6893 I         : SLAM_ALG: mapping UpdateAlignMapTransformInfo t_error: 0.002, r_error: 0.15
08-13 10:41:40.470  1513  1778 I         : SLAM_ALG::pipeline # TrackingOnce long frame: 3.906000,1.042000,2.864000,1017694949661
08-13 10:41:40.471  1513  6893 I         : SLAM_ALG: mapping Twb_cur_int in pipeline: 1017594951133, -0.0663, 0.0200, 0.0601, 0.7019, 0.6888, -0.0759, -0.1650
08-13 10:41:40.471  1513  6893 I         : SLAM_ALG: mapping Twb_cur_ext in pipeline: 1017594951133, -0.0781, -0.0596, -0.0256, 0.7203, 0.6554, -0.2271, -0.0063
08-13 10:41:40.471  1513  6893 I         : SLAM_ALG: mapping Merged Maps Num: 10
08-13 10:41:40.471  1513  6893 I         : SLAM_ALG: mapping ---- Map id: 0, frames num: 10, transform: 0 - 0, 0.0000, 0.0000, 0.0000, 0.0000, 0.0000, 0.0000, 1.0000
08-13 10:41:40.471  1513  6893 I         : SLAM_ALG: mapping ---- Map id: 22, frames num: 130, transform: 22 - 0, 0.0126, 0.0330, 0.0198, 0.0234, 0.0026, 0.0016, 0.9997
08-13 10:41:40.471  1513  6893 I         : SLAM_ALG: mapping ---- Map id: 24, frames num: 13, transform: 24 - 0, 0.0504, -0.0102, 0.0125, -0.2222, 0.0022, 0.0004, 0.9750
08-13 10:41:40.471  1513  6893 I         : SLAM_ALG: mapping ---- Map id: 46, frames num: 3, transform: 46 - 0, 0.0507, 0.0502, -0.0933, 0.0136, 0.0046, 0.0029, 0.9999
08-13 10:41:40.471  1513  6893 I         : SLAM_ALG: mapping ---- Map id: 47, frames num: 106, transform: 47 - 0, 0.0354, 0.1158, -0.1375, 0.0709, 0.0069, 0.0053, 0.9974
08-13 10:41:40.471  1513  6893 I         : SLAM_ALG: mapping ---- Map id: 48, frames num: 0, transform: 48 - 0, 0.0102, 0.0466, -0.0616, 0.0634, 0.0051, 0.0024, 0.9980
08-13 10:41:40.471  1513  6893 I         : SLAM_ALG: mapping ---- Map id: 49, frames num: 0, transform: 49 - 0, 0.0042, 0.0279, -0.0583, 0.0046, 0.0108, 0.0036, 0.9999
08-13 10:41:40.471  1513  6893 I         : SLAM_ALG: mapping ---- Map id: 50, frames num: 0, transform: 50 - 0, 0.0129, 0.0152, -0.0622, 0.0178, 0.0162, 0.0048, 0.9997
08-13 10:41:40.471  1513  6893 I         : SLAM_ALG: mapping ---- Map id: 51, frames num: 13, transform: 51 - 0, 0.0210, 0.0113, -0.0324, 0.0101, 0.0091, 0.0027, 0.9999
08-13 10:41:40.471  1513  6893 I         : SLAM_ALG: mapping ---- Map id: 52, frames num: 9, transform: 52 - 0, -0.0067, -0.1041, -0.0731, -0.2204, 0.0060, 0.0005, 0.9754
08-13 10:41:40.471  1513  6893 I         : SLAM_ALG: mapping Mapping Map 0, local anchors num: 0
08-13 10:41:40.471  1513  1783 I         : MeshRecon # [timing] IN GenerateDepthMatFromMesh: 0.058000, 0.000000, 0.036000, 1.253000
08-13 10:41:40.471  1513  1783 I         : MeshRecon # [timing] SceneDepthSystem_Process: 6.626000 = 0.380000 + 4.649000 + 0.159000 + 1.398000 + 0.040000
08-13 10:41:40.472  1513  6893 I         : SLAM_ALG: mapping [MEMORY] kfs num: 284/284, nfs num: 0/0, cams num: 644/644, feats num: 45041/45041, meas num: 42949/42949, mpts num: 7946/7946
08-13 10:41:40.472  1513  6893 I         : SLAM_ALG: mapping Unprocessed messages num: 3
08-13 10:41:40.472  1513  6893 I         : SLAM_ALG: mapping [TIME] ProcessKeyFrame: 98.27, 70.71, 12.53, 6.31, 4.84, 0.00, 0.11, 3.77, 1017594951133
08-13 10:41:40.493  1513  1784 I         : MeshRecon # DetectNearObj result: xyz (-0.150000, 0.150000, -0.602450), dist 0.554725
08-13 10:41:40.493  1513  1784 I         : MeshRecon # [timing] DetectNearObj: 0.019000 + 0.010000 + 0.632000 = 0.661000
08-13 10:41:40.494  3537  3765 I FOO     : [SystemUX] onNearestObjectUpdate 0.554725
08-13 10:41:40.498  1513  1783 I         : 2.5.85: [WARNING] SceneDepthProcessOnce InterpolatePose failed! prePose ts 1017727979290, nextPose ts 1017727979290, avg_ts 1017728282538
08-13 10:41:40.499  1513  1777 I         : 2.5.85: [ProcessVisualInertialOnce]: Send SLAM Img[1017733533645],latest IMU[1017728282539]
08-13 10:41:40.504  1513  1778 I         : SLAM_ALG::pipeline # TrackingOnce long frame: 4.517000,0.966000,3.551000,1017728282539
08-13 10:41:40.504  1513  1783 I         : MeshRecon # [timing] IN GenerateDepthMatFromMesh: 0.017000, 0.000000, 0.035000, 1.404000
08-13 10:41:40.504  1513  1783 I         : MeshRecon # [timing] SceneDepthSystem_Process: 6.491000 = 0.385000 + 4.411000 + 0.094000 + 1.544000 + 0.057000
08-13 10:41:40.533  1513  5085 I         : 2.5.85: [ProcessVisualInertialOnce]: Send SLAM Img[1017767716927],latest IMU[1017761615391]
08-13 10:41:40.539  1513  1778 I         : SLAM_ALG::pipeline # TrackingOnce long frame: 4.829000,1.325000,3.504000,1017761615391
08-13 10:41:40.540  1513  1783 I         : MeshRecon # [timing] IN GenerateDepthMatFromMesh: 0.021000, 0.000000, 0.059000, 1.366000
08-13 10:41:40.540  1513  1783 I         : MeshRecon # [timing] SceneDepthSystem_Process: 6.835999 = 0.607000 + 4.600000 + 0.111000 + 1.483000 + 0.035000
08-13 10:41:40.565  1513  5085 I         : 2.5.85: [ProcessVisualInertialOnce]: Send SLAM Img[1017799946979],latest IMU[1017794948242]
08-13 10:41:40.565  1513  1783 I         : 2.5.85: [WARNING] SceneDepthProcessOnce InterpolatePose failed! prePose ts 1017794392623, nextPose ts 1017794392623, avg_ts 1017794948242
08-13 10:41:40.569  1513  5085 D VSTCamera: frameid:1815, frameduration:13887448, delay:21362628, boottime:1013389220682, exposure:8333333, gain:560, cameraid:6
08-13 10:41:40.570  1513  1778 I         : SLAM_ALG::pipeline # TrackingOnce long frame: 5.313000,1.390000,3.923000,1017794948242
08-13 10:41:40.574  1513  1783 I         : MeshRecon # [timing] IN GenerateDepthMatFromMesh: 0.026000, 0.000000, 0.039000, 1.692000
08-13 10:41:40.574  1513  1783 I         : MeshRecon # [timing] SceneDepthSystem_Process: 9.609000 = 2.764000 + 4.747000 + 0.145000 + 1.867000 + 0.086000
08-13 10:41:40.583  1513  5085 D VSTCamera: frameid:1815, frameduration:13887448, delay:21596899, boottime:1013403110994, exposure:8333333, gain:560, cameraid:7
08-13 10:41:40.599  1513  1777 I         : 2.5.85: [ProcessVisualInertialOnce]: Send SLAM Img[1017833153750],latest IMU[1017828281094]
08-13 10:41:40.603  1513  1778 I         : SLAM_ALG::pipeline # TrackingOnce long frame: 4.228000,1.269000,2.959000,1017828281094
08-13 10:41:40.604  3842  6833 I PerfStats.cpp: FPS=72.00/72, Prd=20.93ms, Early=72.00, Stale=0.00, Lat=-1, Fov=0, CPU/GPU=4/5, Free=7337MB, ATW=5.08ms, APP=3.63ms/1.88ms, GD=0.00, CPU%=0.40, GPU%=0.35,ColorSpace:6
08-13 10:41:40.605  1513  1783 I         : MeshRecon # [timing] IN GenerateDepthMatFromMesh: 0.025000, 0.000000, 0.046000, 1.192000
08-13 10:41:40.605  1513  1783 I         : MeshRecon # [timing] SceneDepthSystem_Process: 6.998000 = 0.431000 + 5.118000 + 0.093000 + 1.317000 + 0.039000
08-13 10:41:40.620  2610  3053 I CompositorMonitor: fps:72.0, prd:21.0 ms, cpu:1.3 ms, gpu:3.8 ms, early:72.0, stale:0.0, max_stale:0.0, sw_mode:0, drr:72.0, lat_mode:-1
08-13 10:41:40.632  1513  5085 I         : 2.5.85: [ProcessVisualInertialOnce]: Send SLAM Img[1017866360260],latest IMU[1017861613932]
08-13 10:41:40.636  1513  1778 I         : SLAM_ALG::pipeline # TrackingOnce long frame: 4.219000,0.857000,3.362000,1017861613932
08-13 10:41:40.640  1513  1783 I         : MeshRecon # [timing] IN GenerateDepthMatFromMesh: 0.016000, 0.000000, 0.038000, 1.305000
08-13 10:41:40.640  1513  1783 I         : MeshRecon # [timing] SceneDepthSystem_Process: 7.773000 = 1.456000 + 4.757000 + 0.096000 + 1.426000 + 0.038000
08-13 10:41:40.642  1513  1784 I         : MeshRecon # [timing] SUM:50.349003, Prep:0.005000,Rect:1.406000,BBox:1.590000,Depth:39.118000,Filter:0.733000,Insert:7.497000,Update:0.000000,CB:0.000000,Floor:0.000000,Boundary:0.000000,NearObj:0.000000,Room1:0.000000,Room2:0.000000
08-13 10:41:40.648  2610  3053 E VSTDisplayManager: VST FPS:73
08-13 10:41:40.665  1513  1777 I         : 2.5.85: [ProcessVisualInertialOnce]: Send SLAM Img[1017899567083],latest IMU[1017894946784]
08-13 10:41:40.669  1513  1778 I         : SLAM_ALG::pipeline # TrackingOnce long frame: 3.495000,0.776000,2.719000,1017894946784
08-13 10:41:40.672  1513  1783 I         : MeshRecon # [timing] IN GenerateDepthMatFromMesh: 0.026000, 0.000000, 0.046000, 1.277000
08-13 10:41:40.672  1513  1783 I         : MeshRecon # [timing] SceneDepthSystem_Process: 7.629000 = 0.408000 + 5.636000 + 0.167000 + 1.391000 + 0.027000
08-13 10:41:40.686  4318  4679 D NetworkService: TotalRxSpeed : 317B/s  /  TotalTxSpeed : 59B/s
08-13 10:41:40.686  4318  4679 D NetworkService: SystemRxSpeed : 39B/s  /  SystemTxSpeed : 59B/s
08-13 10:41:40.700  1513  1777 I         : 2.5.85: [ProcessVisualInertialOnce]: Send SLAM Img[1017933750312],latest IMU[1017928279622]
08-13 10:41:40.705  1513  1783 I         : MeshRecon # [timing] IN GenerateDepthMatFromMesh: 0.018000, 0.000000, 0.040000, 1.376000
08-13 10:41:40.705  1513  1778 I         : SLAM_ALG::pipeline # TrackingOnce long frame: 5.539000,1.335000,4.204000,1017928279622
08-13 10:41:40.705  1513  1783 I         : MeshRecon # [timing] SceneDepthSystem_Process: 6.477000 = 0.445000 + 4.350000 + 0.096000 + 1.543000 + 0.043000
08-13 10:41:40.724  1513  1784 I         : MeshRecon # DetectNearObj result: xyz (-0.150000, 0.150000, -0.602450), dist 0.555443
08-13 10:41:40.724  1513  1784 I         : MeshRecon # [timing] DetectNearObj: 0.014000 + 0.009000 + 0.328000 = 0.351000
08-13 10:41:40.726  3537  3765 I FOO     : [SystemUX] onNearestObjectUpdate 0.555443
08-13 10:41:40.731  1513  1783 I         : 2.5.85: [WARNING] SceneDepthProcessOnce InterpolatePose failed! prePose ts 1017961402519, nextPose ts 1017961402519, avg_ts 1017961612486
08-13 10:41:40.732  1513  1777 I         : 2.5.85: [ProcessVisualInertialOnce]: Send SLAM Img[1017966957135],latest IMU[1017961612474]
08-13 10:41:40.736  1513  1778 I         : SLAM_ALG::pipeline # TrackingOnce long frame: 3.429000,1.270000,2.159000,1017961612474
08-13 10:41:40.738  1513  1783 I         : MeshRecon # [timing] IN GenerateDepthMatFromMesh: 0.024000, 0.001000, 0.046000, 1.443000
08-13 10:41:40.738  1513  1783 I         : MeshRecon # [timing] SceneDepthSystem_Process: 7.112000 = 0.409000 + 4.804000 + 0.151000 + 1.584000 + 0.164000
08-13 10:41:40.766  1513  1777 I         : 2.5.85: [ProcessVisualInertialOnce]: Send SLAM Img[1018000163645],latest IMU[1017994945325]
08-13 10:41:40.771  1513  1783 I         : MeshRecon # [timing] IN GenerateDepthMatFromMesh: 0.022000, 0.000000, 0.039000, 1.280000
08-13 10:41:40.772  1513  1783 I         : MeshRecon # [timing] SceneDepthSystem_Process: 6.758000 = 0.471000 + 4.720000 + 0.102000 + 1.414000 + 0.051000
08-13 10:41:40.772  1513  1778 I         : SLAM_ALG::pipeline # TrackingOnce long frame: 6.540000,1.770000,4.770000,1017994945325
08-13 10:41:40.799  1513  1777 I         : 2.5.85: [ProcessVisualInertialOnce]: Send SLAM Img[1018033370416],latest IMU[1018028278177]
08-13 10:41:40.802  1513  1778 I         : SLAM_ALG::pipeline # TrackingOnce long frame: 3.102000,0.931000,2.171000,1018028278177
08-13 10:41:40.805  1513  1783 I         : MeshRecon # [timing] IN GenerateDepthMatFromMesh: 0.018000, 0.000000, 0.033000, 1.153000
08-13 10:41:40.805  1513  1783 I         : MeshRecon # [timing] SceneDepthSystem_Process: 7.233000 = 0.519000 + 5.323000 + 0.089000 + 1.265000 + 0.037000
08-13 10:41:40.832  1513  1777 I         : 2.5.85: [ProcessVisualInertialOnce]: Send SLAM Img[1018066576979],latest IMU[1018061611042]
08-13 10:41:40.837  1513  1784 I         : MeshRecon # [timing] SUM:46.792999, Prep:0.004000,Rect:1.634000,BBox:1.650000,Depth:34.256001,Filter:0.716000,Insert:8.532000,Update:0.000000,CB:0.000000,Floor:0.000000,Boundary:0.000000,NearObj:0.001000,Room1:0.000000,Room2:0.000000
08-13 10:41:40.837  1513  1778 I         : SLAM_ALG::pipeline # TrackingOnce long frame: 5.069000,1.043000,4.026000,1018061611042
08-13 10:41:40.838  1513  1783 I         : MeshRecon # [timing] IN GenerateDepthMatFromMesh: 0.025000, 0.000000, 0.049000, 1.492000
08-13 10:41:40.839  1513  1783 I         : MeshRecon # [timing] SceneDepthSystem_Process: 7.248001 = 0.399000 + 4.993000 + 0.131000 + 1.662000 + 0.063000
08-13 10:41:40.856  1513  5085 D TOFCamera3Device: frameid:726, frameduration:33332813, delay:24261650, boottime:1013673154212, exposure:1130000, gain:0, cameraid:10
08-13 10:41:40.856  1513  1784 I         : MeshRecon # FloorDetector fail since no enough valid point existed
08-13 10:41:40.856  1513  1784 I         : MeshRecon # [ERROR] floor detection failed! successful: 0 value: 999.000000 relative: -999.055420
08-13 10:41:40.856  1513  1784 W MeshTrackingModule: [Spatial] invalid floor level: 999.000000
08-13 10:41:40.856  1513  1784 I         : MeshRecon # [timing] DetectFloor: 0.024000 + 0.074000 + 0.070000 = 0.168000
08-13 10:41:40.865  1513  5085 I         : 2.5.85: [ProcessVisualInertialOnce]: Send SLAM Img[1018099783750],latest IMU[1018094943867]
08-13 10:41:40.871  1513  1778 I         : SLAM_ALG::pipeline # TrackingOnce long frame: 5.454000,1.262000,4.191000,1018094943867
08-13 10:41:40.873  1513  1783 I         : MeshRecon # [timing] IN GenerateDepthMatFromMesh: 0.034000, 0.000000, 0.042000, 1.217000
08-13 10:41:40.873  1513  1783 I         : MeshRecon # [timing] SceneDepthSystem_Process: 7.856999 = 1.819000 + 4.548000 + 0.106000 + 1.343000 + 0.041000
08-13 10:41:40.898  1513  1777 I         : 2.5.85: [ProcessVisualInertialOnce]: Send SLAM Img[1018132990260],latest IMU[1018128276719]
08-13 10:41:40.905  1513  1783 I         : MeshRecon # [timing] IN GenerateDepthMatFromMesh: 0.020000, 0.000000, 0.939000, 1.419000
08-13 10:41:40.905  1513  1778 I         : SLAM_ALG::pipeline # TrackingOnce long frame: 6.494000,1.256000,5.237000,1018128276719
08-13 10:41:40.905  1513  1783 I         : MeshRecon # [timing] SceneDepthSystem_Process: 7.285000 = 0.359000 + 4.294000 + 0.112000 + 2.459000 + 0.061000
08-13 10:41:40.911  1513  5085 D TrackingMultiCamera: frameid:1452, frameduration:16667937, delay:3571241, boottime:1013748590194, exposure:6000, gain:49, cameraid:3
08-13 10:41:40.911  1513  5085 D TrackingMultiCamera: frameid:1452, frameduration:16667885, delay:3730147, boottime:1013748590142, exposure:6000, gain:49, cameraid:2
08-13 10:41:40.911  1513  5085 D TrackingMultiCamera: frameid:1452, frameduration:16667989, delay:3834834, boottime:1013748590194, exposure:6000, gain:49, cameraid:0
08-13 10:41:40.911  1513  5085 D TrackingMultiCamera: frameid:1452, frameduration:16667937, delay:3948636, boottime:1013748590194, exposure:6000, gain:49, cameraid:1
08-13 10:41:40.932  1513  1777 I         : 2.5.85: [ProcessVisualInertialOnce]: Send SLAM Img[1018166197083],latest IMU[1018161609583]
08-13 10:41:40.935  1513  5085 D ETMultiCamera: frameid:2178, frameduration:11164271, delay:2989387, boottime:1013773588402, exposure:1049999, gain:98, cameraid:9
08-13 10:41:40.935  1513  5085 D ETMultiCamera: frameid:2178, frameduration:11164271, delay:3145428, boottime:1013773580434, exposure:1049999, gain:98, cameraid:8
08-13 10:41:40.937  1513  1778 I         : SLAM_ALG::pipeline # TrackingOnce long frame: 5.056000,1.523000,3.533000,1018161609583
08-13 10:41:40.938  1513  1783 I         : MeshRecon # [timing] IN GenerateDepthMatFromMesh: 0.027000, 0.000000, 0.041000, 1.339000
08-13 10:41:40.938  1513  1783 I         : MeshRecon # [timing] SceneDepthSystem_Process: 6.696000 = 0.458000 + 4.641000 + 0.105000 + 1.441000 + 0.051000
08-13 10:41:40.956  1513  1784 I         : MeshRecon # DetectNearObj result: xyz (-0.150000, 0.150000, -0.602450), dist 0.555102
08-13 10:41:40.957  1513  1784 I         : MeshRecon # [timing] DetectNearObj: 0.013000 + 0.008000 + 0.222000 = 0.243000
08-13 10:41:40.957  3537  3765 I FOO     : [SystemUX] onNearestObjectUpdate 0.555102
08-13 10:41:40.965  1513  1783 I         : 2.5.85: [WARNING] SceneDepthProcessOnce InterpolatePose failed! prePose ts 1018194826009, nextPose ts 1018194826009, avg_ts 1018194942408
08-13 10:41:40.966  1513  1777 I         : 2.5.85: [ProcessVisualInertialOnce]: Send SLAM Img[1018200380364],latest IMU[1018194942409]
08-13 10:41:40.971  1513  1778 I         : SLAM_ALG::pipeline # TrackingOnce long frame: 4.542000,0.922000,3.620000,1018194942409
08-13 10:41:40.971  1513  1783 I         : MeshRecon # [timing] IN GenerateDepthMatFromMesh: 0.017000, 0.000000, 0.035000, 1.365000
08-13 10:41:40.971  1513  1783 I         : MeshRecon # [timing] SceneDepthSystem_Process: 6.820000 = 0.436000 + 4.780000 + 0.091000 + 1.453000 + 0.060000
08-13 10:41:40.977  1513  5085 D TrackingAuxMultiCamera: frameid:1452, frameduration:16663958, delay:3441241, boottime:1013815255871, exposure:6000, gain:49, cameraid:5
08-13 10:41:40.977  1513  5085 D TrackingAuxMultiCamera: frameid:1452, frameduration:16663906, delay:3648845, boottime:1013815255819, exposure:6000, gain:49, cameraid:4
08-13 10:41:40.979  1513  6893 I         : SLAM_ALG: mapping UpdateAlignMapTransformInfo t_error: 0.002, r_error: 0.15
08-13 10:41:40.980  1513  6893 I         : SLAM_ALG: mapping Twb_cur_int in pipeline: 1018128276719, -0.0660, 0.0238, 0.0598, 0.7002, 0.6897, -0.0689, -0.1708
08-13 10:41:40.980  1513  6893 I         : SLAM_ALG: mapping Twb_cur_ext in pipeline: 1018128276719, -0.0778, -0.0565, -0.0273, 0.7200, 0.6579, -0.2204, -0.0124
08-13 10:41:40.980  1513  6893 I         : SLAM_ALG: mapping Merged Maps Num: 10
08-13 10:41:40.980  1513  6893 I         : SLAM_ALG: mapping ---- Map id: 0, frames num: 10, transform: 0 - 0, 0.0000, 0.0000, 0.0000, 0.0000, 0.0000, 0.0000, 1.0000
08-13 10:41:40.980  1513  6893 I         : SLAM_ALG: mapping ---- Map id: 22, frames num: 130, transform: 22 - 0, 0.0126, 0.0330, 0.0198, 0.0234, 0.0026, 0.0016, 0.9997
08-13 10:41:40.980  1513  6893 I         : SLAM_ALG: mapping ---- Map id: 24, frames num: 13, transform: 24 - 0, 0.0504, -0.0102, 0.0125, -0.2222, 0.0022, 0.0004, 0.9750
08-13 10:41:40.980  1513  6893 I         : SLAM_ALG: mapping ---- Map id: 46, frames num: 3, transform: 46 - 0, 0.0507, 0.0502, -0.0933, 0.0136, 0.0046, 0.0029, 0.9999
08-13 10:41:40.980  1513  6893 I         : SLAM_ALG: mapping ---- Map id: 47, frames num: 106, transform: 47 - 0, 0.0354, 0.1158, -0.1375, 0.0709, 0.0069, 0.0053, 0.9974
08-13 10:41:40.980  1513  6893 I         : SLAM_ALG: mapping ---- Map id: 48, frames num: 0, transform: 48 - 0, 0.0102, 0.0466, -0.0616, 0.0634, 0.0051, 0.0024, 0.9980
08-13 10:41:40.980  1513  6893 I         : SLAM_ALG: mapping ---- Map id: 49, frames num: 0, transform: 49 - 0, 0.0042, 0.0279, -0.0583, 0.0046, 0.0108, 0.0036, 0.9999
08-13 10:41:40.980  1513  6893 I         : SLAM_ALG: mapping ---- Map id: 50, frames num: 0, transform: 50 - 0, 0.0129, 0.0152, -0.0622, 0.0178, 0.0162, 0.0048, 0.9997
08-13 10:41:40.980  1513  6893 I         : SLAM_ALG: mapping ---- Map id: 51, frames num: 13, transform: 51 - 0, 0.0210, 0.0113, -0.0324, 0.0101, 0.0091, 0.0027, 0.9999
08-13 10:41:40.980  1513  6893 I         : SLAM_ALG: mapping ---- Map id: 52, frames num: 10, transform: 52 - 0, -0.0067, -0.1041, -0.0731, -0.2204, 0.0060, 0.0005, 0.9754
08-13 10:41:40.980  1513  6893 I         : SLAM_ALG: mapping Mapping Map 0, local anchors num: 0
08-13 10:41:40.981  1513  6893 I         : SLAM_ALG: mapping [MEMORY] kfs num: 285/285, nfs num: 0/0, cams num: 648/648, feats num: 45178/45178, meas num: 43086/43086, mpts num: 7946/7946
08-13 10:41:40.981  1513  6893 I         : SLAM_ALG: mapping [TIME] ProcessKeyFrame: 74.56, 47.99, 11.67, 7.69, 5.12, 0.00, 0.07, 2.02, 1018128276719
08-13 10:41:40.998  1513  1783 I         : 2.5.85: [WARNING] SceneDepthProcessOnce InterpolatePose failed! prePose ts 1018228032571, nextPose ts 1018228032571, avg_ts 1018228275272
08-13 10:41:40.999  1513  1777 I         : 2.5.85: [ProcessVisualInertialOnce]: Send SLAM Img[1018233586875],latest IMU[1018228275273]
08-13 10:41:41.004  1513  1778 I         : SLAM_ALG::pipeline # TrackingOnce long frame: 4.433000,0.951000,3.482000,1018228275273
08-13 10:41:41.006  1513  1783 I         : MeshRecon # [timing] IN GenerateDepthMatFromMesh: 0.032000, 0.000000, 0.051000, 1.389000
08-13 10:41:41.006  1513  1783 I         : MeshRecon # [timing] SceneDepthSystem_Process: 8.242999 = 0.415000 + 6.048000 + 0.170000 + 1.538000 + 0.072000
08-13 10:41:41.032  1513  1777 I         : 2.5.85: [ProcessVisualInertialOnce]: Send SLAM Img[1018266793697],latest IMU[1018261608138]
08-13 10:41:41.037  1513  1778 I         : SLAM_ALG::pipeline # TrackingOnce long frame: 4.106000,0.970000,3.136000,1018261608138
08-13 10:41:41.039  1513  1783 I         : MeshRecon # [timing] IN GenerateDepthMatFromMesh: 0.023000, 0.000000, 0.057000, 1.494000
08-13 10:41:41.039  1513  1783 I         : MeshRecon # [timing] SceneDepthSystem_Process: 7.222000 = 0.633000 + 4.829000 + 0.103000 + 1.632000 + 0.025000
08-13 10:41:41.044  1513  1784 E MeshTrackingModule: [Spatial] on block update, count: 35
08-13 10:41:41.048  1513  1784 I         : MeshRecon # Callback updated 35 blocks at map_id 47!
08-13 10:41:41.048  1513  1784 I         : MeshRecon # [timing] SUM:58.127003, Prep:0.008000,Rect:1.700000,BBox:1.213000,Depth:34.089001,Filter:0.905000,Insert:7.441000,Update:8.516000,CB:4.254000,Floor:0.000000,Boundary:0.000000,NearObj:0.000000,Room1:0.000000,Room2:0.001000
08-13 10:41:41.049  1513  1784 I         : MeshRecon # [cur update] chunk num: 35, vtx num: 895, idx num: 3159;  [max update] chunk num: 97, vtx num: 4687, idx num: 18291;  [all] chunk num: 82, vtx num: 2510, idx num: 9738
08-13 10:41:41.049  1513  1784 I         : CalculateBBox_QNN            -> min:0.930, max:5.289, avg:1.392 ms, sum:2.16041 s
08-13 10:41:41.049  1513  1784 I         : CalculateDepth               -> min:30.39, max:53.21, avg:35.63 ms, sum:55.3037 s
08-13 10:41:41.049  1513  1784 I         : CalculateDepthStereo_CNN     -> min:15.30, max:31.77, avg:17.29 ms, sum:26.8384 s
08-13 10:41:41.049  1513  1784 I         : CalculateDepthToF_CNN        -> min:12.74, max:31.52, avg:16.48 ms, sum:25.5855 s
08-13 10:41:41.049  1513  1784 I         : CalculateDepthToF_ToFMask    -> min:0.044, max:0.734, avg:0.065 ms, sum:0.10220 s
08-13 10:41:41.049  1513  1784 I         : CallbackBlockUpdateEvent     -> min:2.799, max:9.660, avg:5.062 ms, sum:2.62238 s
08-13 10:41:41.049  1513  1784 I         : DetectFloor                  -> min:0.074, max:1.212, avg:0.245 ms, sum:0.07432 s
08-13 10:41:41.049  1513  1784 I         : DetectNearObj                -> min:0.004, max:3.782, avg:0.317 ms, sum:0.41700 s
08-13 10:41:41.049  1513  1784 I         : FilterDepth                  -> min:0.140, max:8.363, avg:1.171 ms, sum:1.80686 s
08-13 10:41:41.049  1513  1784 I         : InsertData                   -> min:4.666, max:16.54, avg:8.708 ms, sum:13.4284 s
08-13 10:41:41.049  1513  1784 I         : Rectification                -> min:1.342, max:4.288, avg:1.728 ms, sum:2.68248 s
08-13 10:41:41.049  1513  1784 I         : TrackingBBox                 -> min:0.005, max:0.521, avg:0.014 ms, sum:0.02211 s
08-13 10:41:41.049  1513  1784 I         : UpdateMesh                   -> min:1.155, max:40.21, avg:15.68 ms, sum:8.12594 s
08-13 10:41:41.049  1513  1784 I         : 
08-13 10:41:41.065  1513  1783 I         : 2.5.85: [WARNING] SceneDepthProcessOnce InterpolatePose failed! prePose ts 1018294445905, nextPose ts 1018294445905, avg_ts 1018294940950
08-13 10:41:41.065  1513  1777 I         : 2.5.85: [ProcessVisualInertialOnce]: Send SLAM Img[1018300000208],latest IMU[1018294940963]
08-13 10:41:41.071  1513  1783 I         : MeshRecon # [timing] IN GenerateDepthMatFromMesh: 0.021000, 0.000000, 0.070000, 1.338000
08-13 10:41:41.071  1513  1783 I         : MeshRecon # [timing] SceneDepthSystem_Process: 6.640000 = 0.439000 + 4.514000 + 0.131000 + 1.516000 + 0.040000
08-13 10:41:41.072  1513  1778 I         : SLAM_ALG::pipeline # TrackingOnce long frame: 7.216000,1.956000,5.260000,1018294940963
08-13 10:41:41.099  1513  5085 I         : 2.5.85: [ProcessVisualInertialOnce]: Send SLAM Img[1018333207031],latest IMU[1018328273815]
08-13 10:41:41.107  1513  1778 I         : SLAM_ALG::pipeline # TrackingOnce long frame: 6.257000,2.942000,3.315000,1018328273815
08-13 10:41:41.107  1513  1783 I         : MeshRecon # [timing] IN GenerateDepthMatFromMesh: 0.018000, 0.000000, 0.043000, 1.361000
08-13 10:41:41.107  1513  1783 I         : MeshRecon # [timing] SceneDepthSystem_Process: 8.311999 = 0.812000 + 5.825000 + 0.102000 + 1.449000 + 0.124000
08-13 10:41:41.132  1513  1777 I         : 2.5.85: [ProcessVisualInertialOnce]: Send SLAM Img[1018366413802],latest IMU[1018361606680]
08-13 10:41:41.135  1513  1778 I         : SLAM_ALG::pipeline # TrackingOnce long frame: 3.241000,0.916000,2.325000,1018361606680
08-13 10:41:41.138  1513  1783 I         : MeshRecon # [timing] IN GenerateDepthMatFromMesh: 0.024000, 0.000000, 0.099000, 1.251000
08-13 10:41:41.138  1513  1783 I         : MeshRecon # [timing] SceneDepthSystem_Process: 6.525000 = 0.464000 + 4.509000 + 0.109000 + 1.413000 + 0.030000
08-13 10:41:41.164   176   176 I (virq   : irq_count)- GICv3:IPI(1):3340334 GICv3:arch_timer(11):2346429 GICv3:IPI(2):1327089 GICv3:IPI(6):1218071 GICv3:spi_geni(57):309804 GICv3:ipcc_0(35):153064 GICv3:csid1(339):129721 GICv3:csid0(337):129386 GICv3:hfi(305):97531 ipcc:glink-native-cdsp(489):92580
08-13 10:41:41.164   176   176 I (cpu    : irq_count)- 0:2015318 1:1525791 2:2417577 3:1937123 4:1007577 5:1037976
08-13 10:41:41.164   176   176 I (ipi    : irq_count)- 0:3340339 1:1327089 2:0 3:0 4:0 5:1218071 6:0
08-13 10:41:41.165  1513  1777 I         : 2.5.85: [ProcessVisualInertialOnce]: Send SLAM Img[1018399620364],latest IMU[1018394939505]
08-13 10:41:41.171  1513  1778 I         : SLAM_ALG::pipeline # TrackingOnce long frame: 5.735000,0.812000,4.923000,1018394939505
08-13 10:41:41.173  1513  1783 I         : MeshRecon # [timing] IN GenerateDepthMatFromMesh: 0.033000, 0.000000, 0.056000, 1.409000
08-13 10:41:41.173  1513  1783 I         : MeshRecon # [timing] SceneDepthSystem_Process: 8.764000 = 0.420000 + 6.612000 + 0.114000 + 1.564000 + 0.054000
08-13 10:41:41.199  1513  5085 I         : 2.5.85: [ProcessVisualInertialOnce]: Send SLAM Img[1018432827135],latest IMU[1018428272357]
08-13 10:41:41.203  1513  1778 I         : SLAM_ALG::pipeline # TrackingOnce long frame: 3.352000,1.121000,2.231000,1018428272357
08-13 10:41:41.206  1513  1783 I         : MeshRecon # [timing] IN GenerateDepthMatFromMesh: 0.024000, 0.000000, 0.040000, 1.184000
08-13 10:41:41.206  1513  1783 I         : MeshRecon # [timing] SceneDepthSystem_Process: 6.942000 = 0.591000 + 4.898000 + 0.108000 + 1.299000 + 0.046000
08-13 10:41:41.233  1513  1777 I         : 2.5.85: [ProcessVisualInertialOnce]: Send SLAM Img[1018467010416],latest IMU[1018461605221]
08-13 10:41:41.238  1513  1778 I         : SLAM_ALG::pipeline # TrackingOnce long frame: 5.433000,1.156000,4.277000,1018461605221
08-13 10:41:41.240  1513  1783 I         : MeshRecon # [timing] IN GenerateDepthMatFromMesh: 0.022000, 0.000000, 0.035000, 1.345000
08-13 10:41:41.240  1513  1783 I         : MeshRecon # [timing] SceneDepthSystem_Process: 7.818000 = 0.583000 + 5.590000 + 0.116000 + 1.476000 + 0.053000
08-13 10:41:41.242  1513  1784 I         : MeshRecon # DetectNearObj result: xyz (-0.150000, 0.150000, -0.602337), dist 0.553995
08-13 10:41:41.242  1513  1784 I         : MeshRecon # [timing] DetectNearObj: 0.011000 + 0.007000 + 0.155000 = 0.173000
08-13 10:41:41.242  1513  1784 I         : MeshRecon # [timing] SUM:51.665005, Prep:0.005000,Rect:1.605000,BBox:1.237000,Depth:40.171001,Filter:0.845000,Insert:7.604000,Update:0.000000,CB:0.000000,Floor:0.000000,Boundary:0.000000,NearObj:0.198000,Room1:0.000000,Room2:0.000000
08-13 10:41:41.242  3537  3765 I FOO     : [SystemUX] onNearestObjectUpdate 0.553995
08-13 10:41:41.265  1513  1783 I         : 2.5.85: [WARNING] SceneDepthProcessOnce InterpolatePose failed! prePose ts 1018494662623, nextPose ts 1018494662623, avg_ts 1018494938034
08-13 10:41:41.266  1513  1777 I         : 2.5.85: [ProcessVisualInertialOnce]: Send SLAM Img[1018500216979],latest IMU[1018494938047]
08-13 10:41:41.272  1513  1778 I         : SLAM_ALG::pipeline # TrackingOnce long frame: 5.331000,2.006000,3.325000,1018494938047
08-13 10:41:41.273  1513  1783 I         : MeshRecon # [timing] IN GenerateDepthMatFromMesh: 0.016000, 0.000000, 0.038000, 1.376000
08-13 10:41:41.273  1513  1783 I         : MeshRecon # [timing] SceneDepthSystem_Process: 7.622000 = 0.473000 + 5.523000 + 0.104000 + 1.483000 + 0.039000
08-13 10:41:41.298  1513  1783 I         : 2.5.85: [WARNING] SceneDepthProcessOnce InterpolatePose failed! prePose ts 1018527869186, nextPose ts 1018527869186, avg_ts 1018528270898
08-13 10:41:41.299  1513  1777 I         : 2.5.85: [ProcessVisualInertialOnce]: Send SLAM Img[1018533423750],latest IMU[1018528270911]
08-13 10:41:41.303  1513  1778 I         : SLAM_ALG::pipeline # TrackingOnce long frame: 4.115000,0.821000,3.294000,1018528270911
08-13 10:41:41.305  1513  1783 I         : MeshRecon # [timing] IN GenerateDepthMatFromMesh: 0.023000, 0.000000, 0.042000, 1.348000
08-13 10:41:41.305  1513  1783 I         : MeshRecon # [timing] SceneDepthSystem_Process: 6.721000 = 0.524000 + 4.544000 + 0.153000 + 1.459000 + 0.041000
08-13 10:41:41.332  1513  1777 I         : 2.5.85: [ProcessVisualInertialOnce]: Send SLAM Img[1018566630312],latest IMU[1018561603750]
08-13 10:41:41.335  1513  1778 I         : SLAM_ALG::pipeline # TrackingOnce long frame: 2.979000,0.781000,2.198000,1018561603750
08-13 10:41:41.338  1513  1783 I         : MeshRecon # [timing] IN GenerateDepthMatFromMesh: 0.023000, 0.000000, 0.042000, 1.574000
08-13 10:41:41.338  1513  1783 I         : MeshRecon # [timing] SceneDepthSystem_Process: 6.681000 = 0.383000 + 4.435000 + 0.109000 + 1.701000 + 0.053000
08-13 10:41:41.367  1513  5085 I         : 2.5.85: [ProcessVisualInertialOnce]: Send SLAM Img[1018600813593],latest IMU[1018594936614]
08-13 10:41:41.372  1513  1778 I         : SLAM_ALG::pipeline # TrackingOnce long frame: 4.285000,0.839000,3.445000,1018594936614
08-13 10:41:41.373  1513  1783 I         : MeshRecon # [timing] IN GenerateDepthMatFromMesh: 0.019000, 0.000000, 0.051000, 1.350000
08-13 10:41:41.373  1513  1783 I         : MeshRecon # [timing] SceneDepthSystem_Process: 6.430000 = 0.440000 + 4.360000 + 0.117000 + 1.472000 + 0.041000
08-13 10:41:41.398  1513  1777 I         : 2.5.85: [ProcessVisualInertialOnce]: Send SLAM Img[1018633043645],latest IMU[1018628269440]
08-13 10:41:41.404  1513  1778 I         : SLAM_ALG::pipeline # TrackingOnce long frame: 5.494000,1.695000,3.799000,1018628269440
08-13 10:41:41.407  1513  1783 I         : MeshRecon # [timing] IN GenerateDepthMatFromMesh: 0.027000, 0.000000, 0.035000, 1.529000
08-13 10:41:41.408  1513  1783 I         : MeshRecon # [timing] SceneDepthSystem_Process: 9.481999 = 0.539000 + 7.166000 + 0.108000 + 1.641000 + 0.028000
08-13 10:41:41.432  1513  1777 I         : 2.5.85: [ProcessVisualInertialOnce]: Send SLAM Img[1018666250416],latest IMU[1018661602305]
08-13 10:41:41.439  1513  1784 I         : MeshRecon # [timing] SUM:48.465004, Prep:0.005000,Rect:2.219000,BBox:2.382000,Depth:34.678001,Filter:0.684000,Insert:8.497000,Update:0.000000,CB:0.000000,Floor:0.000000,Boundary:0.000000,NearObj:0.000000,Room1:0.000000,Room2:0.000000
08-13 10:41:41.439  1513  1784 I         : MeshRecon # DetectNearObj result: xyz (-0.150000, 0.150000, -0.602337), dist 0.552778
08-13 10:41:41.439  1513  1783 I         : MeshRecon # [timing] IN GenerateDepthMatFromMesh: 0.020000, 0.000000, 0.042000, 1.613000
08-13 10:41:41.439  3537  3765 I FOO     : [SystemUX] onNearestObjectUpdate 0.552778
08-13 10:41:41.439  1513  1784 I         : MeshRecon # [timing] DetectNearObj: 0.010000 + 0.007000 + 0.199000 = 0.216000
08-13 10:41:41.439  1513  1783 I         : MeshRecon # [timing] SceneDepthSystem_Process: 7.289000 = 0.519000 + 4.923000 + 0.103000 + 1.695000 + 0.049000
08-13 10:41:41.439  1513  1778 I         : SLAM_ALG::pipeline # TrackingOnce long frame: 6.867000,1.469000,5.398000,1018661602305
08-13 10:41:41.465  1513  5085 I         : 2.5.85: [ProcessVisualInertialOnce]: Send SLAM Img[1018699456979],latest IMU[1018694935156]
08-13 10:41:41.468  1513  1778 I         : SLAM_ALG::pipeline # TrackingOnce long frame: 3.416000,0.906000,2.510000,1018694935156
08-13 10:41:41.472  1513  1783 I         : MeshRecon # [timing] IN GenerateDepthMatFromMesh: 0.019000, 0.000000, 0.040000, 1.235000
08-13 10:41:41.472  1513  1783 I         : MeshRecon # [timing] SceneDepthSystem_Process: 7.252000 = 1.465000 + 4.274000 + 0.129000 + 1.338000 + 0.046000
08-13 10:41:41.498  1513  1783 I         : 2.5.85: [WARNING] SceneDepthProcessOnce InterpolatePose failed! prePose ts 1018728085905, nextPose ts 1018728085905, avg_ts 1018728267982
08-13 10:41:41.499  1513  1777 I         : 2.5.85: [ProcessVisualInertialOnce]: Send SLAM Img[1018733640260],latest IMU[1018728267995]
08-13 10:41:41.503  1513  1778 I         : SLAM_ALG::pipeline # TrackingOnce long frame: 4.286000,0.749000,3.537000,1018728267995
08-13 10:41:41.505  1513  1783 I         : MeshRecon # [timing] IN GenerateDepthMatFromMesh: 0.070000, 0.000000, 0.043000, 1.438000
08-13 10:41:41.505  1513  1783 I         : MeshRecon # [timing] SceneDepthSystem_Process: 6.715000 = 0.403000 + 4.529000 + 0.152000 + 1.597000 + 0.034000
08-13 10:41:41.533  1513  5085 I         : 2.5.85: [ProcessVisualInertialOnce]: Send SLAM Img[1018767823802],latest IMU[1018761600846]
08-13 10:41:41.538  1513  1778 I         : SLAM_ALG::pipeline # TrackingOnce long frame: 3.305000,1.006000,2.299000,1018761600846
08-13 10:41:41.540  1513  1783 I         : MeshRecon # [timing] IN GenerateDepthMatFromMesh: 0.023000, 0.000000, 0.039000, 1.163000
08-13 10:41:41.540  1513  1783 I         : MeshRecon # [timing] SceneDepthSystem_Process: 6.990000 = 0.715000 + 4.870000 + 0.109000 + 1.265000 + 0.031000
08-13 10:41:41.565  1513  1783 I         : 2.5.85: [WARNING] SceneDepthProcessOnce InterpolatePose failed! prePose ts 1018794499238, nextPose ts 1018794499238, avg_ts 1018794933710
08-13 10:41:41.565  1513  1777 I         : 2.5.85: [ProcessVisualInertialOnce]: Send SLAM Img[1018800053593],latest IMU[1018794933711]
08-13 10:41:41.570  1513  1778 I         : SLAM_ALG::pipeline # TrackingOnce long frame: 4.561000,1.521000,3.040000,1018794933711
08-13 10:41:41.572  1513  1783 I         : MeshRecon # [timing] IN GenerateDepthMatFromMesh: 0.024000, 0.000000, 0.068000, 1.643000
08-13 10:41:41.572  1513  1783 I         : MeshRecon # [timing] SceneDepthSystem_Process: 7.765000 = 0.405000 + 5.212000 + 0.122000 + 1.897000 + 0.129000
08-13 10:41:41.599  1513  1777 I         : 2.5.85: [ProcessVisualInertialOnce]: Send SLAM Img[1018833260364],latest IMU[1018828266523]
08-13 10:41:41.604  1513  1778 I         : SLAM_ALG::pipeline # TrackingOnce long frame: 5.557000,1.215000,4.342000,1018828266523
08-13 10:41:41.605  1513  1783 I         : MeshRecon # [timing] IN GenerateDepthMatFromMesh: 0.020000, 0.000000, 0.039000, 1.354000
08-13 10:41:41.605  1513  1783 I         : MeshRecon # [timing] SceneDepthSystem_Process: 7.113999 = 0.401000 + 5.069000 + 0.101000 + 1.502000 + 0.041000
08-13 10:41:41.606  2610  3053 I VstCameraDeviceImpl: calculatePhase, fn:1890 (60 : 60), delay:6456876
08-13 10:41:41.617  3842  6833 I PerfStats.cpp: FPS=72.00/72, Prd=20.97ms, Early=72.00, Stale=0.00, Lat=-1, Fov=0, CPU/GPU=4/5, Free=7336MB, ATW=5.09ms, APP=3.70ms/1.77ms, GD=0.00, CPU%=0.39, GPU%=0.35,ColorSpace:6
08-13 10:41:41.631  1513  5085 I         : 2.5.85: [ProcessVisualInertialOnce]: Send SLAM Img[1018866466927],latest IMU[1018861599388]
08-13 10:41:41.634  2610  3053 I CompositorMonitor: fps:72.0, prd:20.9 ms, cpu:1.3 ms, gpu:3.8 ms, early:72.0, stale:0.0, max_stale:0.0, sw_mode:0, drr:72.0, lat_mode:-1
08-13 10:41:41.637  1513  1778 I         : SLAM_ALG::pipeline # TrackingOnce long frame: 4.800000,1.346000,3.454000,1018861599388
08-13 10:41:41.638  1513  1783 I         : MeshRecon # [timing] IN GenerateDepthMatFromMesh: 0.019000, 0.000000, 0.037000, 1.314000
08-13 10:41:41.638  1513  1783 I         : MeshRecon # [timing] SceneDepthSystem_Process: 6.454000 = 0.485000 + 4.432000 + 0.099000 + 1.401000 + 0.037000
08-13 10:41:41.649  1513  1784 E MeshTrackingModule: [Spatial] on block update, count: 33
08-13 10:41:41.654  1513  1784 I         : MeshRecon # Callback updated 33 blocks at map_id 47!
08-13 10:41:41.654  1513  1784 I         : MeshRecon # [timing] SUM:62.349998, Prep:0.004000,Rect:1.384000,BBox:1.184000,Depth:39.983002,Filter:0.768000,Insert:6.148000,Update:8.403000,CB:4.473000,Floor:0.001000,Boundary:0.000000,NearObj:0.001000,Room1:0.000000,Room2:0.001000
08-13 10:41:41.654  1513  1784 I         : MeshRecon # [cur update] chunk num: 33, vtx num: 869, idx num: 3087;  [max update] chunk num: 97, vtx num: 4687, idx num: 18291;  [all] chunk num: 82, vtx num: 2509, idx num: 9732
08-13 10:41:41.654  1513  1784 I         : CalculateBBox_QNN            -> min:0.930, max:5.289, avg:1.392 ms, sum:2.16522 s
08-13 10:41:41.654  1513  1784 I         : CalculateDepth               -> min:30.39, max:53.21, avg:35.63 ms, sum:55.4185 s
08-13 10:41:41.654  1513  1784 I         : CalculateDepthStereo_CNN     -> min:15.30, max:31.77, avg:17.29 ms, sum:26.8968 s
08-13 10:41:41.654  1513  1784 I         : CalculateDepthToF_CNN        -> min:12.74, max:31.52, avg:16.48 ms, sum:25.6353 s
08-13 10:41:41.654  1513  1784 I         : CalculateDepthToF_ToFMask    -> min:0.044, max:0.734, avg:0.065 ms, sum:0.10237 s
08-13 10:41:41.654  1513  1784 I         : CallbackBlockUpdateEvent     -> min:2.799, max:9.660, avg:5.061 ms, sum:2.62686 s
08-13 10:41:41.654  1513  1784 I         : DetectFloor                  -> min:0.074, max:1.212, avg:0.245 ms, sum:0.07432 s
08-13 10:41:41.654  1513  1784 I         : DetectNearObj                -> min:0.004, max:3.782, avg:0.317 ms, sum:0.41739 s
08-13 10:41:41.654  1513  1784 I         : FilterDepth                  -> min:0.140, max:8.363, avg:1.170 ms, sum:1.80916 s
08-13 10:41:41.654  1513  1784 I         : InsertData                   -> min:4.666, max:16.54, avg:8.705 ms, sum:13.4507 s
08-13 10:41:41.654  1513  1784 I         : Rectification                -> min:1.342, max:4.288, avg:1.728 ms, sum:2.68769 s
08-13 10:41:41.654  1513  1784 I         : TrackingBBox                 -> min:0.005, max:0.521, avg:0.014 ms, sum:0.02214 s
08-13 10:41:41.654  1513  1784 I         : UpdateMesh                   -> min:1.155, max:40.21, avg:15.67 ms, sum:8.13434 s
08-13 10:41:41.654  1513  1784 I         : 
08-13 10:41:41.657  1513  1784 I         : MeshRecon # DetectNearObj result: xyz (-0.150000, 0.150000, -0.602139), dist 0.551621
08-13 10:41:41.657  1513  1784 I         : MeshRecon # [timing] DetectNearObj: 0.022000 + 0.045000 + 0.387000 = 0.454000
08-13 10:41:41.657  3537  3765 I FOO     : [SystemUX] onNearestObjectUpdate 0.551621
08-13 10:41:41.662  2610  3053 E VSTDisplayManager: VST FPS:73
08-13 10:41:41.665  1513  1777 I         : 2.5.85: [ProcessVisualInertialOnce]: Send SLAM Img[1018899673697],latest IMU[1018894932253]
08-13 10:41:41.668  1513  1778 I         : SLAM_ALG::pipeline # TrackingOnce long frame: 3.021000,0.718000,2.303000,1018894932253
08-13 10:41:41.671  1513  1783 I         : MeshRecon # [timing] IN GenerateDepthMatFromMesh: 0.032000, 0.000000, 0.092000, 1.392000
08-13 10:41:41.671  1513  1783 I         : MeshRecon # [timing] SceneDepthSystem_Process: 6.593000 = 0.374000 + 4.443000 + 0.166000 + 1.578000 + 0.032000
08-13 10:41:41.702  1513  5085 I         : 2.5.85: [ProcessVisualInertialOnce]: Send SLAM Img[1018935810260],latest IMU[1018928265104]
