08-13 10:41:44.559  1176  2589 I PAL: PayloadBuilder: findKVs: 2506: key: 0xa2000000 value: 0xa2000001
08-13 10:41:44.559  1176  2589 I PAL: PayloadBuilder: populateDeviceKV: 2923: Exit device id:3, status 0
08-13 10:41:44.559  1176  2589 I PAL: PayloadBuilder: populateDevicePPKV: 3036: Rx device id:3
08-13 10:41:44.559  1176  2589 I PAL: PayloadBuilder: getSelectorValues: 2679: stream type: 1
08-13 10:41:44.559  1176  2589 I PAL: PayloadBuilder: findKVs: 2493: key: 0xa2000000 value: 0xa2000001
08-13 10:41:44.559  1176  2589 I PAL: PayloadBuilder: findKVs: 2493: key: 0xac000000 value: 0xac000002
08-13 10:41:44.559  1176  2589 I PAL: PayloadBuilder: populateDevicePPCkv: 3178: SpeakerProt Status[0], RAS Status[0]
08-13 10:41:44.559  1212  2661 I AGM: device: device_set_metadata: 707 Setting device metadata for MI2S-LPAIF_RXTX-RX-PRIMARY
08-13 10:41:44.559  1212  2661 D AGM: metadata: metadata_print: 79 *************************Metadata*************************
08-13 10:41:44.559  1212  2661 D AGM: metadata: metadata_print: 80 GKV size:1
08-13 10:41:44.559  1212  2661 D AGM: metadata: metadata_print: 83 key:0xa2000000, value:0xa2000001 
08-13 10:41:44.559  1212  2661 D AGM: metadata: metadata_print: 87 
08-13 10:41:44.559  1212  2661 D AGM: metadata: CKV count:1
08-13 10:41:44.559  1212  2661 D AGM: metadata: metadata_print: 90 key:0xa9000000, value:0x2 
08-13 10:41:44.559  1212  2661 D AGM: metadata: metadata_print: 92 
08-13 10:41:44.559  1212  2661 D AGM: metadata: metadata_print: 94 Property ID:134217744
08-13 10:41:44.559  1212  2661 D AGM: metadata: metadata_print: 95 property count:2
08-13 10:41:44.559  1212  2661 D AGM: metadata: metadata_print: 98 Property Values: 
08-13 10:41:44.559  1212  2661 D AGM: metadata: metadata_print: 100 0x2 
08-13 10:41:44.559  1212  2661 D AGM: metadata: metadata_print: 100 0x5 
08-13 10:41:44.559  1212  2661 D AGM: metadata: metadata_print: 102 
08-13 10:41:44.559  1212  2661 D AGM: metadata: metadata_print: 103 ****************Metadata Done***************************
08-13 10:41:44.559  1212  2661 D AGM: metadata: 
08-13 10:41:44.559  1212  2592 I AGM: session: session_obj_set_sess_aif_metadata: 1825 Setting metadata for sess_id 117, aif id 21
08-13 10:41:44.559  1212  2592 D AGM: metadata: metadata_print: 79 *************************Metadata*************************
08-13 10:41:44.559  1212  2592 D AGM: metadata: metadata_print: 80 GKV size:2
08-13 10:41:44.559  1212  2592 D AGM: metadata: metadata_print: 83 key:0xa2000000, value:0xa2000001 
08-13 10:41:44.559  1212  2592 D AGM: metadata: metadata_print: 83 key:0xac000000, value:0xac000002 
08-13 10:41:44.559  1212  2592 D AGM: metadata: metadata_print: 87 
08-13 10:41:44.559  1212  2592 D AGM: metadata: CKV count:1
08-13 10:41:44.559  1212  2592 D AGM: metadata: metadata_print: 90 key:0xd2000000, value:0x0 
08-13 10:41:44.559  1212  2592 D AGM: metadata: metadata_print: 92 
08-13 10:41:44.559  1212  2592 D AGM: metadata: metadata_print: 94 Property ID:134217744
08-13 10:41:44.559  1212  2592 D AGM: metadata: metadata_print: 95 property count:1
08-13 10:41:44.559  1212  2592 D AGM: metadata: metadata_print: 98 Property Values: 
08-13 10:41:44.559  1212  2592 D AGM: metadata: metadata_print: 100 0x3 
08-13 10:41:44.559  1212  2592 D AGM: metadata: metadata_print: 102 
08-13 10:41:44.559  1212  2592 D AGM: metadata: metadata_print: 103 ****************Metadata Done***************************
08-13 10:41:44.559  1212  2592 D AGM: metadata: 
08-13 10:41:44.559  1212  2592 I AGM: session: session_obj_set_sess_aif_metadata: 1830 Exit
08-13 10:41:44.559  1212  1804 D agm_server_wrapper: Aif id 21 already added to session list of 117
08-13 10:41:44.559  1212  1804 I AGM: API: agm_session_aif_connect: 652 connecting aifid:21 with session id=117
08-13 10:41:44.559  1176  2589 I PAL: ResourceManager: GetConcurrencyInfo: 5024: stream type 1 Tx conc 0, Rx conc 0, concurrency allowed
08-13 10:41:44.559  1176  2589 I PAL: ResourceManager: GetConcurrencyInfo: 5024: stream type 1 Tx conc 0, Rx conc 0, concurrency allowed
08-13 10:41:44.559  1176  2589 I PAL: ResourceManager: GetConcurrencyInfo: 5024: stream type 1 Tx conc 0, Rx conc 0, concurrency allowed
08-13 10:41:44.559  1176  2589 I PAL: API: pal_stream_open: 261: Exit. Value of stream_handle 0xb4000073be529b10K, status 0
08-13 10:41:44.559  1176  2589 D AHAL: AudioStream: GetBufferSize: 2889: type 1
08-13 10:41:44.559  1176  2589 D AHAL: AudioStream: Open: 3245: fragment_size_ 768 fragments_ 2
08-13 10:41:44.559  1176  2589 D AHAL: AudioStream: Open: 3275: Exit ret: 0
08-13 10:41:44.559  1176  2589 D AHAL: AudioStream: ~AutoPerfLock: 175: (release) perf_lock_handle: 0x84, count: 1
08-13 10:41:44.559  1176  2589 D AHAL: AudioStream: ~AutoPerfLock: 179: Releasing perf_lock_handle: 0x84
08-13 10:41:44.560  1176  2589 D AHAL: AudioStream: AutoPerfLock: 165: (Acquired) perf_lock_handle: 0x85, count: 1
08-13 10:41:44.560  1176  2589 I PAL: API: pal_stream_start: 326: Enter. Stream handle 0xb4000073be529b10K
08-13 10:41:44.560  1176  2589 I PAL: SessionAlsaUtils: setDeviceMediaConfig: 1048: MI2S-LPAIF_RXTX-RX-PRIMARY rate ch fmt data_fmt 48000 2 2 1
08-13 10:41:44.560  1176  2589 E PAL: ResourceManager: voteSleepMonitor: 1758: ioctl device is not open
08-13 10:41:44.561  1176  2589 D agm_client_wrapper: agm_session_open called with handle = 883ccc40 , *handle = 0
08-13 10:41:44.562  1217  1674 I SDM     : DPUCoreMux::SetPanelBrightness: panel index is 1,lvl level is 0
08-13 10:41:44.563  2243  2280 I DisplayDeviceRepository: Display device changed state: "内置屏幕", OFF
08-13 10:41:44.563  1284  1284 D SurfaceFlinger: Setting power mode 0 on display 4630946775111665331
08-13 10:41:44.565  1269  3101 D audioserver: FGS Logger Transaction failed
08-13 10:41:44.565  1269  3101 D audioserver: -129
08-13 10:41:44.565  1513  1777 I         : 2.5.85: [ProcessVisualInertialOnce]: Send SLAM Img[1021799397083],latest IMU[1021794889987]
08-13 10:41:44.565  1212  2592 D AGM: graph: graph_open: 548 entry
08-13 10:41:44.565  1212  2592 D AGM: metadata: metadata_print: 79 *************************Metadata*************************
08-13 10:41:44.565  1212  2592 D AGM: metadata: metadata_print: 80 GKV size:4
08-13 10:41:44.565  1212  2592 D AGM: metadata: metadata_print: 83 key:0xa1000000, value:0xa100000e 
08-13 10:41:44.565  1212  2592 D AGM: metadata: metadata_print: 83 key:0xab000000, value:0x1 
08-13 10:41:44.565  1212  2592 D AGM: metadata: metadata_print: 83 key:0xa2000000, value:0xa2000001 
08-13 10:41:44.565  1212  2592 D AGM: metadata: metadata_print: 83 key:0xac000000, value:0xac000002 
08-13 10:41:44.565  1212  2592 D AGM: metadata: metadata_print: 87 
08-13 10:41:44.565  1212  2592 D AGM: metadata: CKV count:3
08-13 10:41:44.565  1212  2592 D AGM: metadata: metadata_print: 90 key:0xa4000000, value:0xf 
08-13 10:41:44.565  1212  2592 D AGM: metadata: metadata_print: 90 key:0xd2000000, value:0x0 
08-13 10:41:44.565  1212  2592 D AGM: metadata: metadata_print: 90 key:0xa9000000, value:0x2 
08-13 10:41:44.565  1212  2592 D AGM: metadata: metadata_print: 92 
08-13 10:41:44.565  1212  2592 D AGM: metadata: metadata_print: 94 Property ID:134217744
08-13 10:41:44.565  1212  2592 D AGM: metadata: metadata_print: 95 property count:4
08-13 10:41:44.565  1212  2592 D AGM: metadata: metadata_print: 98 Property Values: 
08-13 10:41:44.565  1212  2592 D AGM: metadata: metadata_print: 100 0x1 
08-13 10:41:44.565  1212  2592 D AGM: metadata: metadata_print: 100 0x3 
08-13 10:41:44.565  1212  2592 D AGM: metadata: metadata_print: 100 0x2 
08-13 10:41:44.565  1212  2592 D AGM: metadata: metadata_print: 100 0x5 
08-13 10:41:44.565  1212  2592 D AGM: metadata: metadata_print: 102 
08-13 10:41:44.565  1212  2592 D AGM: metadata: metadata_print: 103 ****************Metadata Done***************************
08-13 10:41:44.565  1212  2592 D AGM: metadata: 
08-13 10:41:44.565  1212  2592 D AGM: graph: print_graph_alias: 2328 GKV Alias 142 | StreamRX_PCM_LL_Playback_DeviceRX_Speaker_Instance_Instance_1_DevicePP_Rx_Audio_MBDRC
08-13 10:41:44.565  1212  2592 D AGM: graph: graph_open: 628 miid 40bd mid 7001000 tag c0000002
08-13 10:41:44.565  1212  2592 D AGM: graph: graph_open: 676 miid 43b1 mid 700100a tag c0000004
08-13 10:41:44.565  1212  2592 D AGM: graph: graph_open: 628 miid 40c4 mid 7001019 tag c0000006
08-13 10:41:44.565  1212  2592 D AGM: graph: graph_open: 628 miid 40bf mid 7001005 tag c000000e
08-13 10:41:44.565  1212  2592 D AGM: graph: graph_open: 628 miid 40c0 mid 7001003 tag c0000010
08-13 10:41:44.565  1212  2592 D AGM: graph: graph_open: 628 miid 4165 mid 7001032 tag c0000013
08-13 10:41:44.565  1212  2592 I GPR:    : __gpr_cmd_register_v2:902 GPR Register: Source Port is 8208 heap_index: 0
08-13 10:41:44.565  1513  1783 I         : 2.5.85: [WARNING] SceneDepthProcessOnce InterpolatePose failed! prePose ts 1021794819238, nextPose ts 1021794819238, avg_ts 1021794889986
08-13 10:41:44.566  1217  1674 I SDM     : DisplayBase::SetDisplayState: Set state = 0, display 50462775-0, teardown = 0
08-13 10:41:44.566  1217  1674 I SDM     : DRMPanelFeatureMgr::MarkForNullCommit: Marked 7 for null commit
08-13 10:41:44.588   243   243 E init    : ro.debuggable: read  0
08-13 10:41:44.589   243   243 E init    : ro.debuggable: read  0
08-13 10:41:44.589  2592  2592 I [Awinic][0-0034]aw883xx_startup: playback enter
08-13 10:41:44.590  2592  2592 E [Awinic]aw_cali_get_cali_re_from_file: channel:0 open /mnt/vendor/persist/aw_cali.bin failed, error=-13
08-13 10:41:44.590  2592  2592 E [Awinic][0-0034]aw_cali_svc_get_cali_re_from_bin: get re failed
08-13 10:41:44.590  2592  2592 I [Awinic][1-0034]aw883xx_startup: playback enter
08-13 10:41:44.590  2592  2592 E [Awinic]aw_cali_get_cali_re_from_file: channel:1 open /mnt/vendor/persist/aw_cali.bin failed, error=-13
08-13 10:41:44.590  2592  2592 E [Awinic][1-0034]aw_cali_svc_get_cali_re_from_bin: get re failed
08-13 10:41:44.590  2592  2592 I [Awinic][0-0034]aw883xx_hw_params: STREAM_PLAYBACK requested rate: 48000, width = 16
08-13 10:41:44.590  2592  2592 I [Awinic][1-0034]aw883xx_hw_params: STREAM_PLAYBACK requested rate: 48000, width = 16
08-13 10:41:44.568  2243  2280 I InputManager-JNI: Viewport [0] to add: local:4630946775111665331, isActive: false
08-13 10:41:44.568  2243  2280 I InputManager-JNI: Viewport [1] to add: virtual:android,1000,com.yvr.spatialhome,0, isActive: true
08-13 10:41:44.559  1212  1212 W HwBinder:1212_3: type=1400 audit(0.0:599): avc:  denied  { search } for  name="vendor" dev="tmpfs" ino=2 scontext=u:r:vendor_agmservice_qti:s0 tcontext=u:object_r:mnt_vendor_file:s0 tclass=dir permissive=0
08-13 10:41:44.559  1212  1212 W HwBinder:1212_3: type=1400 audit(0.0:600): avc:  denied  { search } for  name="vendor" dev="tmpfs" ino=2 scontext=u:r:vendor_agmservice_qti:s0 tcontext=u:object_r:mnt_vendor_file:s0 tclass=dir permissive=0
08-13 10:41:44.568   409  1453 I audioadsprpcd: vendor/qcom/proprietary/adsprpc/src/apps_std_imp.c:860: Successfully opened file /vendor/dsp/adsp/CFCM.so.1
08-13 10:41:44.569  2243  2362 I InputReader: Reconfiguring input devices, changes=DISPLAY_INFO
08-13 10:41:44.571  1513  1778 I         : SLAM_ALG::pipeline # TrackingOnce long frame: 4.605000,1.536000,3.069000,1021794889987
08-13 10:41:44.571   409  1453 I audioadsprpcd: vendor/qcom/proprietary/adsprpc/src/apps_std_imp.c:860: Successfully opened file /vendor/dsp/adsp/SAPlusCmnModule.so.1
08-13 10:41:44.573  1513  1783 I         : MeshRecon # [timing] IN GenerateDepthMatFromMesh: 0.019000, 0.000000, 0.037000, 1.286000
08-13 10:41:44.573  1513  1783 I         : MeshRecon # [timing] SceneDepthSystem_Process: 7.366000 = 0.623000 + 5.161000 + 0.097000 + 1.429000 + 0.056000
08-13 10:41:44.598   751   751 E         : tag mismatch entry->tag:1 tag:2
08-13 10:41:44.598   751   751 I [drm:dsi_panel_set_backlight [msm_drm]] [msm-dsi-info]: panel type:primary backlight type:2 lvl:0
08-13 10:41:44.573  2243  2272 W SurfaceControl: Invalid layer stack -1
08-13 10:41:44.573  2243  2272 I DisplayDevice: [0] Layerstack set to -1 for local:4630946775111665331
08-13 10:41:44.575  2243  2356 D YvrVrVirtualDisplayService: displayName=com.yvr.spatialhome getDisplayId  = 2
08-13 10:41:44.575  2243  2356 I YvrStrategyService: pause yvrHome when default display off
08-13 10:41:44.575  2243  2356 D Yvr_DisplayContent: YVR_APP_LIFECYCLE suspendActivitiesLocked 
08-13 10:41:44.576  2243  2356 D ActivityTaskManager: Top Process State changed to PROCESS_STATE_TOP_SLEEPING
08-13 10:41:44.576  3870  3870 I VirtualDisplayService: on display changed, display id:0
08-13 10:41:44.576  2243  2356 D PowerManagerService: acquireWakeLockInternal: lock=117156224, flags=0x1, tag="ActivityManager-Sleep", ws=null, uid=1000, pid=2243
08-13 10:41:44.577  2243  2356 D ActivityTrigger: ActivityTrigger activityPauseTrigger 
08-13 10:41:44.578  1212  2592 E ACDB    : AcdbCmdGetProcSubgraphCalDataPersist:8217 Error[19]: No calibration found
08-13 10:41:44.578  2566  2609 V WindowManagerShell: Transition requested: android.os.BinderProxy@aad277d TransitionRequestInfo { type = SLEEP, triggerTask = null, remoteTransition = null, displayChange = null }
08-13 10:41:44.578  1212  2592 E ACDB    : AcdbCmdGetProcSubgraphCalDataPersist:8217 Error[19]: No calibration found
08-13 10:41:44.579  1212  2592 E ACDB    : AcdbCmdGetProcSubgraphCalDataPersist:8217 Error[19]: No calibration found
08-13 10:41:44.579  1212  2592 E ACDB    : AcdbCmdGetProcSubgraphCalDataPersist:8217 Error[19]: No calibration found
08-13 10:41:44.579  1212  2592 D AGM: graph: graph_open: 707 graph_handle 0x47534c
08-13 10:41:44.579  1212  2592 D AGM: graph: graph_open: 743 exit, ret 0
08-13 10:41:44.579  1176  2589 D agm_client_wrapper: agm_session_open Received handle = 0x73883ccc40 , *handle = b40000733170c350
08-13 10:41:44.579  1176  2589 D PLUGIN: pcm: agm_pcm_hw_params: 477 agm_pcm_hw_params: mode: 0
08-13 10:41:44.579  1176  2589 I PAL: Session: updateCustomPayload: 619: customPayloadSize = 32
08-13 10:41:44.579  1212  2596 D AGM: graph: graph_set_config: 1105 entry graph_handle 0x47534c
08-13 10:41:44.579  1212  2596 D AGM: graph: graph_set_config: 1113 exit, graph handle 0x47534c, ret 0
08-13 10:41:44.579  1176  2589 I PAL: Session: updateCustomPayload: 619: customPayloadSize = 40
08-13 10:41:44.580  1212  1803 D AGM: graph: graph_set_config: 1105 entry graph_handle 0x47534c
08-13 10:41:44.580  1212  1803 D AGM: graph: graph_set_config: 1113 exit, graph handle 0x47534c, ret 0
08-13 10:41:44.580  1212  2660 D AGM: graph: graph_prepare: 804 entry graph_handle 0x47534c
08-13 10:41:44.580  1212  2660 D AGM: graph_module: configure_pcm_shared_mem_ep: 1660 entry mod tag c0000002 miid 40bd mid 7001000
08-13 10:41:44.580  1212  2660 D AGM: graph_module: configure_pcm_shared_mem_ep: 1736 exit, ret 0
08-13 10:41:44.580  1212  2660 D AGM: graph_module: configure_hw_ep_media_config: 697 entry mod tag c0000004 miid 43b1 mid 700100a
08-13 10:41:44.580  1212  2660 D AGM: graph_module: configure_hw_ep_media_config: 727 rate 48000 bw 16 ch 2, data_fmt 1
08-13 10:41:44.580  2243  2322 W Transition: Transition already started id=14 state=2
08-13 10:41:44.580  1212  2660 D AGM: graph_module: configure_hw_ep_media_config: 737 exit, ret 0
08-13 10:41:44.580  1212  2660 D AGM: graph_module: configure_i2s_ep: 418 exit, ret 0
08-13 10:41:44.580  1212  2660 D AGM: graph_module: configure_output_media_format: 820 entry mod tag c000000e miid 40bf mid 7001005
08-13 10:41:44.581  1212  2660 D AGM: graph_module: configure_output_media_format: 951 exit, ret 0
08-13 10:41:44.581  3842  3842 D [Life]  : onActivityPaused: com.yvr.launchersdk.UnityPlayerActivity@b15030f
08-13 10:41:44.581  1212  2660 D AGM: graph_module: configure_output_media_format: 820 entry mod tag c0000010 miid 40c0 mid 7001003
08-13 10:41:44.581  3842  3842 I ActivityLifecycle.cpp: [Life] onNativeOnActivityPaused, ret: 3842
08-13 10:41:44.581  2610  2625 I rruntimeservice: Client::ActivityStateChange pid: 3842, state: 2
08-13 10:41:44.581  1212  2660 D AGM: graph_module: configure_output_media_format: 951 exit, ret 0
08-13 10:41:44.581  1212  2660 D AGM: graph_module: configure_spr: 1864 SPR module IID 4165
08-13 10:41:44.581  1212  2660 D AGM: graph_module: configure_spr: 1887 HW EP module IID 43b1
08-13 10:41:44.581  1212  2660 D AGM: graph: configure_buffer_params: 199 Enter
08-13 10:41:44.581  1212  2660 D AGM: graph: configure_buffer_params: 262 Playback sess buf_sz 768 num_bufs 2
08-13 10:41:44.581  1212  2660 E AGM: graph: configure_buffer_params: 295 Unsupported buffer mode : 0, Default to Blocking
08-13 10:41:44.581  1212  2660 D AGM: graph: configure_buffer_params: 315 exit, ret 0
08-13 10:41:44.581  2710  2965 I BtGatt.ScanManager: msg.what = 7
08-13 10:41:44.581  2243  2277 V WindowManager: Sent Transition #14 createdAt=08-13 10:41:44.576 via request=TransitionRequestInfo { type = SLEEP, triggerTask = null, remoteTransition = null, displayChange = null }
08-13 10:41:44.581  2243  2277 V WindowManager:     startWCT=WindowContainerTransaction { changes = {} hops = [] errorCallbackToken=null taskFragmentOrganizer=null }
08-13 10:41:44.581  2243  2277 V WindowManager:     info={id=14 t=SLEEP f=0x0 trk=0 r=[] c=[]}
08-13 10:41:44.582  2566  2609 V WindowManagerShell: onTransitionReady android.os.BinderProxy@aad277d: {id=14 t=SLEEP f=0x0 trk=0 r=[] c=[]}
08-13 10:41:44.582  3842  3842 D UnityPlayer-Home: unityPlayer_onPause_start
08-13 10:41:44.582  2566  2609 V WindowManagerShell: No transition roots in (#14)android.os.BinderProxy@aad277d@0 so abort
08-13 10:41:44.582  2566  2609 V WindowManagerShell: Transition animation finished (aborted=true), notifying core (#14)android.os.BinderProxy@aad277d@0
08-13 10:41:44.583  2243  2277 V WindowManager: Finish Transition #14: created at 08-13 10:41:44.576 collect-started=0.052ms request-sent=0.107ms started=0.374ms ready=0.373ms sent=0.58ms finished=6.33ms
08-13 10:41:44.583  2566  2609 V WindowManagerShell: Track 0 became idle
08-13 10:41:44.583  2566  2609 V WindowManagerShell: All active transition animations finished
08-13 10:41:44.583  1212  2660 D AGM: graph: graph_prepare: 882 exit, ret 0
08-13 10:41:44.583  1212  1803 D AGM: graph: graph_start: 896 entry graph_handle 0x47534c
08-13 10:41:44.585  3842  4031 I Core    : Called stop
08-13 10:41:44.585  3842  4031 I Core    : Called onUnityMainThreadPause
08-13 10:41:44.586  3842  5167 I Core    : Called onGfxThreadStop
08-13 10:41:44.586  3842  5167 I Core    : Called onUnityGfxThreadPause
08-13 10:41:44.586  1212  1803 D AGM: graph: graph_start: 908 exit, ret 0
08-13 10:41:44.586  1212  1803 D AGM: graph: graph_start: 896 entry graph_handle 0x47534c
08-13 10:41:44.586  1212  1803 D AGM: graph: graph_start: 908 exit, ret 0
08-13 10:41:44.611  1803  1803 I [Awinic][0-0034]aw883xx_mute: mute state=0
08-13 10:41:44.611  1803  1803 I [Awinic][0-0034]aw883xx_device_fw_update: start update Music
08-13 10:41:44.587  3842  5167 I Core    : Called leaveVrMode
08-13 10:41:44.587  3842  5167 I Core    : Called EndSession
08-13 10:41:44.614  6941  6941 I         : set highpri & unbound kwork thread fifo success
08-13 10:41:44.615  1803  1803 I [Awinic][0-0034]aw_dev_reg_container_update: dither_st=0x8000
08-13 10:41:44.590  3842  5167 I VrRuntimeClient: delete PhaseSync
08-13 10:41:44.590  3842  5167 I yvr.spatialhome: PhaseSync stop
08-13 10:41:44.590  3842  5167 D LockMonitorThread.cpp: PhaseSync_monitor stop!
08-13 10:41:44.590  3842  6836 I LockMonitorThread.cpp: PhaseSync_monitor exit
08-13 10:41:44.590  3842  6835 D FenceChecker.cpp: FenceChecker mainLoop exit.
08-13 10:41:44.591  3842  5167 D FenceChecker.cpp: FenceChecker thread stop.
08-13 10:41:44.591  3842  5167 D yvr.spatialhome:  unlockAllSlot()
08-13 10:41:44.591  3842  5167 D yvr.spatialhome: ~ModuleCreator
08-13 10:41:44.591  3842  5167 D FenceChecker.cpp: destruction
08-13 10:41:44.591  3842  5167 D LockMonitorThread.cpp: destruction
08-13 10:41:44.591  3842  5167 D EGLEnvironment.cpp: destruction
08-13 10:41:44.591  3842  5167 D yvr.spatialhome: destruction
08-13 10:41:44.591  3842  5167 D yvr.spatialhome: client destroyRetireShm
08-13 10:41:44.591  3842  5167 D yvr.spatialhome: PhaseRetireShmC:clientPid[3842] Cleanup
08-13 10:41:44.591  3842  5167 D yvr.spatialhome: ~PhaseRetireShmC
08-13 10:41:44.591  3842  5167 D yvr.spatialhome: destruction pid=3842 mRole[0]
08-13 10:41:44.591  3842  5167 D yvr.spatialhome: destruction
08-13 10:41:44.591  3842  5167 I PhasePaddings.cpp: destruction
08-13 10:41:44.591  3842  5167 D VSyncObserver.cpp: destruction
08-13 10:41:44.591  2610  2625 I VrRuntimeNativeManager: LeaveVRMode pid:3842
08-13 10:41:44.591  2610  2756 I ClientMgr: MSG_LAYER_STATE_CHANGED
08-13 10:41:44.591  3842  5167 D oxr_session.cpp: [Focus] session end, tansfer to -> idle state
08-13 10:41:44.591  3842  5167 I Core    : Called leaveVrMode end
08-13 10:41:44.591  3842  5167 I Core    : Called deleteEyeBufferLayer
08-13 10:41:44.591  3842  5167 I Core    : Called removeActiveLayer
08-13 10:41:44.591  3842  5167 I Core    : Called deleteEnvironmentBufferLayer
08-13 10:41:44.591  3842  5167 I Core    : Called removeActiveLayer
08-13 10:41:44.591  2610  2756 I VSTController.cpp: vstUpdateReason[[default off]:[presentedClient(com.yvr.spatialhome)open]<out_visible:1>]
08-13 10:41:44.591  2610  2756 I rruntimeservice: boundaryUpdateReason guardianServiceClient mode:1
08-13 10:41:44.591  2610  2756 I rruntimeservice: boundaryUpdateReason[[default off]:{vstVisible:1}[presentedClient isSystemApp][vst is visible:close]<out_visible:0>]
08-13 10:41:44.591  2610  2824 I PassthroughContent: stop
08-13 10:41:44.592  3842  4031 I Core    : Called stop
08-13 10:41:44.593  1513  6447 E VSTSyncController: stream config, type:2, wanted fps:0, enable:0, target rate:0
08-13 10:41:44.594  2243  2322 D YvrStrategyService: getCurrentStrategyInternal  currentStrategy = 0
08-13 10:41:44.595  3842  4031 I YUnity  : get device state:Idle
08-13 10:41:44.621  1803  1803 I [Awinic][0-0034]aw_dev_pwd: done
08-13 10:41:44.623  1803  1803 I [Awinic][0-0034]aw_dev_set_hmute: done
08-13 10:41:44.624  1803  1803 I [Awinic][0-0034]aw_dev_dsp_enable: done
08-13 10:41:44.598  1513  1777 I         : 2.5.85: [ProcessVisualInertialOnce]: Send SLAM Img[1021833580416],latest IMU[1021828222825]
08-13 10:41:44.624  1803  1803 I [Awinic][0-0034]aw_dev_memclk_select: done
08-13 10:41:44.599  3842  3842 I 2D_TCXRApis: pauseTCXR
08-13 10:41:44.599  3842  3842 D UnityPlayer-Home: unityPlayer_onPause_end during 17ms
08-13 10:41:44.601  2243  2322 D Yvr_ActivityRecord: togglePanelHide start
08-13 10:41:44.601  2243  2322 D Yvr_ActivityRecord: togglePanelHide not 2d
08-13 10:41:44.627  1803  1803 I [Awinic][0-0034]aw_dev_dsp_cfg_update: dsp config len:2260
08-13 10:41:44.602  2243  2322 W InputDispatcher: Focused display #0 does not have a focused window.
08-13 10:41:44.602  2243  2322 E InputDispatcher: But another display has a focused window
08-13 10:41:44.602  2243  2322 E InputDispatcher:   FocusedWindows:
08-13 10:41:44.602  2243  2322 E InputDispatcher:     displayId=2, name='920882 com.yvr.spatialhome/com.yvr.launchersdk.UnityPlayerActivity'
08-13 10:41:44.603  2243  2866 I ActivityNotifier: binding to Dynamic DDS service
08-13 10:41:44.603  2243  2866 W ActivityManager: Unable to start service Intent { cmp=com.qualcomm.qti.dynamicddsservice/.DynamicDDSService } U=0: not found
08-13 10:41:44.604  2243  2866 E ActivityNotifier: bindService failed
08-13 10:41:44.605  1513  1778 I         : SLAM_ALG::pipeline # TrackingOnce long frame: 6.042000,2.327000,3.715000,1021828222825
08-13 10:41:44.606  1513  1783 I         : MeshRecon # [timing] IN GenerateDepthMatFromMesh: 0.017000, 0.000000, 0.036000, 1.322000
08-13 10:41:44.606  1513  1783 I         : MeshRecon # [timing] SceneDepthSystem_Process: 7.829000 = 0.916000 + 5.341000 + 0.097000 + 1.410000 + 0.065000
08-13 10:41:44.613  2610  2824 I VstCameraDeviceImpl: stop vst camera
08-13 10:41:44.613  1513  6447 I BpBinder: onLastStrongRef automatically unlinking death recipients: 
08-13 10:41:44.621  3842  3842 D Yvr_SurfaceView: remove VRR
08-13 10:41:44.621  3842  3842 I Yvr_SurfaceView: c.surfaceDestroyed -- 243341778 com.unity3d.player.P@d422aa3, android.view.SurfaceView$1@b3c01a0, Surface(name=null)/@0x2cba159, true
08-13 10:41:44.623  3842  6010 W OpenGLRenderer: Surface doesn't have any previously queued frames, nothing to readback from
08-13 10:41:44.623  3842  3842 D UnityPlayer-Home: unityPlayer_onWindowFocusChanged_start hasFocus: false
08-13 10:41:44.623  3842  3842 D UnityPlayer-Home: unityPlayer_onWindowFocusChanged_end during 0ms
08-13 10:41:44.624  3842  4031 D SystemSettings: getHardDeviceStatus: status=0
08-13 10:41:44.632  1513  1783 I         : 2.5.85: [WARNING] SceneDepthProcessOnce InterpolatePose failed! prePose ts 1021861232676, nextPose ts 1021861232676, avg_ts 1021861555664
08-13 10:41:44.633  1513  1777 I         : 2.5.85: [ProcessVisualInertialOnce]: Send SLAM Img[1021866786979],latest IMU[1021861555677]
08-13 10:41:44.640  2243  2322 D PowerManagerService: releaseWakeLockInternal: lock=117156224 [ActivityManager-Sleep], flags=0x0, mOwnerUid:1000, mOwnerPid:2243
08-13 10:41:44.646  1513  1778 I         : SLAM_ALG::pipeline # TrackingOnce long frame: 13.394000,1.987000,11.407000,1021861555677
08-13 10:41:44.647  1513  1783 I         : MeshRecon # [timing] IN GenerateDepthMatFromMesh: 0.035000, 0.000000, 0.053000, 8.798000
08-13 10:41:44.647  1513  1783 I         : MeshRecon # [timing] SceneDepthSystem_Process: 15.264999 = 0.779000 + 5.258000 + 0.134000 + 8.998000 + 0.096000
08-13 10:41:44.657  1513  1784 E MeshTrackingModule: [Spatial] on block update, count: 41
08-13 10:41:44.660  1513  1784 I         : MeshRecon # Callback updated 41 blocks at map_id 47!
08-13 10:41:44.660  1513  1784 I         : MeshRecon # [timing] SUM:70.154999, Prep:0.004000,Rect:1.799000,BBox:1.376000,Depth:41.640999,Filter:1.468000,Insert:10.610000,Update:10.051000,CB:3.204000,Floor:0.001000,Boundary:0.000000,NearObj:0.000000,Room1:0.000000,Room2:0.001000
08-13 10:41:44.660  1513  1784 I         : MeshRecon # [cur update] chunk num: 41, vtx num: 1134, idx num: 4221;  [max update] chunk num: 97, vtx num: 4687, idx num: 18291;  [all] chunk num: 83, vtx num: 2525, idx num: 9786
08-13 10:41:44.660  1513  1784 I         : CalculateBBox_QNN            -> min:0.930, max:5.289, avg:1.393 ms, sum:2.18818 s
08-13 10:41:44.660  1513  1784 I         : CalculateDepth               -> min:30.39, max:53.21, avg:35.65 ms, sum:55.9759 s
08-13 10:41:44.660  1513  1784 I         : CalculateDepthStereo_CNN     -> min:15.30, max:31.77, avg:17.30 ms, sum:27.1733 s
08-13 10:41:44.660  1513  1784 I         : CalculateDepthToF_CNN        -> min:12.74, max:31.52, avg:16.48 ms, sum:25.8884 s
08-13 10:41:44.660  1513  1784 I         : CalculateDepthToF_ToFMask    -> min:0.044, max:0.734, avg:0.065 ms, sum:0.10345 s
08-13 10:41:44.660  1513  1784 I         : CallbackBlockUpdateEvent     -> min:2.799, max:9.660, avg:5.047 ms, sum:2.64489 s
08-13 10:41:44.660  1513  1784 I         : DetectFloor                  -> min:0.074, max:1.212, avg:0.246 ms, sum:0.07551 s
08-13 10:41:44.660  1513  1784 I         : DetectNearObj                -> min:0.004, max:3.782, avg:0.317 ms, sum:0.42151 s
08-13 10:41:44.660  1513  1784 I         : FilterDepth                  -> min:0.140, max:8.363, avg:1.168 ms, sum:1.82325 s
08-13 10:41:44.660  1513  1784 I         : InsertData                   -> min:4.666, max:16.54, avg:8.705 ms, sum:13.5809 s
08-13 10:41:44.660  1513  1784 I         : Rectification                -> min:1.342, max:4.288, avg:1.728 ms, sum:2.71439 s
08-13 10:41:44.660  1513  1784 I         : TrackingBBox                 -> min:0.005, max:0.521, avg:0.014 ms, sum:0.02239 s
08-13 10:41:44.660  1513  1784 I         : UpdateMesh                   -> min:1.155, max:40.21, avg:15.59 ms, sum:8.17205 s
08-13 10:41:44.660  1513  1784 I         : 
08-13 10:41:44.687  1803  1803 I [Awinic][0-0034]aw883xx_cali_get_ra: get ra:0
08-13 10:41:44.688  1803  1803 I [Awinic][0-0034]aw_dev_get_cali_f0_delay: read cali delay: 20 ms
08-13 10:41:44.665  1513  1777 I         : 2.5.85: [ProcessVisualInertialOnce]: Send SLAM Img[1021899993541],latest IMU[1021894888529]
08-13 10:41:44.688  1803  1803 I [Awinic][0-0034]aw_dev_dsp_cfg_update: fw_ver: [0002]
08-13 10:41:44.691  1803  1803 I [Awinic][0-0034]aw_monitor_get_init_vmax: get init vmax:0xfe42
08-13 10:41:44.692  1803  1803 I [Awinic][0-0034]aw_dev_memclk_select: done
08-13 10:41:44.692  1803  1803 I [Awinic][0-0034]aw883xx_device_fw_update: load Music done
08-13 10:41:44.692  1803  1803 I [Awinic][1-0034]aw883xx_mute: mute state=0
08-13 10:41:44.692  1803  1803 I [Awinic][1-0034]aw883xx_device_fw_update: start update Music
08-13 10:41:44.692  6595  6595 I [Awinic][0-0034]aw883xx_start_pa: enter
08-13 10:41:44.692  6595  6595 I [Awinic][0-0034]aw883xx_device_start: enter
08-13 10:41:44.692  6595  6595 I [Awinic][0-0034]aw_dev_set_dither: done
08-13 10:41:44.693  6595  6595 I [Awinic][0-0034]aw_dev_pwd: done
08-13 10:41:44.670  1513  1778 I         : SLAM_ALG::pipeline # TrackingOnce long frame: 4.145000,0.935000,3.210000,1021894888529
08-13 10:41:44.695  1803  1803 I [Awinic][1-0034]aw_dev_reg_container_update: dither_st=0x8000
08-13 10:41:44.695  6595  6595 I [Awinic][0-0034]aw_dev_amppd: done
08-13 10:41:44.672  1513  1783 I         : MeshRecon # [timing] IN GenerateDepthMatFromMesh: 0.018000, 0.000000, 0.035000, 1.171000
08-13 10:41:44.672  1513  1783 I         : MeshRecon # [timing] SceneDepthSystem_Process: 7.228000 = 0.531000 + 5.003000 + 0.383000 + 1.268000 + 0.043000
08-13 10:41:44.698  6595  6595 I [Awinic][0-0034]aw_dev_fw_crc_check: fw_end_addr 0x8a3
08-13 10:41:44.676  2610  3053 E VSTDisplayManager: VST FPS:73
08-13 10:41:44.701  6595  6595 I [Awinic][0-0034]aw_dev_cfg_crc_check: cfg_end_addr 0xfb4
08-13 10:41:44.701  1803  1803 I [Awinic][1-0034]aw_dev_pwd: done
08-13 10:41:44.703  1803  1803 I [Awinic][1-0034]aw_dev_set_hmute: done
08-13 10:41:44.704  1803  1803 I [Awinic][1-0034]aw_dev_dsp_enable: done
08-13 10:41:44.704  1803  1803 I [Awinic][1-0034]aw_dev_memclk_select: done
08-13 10:41:44.704  6595  6595 I [Awinic][0-0034]aw_dev_dsp_enable: done
08-13 10:41:44.705  6595  6595 I [Awinic][0-0034]aw_pid_2066_set_vcalb: vcalk = -20
08-13 10:41:44.705  6595  6595 I [Awinic][0-0034]aw_pid_2066_set_vcalb: icalk = 23
08-13 10:41:44.705  6595  6595 I [Awinic][0-0034]aw_pid_2066_set_vcalb: ical_k = 1023, vcal_k = 960
08-13 10:41:44.705  6595  6595 I [Awinic][0-0034]aw_pid_2066_set_vcalb: vcalb = 8221, vcalb_adj = 1
08-13 10:41:44.705  6595  6595 E [Awinic][0-0034]aw_dev_cali_re_update: cali_re:0 out of range, no set
08-13 10:41:44.706  6595  6595 I [Awinic][0-0034]aw_dev_dsp_enable: done
08-13 10:41:44.706  6595  6595 I [Awinic][0-0034]aw_dev_dsp_enable: done
08-13 10:41:44.706  1803  1803 I [Awinic][1-0034]aw_dev_dsp_cfg_update: dsp config len:2260
08-13 10:41:44.707  6595  6595 I [Awinic][0-0034]aw_dev_get_dsp_status: enter
08-13 10:41:44.708  6595  6595 I [Awinic][0-0034]aw_dev_set_dither: done
08-13 10:41:44.708  6595  6595 I [Awinic][0-0034]aw_dev_set_hmute: done
08-13 10:41:44.709  6595  6595 I [Awinic][0-0034]aw_dev_clear_int_status: done
08-13 10:41:44.709  6595  6595 I [Awinic][0-0034]aw_dev_set_intmask: done
08-13 10:41:44.709  6595  6595 I [Awinic][0-0034]aw883xx_monitor_start: enter
08-13 10:41:44.709  6595  6595 I [Awinic][0-0034]aw883xx_monitor_start: sortware monitor is enable
08-13 10:41:44.709  6595  6595 I [Awinic][0-0034]aw883xx_device_start: done
08-13 10:41:44.709  6595  6595 I [Awinic][0-0034]aw883xx_start_pa: start success
08-13 10:41:44.689  4318  4679 D NetworkService: TotalRxSpeed : 39B/s  /  TotalTxSpeed : 59B/s
08-13 10:41:44.689  4318  4679 D NetworkService: SystemRxSpeed : 39B/s  /  SystemTxSpeed : 59B/s
08-13 10:41:44.689  1513  1784 I         : MeshRecon # DetectNearObj result: xyz (-0.150000, 0.150000, -0.602559), dist 0.557601
08-13 10:41:44.690  1513  1784 I         : MeshRecon # [timing] DetectNearObj: 0.012000 + 0.009000 + 0.216000 = 0.237000
08-13 10:41:44.690  3537  3765 I FOO     : [SystemUX] onNearestObjectUpdate 0.557601
08-13 10:41:44.699  1513  1777 I         : 2.5.85: [ProcessVisualInertialOnce]: Send SLAM Img[1021933200416],latest IMU[1021928221367]
08-13 10:41:44.704  1513  1778 I         : SLAM_ALG::pipeline # TrackingOnce long frame: 4.228000,0.985000,3.243000,1021928221367
08-13 10:41:44.705  1513  1783 I         : MeshRecon # [timing] IN GenerateDepthMatFromMesh: 0.019000, 0.000000, 0.040000, 1.455000
08-13 10:41:44.705  1513  1783 I         : MeshRecon # [timing] SceneDepthSystem_Process: 6.752000 = 0.456000 + 4.586000 + 0.103000 + 1.566000 + 0.041000
08-13 10:41:44.723  1513  6893 I         : SLAM_ALG: mapping UpdateAlignMapTransformInfo t_error: 0.002, r_error: 0.15
08-13 10:41:44.725  1513  6893 I         : SLAM_ALG: mapping Twb_cur_int in pipeline: 1021861555677, -0.0586, 0.0301, 0.0603, 0.7037, 0.6889, -0.0384, -0.1696
08-13 10:41:44.725  1513  6893 I         : SLAM_ALG: mapping Twb_cur_ext in pipeline: 1021861555677, -0.0702, -0.0498, -0.0300, 0.7232, 0.6637, -0.1906, -0.0104
08-13 10:41:44.725  1513  6893 I         : SLAM_ALG: mapping Merged Maps Num: 10
08-13 10:41:44.725  1513  6893 I         : SLAM_ALG: mapping ---- Map id: 0, frames num: 10, transform: 0 - 0, 0.0000, 0.0000, 0.0000, 0.0000, 0.0000, 0.0000, 1.0000
08-13 10:41:44.725  1513  6893 I         : SLAM_ALG: mapping ---- Map id: 22, frames num: 130, transform: 22 - 0, 0.0126, 0.0330, 0.0198, 0.0234, 0.0026, 0.0016, 0.9997
08-13 10:41:44.725  1513  6893 I         : SLAM_ALG: mapping ---- Map id: 24, frames num: 13, transform: 24 - 0, 0.0504, -0.0102, 0.0125, -0.2222, 0.0022, 0.0004, 0.9750
08-13 10:41:44.725  1513  6893 I         : SLAM_ALG: mapping ---- Map id: 46, frames num: 3, transform: 46 - 0, 0.0507, 0.0502, -0.0933, 0.0136, 0.0046, 0.0029, 0.9999
08-13 10:41:44.725  1513  6893 I         : SLAM_ALG: mapping ---- Map id: 47, frames num: 106, transform: 47 - 0, 0.0354, 0.1158, -0.1375, 0.0709, 0.0069, 0.0053, 0.9974
08-13 10:41:44.725  1513  6893 I         : SLAM_ALG: mapping ---- Map id: 48, frames num: 0, transform: 48 - 0, 0.0102, 0.0466, -0.0616, 0.0634, 0.0051, 0.0024, 0.9980
08-13 10:41:44.725  1513  6893 I         : SLAM_ALG: mapping ---- Map id: 49, frames num: 0, transform: 49 - 0, 0.0042, 0.0279, -0.0583, 0.0046, 0.0108, 0.0036, 0.9999
08-13 10:41:44.725  1513  6893 I         : SLAM_ALG: mapping ---- Map id: 50, frames num: 0, transform: 50 - 0, 0.0129, 0.0152, -0.0622, 0.0178, 0.0162, 0.0048, 0.9997
08-13 10:41:44.725  1513  6893 I         : SLAM_ALG: mapping ---- Map id: 51, frames num: 13, transform: 51 - 0, 0.0210, 0.0113, -0.0324, 0.0101, 0.0091, 0.0027, 0.9999
08-13 10:41:44.725  1513  6893 I         : SLAM_ALG: mapping ---- Map id: 52, frames num: 10, transform: 52 - 0, -0.0067, -0.1041, -0.0731, -0.2204, 0.0060, 0.0005, 0.9754
08-13 10:41:44.725  1513  6893 I         : SLAM_ALG: mapping Mapping Map 0, local anchors num: 0
08-13 10:41:44.726  1513  6893 I         : SLAM_ALG: mapping [MEMORY] kfs num: 285/285, nfs num: 0/0, cams num: 648/648, feats num: 44205/44205, meas num: 43112/43112, mpts num: 7946/7946
08-13 10:41:44.726  1513  6893 I         : SLAM_ALG: mapping [TIME] ProcessKeyFrame: 78.12, 54.97, 11.21, 5.31, 3.86, 0.00, 0.08, 2.69, 1021861555677
08-13 10:41:44.732  1513  1777 I         : 2.5.85: [ProcessVisualInertialOnce]: Send SLAM Img[1021966406979],latest IMU[1021961554232]
08-13 10:41:44.736  1513  1778 I         : SLAM_ALG::pipeline # TrackingOnce long frame: 3.552000,1.420000,2.132000,1021961554232
08-13 10:41:44.738  1513  1783 I         : MeshRecon # [timing] IN GenerateDepthMatFromMesh: 0.021000, 0.000000, 0.038000, 1.289000
08-13 10:41:44.738  1513  1783 I         : MeshRecon # [timing] SceneDepthSystem_Process: 6.449000 = 0.363000 + 4.548000 + 0.103000 + 1.397000 + 0.038000
08-13 10:41:44.766  1803  1803 I [Awinic][1-0034]aw883xx_cali_get_ra: get ra:0
08-13 10:41:44.766  1803  1803 I [Awinic][1-0034]aw_dev_get_cali_f0_delay: read cali delay: 20 ms
08-13 10:41:44.767  1803  1803 I [Awinic][1-0034]aw_dev_dsp_cfg_update: fw_ver: [0002]
08-13 10:41:44.770  1803  1803 I [Awinic][1-0034]aw_monitor_get_init_vmax: get init vmax:0xfe42
08-13 10:41:44.770  1803  1803 I [Awinic][1-0034]aw_dev_memclk_select: done
08-13 10:41:44.770  1803  1803 I [Awinic][1-0034]aw883xx_device_fw_update: load Music done
08-13 10:41:44.770  6595  6595 I [Awinic][1-0034]aw883xx_start_pa: enter
08-13 10:41:44.770  6595  6595 I [Awinic][1-0034]aw883xx_device_start: enter
08-13 10:41:44.771  6595  6595 I [Awinic][1-0034]aw_dev_set_dither: done
08-13 10:41:44.771  6595  6595 I [Awinic][1-0034]aw_dev_pwd: done
08-13 10:41:44.748  1176  2589 I PAL: API: pal_stream_start: 374: Exit. status 0
08-13 10:41:44.748  1176  2589 I AHAL: AudioStream: configurePalOutputStream: 3486: notify GEF client of device config
08-13 10:41:44.748  1176  2589 D generic_effect_ar: gef_device_config_cb: stream type=6 sample_rate=48000 device=2
08-13 10:41:44.748  1176  2589 D AHAL: AudioStream: ~AutoPerfLock: 175: (release) perf_lock_handle: 0x85, count: 1
08-13 10:41:44.748  1176  2589 D AHAL: AudioStream: ~AutoPerfLock: 179: Releasing perf_lock_handle: 0x85
08-13 10:41:44.774  6595  6595 I [Awinic][1-0034]aw_dev_amppd: done
08-13 10:41:44.777  6595  6595 I [Awinic][1-0034]aw_dev_fw_crc_check: fw_end_addr 0x8a3
08-13 10:41:44.779  6595  6595 I [Awinic][1-0034]aw_dev_cfg_crc_check: cfg_end_addr 0xfb4
08-13 10:41:44.783  6595  6595 I [Awinic][1-0034]aw_dev_dsp_enable: done
08-13 10:41:44.783  6595  6595 I [Awinic][1-0034]aw_pid_2066_set_vcalb: vcalk = -17
08-13 10:41:44.784  6595  6595 I [Awinic][1-0034]aw_pid_2066_set_vcalb: icalk = 165
08-13 10:41:44.784  6595  6595 I [Awinic][1-0034]aw_pid_2066_set_vcalb: ical_k = 1165, vcal_k = 966
08-13 10:41:44.784  6595  6595 I [Awinic][1-0034]aw_pid_2066_set_vcalb: vcalb = 9304, vcalb_adj = 1
08-13 10:41:44.784  6595  6595 E [Awinic][1-0034]aw_dev_cali_re_update: cali_re:0 out of range, no set
08-13 10:41:44.784  6595  6595 I [Awinic][1-0034]aw_dev_dsp_enable: done
08-13 10:41:44.785  6595  6595 I [Awinic][1-0034]aw_dev_dsp_enable: done
08-13 10:41:44.786  6595  6595 I [Awinic][1-0034]aw_dev_get_dsp_status: enter
08-13 10:41:44.787  6595  6595 I [Awinic][1-0034]aw_dev_set_dither: done
08-13 10:41:44.787  6595  6595 I [Awinic][1-0034]aw_dev_set_hmute: done
08-13 10:41:44.787  6595  6595 I [Awinic][1-0034]aw_dev_clear_int_status: done
08-13 10:41:44.788  6595  6595 I [Awinic][1-0034]aw_dev_set_intmask: done
08-13 10:41:44.788  6595  6595 I [Awinic][1-0034]aw883xx_monitor_start: enter
08-13 10:41:44.788  6595  6595 I [Awinic][1-0034]aw883xx_monitor_start: sortware monitor is enable
08-13 10:41:44.788  6595  6595 I [Awinic][1-0034]aw883xx_device_start: done
08-13 10:41:44.788  6595  6595 I [Awinic][1-0034]aw883xx_start_pa: start success
08-13 10:41:44.765  1513  1777 I         : 2.5.85: [ProcessVisualInertialOnce]: Send SLAM Img[1021999613541],latest IMU[1021994887083]
08-13 10:41:44.768  1217  1674 I SDM     : HWDeviceDRM::NullCommit: Null commit succeeded crtc=136
08-13 10:41:44.768  1217  1674 I SDM     : DRMPanelFeatureMgr::MarkForNullCommit: Marked 7 for null commit
08-13 10:41:44.793   751   751 E         : tag mismatch entry->tag:1 tag:2
08-13 10:41:44.770  1513  1778 I         : SLAM_ALG::pipeline # TrackingOnce long frame: 4.840000,1.392000,3.448000,1021994887083
08-13 10:41:44.771  1513  1783 I         : MeshRecon # [timing] IN GenerateDepthMatFromMesh: 0.019000, 0.000000, 0.039000, 1.349000
08-13 10:41:44.772  1513  1783 I         : MeshRecon # [timing] SceneDepthSystem_Process: 6.821000 = 0.460000 + 4.753000 + 0.115000 + 1.460000 + 0.033000
08-13 10:41:44.799  1513  1777 I         : 2.5.85: [ProcessVisualInertialOnce]: Send SLAM Img[1022032820416],latest IMU[1022028219909]
08-13 10:41:44.804  1513  1778 I         : SLAM_ALG::pipeline # TrackingOnce long frame: 5.338000,1.250000,4.088000,1022028219909
08-13 10:41:44.805  1513  1783 I         : MeshRecon # [timing] IN GenerateDepthMatFromMesh: 0.020000, 0.000000, 0.041000, 1.332000
08-13 10:41:44.805  1513  1783 I         : MeshRecon # [timing] SceneDepthSystem_Process: 7.374000 = 0.426000 + 5.319000 + 0.101000 + 1.450000 + 0.078000
08-13 10:41:44.831  1513  1783 I         : 2.5.85: [WARNING] SceneDepthProcessOnce InterpolatePose failed! prePose ts 1022061449134, nextPose ts 1022061449134, avg_ts 1022061552746
08-13 10:41:44.832  1513  1777 I         : 2.5.85: [ProcessVisualInertialOnce]: Send SLAM Img[1022067003750],latest IMU[1022061552760]
08-13 10:41:44.838  1513  1778 I         : SLAM_ALG::pipeline # TrackingOnce long frame: 5.075000,0.994000,4.081000,1022061552760
08-13 10:41:44.838  1513  1784 I         : MeshRecon # [timing] SUM:47.592999, Prep:0.005000,Rect:1.546000,BBox:1.270000,Depth:33.660000,Filter:0.667000,Insert:10.445000,Update:0.000000,CB:0.000000,Floor:0.000000,Boundary:0.000000,NearObj:0.000000,Room1:0.000000,Room2:0.000000
08-13 10:41:44.839  1513  1783 I         : MeshRecon # [timing] IN GenerateDepthMatFromMesh: 0.021000, 0.000000, 0.071000, 1.434000
08-13 10:41:44.839  1513  1783 I         : MeshRecon # [timing] SceneDepthSystem_Process: 7.482000 = 0.389000 + 5.400000 + 0.102000 + 1.560000 + 0.031000
08-13 10:41:44.866  1513  1777 I         : 2.5.85: [ProcessVisualInertialOnce]: Send SLAM Img[1022100210312],latest IMU[1022094885625]
08-13 10:41:44.869  1513  1778 I         : SLAM_ALG::pipeline # TrackingOnce long frame: 3.132000,0.858000,2.273000,1022094885625
08-13 10:41:44.872  1513  1783 I         : MeshRecon # [timing] IN GenerateDepthMatFromMesh: 0.025000, 0.000000, 0.045000, 1.542000
08-13 10:41:44.872  1513  1783 I         : MeshRecon # [timing] SceneDepthSystem_Process: 6.813000 = 0.437000 + 4.527000 + 0.112000 + 1.702000 + 0.035000
08-13 10:41:44.890  1513  5085 D TOFCamera3Device: frameid:847, frameduration:33332812, delay:25370971, boottime:1017706428795, exposure:1130000, gain:0, cameraid:10
08-13 10:41:44.898  1513  1783 I         : 2.5.85: [WARNING] SceneDepthProcessOnce InterpolatePose failed! prePose ts 1022127862571, nextPose ts 1022127862571, avg_ts 1022128218450
08-13 10:41:44.899  1513  1777 I         : 2.5.85: [ProcessVisualInertialOnce]: Send SLAM Img[1022133416927],latest IMU[1022128218450]
08-13 10:41:44.903  1513  1778 I         : SLAM_ALG::pipeline # TrackingOnce long frame: 4.160000,1.208000,2.952000,1022128218450
08-13 10:41:44.905  1513  1783 I         : MeshRecon # [timing] IN GenerateDepthMatFromMesh: 0.017000, 0.000000, 0.035000, 1.300000
08-13 10:41:44.905  1513  1783 I         : MeshRecon # [timing] SceneDepthSystem_Process: 7.524000 = 0.417000 + 5.543000 + 0.094000 + 1.441000 + 0.029000
08-13 10:41:44.923  1513  1784 I         : MeshRecon # DetectNearObj result: xyz (-0.150000, 0.150000, -0.602559), dist 0.555786
08-13 10:41:44.923  1513  1784 I         : MeshRecon # [timing] DetectNearObj: 0.013000 + 0.009000 + 0.239000 = 0.261000
08-13 10:41:44.923  3537  3765 I FOO     : [SystemUX] onNearestObjectUpdate 0.555786
08-13 10:41:44.932  1513  1777 I         : 2.5.85: [ProcessVisualInertialOnce]: Send SLAM Img[1022166623750],latest IMU[1022161551315]
08-13 10:41:44.959   739   739 I         : [lcm] dsi_panel_power_off()
08-13 10:41:44.959   739   739 I [drm:dsi_panel_post_unprepare [msm_drm]] [msm-dsi-info]: primary panel,dsi_panel_power_off start
08-13 10:41:44.937  1513  1778 I         : SLAM_ALG::pipeline # TrackingOnce long frame: 3.950000,1.616000,2.334000,1022161551315
08-13 10:41:44.938  1513  1783 I         : MeshRecon # [timing] IN GenerateDepthMatFromMesh: 0.019000, 0.000000, 0.062000, 1.351000
08-13 10:41:44.938  1513  1783 I         : MeshRecon # [timing] SceneDepthSystem_Process: 6.728000 = 0.455000 + 4.661000 + 0.104000 + 1.469000 + 0.039000
08-13 10:41:44.944  1513  5085 D TrackingMultiCamera: frameid:1694, frameduration:16667885, delay:3245302, boottime:1017781864725, exposure:6000, gain:49, cameraid:2
08-13 10:41:44.944  1513  5085 D TrackingMultiCamera: frameid:1694, frameduration:16667938, delay:3635874, boottime:1017781864778, exposure:6000, gain:49, cameraid:1
08-13 10:41:44.945  1513  5085 D TrackingMultiCamera: frameid:1694, frameduration:16667885, delay:4086239, boottime:1017781864725, exposure:6000, gain:49, cameraid:3
08-13 10:41:44.945  1513  5085 D TrackingMultiCamera: frameid:1694, frameduration:16667885, delay:4334000, boottime:1017781864725, exposure:6000, gain:49, cameraid:0
08-13 10:41:44.965  1513  1777 I         : 2.5.85: [ProcessVisualInertialOnce]: Send SLAM Img[1022199830312],latest IMU[1022194884154]
08-13 10:41:44.971  1513  1783 I         : MeshRecon # [timing] IN GenerateDepthMatFromMesh: 0.020000, 0.000000, 0.045000, 1.358000
08-13 10:41:44.972  1513  1783 I         : MeshRecon # [timing] SceneDepthSystem_Process: 6.915000 = 0.441000 + 4.806000 + 0.099000 + 1.500000 + 0.069000
08-13 10:41:44.972  1513  1778 I         : SLAM_ALG::pipeline # TrackingOnce long frame: 5.999000,1.267000,4.732000,1022194884154
08-13 10:41:44.988  1513  5085 D ETMultiCamera: frameid:2541, frameduration:11164271, delay:2927875, boottime:1017826210746, exposure:1049999, gain:98, cameraid:8
08-13 10:41:44.988  1513  5085 D ETMultiCamera: frameid:2541, frameduration:11164271, delay:3084228, boottime:1017826218715, exposure:1049999, gain:98, cameraid:9
08-13 10:41:44.989  2610  3053 D TimeWarp: warp count[23000] update vsync[74004]
08-13 10:41:44.998  1513  1777 I         : 2.5.85: [ProcessVisualInertialOnce]: Send SLAM Img[1022233036927],latest IMU[1022228216992]
08-13 10:41:45.003  1513  1778 I         : SLAM_ALG::pipeline # TrackingOnce long frame: 4.513000,1.489000,3.024000,1022228216992
08-13 10:41:45.005  1513  1783 I         : MeshRecon # [timing] IN GenerateDepthMatFromMesh: 0.062000, 0.000000, 0.055000, 1.283000
08-13 10:41:45.005  1513  1783 I         : MeshRecon # [timing] SceneDepthSystem_Process: 7.313000 = 0.434000 + 5.194000 + 0.184000 + 1.453000 + 0.048000
08-13 10:41:45.011  1513  5085 D TrackingAuxMultiCamera: frameid:1694, frameduration:16663907, delay:3385249, boottime:1017848530403, exposure:6000, gain:49, cameraid:5
08-13 10:41:45.011  1513  5085 D TrackingAuxMultiCamera: frameid:1694, frameduration:16663907, delay:3949103, boottime:1017848530403, exposure:6000, gain:49, cameraid:4
08-13 10:41:45.032  1513  5085 I         : 2.5.85: [ProcessVisualInertialOnce]: Send SLAM Img[1022266243802],latest IMU[1022261549831]
08-13 10:41:45.036  1513  1778 I         : SLAM_ALG::pipeline # TrackingOnce long frame: 4.218000,1.276000,2.942000,1022261549831
08-13 10:41:45.038  1513  1783 I         : MeshRecon # [timing] IN GenerateDepthMatFromMesh: 0.017000, 0.000000, 0.035000, 1.399000
08-13 10:41:45.039  1513  1783 I         : MeshRecon # [timing] SceneDepthSystem_Process: 6.535000 = 0.419000 + 4.495000 + 0.093000 + 1.495000 + 0.033000
08-13 10:41:45.040  1513  1784 I         : MeshRecon # FloorDetector fail since no enough valid point existed
08-13 10:41:45.040  1513  1784 I         : MeshRecon # [ERROR] floor detection failed! successful: 0 value: 999.000000 relative: -999.047852
08-13 10:41:45.040  1513  1784 W MeshTrackingModule: [Spatial] invalid floor level: 999.000000
08-13 10:41:45.040  1513  1784 I         : MeshRecon # [timing] DetectFloor: 0.022000 + 0.049000 + 0.079000 = 0.150000
08-13 10:41:45.040  1513  1784 I         : MeshRecon # [timing] SUM:49.004002, Prep:0.006000,Rect:1.491000,BBox:1.004000,Depth:36.067001,Filter:1.267000,Insert:8.968000,Update:0.000000,CB:0.000000,Floor:0.201000,Boundary:0.000000,NearObj:0.000000,Room1:0.000000,Room2:0.000000
08-13 10:41:45.042  2610  2723 E hw_events_drm.cpp: [Drm]drmWaitVBlank failed with err 22
08-13 10:41:45.042  2610  2723 E DisplayConfig: onVsync error, vsync ts is 0
08-13 10:41:45.043  1217  1674 I SDM     : HWDeviceDRM::NullCommit: Null commit succeeded crtc=153
08-13 10:41:45.043  1217  1674 I SDM     : DisplayBase::SetDisplayState: active 0-0 state 0-0 pending_power_state_ 0
08-13 10:41:45.043  1284  1284 D SurfaceFlinger: Finished setting power mode 0 on display 4630946775111665331
08-13 10:41:45.043  1228  1279 W ANDR-PERF-LM: FeatureState: readState() 151: warning: appName is NULL, returning default State
08-13 10:41:45.043  2243  2526 D SurfaceControl: Excessive delay in setPowerMode()
08-13 10:41:45.043  1228  1279 W ANDR-PERF-LM: FeatureState: readState() 151: warning: appName is NULL, returning default State
08-13 10:41:45.043  1228  1279 W ANDR-PERF-LM: FeatureState: readState() 151: warning: appName is NULL, returning default State
08-13 10:41:45.044  2243  2526 D Yvr_DMService: default display allInactiveAndOff : true, will set hal auto suspend mode true
08-13 10:41:45.044  1184  1184 I QTI PowerHAL: Power setMode: 7 to: 0
08-13 10:41:45.044  2243  2280 I DisplayDeviceRepository: Display device changed state: "内置屏幕", OFF
08-13 10:41:45.044  2610  3053 E hw_events_drm.cpp: [Drm]drmWaitVBlank failed with err 22
08-13 10:41:45.044  2610  3053 E hw_events_drm.cpp: [Drm] Register Vsync source failed with errno:10
08-13 10:41:45.044  2610  3053 E TimeWarp: vsync error[10]
08-13 10:41:45.046  1184  1184 I QTI PowerHAL: Got set_interactive hint
08-13 10:41:45.046  2243  2304 I DreamManagerService: Entering dreamland.
08-13 10:41:45.046  2243  2356 D YvrVrVirtualDisplayService: displayName=com.yvr.spatialhome getDisplayId  = 2
08-13 10:41:45.046  2243  2356 I YvrStrategyService: pause yvrHome when default display off
08-13 10:41:45.047  2243  2304 D PowerManagerService: acquireWakeLockInternal: lock=195014570, flags=0x1, tag="dream:dream", ws=null, uid=1000, pid=2243
08-13 10:41:45.047  2243  2304 I PowerManagerService: Dozing...
08-13 10:41:45.047  2243  2304 I PowerManagerService: Wake Locks: size=5
