08-13 10:41:35.503  1513  1778 I         : SLAM_ALG::pipeline # TrackingOnce long frame: 4.349000,0.856000,3.493000,1012728354895
08-13 10:41:35.504  1513  1783 I         : MeshRecon # [timing] IN GenerateDepthMatFromMesh: 0.021000, 0.000000, 0.033000, 1.336000
08-13 10:41:35.504  1513  1783 I         : MeshRecon # [timing] SceneDepthSystem_Process: 6.473000 = 0.369000 + 4.540000 + 0.102000 + 1.423000 + 0.039000
08-13 10:41:35.527  1513  2152 I ThermalManager: [npu:41.2][skin:43.0][camera:41.6][gpu:42.9][ddr:42.9][soc:41.5][cpu:112.3%][pss:0KB rss: 0KB][fan1:23:3618][fan2:25:3671]
08-13 10:41:35.528  1513  5085 D VSTCamera: frameid:1452, frameduration:13887448, delay:21540547, boottime:1008347575838, exposure:8333333, gain:536, cameraid:6
08-13 10:41:35.533  1513  5085 I         : 2.5.85: [ProcessVisualInertialOnce]: Send SLAM Img[1012767183645],latest IMU[1012761687734]
08-13 10:41:35.534  1513  5085 D ETMultiCamera: frameid:1694, frameduration:11164271, delay:4922253, boottime:1008370073350, exposure:1049999, gain:98, cameraid:8
08-13 10:41:35.534  1513  5085 D ETMultiCamera: frameid:1694, frameduration:11164271, delay:5110638, boottime:1008370081319, exposure:1049999, gain:98, cameraid:9
08-13 10:41:35.539  1513  1778 I         : SLAM_ALG::pipeline # TrackingOnce long frame: 4.806000,1.292000,3.514000,1012761687734
08-13 10:41:35.540  1513  1783 I         : MeshRecon # [timing] IN GenerateDepthMatFromMesh: 0.018000, 0.000000, 0.038000, 1.420000
08-13 10:41:35.540  1513  1783 I         : MeshRecon # [timing] SceneDepthSystem_Process: 6.663000 = 0.465000 + 4.519000 + 0.114000 + 1.534000 + 0.031000
08-13 10:41:35.541  1513  5085 D VSTCamera: frameid:1452, frameduration:13887448, delay:21381536, boottime:1008361466151, exposure:8333333, gain:536, cameraid:7
08-13 10:41:35.565  1513  1783 I         : 2.5.85: [WARNING] SceneDepthProcessOnce InterpolatePose failed! prePose ts 1012794835853, nextPose ts 1012794835853, avg_ts 1012795020612
08-13 10:41:35.566  1513  1777 I         : 2.5.85: [ProcessVisualInertialOnce]: Send SLAM Img[1012800390416],latest IMU[1012795020612]
08-13 10:41:35.572  1513  1783 I         : MeshRecon # [timing] IN GenerateDepthMatFromMesh: 0.027000, 0.000000, 0.039000, 1.298000
08-13 10:41:35.572  1513  1783 I         : MeshRecon # [timing] SceneDepthSystem_Process: 7.314000 = 0.537000 + 4.797000 + 0.102000 + 1.743000 + 0.135000
08-13 10:41:35.575  3842  6833 I PerfStats.cpp: FPS=72.00/72, Prd=21.08ms, Early=71.00, Stale=1.00, Lat=-1, Fov=0, CPU/GPU=4/5, Free=7342MB, ATW=5.10ms, APP=3.69ms/2.08ms, GD=0.00, CPU%=0.41, GPU%=0.35,ColorSpace:6
08-13 10:41:35.576  1513  1778 I         : SLAM_ALG::pipeline # TrackingOnce long frame: 9.355000,1.416000,7.939000,1012795020612
08-13 10:41:35.579  2610  3053 I CompositorMonitor: fps:72.0, prd:21.3 ms, cpu:1.4 ms, gpu:3.8 ms, early:72.0, stale:0.0, max_stale:0.0, sw_mode:0, drr:72.0, lat_mode:-1
08-13 10:41:35.579  2610  3053 E VSTDisplayManager: VST FPS:73
08-13 10:41:35.592  1513  1784 I         : MeshRecon # Object [0] is completely outside image bounds, skipping
08-13 10:41:35.598  1513  1783 I         : 2.5.85: [WARNING] SceneDepthProcessOnce InterpolatePose failed! prePose ts 1012828042571, nextPose ts 1012828042571, avg_ts 1012828353450
08-13 10:41:35.598  1513  1777 I         : 2.5.85: [ProcessVisualInertialOnce]: Send SLAM Img[1012833596927],latest IMU[1012828353450]
08-13 10:41:35.605  1513  1778 I         : SLAM_ALG::pipeline # TrackingOnce long frame: 4.372000,1.736000,2.636000,1012828353450
08-13 10:41:35.605  1513  1783 I         : MeshRecon # [timing] IN GenerateDepthMatFromMesh: 0.022000, 0.000000, 0.036000, 1.294000
08-13 10:41:35.606  1513  1783 I         : MeshRecon # [timing] SceneDepthSystem_Process: 7.333000 = 0.472000 + 5.278000 + 0.109000 + 1.405000 + 0.069000
08-13 10:41:35.632  1513  5085 I         : 2.5.85: [ProcessVisualInertialOnce]: Send SLAM Img[1012866803645],latest IMU[1012861686302]
08-13 10:41:35.637  1513  1778 I         : SLAM_ALG::pipeline # TrackingOnce long frame: 4.955000,1.452000,3.503000,1012861686302
08-13 10:41:35.640  1513  1783 I         : MeshRecon # [timing] IN GenerateDepthMatFromMesh: 0.018000, 0.000000, 0.037000, 1.394000
08-13 10:41:35.640  1513  1783 I         : MeshRecon # [timing] SceneDepthSystem_Process: 7.805000 = 0.473000 + 5.652000 + 0.096000 + 1.536000 + 0.048000
08-13 10:41:35.647  1513  1784 E MeshTrackingModule: [Spatial] on block update, count: 23
08-13 10:41:35.650  1513  1784 I         : MeshRecon # Callback updated 23 blocks at map_id 47!
08-13 10:41:35.650  1513  1784 I         : MeshRecon # DetectNearObj result: xyz (-0.150000, 0.150000, -0.605394), dist 0.556989
08-13 10:41:35.651  1513  1784 I         : MeshRecon # [timing] DetectNearObj: 0.024000 + 0.019000 + 0.298000 = 0.341000
08-13 10:41:35.651  1513  1784 I         : MeshRecon # [timing] SUM:60.924000, Prep:0.004000,Rect:1.693000,BBox:1.127000,Depth:41.327000,Filter:0.734000,Insert:7.821000,Update:4.237000,CB:3.604000,Floor:0.002000,Boundary:0.000000,NearObj:0.372000,Room1:0.000000,Room2:0.003000
08-13 10:41:35.651  1513  1784 I         : MeshRecon # [cur update] chunk num: 23, vtx num: 331, idx num: 1050;  [max update] chunk num: 97, vtx num: 4687, idx num: 18291;  [all] chunk num: 82, vtx num: 2473, idx num: 9642
08-13 10:41:35.651  1513  1784 I         : CalculateBBox_QNN            -> min:0.930, max:5.289, avg:1.390 ms, sum:2.12117 s
08-13 10:41:35.651  1513  1784 I         : CalculateDepth               -> min:30.39, max:53.21, avg:35.61 ms, sum:54.3179 s
08-13 10:41:35.651  1513  1784 I         : CalculateDepthStereo_CNN     -> min:15.30, max:31.77, avg:17.28 ms, sum:26.3551 s
08-13 10:41:35.651  1513  1784 I         : CalculateDepthToF_CNN        -> min:12.74, max:31.52, avg:16.48 ms, sum:25.1364 s
08-13 10:41:35.651  1513  1784 I         : CalculateDepthToF_ToFMask    -> min:0.044, max:0.734, avg:0.065 ms, sum:0.09997 s
08-13 10:41:35.651  1513  1784 I         : CallbackBlockUpdateEvent     -> min:2.799, max:9.660, avg:5.082 ms, sum:2.58706 s
08-13 10:41:35.651  1513  1784 I         : DetectFloor                  -> min:0.088, max:1.212, avg:0.246 ms, sum:0.07326 s
08-13 10:41:35.651  1513  1784 I         : DetectNearObj                -> min:0.004, max:3.782, avg:0.316 ms, sum:0.40810 s
08-13 10:41:35.651  1513  1784 I         : FilterDepth                  -> min:0.140, max:8.363, avg:1.176 ms, sum:1.78196 s
08-13 10:41:35.651  1513  1784 I         : InsertData                   -> min:4.666, max:16.54, avg:8.720 ms, sum:13.2108 s
08-13 10:41:35.651  1513  1784 I         : Rectification                -> min:1.342, max:4.288, avg:1.729 ms, sum:2.63695 s
08-13 10:41:35.651  1513  1784 I         : TrackingBBox                 -> min:0.005, max:0.339, avg:0.013 ms, sum:0.02109 s
08-13 10:41:35.651  1513  1784 I         : UpdateMesh                   -> min:1.155, max:40.21, avg:15.86 ms, sum:8.07497 s
08-13 10:41:35.651  1513  1784 I         : 
08-13 10:41:35.651  3537  3765 I FOO     : [SystemUX] onNearestObjectUpdate 0.556989
08-13 10:41:35.660  1513  6893 I         : SLAM_ALG: mapping UpdateAlignMapTransformInfo t_error: 0.002, r_error: 0.16
08-13 10:41:35.662  1513  6893 I         : SLAM_ALG: mapping Twb_cur_int in pipeline: 1012795020612, -0.0702, 0.0025, 0.0643, 0.6969, 0.6926, -0.1231, -0.1396
08-13 10:41:35.662  1513  6893 I         : SLAM_ALG: mapping Twb_cur_ext in pipeline: 1012795020612, -0.0821, -0.0734, -0.0142, 0.7098, 0.6486, -0.2741, 0.0178
08-13 10:41:35.662  1513  6893 I         : SLAM_ALG: mapping Merged Maps Num: 10
08-13 10:41:35.662  1513  6893 I         : SLAM_ALG: mapping ---- Map id: 0, frames num: 10, transform: 0 - 0, 0.0000, 0.0000, 0.0000, 0.0000, 0.0000, 0.0000, 1.0000
08-13 10:41:35.662  1513  6893 I         : SLAM_ALG: mapping ---- Map id: 22, frames num: 130, transform: 22 - 0, 0.0126, 0.0330, 0.0198, 0.0234, 0.0026, 0.0016, 0.9997
08-13 10:41:35.662  1513  6893 I         : SLAM_ALG: mapping ---- Map id: 24, frames num: 13, transform: 24 - 0, 0.0504, -0.0102, 0.0125, -0.2222, 0.0022, 0.0004, 0.9750
08-13 10:41:35.662  1513  6893 I         : SLAM_ALG: mapping ---- Map id: 46, frames num: 3, transform: 46 - 0, 0.0507, 0.0502, -0.0933, 0.0136, 0.0046, 0.0029, 0.9999
08-13 10:41:35.662  1513  6893 I         : SLAM_ALG: mapping ---- Map id: 47, frames num: 106, transform: 47 - 0, 0.0354, 0.1158, -0.1375, 0.0709, 0.0069, 0.0053, 0.9974
08-13 10:41:35.662  1513  6893 I         : SLAM_ALG: mapping ---- Map id: 48, frames num: 0, transform: 48 - 0, 0.0102, 0.0466, -0.0616, 0.0634, 0.0051, 0.0024, 0.9980
08-13 10:41:35.662  1513  6893 I         : SLAM_ALG: mapping ---- Map id: 49, frames num: 0, transform: 49 - 0, 0.0042, 0.0279, -0.0583, 0.0046, 0.0108, 0.0036, 0.9999
08-13 10:41:35.662  1513  6893 I         : SLAM_ALG: mapping ---- Map id: 50, frames num: 0, transform: 50 - 0, 0.0129, 0.0152, -0.0622, 0.0178, 0.0162, 0.0048, 0.9997
08-13 10:41:35.662  1513  6893 I         : SLAM_ALG: mapping ---- Map id: 51, frames num: 13, transform: 51 - 0, 0.0202, 0.0113, -0.0320, 0.0100, 0.0082, 0.0026, 0.9999
08-13 10:41:35.662  1513  6893 I         : SLAM_ALG: mapping ---- Map id: 52, frames num: 9, transform: 52 - 0, -0.0080, -0.1039, -0.0725, -0.2206, 0.0046, 0.0006, 0.9754
08-13 10:41:35.662  1513  6893 I         : SLAM_ALG: mapping Mapping Map 0, local anchors num: 0
08-13 10:41:35.662  1513  6893 I         : SLAM_ALG: mapping [MEMORY] kfs num: 284/284, nfs num: 0/0, cams num: 641/641, feats num: 44890/44890, meas num: 42801/42801, mpts num: 7946/7946
08-13 10:41:35.662  1513  6893 I         : SLAM_ALG: mapping [TIME] ProcessKeyFrame: 86.01, 60.79, 13.54, 6.68, 2.80, 0.00, 0.08, 2.11, 1012795020612
08-13 10:41:35.666  1513  1777 I         : 2.5.85: [ProcessVisualInertialOnce]: Send SLAM Img[1012900010416],latest IMU[1012895019167]
08-13 10:41:35.669  1513  1778 I         : SLAM_ALG::pipeline # TrackingOnce long frame: 3.031000,0.731000,2.300000,1012895019167
08-13 10:41:35.672  1513  1783 I         : MeshRecon # [timing] IN GenerateDepthMatFromMesh: 0.031000, 0.000000, 0.046000, 1.452000
08-13 10:41:35.672  1513  1783 I         : MeshRecon # [timing] SceneDepthSystem_Process: 6.939000 = 0.351000 + 4.631000 + 0.338000 + 1.574000 + 0.045000
08-13 10:41:35.690  1513  1784 I         : MeshRecon # FloorDetector fail since no enough valid point existed
08-13 10:41:35.690  1513  1784 I         : MeshRecon # [ERROR] floor detection failed! successful: 0 value: 999.000000 relative: -999.061646
08-13 10:41:35.690  1513  1784 W MeshTrackingModule: [Spatial] invalid floor level: 999.000000
08-13 10:41:35.690  1513  1784 I         : MeshRecon # [timing] DetectFloor: 0.027000 + 0.095000 + 0.077000 = 0.199000
08-13 10:41:35.699  1513  1777 I         : 2.5.85: [ProcessVisualInertialOnce]: Send SLAM Img[1012933216875],latest IMU[1012928352005]
08-13 10:41:35.704  1513  1778 I         : SLAM_ALG::pipeline # TrackingOnce long frame: 4.257000,1.151000,3.106000,1012928352005
08-13 10:41:35.706  1513  1783 I         : MeshRecon # [timing] IN GenerateDepthMatFromMesh: 0.021000, 0.000000, 0.037000, 1.427000
08-13 10:41:35.706  1513  1783 I         : MeshRecon # [timing] SceneDepthSystem_Process: 6.672000 = 0.585000 + 4.419000 + 0.096000 + 1.528000 + 0.044000
08-13 10:41:35.731  1513  5085 I         : 2.5.85: [ProcessVisualInertialOnce]: Send SLAM Img[1012966423645],latest IMU[1012961684857]
08-13 10:41:35.738  1513  1778 I         : SLAM_ALG::pipeline # TrackingOnce long frame: 6.103000,1.145000,4.958000,1012961684857
08-13 10:41:35.740  1513  1783 I         : MeshRecon # [timing] IN GenerateDepthMatFromMesh: 0.028000, 0.000000, 0.044000, 1.370000
08-13 10:41:35.740  1513  1783 I         : MeshRecon # [timing] SceneDepthSystem_Process: 8.549999 = 2.363000 + 4.402000 + 0.197000 + 1.542000 + 0.046000
08-13 10:41:35.766  1513  5085 I         : 2.5.85: [ProcessVisualInertialOnce]: Send SLAM Img[1012999630364],latest IMU[1012995017721]
08-13 10:41:35.773  1513  1778 I         : SLAM_ALG::pipeline # TrackingOnce long frame: 5.372000,2.078000,3.294000,1012995017721
08-13 10:41:35.773  1513  1783 I         : MeshRecon # [timing] IN GenerateDepthMatFromMesh: 0.023000, 0.000000, 0.041000, 1.387000
08-13 10:41:35.773  1513  1783 I         : MeshRecon # [timing] SceneDepthSystem_Process: 7.586000 = 1.080000 + 4.731000 + 0.156000 + 1.526000 + 0.093000
08-13 10:41:35.799  1513  1777 I         : 2.5.85: [ProcessVisualInertialOnce]: Send SLAM Img[1013033813645],latest IMU[1013028350586]
08-13 10:41:35.803  1513  1778 I         : SLAM_ALG::pipeline # TrackingOnce long frame: 4.032000,1.566000,2.465000,1013028350586
08-13 10:41:35.806  1513  1783 I         : MeshRecon # [timing] IN GenerateDepthMatFromMesh: 0.015000, 0.000000, 0.035000, 1.230000
08-13 10:41:35.806  1513  1783 I         : MeshRecon # [timing] SceneDepthSystem_Process: 6.912000 = 0.551000 + 4.907000 + 0.092000 + 1.323000 + 0.039000
08-13 10:41:35.832  1513  1777 I         : 2.5.85: [ProcessVisualInertialOnce]: Send SLAM Img[1013067020364],latest IMU[1013061683424]
08-13 10:41:35.838  1513  1784 I         : MeshRecon # [timing] SUM:47.623001, Prep:0.004000,Rect:1.474000,BBox:2.744000,Depth:33.688999,Filter:0.744000,Insert:8.968000,Update:0.000000,CB:0.000000,Floor:0.000000,Boundary:0.000000,NearObj:0.000000,Room1:0.000000,Room2:0.000000
08-13 10:41:35.839  1513  1784 I         : MeshRecon # DetectNearObj result: xyz (-0.150000, 0.150000, -0.605394), dist 0.556534
08-13 10:41:35.839  1513  1784 I         : MeshRecon # [timing] DetectNearObj: 0.014000 + 0.016000 + 0.229000 = 0.259000
08-13 10:41:35.839  3537  3765 I FOO     : [SystemUX] onNearestObjectUpdate 0.556534
08-13 10:41:35.839  1513  1783 I         : MeshRecon # [timing] IN GenerateDepthMatFromMesh: 0.063000, 0.000000, 0.048000, 1.328000
08-13 10:41:35.839  1513  1783 I         : MeshRecon # [timing] SceneDepthSystem_Process: 7.708000 = 0.437000 + 5.627000 + 0.156000 + 1.459000 + 0.029000
08-13 10:41:35.840  1513  1778 I         : SLAM_ALG::pipeline # TrackingOnce long frame: 7.261000,1.617000,5.644000,1013061683424
08-13 10:41:35.865  1513  5085 I         : 2.5.85: [ProcessVisualInertialOnce]: Send SLAM Img[1013100227135],latest IMU[1013095016263]
08-13 10:41:35.870  1513  1778 I         : SLAM_ALG::pipeline # TrackingOnce long frame: 4.061000,1.782000,2.279000,1013095016263
08-13 10:41:35.873  1513  1783 I         : MeshRecon # [timing] IN GenerateDepthMatFromMesh: 0.019000, 0.000000, 0.034000, 1.219000
08-13 10:41:35.873  1513  1783 I         : MeshRecon # [timing] SceneDepthSystem_Process: 8.075000 = 2.364000 + 4.257000 + 0.112000 + 1.316000 + 0.026000
08-13 10:41:35.899  1513  1777 I         : 2.5.85: [ProcessVisualInertialOnce]: Send SLAM Img[1013133433593],latest IMU[1013128349128]
08-13 10:41:35.904  1513  1783 I         : MeshRecon # [timing] IN GenerateDepthMatFromMesh: 0.016000, 0.000000, 0.036000, 1.360000
08-13 10:41:35.904  1513  1783 I         : MeshRecon # [timing] SceneDepthSystem_Process: 6.315000 = 0.415000 + 4.270000 + 0.108000 + 1.486000 + 0.036000
08-13 10:41:35.906  1513  1778 I         : SLAM_ALG::pipeline # TrackingOnce long frame: 7.432000,1.547000,5.885000,1013128349128
08-13 10:41:35.932  1513  5085 I         : 2.5.85: [ProcessVisualInertialOnce]: Send SLAM Img[1013166640364],latest IMU[1013161681979]
08-13 10:41:35.938  1513  1778 I         : SLAM_ALG::pipeline # TrackingOnce long frame: 4.668000,2.278000,2.390000,1013161681979
08-13 10:41:35.939  1513  1783 I         : MeshRecon # [timing] IN GenerateDepthMatFromMesh: 0.020000, 0.000000, 0.040000, 1.484000
08-13 10:41:35.939  1513  1783 I         : MeshRecon # [timing] SceneDepthSystem_Process: 6.970000 = 0.472000 + 4.735000 + 0.099000 + 1.598000 + 0.066000
08-13 10:41:35.966  1513  1777 I         : 2.5.85: [ProcessVisualInertialOnce]: Send SLAM Img[1013199847083],latest IMU[1013195014831]
08-13 10:41:35.971  1513  1778 I         : SLAM_ALG::pipeline # TrackingOnce long frame: 4.871000,1.128000,3.743000,1013195014831
08-13 10:41:35.971  1513  1783 I         : MeshRecon # [timing] IN GenerateDepthMatFromMesh: 0.048000, 0.000000, 0.041000, 1.294000
08-13 10:41:35.971  1513  1783 I         : MeshRecon # [timing] SceneDepthSystem_Process: 6.440000 = 0.392000 + 4.495000 + 0.099000 + 1.418000 + 0.036000
08-13 10:41:35.998  1513  1777 I         : 2.5.85: [ProcessVisualInertialOnce]: Send SLAM Img[1013233053593],latest IMU[1013228347695]
08-13 10:41:36.002  1513  1778 I         : SLAM_ALG::pipeline # TrackingOnce long frame: 3.671000,1.001000,2.670000,1013228347695
08-13 10:41:36.006  1513  1783 I         : MeshRecon # [timing] IN GenerateDepthMatFromMesh: 0.030000, 0.000000, 0.045000, 1.406000
08-13 10:41:36.006  1513  1783 I         : MeshRecon # [timing] SceneDepthSystem_Process: 7.738000 = 0.500000 + 5.505000 + 0.138000 + 1.548000 + 0.047000
08-13 10:41:36.032  1513  1777 I         : 2.5.85: [ProcessVisualInertialOnce]: Send SLAM Img[1013266260364],latest IMU[1013261680534]
08-13 10:41:36.037  1513  1778 I         : SLAM_ALG::pipeline # TrackingOnce long frame: 5.054000,1.674000,3.380000,1013261680534
08-13 10:41:36.038  1513  1784 I         : MeshRecon # [timing] SUM:46.454002, Prep:0.015000,Rect:1.515000,BBox:1.052000,Depth:33.791000,Filter:1.101000,Insert:8.980000,Update:0.000000,CB:0.000000,Floor:0.000000,Boundary:0.000000,NearObj:0.000000,Room1:0.000000,Room2:0.000000
08-13 10:41:36.039  1513  1783 I         : MeshRecon # [timing] IN GenerateDepthMatFromMesh: 0.024000, 0.000000, 0.035000, 1.334000
08-13 10:41:36.039  1513  1783 I         : MeshRecon # [timing] SceneDepthSystem_Process: 6.992000 = 0.755000 + 4.679000 + 0.090000 + 1.432000 + 0.036000
08-13 10:41:36.061  1513  1784 I         : MeshRecon # DetectNearObj result: xyz (-0.150000, 0.150000, -0.605394), dist 0.555659
08-13 10:41:36.062  1513  1784 I         : MeshRecon # [timing] DetectNearObj: 0.021000 + 0.011000 + 1.818000 = 1.850000
08-13 10:41:36.063  3537  3765 I FOO     : [SystemUX] onNearestObjectUpdate 0.555659
08-13 10:41:36.065  1513  1783 I         : 2.5.85: [WARNING] SceneDepthProcessOnce InterpolatePose failed! prePose ts 1013294889290, nextPose ts 1013294889290, avg_ts 1013295013346
08-13 10:41:36.066  1513  1777 I         : 2.5.85: [ProcessVisualInertialOnce]: Send SLAM Img[1013300443593],latest IMU[1013295013372]
08-13 10:41:36.067  2610  3053 I VstCameraDeviceImpl: calculatePhase, fn:1491 (60 : 85), delay:8913649
08-13 10:41:36.071  1513  1778 I         : SLAM_ALG::pipeline # TrackingOnce long frame: 4.836000,0.837000,3.999000,1013295013372
08-13 10:41:36.072  1513  1783 I         : MeshRecon # [timing] IN GenerateDepthMatFromMesh: 0.018000, 0.000000, 0.037000, 1.395000
08-13 10:41:36.072  1513  1783 I         : MeshRecon # [timing] SceneDepthSystem_Process: 7.366000 = 0.435000 + 5.281000 + 0.096000 + 1.490000 + 0.064000
08-13 10:41:36.099  1513  1777 I         : 2.5.85: [ProcessVisualInertialOnce]: Send SLAM Img[1013333650364],latest IMU[1013328346250]
08-13 10:41:36.105  1513  1783 I         : MeshRecon # [timing] IN GenerateDepthMatFromMesh: 0.020000, 0.000000, 0.038000, 1.319000
08-13 10:41:36.105  1513  1783 I         : MeshRecon # [timing] SceneDepthSystem_Process: 6.936000 = 0.520000 + 4.856000 + 0.103000 + 1.425000 + 0.032000
08-13 10:41:36.107  1513  1778 I         : SLAM_ALG::pipeline # TrackingOnce long frame: 7.593000,2.438000,5.155000,1013328346250
08-13 10:41:36.132    46    46 I sd 0    : 0:0:0: [sda] Synchronizing SCSI cache
08-13 10:41:36.131  1513  1783 I         : 2.5.85: [WARNING] SceneDepthProcessOnce InterpolatePose failed! prePose ts 1013361302519, nextPose ts 1013361302519, avg_ts 1013361679074
08-13 10:41:36.132  1513  1777 I         : 2.5.85: [ProcessVisualInertialOnce]: Send SLAM Img[1013366857083],latest IMU[1013361679088]
08-13 10:41:36.136  1513  1778 I         : SLAM_ALG::pipeline # TrackingOnce long frame: 3.814000,0.996000,2.818000,1013361679088
08-13 10:41:36.138  1513  1783 I         : MeshRecon # [timing] IN GenerateDepthMatFromMesh: 0.030000, 0.001000, 0.041000, 1.322000
08-13 10:41:36.138  1513  1783 I         : MeshRecon # [timing] SceneDepthSystem_Process: 6.539001 = 0.455000 + 4.465000 + 0.118000 + 1.445000 + 0.056000
08-13 10:41:36.165  1513  1713 I DataSetModule: mcu log: [log_level:1 msg:HOST Tsync:1 CtrlIMUen:0 HmdIMUen:0 OTA left:0 right:0]
08-13 10:41:36.165  1513  1713 I DataSetModule: mcu log: [log_level:1 msg:RF Chan: 0 0 0 0 0 0 0 0 0 0]
08-13 10:41:36.165  1513  1783 I         : 2.5.85: [WARNING] SceneDepthProcessOnce InterpolatePose failed! prePose ts 1013394509238, nextPose ts 1013394509238, avg_ts 1013395011940
08-13 10:41:36.165  1513  1777 I         : 2.5.85: [ProcessVisualInertialOnce]: Send SLAM Img[1013400063593],latest IMU[1013395011953]
08-13 10:41:36.170  1513  1778 I         : SLAM_ALG::pipeline # TrackingOnce long frame: 4.871000,0.814000,4.057000,1013395011953
08-13 10:41:36.172  1513  1783 I         : MeshRecon # [timing] IN GenerateDepthMatFromMesh: 0.039000, 0.000000, 0.063000, 1.510000
08-13 10:41:36.172  1513  1783 I         : MeshRecon # [timing] SceneDepthSystem_Process: 7.430000 = 0.434000 + 5.136000 + 0.111000 + 1.687000 + 0.062000
08-13 10:41:36.183  1513  6864 I VrlinkDataSource: timeSync.ts:1013418623630, offset:6302
08-13 10:41:36.193  1513  1784 I         : MeshRecon # Object [0] is completely outside image bounds, skipping
08-13 10:41:36.198  2610  5152 I LayerState: XR submitFrame:19600 [minV=1 curV=73371], client:3842, type:1 layer_count:4
08-13 10:41:36.199  1513  5085 I         : 2.5.85: [ProcessVisualInertialOnce]: Send SLAM Img[1013433270312],latest IMU[1013428344792]
08-13 10:41:36.202  1513  1778 I         : SLAM_ALG::pipeline # TrackingOnce long frame: 3.351000,0.974000,2.377000,1013428344792
08-13 10:41:36.207  1513  1783 I         : MeshRecon # [timing] IN GenerateDepthMatFromMesh: 0.019000, 0.000000, 0.039000, 1.356000
08-13 10:41:36.207  1513  1783 I         : MeshRecon # [timing] SceneDepthSystem_Process: 8.284000 = 1.563000 + 5.107000 + 0.113000 + 1.467000 + 0.034000
08-13 10:41:36.232  1513  1777 I         : 2.5.85: [ProcessVisualInertialOnce]: Send SLAM Img[1013466477083],latest IMU[1013461677656]
08-13 10:41:36.237  1513  1778 I         : SLAM_ALG::pipeline # TrackingOnce long frame: 4.525000,1.291000,3.234000,1013461677656
08-13 10:41:36.240  1513  1783 I         : MeshRecon # [timing] IN GenerateDepthMatFromMesh: 0.106000, 0.000000, 0.041000, 1.387000
08-13 10:41:36.240  1513  1783 I         : MeshRecon # [timing] SceneDepthSystem_Process: 7.975000 = 0.591000 + 5.645000 + 0.091000 + 1.603000 + 0.045000
08-13 10:41:36.246  1513  1784 E MeshTrackingModule: [Spatial] on block update, count: 24
08-13 10:41:36.250  1513  1784 I         : MeshRecon # Callback updated 24 blocks at map_id 47!
08-13 10:41:36.250  1513  1784 I         : MeshRecon # [timing] SUM:59.626999, Prep:0.005000,Rect:1.890000,BBox:1.198000,Depth:39.817001,Filter:0.806000,Insert:8.270000,Update:3.499000,CB:4.141000,Floor:0.001000,Boundary:0.000000,NearObj:0.000000,Room1:0.000000,Room2:0.000000
08-13 10:41:36.250  1513  1784 I         : MeshRecon # [cur update] chunk num: 24, vtx num: 331, idx num: 1050;  [max update] chunk num: 97, vtx num: 4687, idx num: 18291;  [all] chunk num: 82, vtx num: 2473, idx num: 9642
08-13 10:41:36.250  1513  1784 I         : CalculateBBox_QNN            -> min:0.930, max:5.289, avg:1.391 ms, sum:2.12617 s
08-13 10:41:36.250  1513  1784 I         : CalculateDepth               -> min:30.39, max:53.21, avg:35.61 ms, sum:54.4252 s
08-13 10:41:36.250  1513  1784 I         : CalculateDepthStereo_CNN     -> min:15.30, max:31.77, avg:17.28 ms, sum:26.4081 s
08-13 10:41:36.250  1513  1784 I         : CalculateDepthToF_CNN        -> min:12.74, max:31.52, avg:16.48 ms, sum:25.1855 s
08-13 10:41:36.250  1513  1784 I         : CalculateDepthToF_ToFMask    -> min:0.044, max:0.734, avg:0.065 ms, sum:0.10013 s
08-13 10:41:36.250  1513  1784 I         : CallbackBlockUpdateEvent     -> min:2.799, max:9.660, avg:5.080 ms, sum:2.59120 s
08-13 10:41:36.250  1513  1784 I         : DetectFloor                  -> min:0.088, max:1.212, avg:0.246 ms, sum:0.07346 s
08-13 10:41:36.250  1513  1784 I         : DetectNearObj                -> min:0.004, max:3.782, avg:0.317 ms, sum:0.41021 s
08-13 10:41:36.250  1513  1784 I         : FilterDepth                  -> min:0.140, max:8.363, avg:1.175 ms, sum:1.78461 s
08-13 10:41:36.250  1513  1784 I         : InsertData                   -> min:4.666, max:16.54, avg:8.720 ms, sum:13.2371 s
08-13 10:41:36.250  1513  1784 I         : Rectification                -> min:1.342, max:4.288, avg:1.728 ms, sum:2.64183 s
08-13 10:41:36.250  1513  1784 I         : TrackingBBox                 -> min:0.005, max:0.521, avg:0.014 ms, sum:0.02165 s
08-13 10:41:36.250  1513  1784 I         : UpdateMesh                   -> min:1.155, max:40.21, avg:15.84 ms, sum:8.07847 s
08-13 10:41:36.250  1513  1784 I         : 
08-13 10:41:36.267  1513  5085 I         : 2.5.85: [ProcessVisualInertialOnce]: Send SLAM Img[1013500660312],latest IMU[1013495010482]
08-13 10:41:36.275  1513  1783 I         : MeshRecon # [timing] IN GenerateDepthMatFromMesh: 0.018000, 0.000000, 0.039000, 1.653000
08-13 10:41:36.275  1513  1783 I         : MeshRecon # [timing] SceneDepthSystem_Process: 7.951000 = 0.782000 + 5.218000 + 0.124000 + 1.795000 + 0.032000
08-13 10:41:36.276  1513  1778 I         : SLAM_ALG::pipeline # TrackingOnce long frame: 7.214000,2.952000,4.262000,1013495010482
08-13 10:41:36.290  1513  1784 I         : MeshRecon # DetectNearObj result: xyz (-0.150000, 0.150000, -0.603967), dist 0.553435
08-13 10:41:36.290  1513  1784 I         : MeshRecon # [timing] DetectNearObj: 0.015000 + 0.005000 + 0.253000 = 0.273000
08-13 10:41:36.290  3537  3765 I FOO     : [SystemUX] onNearestObjectUpdate 0.553435
08-13 10:41:36.298  1513  1783 I         : 2.5.85: [WARNING] SceneDepthProcessOnce InterpolatePose failed! prePose ts 1013528312467, nextPose ts 1013528312467, avg_ts 1013528343372
08-13 10:41:36.298  1513  1777 I         : 2.5.85: [ProcessVisualInertialOnce]: Send SLAM Img[1013532890312],latest IMU[1013528343359]
08-13 10:41:36.303  1513  1778 I         : SLAM_ALG::pipeline # TrackingOnce long frame: 4.417000,0.874000,3.543000,1013528343359
08-13 10:41:36.305  1513  1783 I         : MeshRecon # [timing] IN GenerateDepthMatFromMesh: 0.022000, 0.000000, 0.043000, 1.354000
08-13 10:41:36.305  1513  1783 I         : MeshRecon # [timing] SceneDepthSystem_Process: 6.927000 = 0.570000 + 4.763000 + 0.099000 + 1.456000 + 0.039000
08-13 10:41:36.331  1513  1783 I         : 2.5.85: [WARNING] SceneDepthProcessOnce InterpolatePose failed! prePose ts 1013561519238, nextPose ts 1013561519238, avg_ts 1013561676210
08-13 10:41:36.333  1513  1777 I         : 2.5.85: [ProcessVisualInertialOnce]: Send SLAM Img[1013567073541],latest IMU[1013561676211]
08-13 10:41:36.336  1513  1778 I         : SLAM_ALG::pipeline # TrackingOnce long frame: 3.307000,0.838000,2.469000,1013561676211
08-13 10:41:36.338  1513  1783 I         : MeshRecon # [timing] IN GenerateDepthMatFromMesh: 0.035000, 0.000000, 0.040000, 1.232000
08-13 10:41:36.338  1513  1783 I         : MeshRecon # [timing] SceneDepthSystem_Process: 7.154000 = 0.448000 + 5.198000 + 0.127000 + 1.347000 + 0.034000
08-13 10:41:36.365  1513  5085 I         : 2.5.85: [ProcessVisualInertialOnce]: Send SLAM Img[1013600280312],latest IMU[1013595009036]
08-13 10:41:36.370  1513  1778 I         : SLAM_ALG::pipeline # TrackingOnce long frame: 3.894000,0.992000,2.902000,1013595009036
08-13 10:41:36.372  1513  1783 I         : MeshRecon # [timing] IN GenerateDepthMatFromMesh: 0.022000, 0.000000, 0.042000, 1.406000
08-13 10:41:36.372  1513  1783 I         : MeshRecon # [timing] SceneDepthSystem_Process: 6.410000 = 0.528000 + 4.231000 + 0.092000 + 1.524000 + 0.035000
08-13 10:41:36.395  1513  1784 I         : MeshRecon # Object [3] is completely outside image bounds, skipping
08-13 10:41:36.399  1513  1777 I         : 2.5.85: [ProcessVisualInertialOnce]: Send SLAM Img[1013633487083],latest IMU[1013628341914]
08-13 10:41:36.403  1513  1778 I         : SLAM_ALG::pipeline # TrackingOnce long frame: 3.410000,1.272000,2.137000,1013628341914
08-13 10:41:36.406  1513  1783 I         : MeshRecon # [timing] IN GenerateDepthMatFromMesh: 0.018000, 0.000000, 0.034000, 1.387000
08-13 10:41:36.406  1513  1783 I         : MeshRecon # [timing] SceneDepthSystem_Process: 7.566000 = 0.443000 + 5.402000 + 0.095000 + 1.584000 + 0.042000
08-13 10:41:36.432  1513  1777 I         : 2.5.85: [ProcessVisualInertialOnce]: Send SLAM Img[1013666693541],latest IMU[1013661674753]
08-13 10:41:36.438  1513  1784 I         : MeshRecon # [timing] SUM:48.253002, Prep:0.005000,Rect:2.408000,BBox:2.266000,Depth:34.955002,Filter:0.717000,Insert:7.901000,Update:0.000000,CB:0.000000,Floor:0.001000,Boundary:0.000000,NearObj:0.000000,Room1:0.000000,Room2:0.000000
08-13 10:41:36.439  1513  1783 I         : MeshRecon # [timing] IN GenerateDepthMatFromMesh: 0.020000, 0.000000, 0.041000, 1.382000
08-13 10:41:36.439  1513  1783 I         : MeshRecon # [timing] SceneDepthSystem_Process: 7.292000 = 0.448000 + 5.217000 + 0.098000 + 1.489000 + 0.040000
08-13 10:41:36.439  1513  1778 I         : SLAM_ALG::pipeline # TrackingOnce long frame: 6.532000,1.825000,4.707000,1013661674753
08-13 10:41:36.465  1513  1777 I         : 2.5.85: [ProcessVisualInertialOnce]: Send SLAM Img[1013699900312],latest IMU[1013695007617]
08-13 10:41:36.469  1513  1778 I         : SLAM_ALG::pipeline # TrackingOnce long frame: 3.090000,0.892000,2.198000,1013695007617
08-13 10:41:36.471  1513  1783 I         : MeshRecon # [timing] IN GenerateDepthMatFromMesh: 0.019000, 0.000000, 0.037000, 1.291000
08-13 10:41:36.471  1513  1783 I         : MeshRecon # [timing] SceneDepthSystem_Process: 6.519000 = 0.471000 + 4.515000 + 0.105000 + 1.392000 + 0.036000
08-13 10:41:36.499  1513  1777 I         : 2.5.85: [ProcessVisualInertialOnce]: Send SLAM Img[1013733107083],latest IMU[1013728340469]
08-13 10:41:36.503  1513  1778 I         : SLAM_ALG::pipeline # TrackingOnce long frame: 4.002000,0.819000,3.183000,1013728340469
08-13 10:41:36.505  1513  1783 I         : MeshRecon # [timing] IN GenerateDepthMatFromMesh: 0.048000, 0.000000, 0.047000, 1.324000
08-13 10:41:36.505  1513  1783 I         : MeshRecon # [timing] SceneDepthSystem_Process: 7.164000 = 0.402000 + 5.137000 + 0.138000 + 1.457000 + 0.030000
08-13 10:41:36.523  1513  1784 I         : MeshRecon # DetectNearObj result: xyz (-0.150000, 0.150000, -0.603967), dist 0.553543
08-13 10:41:36.523  1513  1784 I         : MeshRecon # [timing] DetectNearObj: 0.013000 + 0.007000 + 0.268000 = 0.288000
08-13 10:41:36.523  3537  3765 I FOO     : [SystemUX] onNearestObjectUpdate 0.553543
08-13 10:41:36.532  1513  5085 I         : 2.5.85: [ProcessVisualInertialOnce]: Send SLAM Img[1013766313541],latest IMU[1013761673333]
08-13 10:41:36.536  1513  1778 I         : SLAM_ALG::pipeline # TrackingOnce long frame: 3.444000,1.197000,2.247000,1013761673333
08-13 10:41:36.538  1513  1783 I         : MeshRecon # [timing] IN GenerateDepthMatFromMesh: 0.017000, 0.000000, 0.036000, 1.267000
08-13 10:41:36.538  1513  1783 I         : MeshRecon # [timing] SceneDepthSystem_Process: 6.309000 = 0.438000 + 4.339000 + 0.091000 + 1.407000 + 0.034000
08-13 10:41:36.565  1513  1783 I         : 2.5.85: [WARNING] SceneDepthProcessOnce InterpolatePose failed! prePose ts 1013794942467, nextPose ts 1013794942467, avg_ts 1013795006158
08-13 10:41:36.565  1513  1777 I         : 2.5.85: [ProcessVisualInertialOnce]: Send SLAM Img[1013799520312],latest IMU[1013795006159]
08-13 10:41:36.570  1513  1778 I         : SLAM_ALG::pipeline # TrackingOnce long frame: 4.780000,1.462000,3.318000,1013795006159
08-13 10:41:36.573  1513  1783 I         : MeshRecon # [timing] IN GenerateDepthMatFromMesh: 0.029000, 0.000000, 0.044000, 1.620000
08-13 10:41:36.573  1513  1783 I         : MeshRecon # [timing] SceneDepthSystem_Process: 8.158000 = 0.434000 + 5.787000 + 0.101000 + 1.758000 + 0.078000
08-13 10:41:36.576  3842  6833 I PerfStats.cpp: FPS=72.00/72, Prd=21.34ms, Early=72.00, Stale=0.00, Lat=-1, Fov=0, CPU/GPU=4/5, Free=7342MB, ATW=5.13ms, APP=3.68ms/2.02ms, GD=0.00, CPU%=0.41, GPU%=0.35,ColorSpace:6
08-13 10:41:36.592  2610  3053 I CompositorMonitor: fps:72.0, prd:21.2 ms, cpu:1.4 ms, gpu:3.7 ms, early:72.0, stale:0.0, max_stale:0.0, sw_mode:0, drr:72.0, lat_mode:-1
08-13 10:41:36.593  2610  3053 E VSTDisplayManager: VST FPS:73
08-13 10:41:36.594  1513  1784 I         : MeshRecon # Object [0] is completely outside image bounds, skipping
08-13 10:41:36.598  1513  1783 I         : 2.5.85: [WARNING] SceneDepthProcessOnce InterpolatePose failed! prePose ts 1013828149238, nextPose ts 1013828149238, avg_ts 1013828339022
08-13 10:41:36.599  1513  1777 I         : 2.5.85: [ProcessVisualInertialOnce]: Send SLAM Img[1013833703541],latest IMU[1013828339023]
08-13 10:41:36.605  1513  1778 I         : SLAM_ALG::pipeline # TrackingOnce long frame: 5.631000,1.657000,3.974000,1013828339023
08-13 10:41:36.605  1513  1783 I         : MeshRecon # [timing] IN GenerateDepthMatFromMesh: 0.019000, 0.000000, 0.039000, 1.390000
08-13 10:41:36.605  1513  1783 I         : MeshRecon # [timing] SceneDepthSystem_Process: 7.322000 = 0.424000 + 5.250000 + 0.110000 + 1.486000 + 0.052000
08-13 10:41:36.632  1513  1777 I         : 2.5.85: [ProcessVisualInertialOnce]: Send SLAM Img[1013866910312],latest IMU[1013861671888]
08-13 10:41:36.638  1513  1778 I         : SLAM_ALG::pipeline # TrackingOnce long frame: 5.412000,0.786000,4.626000,1013861671888
08-13 10:41:36.638  1513  1784 I         : MeshRecon # [timing] SUM:46.917999, Prep:0.006000,Rect:1.554000,BBox:1.219000,Depth:35.731998,Filter:0.602000,Insert:7.805000,Update:0.000000,CB:0.000000,Floor:0.000000,Boundary:0.000000,NearObj:0.000000,Room1:0.000000,Room2:0.000000
08-13 10:41:36.639  1513  1783 I         : MeshRecon # [timing] IN GenerateDepthMatFromMesh: 0.020000, 0.000000, 0.039000, 1.493000
08-13 10:41:36.639  1513  1783 I         : MeshRecon # [timing] SceneDepthSystem_Process: 7.240000 = 0.434000 + 4.908000 + 0.293000 + 1.573000 + 0.032000
08-13 10:41:36.665  1513  1783 I         : 2.5.85: [WARNING] SceneDepthProcessOnce InterpolatePose failed! prePose ts 1013894562467, nextPose ts 1013894562467, avg_ts 1013895004726
08-13 10:41:36.666  1513  1777 I         : 2.5.85: [ProcessVisualInertialOnce]: Send SLAM Img[1013900117031],latest IMU[1013895004726]
08-13 10:41:36.669  1513  1778 I         : SLAM_ALG::pipeline # TrackingOnce long frame: 3.436000,0.987000,2.449000,1013895004726
08-13 10:41:36.672  1513  1783 I         : MeshRecon # [timing] IN GenerateDepthMatFromMesh: 0.030000, 0.000000, 0.052000, 1.824000
08-13 10:41:36.672  1513  1783 I         : MeshRecon # [timing] SceneDepthSystem_Process: 7.305000 = 0.476000 + 4.595000 + 0.230000 + 1.963000 + 0.041000
08-13 10:41:36.684  4318  4679 D NetworkService: TotalRxSpeed : 261B/s  /  TotalTxSpeed : 59B/s
08-13 10:41:36.684  4318  4679 D NetworkService: SystemRxSpeed : 39B/s  /  SystemTxSpeed : 59B/s
08-13 10:41:36.699  1513  1777 I         : 2.5.85: [ProcessVisualInertialOnce]: Send SLAM Img[1013933323541],latest IMU[1013928337578]
08-13 10:41:36.703  1513  1778 I         : SLAM_ALG::pipeline # TrackingOnce long frame: 4.340000,1.338000,3.002000,1013928337578
08-13 10:41:36.705  1513  1783 I         : MeshRecon # [timing] IN GenerateDepthMatFromMesh: 0.017000, 0.000000, 0.034000, 1.689000
08-13 10:41:36.705  1513  1783 I         : MeshRecon # [timing] SceneDepthSystem_Process: 6.493000 = 0.473000 + 4.095000 + 0.087000 + 1.787000 + 0.051000
08-13 10:41:36.709  1513  6893 I         : SLAM_ALG: mapping UpdateAlignMapTransformInfo t_error: 0.002, r_error: 0.16
08-13 10:41:36.711  1513  6893 I         : SLAM_ALG: mapping Twb_cur_int in pipeline: 1013861671888, -0.0586, -0.0010, 0.0633, 0.7064, 0.6917, -0.1050, -0.1076
08-13 10:41:36.711  1513  6893 I         : SLAM_ALG: mapping Twb_cur_ext in pipeline: 1013861671888, -0.0706, -0.0771, -0.0134, 0.7121, 0.6517, -0.2561, 0.0509
08-13 10:41:36.711  1513  6893 I         : SLAM_ALG: mapping Merged Maps Num: 10
08-13 10:41:36.711  1513  6893 I         : SLAM_ALG: mapping ---- Map id: 0, frames num: 10, transform: 0 - 0, 0.0000, 0.0000, 0.0000, 0.0000, 0.0000, 0.0000, 1.0000
08-13 10:41:36.711  1513  6893 I         : SLAM_ALG: mapping ---- Map id: 22, frames num: 130, transform: 22 - 0, 0.0126, 0.0330, 0.0198, 0.0234, 0.0026, 0.0016, 0.9997
08-13 10:41:36.711  1513  6893 I         : SLAM_ALG: mapping ---- Map id: 24, frames num: 13, transform: 24 - 0, 0.0504, -0.0102, 0.0125, -0.2222, 0.0022, 0.0004, 0.9750
08-13 10:41:36.711  1513  6893 I         : SLAM_ALG: mapping ---- Map id: 46, frames num: 3, transform: 46 - 0, 0.0507, 0.0502, -0.0933, 0.0136, 0.0046, 0.0029, 0.9999
08-13 10:41:36.711  1513  6893 I         : SLAM_ALG: mapping ---- Map id: 47, frames num: 106, transform: 47 - 0, 0.0354, 0.1158, -0.1375, 0.0709, 0.0069, 0.0053, 0.9974
08-13 10:41:36.711  1513  6893 I         : SLAM_ALG: mapping ---- Map id: 48, frames num: 0, transform: 48 - 0, 0.0102, 0.0466, -0.0616, 0.0634, 0.0051, 0.0024, 0.9980
08-13 10:41:36.711  1513  6893 I         : SLAM_ALG: mapping ---- Map id: 49, frames num: 0, transform: 49 - 0, 0.0042, 0.0279, -0.0583, 0.0046, 0.0108, 0.0036, 0.9999
08-13 10:41:36.711  1513  6893 I         : SLAM_ALG: mapping ---- Map id: 50, frames num: 0, transform: 50 - 0, 0.0129, 0.0152, -0.0622, 0.0178, 0.0162, 0.0048, 0.9997
08-13 10:41:36.711  1513  6893 I         : SLAM_ALG: mapping ---- Map id: 51, frames num: 13, transform: 51 - 0, 0.0202, 0.0113, -0.0320, 0.0100, 0.0082, 0.0026, 0.9999
08-13 10:41:36.711  1513  6893 I         : SLAM_ALG: mapping ---- Map id: 52, frames num: 10, transform: 52 - 0, -0.0080, -0.1039, -0.0725, -0.2206, 0.0046, 0.0006, 0.9754
08-13 10:41:36.711  1513  6893 I         : SLAM_ALG: mapping Mapping Map 0, local anchors num: 0
08-13 10:41:36.712  1513  6893 I         : SLAM_ALG: mapping [MEMORY] kfs num: 285/285, nfs num: 0/0, cams num: 645/645, feats num: 45006/45006, meas num: 42916/42916, mpts num: 7946/7946
08-13 10:41:36.712  1513  6893 I         : SLAM_ALG: mapping [TIME] ProcessKeyFrame: 73.55, 48.02, 9.68, 8.58, 3.92, 0.00, 0.07, 3.28, 1013861671888
08-13 10:41:36.723  1513  1784 I         : MeshRecon # FloorDetector fail since no enough valid point existed
08-13 10:41:36.723  1513  1784 I         : MeshRecon # [ERROR] floor detection failed! successful: 0 value: 999.000000 relative: -999.047974
08-13 10:41:36.723  1513  1784 W MeshTrackingModule: [Spatial] invalid floor level: 999.000000
08-13 10:41:36.723  1513  1784 I         : MeshRecon # [timing] DetectFloor: 0.026000 + 0.086000 + 0.078000 = 0.190000
08-13 10:41:36.732  1513  1777 I         : 2.5.85: [ProcessVisualInertialOnce]: Send SLAM Img[1013966530312],latest IMU[1013961670417]
08-13 10:41:36.736  1513  1778 I         : SLAM_ALG::pipeline # TrackingOnce long frame: 3.428000,1.237000,2.191000,1013961670417
08-13 10:41:36.738  1513  1783 I         : MeshRecon # [timing] IN GenerateDepthMatFromMesh: 0.022000, 0.001000, 0.036000, 1.534000
08-13 10:41:36.738  1513  1783 I         : MeshRecon # [timing] SceneDepthSystem_Process: 6.658000 = 0.385000 + 4.485000 + 0.095000 + 1.650000 + 0.043000
08-13 10:41:36.756  1513  1784 I         : MeshRecon # DetectNearObj result: xyz (-0.150000, 0.150000, -0.603967), dist 0.554487
08-13 10:41:36.757  1513  1784 I         : MeshRecon # [timing] DetectNearObj: 0.015000 + 0.006000 + 0.298000 = 0.319000
08-13 10:41:36.757  3537  3765 I FOO     : [SystemUX] onNearestObjectUpdate 0.554487
08-13 10:41:36.765  1513  1777 I         : 2.5.85: [ProcessVisualInertialOnce]: Send SLAM Img[1013999737031],latest IMU[1013995003294]
08-13 10:41:36.771  1513  1778 I         : SLAM_ALG::pipeline # TrackingOnce long frame: 4.983000,1.350000,3.633000,1013995003294
08-13 10:41:36.771  1513  1783 I         : MeshRecon # [timing] IN GenerateDepthMatFromMesh: 0.020000, 0.000000, 0.042000, 1.559000
08-13 10:41:36.772  1513  1783 I         : MeshRecon # [timing] SceneDepthSystem_Process: 6.810999 = 0.455000 + 4.529000 + 0.100000 + 1.673000 + 0.054000
08-13 10:41:36.799  1513  5085 I         : 2.5.85: [ProcessVisualInertialOnce]: Send SLAM Img[1014033920312],latest IMU[1014028336120]
08-13 10:41:36.803  2610  3053 I VstCameraDeviceImpl: calculatePhase, fn:1544 (60 : 80), delay:8684794
08-13 10:41:36.804  1513  1778 I         : SLAM_ALG::pipeline # TrackingOnce long frame: 5.082000,1.363000,3.719000,1014028336120
08-13 10:41:36.807  1513  1783 I         : MeshRecon # [timing] IN GenerateDepthMatFromMesh: 0.042000, 0.000000, 0.069000, 1.330000
08-13 10:41:36.807  1513  1783 I         : MeshRecon # [timing] SceneDepthSystem_Process: 7.549000 = 0.550000 + 5.270000 + 0.182000 + 1.493000 + 0.054000
08-13 10:41:36.823  1513  5085 D TOFCamera3Device: frameid:605, frameduration:33332865, delay:24645922, boottime:1009639879368, exposure:1130000, gain:0, cameraid:10
08-13 10:41:36.831  1513  1783 I         : 2.5.85: [WARNING] SceneDepthProcessOnce InterpolatePose failed! prePose ts 1014061572728, nextPose ts 1014061572728, avg_ts 1014061668996
08-13 10:41:36.833  1513  1777 I         : 2.5.85: [ProcessVisualInertialOnce]: Send SLAM Img[1014067127031],latest IMU[1014061668984]
08-13 10:41:36.838  1513  1778 I         : SLAM_ALG::pipeline # TrackingOnce long frame: 4.990000,0.942000,4.048000,1014061668984
08-13 10:41:36.838  1513  1783 I         : MeshRecon # [timing] IN GenerateDepthMatFromMesh: 0.025000, 0.000000, 0.051000, 1.708000
08-13 10:41:36.838  1513  1783 I         : MeshRecon # [timing] SceneDepthSystem_Process: 7.034000 = 0.380000 + 4.663000 + 0.132000 + 1.809000 + 0.050000
08-13 10:41:36.842  1513  1784 E MeshTrackingModule: [Spatial] on block update, count: 21
08-13 10:41:36.846  1513  1784 I         : MeshRecon # Callback updated 21 blocks at map_id 47!
08-13 10:41:36.846  1513  1784 I         : MeshRecon # [timing] SUM:55.994999, Prep:0.004000,Rect:1.563000,BBox:2.515000,Depth:35.154999,Filter:0.692000,Insert:8.251000,Update:3.579000,CB:4.234000,Floor:0.001000,Boundary:0.000000,NearObj:0.000000,Room1:0.000000,Room2:0.001000
08-13 10:41:36.846  1513  1784 I         : MeshRecon # [cur update] chunk num: 21, vtx num: 316, idx num: 1014;  [max update] chunk num: 97, vtx num: 4687, idx num: 18291;  [all] chunk num: 82, vtx num: 2473, idx num: 9642
08-13 10:41:36.846  1513  1784 I         : CalculateBBox_QNN            -> min:0.930, max:5.289, avg:1.392 ms, sum:2.13218 s
08-13 10:41:36.846  1513  1784 I         : CalculateDepth               -> min:30.39, max:53.21, avg:35.61 ms, sum:54.5310 s
08-13 10:41:36.846  1513  1784 I         : CalculateDepthStereo_CNN     -> min:15.30, max:31.77, avg:17.28 ms, sum:26.4579 s
08-13 10:41:36.846  1513  1784 I         : CalculateDepthToF_CNN        -> min:12.74, max:31.52, avg:16.48 ms, sum:25.2362 s
08-13 10:41:36.846  1513  1784 I         : CalculateDepthToF_ToFMask    -> min:0.044, max:0.734, avg:0.065 ms, sum:0.10028 s
08-13 10:41:36.846  1513  1784 I         : CallbackBlockUpdateEvent     -> min:2.799, max:9.660, avg:5.079 ms, sum:2.59544 s
08-13 10:41:36.846  1513  1784 I         : DetectFloor                  -> min:0.088, max:1.212, avg:0.246 ms, sum:0.07365 s
08-13 10:41:36.846  1513  1784 I         : DetectNearObj                -> min:0.004, max:3.782, avg:0.317 ms, sum:0.41110 s
08-13 10:41:36.846  1513  1784 I         : FilterDepth                  -> min:0.140, max:8.363, avg:1.174 ms, sum:1.78663 s
08-13 10:41:36.846  1513  1784 I         : InsertData                   -> min:4.666, max:16.54, avg:8.718 ms, sum:13.2610 s
08-13 10:41:36.846  1513  1784 I         : Rectification                -> min:1.342, max:4.288, avg:1.729 ms, sum:2.64737 s
08-13 10:41:36.846  1513  1784 I         : TrackingBBox                 -> min:0.005, max:0.521, avg:0.014 ms, sum:0.02192 s
08-13 10:41:36.846  1513  1784 I         : UpdateMesh                   -> min:1.155, max:40.21, avg:15.81 ms, sum:8.08205 s
08-13 10:41:36.846  1513  1784 I         : 
08-13 10:41:36.866  1513  1777 I         : 2.5.85: [ProcessVisualInertialOnce]: Send SLAM Img[1014100333802],latest IMU[1014095001836]
08-13 10:41:36.870  1513  1778 I         : SLAM_ALG::pipeline # TrackingOnce long frame: 3.349000,1.137000,2.212000,1014095001836
08-13 10:41:36.872  1513  1783 I         : MeshRecon # [timing] IN GenerateDepthMatFromMesh: 0.034000, 0.000000, 0.061000, 1.540000
08-13 10:41:36.872  1513  1783 I         : MeshRecon # [timing] SceneDepthSystem_Process: 6.895000 = 0.500000 + 4.486000 + 0.184000 + 1.694000 + 0.031000
08-13 10:41:36.877  1513  5085 D TrackingMultiCamera: frameid:1210, frameduration:16667937, delay:3346086, boottime:1009715315298, exposure:6000, gain:49, cameraid:1
08-13 10:41:36.878  1513  5085 D TrackingMultiCamera: frameid:1210, frameduration:16667885, delay:3662180, boottime:1009715315246, exposure:6000, gain:49, cameraid:3
08-13 10:41:36.878  1513  5085 D TrackingMultiCamera: frameid:1210, frameduration:16667885, delay:4137284, boottime:1009715315246, exposure:6000, gain:49, cameraid:0
08-13 10:41:36.878  1513  5085 D TrackingMultiCamera: frameid:1210, frameduration:16667937, delay:4330565, boottime:1009715315298, exposure:6000, gain:49, cameraid:2
08-13 10:41:36.882  1513  5085 D ETMultiCamera: frameid:1815, frameduration:11164271, delay:2724961, boottime:1009720958090, exposure:1049999, gain:98, cameraid:9
08-13 10:41:36.882  1513  5085 D ETMultiCamera: frameid:1815, frameduration:11164271, delay:2878034, boottime:1009720950121, exposure:1049999, gain:98, cameraid:8
08-13 10:41:36.898  1513  1783 I         : 2.5.85: [WARNING] SceneDepthProcessOnce InterpolatePose failed! prePose ts 1014127985957, nextPose ts 1014127985957, avg_ts 1014128334700
08-13 10:41:36.898  1513  1777 I         : 2.5.85: [ProcessVisualInertialOnce]: Send SLAM Img[1014133540312],latest IMU[1014128334700]
08-13 10:41:36.903  1513  1778 I         : SLAM_ALG::pipeline # TrackingOnce long frame: 4.474000,1.507000,2.967000,1014128334700
08-13 10:41:36.905  1513  1783 I         : MeshRecon # [timing] IN GenerateDepthMatFromMesh: 0.017000, 0.000000, 0.034000, 1.492000
08-13 10:41:36.905  1513  1783 I         : MeshRecon # [timing] SceneDepthSystem_Process: 7.199000 = 0.440000 + 5.023000 + 0.096000 + 1.602000 + 0.038000
08-13 10:41:36.932  1513  1777 I         : 2.5.85: [ProcessVisualInertialOnce]: Send SLAM Img[1014166747031],latest IMU[1014161667526]
08-13 10:41:36.937  1513  1778 I         : SLAM_ALG::pipeline # TrackingOnce long frame: 4.421000,1.526000,2.895000,1014161667526
08-13 10:41:36.938  1513  1783 I         : MeshRecon # [timing] IN GenerateDepthMatFromMesh: 0.018000, 0.000000, 0.039000, 1.324000
08-13 10:41:36.938  1513  1783 I         : MeshRecon # [timing] SceneDepthSystem_Process: 6.407000 = 0.437000 + 4.396000 + 0.104000 + 1.421000 + 0.049000
08-13 10:41:36.944  1513  5085 D TrackingAuxMultiCamera: frameid:1210, frameduration:16663906, delay:3384628, boottime:1009781980975, exposure:6000, gain:49, cameraid:5
08-13 10:41:36.944  1513  5085 D TrackingAuxMultiCamera: frameid:1210, frameduration:16663906, delay:3846399, boottime:1009781980975, exposure:6000, gain:49, cameraid:4
08-13 10:41:36.966  1513  5085 I         : 2.5.85: [ProcessVisualInertialOnce]: Send SLAM Img[1014200930312],latest IMU[1014195000391]
08-13 10:41:36.972  1513  1778 I         : SLAM_ALG::pipeline # TrackingOnce long frame: 5.880000,1.564000,4.316000,1014195000391
08-13 10:41:36.973  1513  1783 I         : MeshRecon # [timing] IN GenerateDepthMatFromMesh: 0.017000, 0.000000, 0.037000, 1.901000
08-13 10:41:36.973  1513  1783 I         : MeshRecon # [timing] SceneDepthSystem_Process: 7.237999 = 0.911000 + 4.213000 + 0.094000 + 1.988000 + 0.032000
08-13 10:41:36.999  1513  1777 I         : 2.5.85: [ProcessVisualInertialOnce]: Send SLAM Img[1014233160312],latest IMU[1014228333242]
08-13 10:41:37.004  1513  1778 I         : SLAM_ALG::pipeline # TrackingOnce long frame: 4.653000,1.154000,3.499000,1014228333242
08-13 10:41:37.006  1513  1783 I         : MeshRecon # [timing] IN GenerateDepthMatFromMesh: 0.042000, 0.000000, 0.070000, 1.687000
08-13 10:41:37.007  1513  1783 I         : MeshRecon # [timing] SceneDepthSystem_Process: 8.592000 = 0.477000 + 5.968000 + 0.150000 + 1.922000 + 0.075000
08-13 10:41:37.032  1513  1777 I         : 2.5.85: [ProcessVisualInertialOnce]: Send SLAM Img[1014266367031],latest IMU[1014261666094]
08-13 10:41:37.037  1513  1778 I         : SLAM_ALG::pipeline # TrackingOnce long frame: 3.973000,0.896000,3.076000,1014261666094
08-13 10:41:37.037  1513  1784 I         : MeshRecon # DetectNearObj result: xyz (-0.150000, 0.150000, -0.604516), dist 0.556099
08-13 10:41:37.038  1513  1784 I         : MeshRecon # [timing] DetectNearObj: 0.013000 + 0.005000 + 0.224000 = 0.242000
08-13 10:41:37.038  1513  1784 I         : MeshRecon # [timing] SUM:46.461998, Prep:0.007000,Rect:1.572000,BBox:1.018000,Depth:33.787998,Filter:0.982000,Insert:8.812000,Update:0.000000,CB:0.000000,Floor:0.000000,Boundary:0.000000,NearObj:0.283000,Room1:0.000000,Room2:0.000000
08-13 10:41:37.038  3537  3765 I FOO     : [SystemUX] onNearestObjectUpdate 0.556099
08-13 10:41:37.039  1513  1783 I         : MeshRecon # [timing] IN GenerateDepthMatFromMesh: 0.027000, 0.000000, 0.060000, 1.507000
08-13 10:41:37.039  1513  1783 I         : MeshRecon # [timing] SceneDepthSystem_Process: 7.387001 = 0.698000 + 4.939000 + 0.102000 + 1.624000 + 0.024000
08-13 10:41:37.065  1513  1783 I         : 2.5.85: [WARNING] SceneDepthProcessOnce InterpolatePose failed! prePose ts 1014294995957, nextPose ts 1014294995957, avg_ts 1014294998970
08-13 10:41:37.065  1513  1777 I         : 2.5.85: [ProcessVisualInertialOnce]: Send SLAM Img[1014299573802],latest IMU[1014294998971]
08-13 10:41:37.069  1513  1778 I         : SLAM_ALG::pipeline # TrackingOnce long frame: 3.378000,1.193000,2.185000,1014294998971
