08-13 10:41:37.071  1513  1783 I         : MeshRecon # [timing] IN GenerateDepthMatFromMesh: 0.015000, 0.000000, 0.032000, 1.196000
08-13 10:41:37.071  1513  1783 I         : MeshRecon # [timing] SceneDepthSystem_Process: 6.075000 = 0.426000 + 4.214000 + 0.085000 + 1.318000 + 0.032000
08-13 10:41:37.099  1513  1777 I         : 2.5.85: [ProcessVisualInertialOnce]: Send SLAM Img[1014333757031],latest IMU[1014328331797]
08-13 10:41:37.107  1513  1778 I         : SLAM_ALG::pipeline # TrackingOnce long frame: 5.547000,2.380000,3.167000,1014328331797
08-13 10:41:37.107  1513  1783 I         : MeshRecon # [timing] IN GenerateDepthMatFromMesh: 0.017000, 0.000000, 0.037000, 1.679000
08-13 10:41:37.107  1513  1783 I         : MeshRecon # [timing] SceneDepthSystem_Process: 7.829000 = 1.018000 + 4.932000 + 0.092000 + 1.759000 + 0.028000
08-13 10:41:37.132  1513  1777 I         : 2.5.85: [ProcessVisualInertialOnce]: Send SLAM Img[1014366963802],latest IMU[1014361664648]
08-13 10:41:37.138  1513  1783 I         : MeshRecon # [timing] IN GenerateDepthMatFromMesh: 0.020000, 0.000000, 0.037000, 1.260000
08-13 10:41:37.138  1513  1783 I         : MeshRecon # [timing] SceneDepthSystem_Process: 6.334000 = 0.390000 + 4.427000 + 0.094000 + 1.385000 + 0.038000
08-13 10:41:37.138  1513  1778 I         : SLAM_ALG::pipeline # TrackingOnce long frame: 5.254000,1.120000,4.134000,1014361664648
08-13 10:41:37.165  1513  1783 I         : 2.5.85: [WARNING] SceneDepthProcessOnce InterpolatePose failed! prePose ts 1014394615957, nextPose ts 1014394615957, avg_ts 1014394997486
08-13 10:41:37.166  1513  1777 I         : 2.5.85: [ProcessVisualInertialOnce]: Send SLAM Img[1014400170312],latest IMU[1014394997487]
08-13 10:41:37.172  1513  1783 I         : MeshRecon # [timing] IN GenerateDepthMatFromMesh: 0.039000, 0.000000, 0.064000, 1.570000
08-13 10:41:37.172  1513  1783 I         : MeshRecon # [timing] SceneDepthSystem_Process: 7.241000 = 0.396000 + 4.802000 + 0.179000 + 1.769000 + 0.095000
08-13 10:41:37.172  1513  1778 I         : SLAM_ALG::pipeline # TrackingOnce long frame: 6.657000,0.935000,5.722000,1014394997487
08-13 10:41:37.199  1513  5085 I         : 2.5.85: [ProcessVisualInertialOnce]: Send SLAM Img[1014433377031],latest IMU[1014428330351]
08-13 10:41:37.204  1513  1778 I         : SLAM_ALG::pipeline # TrackingOnce long frame: 3.858000,1.199000,2.659000,1014428330351
08-13 10:41:37.206  1513  1783 I         : MeshRecon # [timing] IN GenerateDepthMatFromMesh: 0.068000, 0.000000, 0.056000, 1.305000
08-13 10:41:37.206  1513  1783 I         : MeshRecon # [timing] SceneDepthSystem_Process: 7.096000 = 0.539000 + 4.915000 + 0.129000 + 1.481000 + 0.032000
08-13 10:41:37.208  1513  5085 D VSTCamera: frameid:1573, frameduration:13887448, delay:21359869, boottime:1010028207921, exposure:8333333, gain:551, cameraid:6
08-13 10:41:37.222  1513  5085 D VSTCamera: frameid:1573, frameduration:13887448, delay:21600494, boottime:1010042098234, exposure:8333333, gain:551, cameraid:7
08-13 10:41:37.232  1513  1777 I         : 2.5.85: [ProcessVisualInertialOnce]: Send SLAM Img[1014466583802],latest IMU[1014461663203]
08-13 10:41:37.237  1513  1778 I         : SLAM_ALG::pipeline # TrackingOnce long frame: 4.573000,1.686000,2.887000,1014461663203
08-13 10:41:37.239  1513  1783 I         : MeshRecon # [timing] IN GenerateDepthMatFromMesh: 0.018000, 0.000000, 0.055000, 1.317000
08-13 10:41:37.239  1513  1783 I         : MeshRecon # [timing] SceneDepthSystem_Process: 8.116000 = 0.432000 + 5.998000 + 0.097000 + 1.551000 + 0.038000
08-13 10:41:37.248  1513  1784 I         : MeshRecon # [timing] SUM:58.191002, Prep:0.004000,Rect:1.981000,BBox:1.124000,Depth:46.563000,Filter:1.078000,Insert:7.441000,Update:0.000000,CB:0.000000,Floor:0.000000,Boundary:0.000000,NearObj:0.000000,Room1:0.000000,Room2:0.000000
08-13 10:41:37.248  1513  1784 I         : MeshRecon # DetectNearObj result: xyz (-0.050000, 0.250000, -0.602995), dist 0.556962
08-13 10:41:37.248  1513  1784 I         : MeshRecon # [timing] DetectNearObj: 0.012000 + 0.008000 + 0.154000 = 0.174000
08-13 10:41:37.248  3537  3765 I FOO     : [SystemUX] onNearestObjectUpdate 0.556962
08-13 10:41:37.261  1513  6893 I         : SLAM_ALG: mapping UpdateAlignMapTransformInfo t_error: 0.002, r_error: 0.16
08-13 10:41:37.263  1513  6893 I         : SLAM_ALG: mapping Twb_cur_int in pipeline: 1014394997487, -0.0501, 0.0055, 0.0651, 0.7046, 0.6981, -0.0755, -0.1028
08-13 10:41:37.263  1513  6893 I         : SLAM_ALG: mapping Twb_cur_ext in pipeline: 1014394997487, -0.0619, -0.0704, -0.0153, 0.7093, 0.6645, -0.2288, 0.0553
08-13 10:41:37.263  1513  6893 I         : SLAM_ALG: mapping Merged Maps Num: 10
08-13 10:41:37.263  1513  6893 I         : SLAM_ALG: mapping ---- Map id: 0, frames num: 10, transform: 0 - 0, 0.0000, 0.0000, 0.0000, 0.0000, 0.0000, 0.0000, 1.0000
08-13 10:41:37.263  1513  6893 I         : SLAM_ALG: mapping ---- Map id: 22, frames num: 130, transform: 22 - 0, 0.0126, 0.0330, 0.0198, 0.0234, 0.0026, 0.0016, 0.9997
08-13 10:41:37.263  1513  6893 I         : SLAM_ALG: mapping ---- Map id: 24, frames num: 13, transform: 24 - 0, 0.0504, -0.0102, 0.0125, -0.2222, 0.0022, 0.0004, 0.9750
08-13 10:41:37.263  1513  6893 I         : SLAM_ALG: mapping ---- Map id: 46, frames num: 3, transform: 46 - 0, 0.0507, 0.0502, -0.0933, 0.0136, 0.0046, 0.0029, 0.9999
08-13 10:41:37.263  1513  6893 I         : SLAM_ALG: mapping ---- Map id: 47, frames num: 106, transform: 47 - 0, 0.0354, 0.1158, -0.1375, 0.0709, 0.0069, 0.0053, 0.9974
08-13 10:41:37.263  1513  6893 I         : SLAM_ALG: mapping ---- Map id: 48, frames num: 0, transform: 48 - 0, 0.0102, 0.0466, -0.0616, 0.0634, 0.0051, 0.0024, 0.9980
08-13 10:41:37.263  1513  6893 I         : SLAM_ALG: mapping ---- Map id: 49, frames num: 0, transform: 49 - 0, 0.0042, 0.0279, -0.0583, 0.0046, 0.0108, 0.0036, 0.9999
08-13 10:41:37.263  1513  6893 I         : SLAM_ALG: mapping ---- Map id: 50, frames num: 0, transform: 50 - 0, 0.0129, 0.0152, -0.0622, 0.0178, 0.0162, 0.0048, 0.9997
08-13 10:41:37.263  1513  6893 I         : SLAM_ALG: mapping ---- Map id: 51, frames num: 13, transform: 51 - 0, 0.0202, 0.0113, -0.0320, 0.0100, 0.0082, 0.0026, 0.9999
08-13 10:41:37.263  1513  6893 I         : SLAM_ALG: mapping ---- Map id: 52, frames num: 11, transform: 52 - 0, -0.0080, -0.1039, -0.0725, -0.2206, 0.0046, 0.0006, 0.9754
08-13 10:41:37.263  1513  6893 I         : SLAM_ALG: mapping Mapping Map 0, local anchors num: 0
08-13 10:41:37.263  1513  6893 I         : SLAM_ALG: mapping [MEMORY] kfs num: 286/286, nfs num: 0/0, cams num: 649/649, feats num: 45136/45136, meas num: 43044/43044, mpts num: 7946/7946
08-13 10:41:37.263  1513  6893 I         : SLAM_ALG: mapping [TIME] ProcessKeyFrame: 89.47, 68.50, 9.39, 6.33, 2.72, 0.00, 0.11, 2.43, 1014394997487
08-13 10:41:37.266  1513  1777 I         : 2.5.85: [ProcessVisualInertialOnce]: Send SLAM Img[1014499790312],latest IMU[1014494996042]
08-13 10:41:37.269  1513  1778 I         : SLAM_ALG::pipeline # TrackingOnce long frame: 3.803000,1.372000,2.431000,1014494996042
08-13 10:41:37.271  1513  1783 I         : MeshRecon # [timing] IN GenerateDepthMatFromMesh: 0.019000, 0.000000, 0.037000, 1.340000
08-13 10:41:37.271  1513  1783 I         : MeshRecon # [timing] SceneDepthSystem_Process: 6.351999 = 0.383000 + 4.365000 + 0.101000 + 1.444000 + 0.059000
08-13 10:41:37.284  1513  1710 I DataMonitor: (cam_dl):[dur: avg:16.57, min:16.66, max:16.67)] [lat: avg:5.44, min:3.23, max:8.88], miss(0) total:180
08-13 10:41:37.284  1513  1710 I DataMonitor: (cam_ul):[dur: avg:16.57, min:16.66, max:16.67)] [lat: avg:5.51, min:3.25, max:10.40], miss(0) total:180
08-13 10:41:37.284  1513  1710 I DataMonitor: (cam_ur):[dur: avg:16.57, min:16.66, max:16.67)] [lat: avg:5.51, min:3.22, max:9.28], miss(0) total:180
08-13 10:41:37.284  1513  1710 I DataMonitor: (cam_dr):[dur: avg:16.57, min:16.66, max:16.67)] [lat: avg:5.54, min:3.24, max:9.22], miss(0) total:180
08-13 10:41:37.284  1513  1710 I DataMonitor: (cam_auxl):[dur: avg:16.57, min:16.66, max:16.67)] [lat: avg:5.99, min:3.28, max:11.72], miss(0) total:180
08-13 10:41:37.284  1513  1710 I DataMonitor: (cam_auxr):[dur: avg:16.57, min:16.66, max:16.67)] [lat: avg:5.99, min:3.24, max:11.62], miss(0) total:180
08-13 10:41:37.284  1513  1710 I DataMonitor: (cam_lvst):[dur: avg:13.82, min:13.89, max:14.14)] [lat: avg:11.14, min:11.00, max:11.57], miss(0) total:216
08-13 10:41:37.284  1513  1710 I DataMonitor: (cam_rvst):[dur: avg:13.82, min:13.89, max:14.14)] [lat: avg:11.14, min:10.98, max:11.72], miss(0) total:216
08-13 10:41:37.284  1513  1710 I DataMonitor: (cam_let):[dur: avg:11.12, min:11.16, max:11.16)] [lat: avg:2.89, min:2.69, max:4.92], miss(0) total:268
08-13 10:41:37.284  1513  1710 I DataMonitor: (cam_ret):[dur: avg:11.12, min:11.16, max:11.16)] [lat: avg:2.97, min:2.70, max:5.11], miss(0) total:268
08-13 10:41:37.284  1513  1710 I DataMonitor: (cam_tof):[dur: avg:32.96, min:33.33, max:33.33)] [lat: avg:24.78, min:23.92, max:28.14], miss(0) total:90
08-13 10:41:37.284  1513  1710 I DataMonitor: (imu_hmd):[dur: avg:0.98, min:0.93, max:1.04)] [lat: avg:0.70, min:0.48, max:1.84], miss(0) total:3072
08-13 10:41:37.284  1513  1710 I DataMonitor: (slam):[lat: avg:4.96, min:4.19, max:6.05], [ql: 0 0.000000] total:3073
08-13 10:41:37.284  1513  1710 I DataMonitor: (eye_pose):[lat: avg:6.45, min:5.08, max:13.47], [ql: 8 0.029740] total:269
08-13 10:41:37.298  1513  1777 I         : 2.5.85: [ProcessVisualInertialOnce]: Send SLAM Img[1014532997083],latest IMU[1014528328919]
08-13 10:41:37.303  1513  1778 I         : SLAM_ALG::pipeline # TrackingOnce long frame: 4.250000,0.794000,3.456000,1014528328919
08-13 10:41:37.304  1513  1783 I         : MeshRecon # [timing] IN GenerateDepthMatFromMesh: 0.018000, 0.000000, 0.038000, 1.326000
08-13 10:41:37.304  1513  1783 I         : MeshRecon # [timing] SceneDepthSystem_Process: 6.496000 = 0.408000 + 4.511000 + 0.119000 + 1.420000 + 0.038000
08-13 10:41:37.331  1513  1783 I         : 2.5.85: [WARNING] SceneDepthProcessOnce InterpolatePose failed! prePose ts 1014561626009, nextPose ts 1014561626009, avg_ts 1014561661732
08-13 10:41:37.332  1513  1777 I         : 2.5.85: [ProcessVisualInertialOnce]: Send SLAM Img[1014566203541],latest IMU[1014561661745]
08-13 10:41:37.337  1513  1778 I         : SLAM_ALG::pipeline # TrackingOnce long frame: 4.625000,0.707000,3.918000,1014561661745
08-13 10:41:37.338  1513  1783 I         : MeshRecon # [timing] IN GenerateDepthMatFromMesh: 0.027000, 0.001000, 0.043000, 1.496000
08-13 10:41:37.338  1513  1783 I         : MeshRecon # [timing] SceneDepthSystem_Process: 6.775000 = 0.410000 + 4.615000 + 0.112000 + 1.606000 + 0.032000
08-13 10:41:37.363  4283  4420 D EventService: uploadEventDo - enqueueUniqueWork: self_sync_events_4d9ee376-fc44-4883-b04c-13ad423670f2
08-13 10:41:37.367  1513  5085 I         : 2.5.85: [ProcessVisualInertialOnce]: Send SLAM Img[1014601363541],latest IMU[1014594994596]
08-13 10:41:37.372  1513  1778 I         : SLAM_ALG::pipeline # TrackingOnce long frame: 4.289000,0.851000,3.438000,1014594994596
08-13 10:41:37.374  1513  1783 I         : MeshRecon # [timing] IN GenerateDepthMatFromMesh: 0.025000, 0.000000, 0.040000, 1.467000
08-13 10:41:37.374  1513  1783 I         : MeshRecon # [timing] SceneDepthSystem_Process: 6.905000 = 0.575000 + 4.478000 + 0.117000 + 1.583000 + 0.152000
08-13 10:41:37.398  1513  1783 I         : 2.5.85: [WARNING] SceneDepthProcessOnce InterpolatePose failed! prePose ts 1014628039238, nextPose ts 1014628039238, avg_ts 1014628327460
08-13 10:41:37.399  1513  1777 I         : 2.5.85: [ProcessVisualInertialOnce]: Send SLAM Img[1014633593593],latest IMU[1014628327461]
08-13 10:41:37.403  1513  1778 I         : SLAM_ALG::pipeline # TrackingOnce long frame: 3.636000,1.385000,2.251000,1014628327461
08-13 10:41:37.406  1513  1783 I         : MeshRecon # [timing] IN GenerateDepthMatFromMesh: 0.019000, 0.000000, 0.035000, 1.296000
08-13 10:41:37.406  1513  1783 I         : MeshRecon # [timing] SceneDepthSystem_Process: 8.021000 = 0.487000 + 5.955000 + 0.092000 + 1.416000 + 0.071000
08-13 10:41:37.432  1513  1777 I         : 2.5.85: [ProcessVisualInertialOnce]: Send SLAM Img[1014666800312],latest IMU[1014661660325]
08-13 10:41:37.438  1513  1778 I         : SLAM_ALG::pipeline # TrackingOnce long frame: 5.659000,1.840000,3.819000,1014661660325
08-13 10:41:37.438  1513  1783 I         : MeshRecon # [timing] IN GenerateDepthMatFromMesh: 0.020000, 0.000000, 0.035000, 1.155000
08-13 10:41:37.438  1513  1783 I         : MeshRecon # [timing] SceneDepthSystem_Process: 6.716000 = 0.437000 + 4.901000 + 0.094000 + 1.237000 + 0.047000
08-13 10:41:37.441  1513  1784 E MeshTrackingModule: [Spatial] on block update, count: 26
08-13 10:41:37.445  1513  1784 I         : MeshRecon # Callback updated 26 blocks at map_id 47!
08-13 10:41:37.445  1513  1784 I         : MeshRecon # [timing] SUM:54.308998, Prep:0.006000,Rect:2.077000,BBox:1.515000,Depth:33.451000,Filter:0.996000,Insert:8.110000,Update:4.539000,CB:3.613000,Floor:0.001000,Boundary:0.000000,NearObj:0.000000,Room1:0.000000,Room2:0.001000
08-13 10:41:37.445  1513  1784 I         : MeshRecon # [cur update] chunk num: 26, vtx num: 406, idx num: 1320;  [max update] chunk num: 97, vtx num: 4687, idx num: 18291;  [all] chunk num: 82, vtx num: 2472, idx num: 9636
08-13 10:41:37.445  1513  1784 I         : CalculateBBox_QNN            -> min:0.930, max:5.289, avg:1.392 ms, sum:2.13584 s
08-13 10:41:37.445  1513  1784 I         : CalculateDepth               -> min:30.39, max:53.21, avg:35.62 ms, sum:54.6448 s
08-13 10:41:37.445  1513  1784 I         : CalculateDepthStereo_CNN     -> min:15.30, max:31.77, avg:17.28 ms, sum:26.5182 s
08-13 10:41:37.445  1513  1784 I         : CalculateDepthToF_CNN        -> min:12.74, max:31.52, avg:16.48 ms, sum:25.2862 s
08-13 10:41:37.445  1513  1784 I         : CalculateDepthToF_ToFMask    -> min:0.044, max:0.734, avg:0.065 ms, sum:0.10060 s
08-13 10:41:37.445  1513  1784 I         : CallbackBlockUpdateEvent     -> min:2.799, max:9.660, avg:5.076 ms, sum:2.59906 s
08-13 10:41:37.445  1513  1784 I         : DetectFloor                  -> min:0.088, max:1.212, avg:0.246 ms, sum:0.07365 s
08-13 10:41:37.445  1513  1784 I         : DetectNearObj                -> min:0.004, max:3.782, avg:0.317 ms, sum:0.41151 s
08-13 10:41:37.445  1513  1784 I         : FilterDepth                  -> min:0.140, max:8.363, avg:1.174 ms, sum:1.78976 s
08-13 10:41:37.445  1513  1784 I         : InsertData                   -> min:4.666, max:16.54, avg:8.717 ms, sum:13.2854 s
08-13 10:41:37.445  1513  1784 I         : Rectification                -> min:1.342, max:4.288, avg:1.729 ms, sum:2.65300 s
08-13 10:41:37.445  1513  1784 I         : TrackingBBox                 -> min:0.005, max:0.521, avg:0.014 ms, sum:0.02195 s
08-13 10:41:37.445  1513  1784 I         : UpdateMesh                   -> min:1.155, max:40.21, avg:15.79 ms, sum:8.08659 s
08-13 10:41:37.445  1513  1784 I         : 
08-13 10:41:37.456  1513  1784 I         : MeshRecon # DetectNearObj result: xyz (-0.050000, 0.250000, -0.601804), dist 0.556309
08-13 10:41:37.457  1513  1784 I         : MeshRecon # [timing] DetectNearObj: 0.014000 + 0.006000 + 0.262000 = 0.282000
08-13 10:41:37.457  3537  3765 I FOO     : [SystemUX] onNearestObjectUpdate 0.556309
08-13 10:41:37.466  1513  1777 I         : 2.5.85: [ProcessVisualInertialOnce]: Send SLAM Img[1014700007083],latest IMU[1014694993164]
08-13 10:41:37.469  1513  1778 I         : SLAM_ALG::pipeline # TrackingOnce long frame: 3.105000,0.875000,2.230000,1014694993164
08-13 10:41:37.471  1513  1783 I         : MeshRecon # [timing] IN GenerateDepthMatFromMesh: 0.026000, 0.001000, 0.041000, 1.348000
08-13 10:41:37.471  1513  1783 I         : MeshRecon # [timing] SceneDepthSystem_Process: 6.615000 = 0.409000 + 4.518000 + 0.200000 + 1.455000 + 0.033000
08-13 10:41:37.498  1513  1777 I         : 2.5.85: [ProcessVisualInertialOnce]: Send SLAM Img[1014733213593],latest IMU[1014728326003]
08-13 10:41:37.504  1513  1778 I         : SLAM_ALG::pipeline # TrackingOnce long frame: 5.367000,0.781000,4.586000,1014728326003
08-13 10:41:37.504  1513  1783 I         : MeshRecon # [timing] IN GenerateDepthMatFromMesh: 0.017000, 0.000000, 0.040000, 1.464000
08-13 10:41:37.505  1513  1783 I         : MeshRecon # [timing] SceneDepthSystem_Process: 6.647000 = 0.442000 + 4.434000 + 0.166000 + 1.559000 + 0.046000
08-13 10:41:37.535  1513  5085 I         : 2.5.85: [ProcessVisualInertialOnce]: Send SLAM Img[1014769350312],latest IMU[1014761658867]
08-13 10:41:37.539  1513  1778 I         : SLAM_ALG::pipeline # TrackingOnce long frame: 3.193000,0.837000,2.356000,1014761658867
08-13 10:41:37.541  1513  1783 I         : MeshRecon # [timing] IN GenerateDepthMatFromMesh: 0.017000, 0.000000, 0.038000, 1.562000
08-13 10:41:37.542  1513  1783 I         : MeshRecon # [timing] SceneDepthSystem_Process: 6.643000 = 0.539000 + 4.318000 + 0.103000 + 1.656000 + 0.027000
08-13 10:41:37.565  1513  1777 I         : 2.5.85: [ProcessVisualInertialOnce]: Send SLAM Img[1014799627083],latest IMU[1014794991719]
08-13 10:41:37.570  1513  1778 I         : SLAM_ALG::pipeline # TrackingOnce long frame: 4.763000,1.761000,3.002000,1014794991719
08-13 10:41:37.572  1513  1783 I         : MeshRecon # [timing] IN GenerateDepthMatFromMesh: 0.025000, 0.000000, 0.041000, 1.374000
08-13 10:41:37.572  1513  1783 I         : MeshRecon # [timing] SceneDepthSystem_Process: 7.695000 = 0.414000 + 5.616000 + 0.106000 + 1.503000 + 0.056000
08-13 10:41:37.589  2610  5152 I LayerState: XR submitFrame:19700 [minV=1 curV=73471], client:3842, type:1 layer_count:4
08-13 10:41:37.591  3842  6833 I PerfStats.cpp: FPS=72.00/72, Prd=21.19ms, Early=72.00, Stale=0.00, Lat=-1, Fov=0, CPU/GPU=4/5, Free=7341MB, ATW=5.13ms, APP=3.75ms/1.77ms, GD=0.00, CPU%=0.40, GPU%=0.35,ColorSpace:6
08-13 10:41:37.598  1513  1783 I         : 2.5.85: [WARNING] SceneDepthProcessOnce InterpolatePose failed! prePose ts 1014828256009, nextPose ts 1014828256009, avg_ts 1014828324596
08-13 10:41:37.598  1513  1777 I         : 2.5.85: [ProcessVisualInertialOnce]: Send SLAM Img[1014832833593],latest IMU[1014828324583]
08-13 10:41:37.603  1513  1778 I         : SLAM_ALG::pipeline # TrackingOnce long frame: 4.217000,1.244000,2.973000,1014828324583
08-13 10:41:37.605  1513  1783 I         : MeshRecon # [timing] IN GenerateDepthMatFromMesh: 0.029000, 0.000000, 0.036000, 1.166000
08-13 10:41:37.605  1513  1783 I         : MeshRecon # [timing] SceneDepthSystem_Process: 6.924000 = 0.371000 + 5.156000 + 0.093000 + 1.265000 + 0.039000
08-13 10:41:37.606  2610  3053 I CompositorMonitor: fps:72.0, prd:20.9 ms, cpu:1.4 ms, gpu:3.8 ms, early:72.0, stale:0.0, max_stale:0.0, sw_mode:0, drr:72.0, lat_mode:-1
08-13 10:41:37.606  2610  3053 E VSTDisplayManager: VST FPS:73
08-13 10:41:37.632  1513  1777 I         : 2.5.85: [ProcessVisualInertialOnce]: Send SLAM Img[1014867017083],latest IMU[1014861657409]
08-13 10:41:37.636  1513  1778 I         : SLAM_ALG::pipeline # TrackingOnce long frame: 3.949000,0.817000,3.132000,1014861657409
08-13 10:41:37.638  1513  1783 I         : MeshRecon # [timing] IN GenerateDepthMatFromMesh: 0.019000, 0.000000, 0.039000, 1.312000
08-13 10:41:37.638  1513  1783 I         : MeshRecon # [timing] SceneDepthSystem_Process: 6.650000 = 0.371000 + 4.734000 + 0.101000 + 1.410000 + 0.034000
08-13 10:41:37.640  1513  1784 I         : MeshRecon # [timing] SUM:48.289001, Prep:0.005000,Rect:1.489000,BBox:1.553000,Depth:36.271999,Filter:1.193000,Insert:7.777000,Update:0.000000,CB:0.000000,Floor:0.000000,Boundary:0.000000,NearObj:0.000000,Room1:0.000000,Room2:0.000000
08-13 10:41:37.665  1513  1783 I         : 2.5.85: [WARNING] SceneDepthProcessOnce InterpolatePose failed! prePose ts 1014894669290, nextPose ts 1014894669290, avg_ts 1014894990272
08-13 10:41:37.666  1513  1777 I         : 2.5.85: [ProcessVisualInertialOnce]: Send SLAM Img[1014900223593],latest IMU[1014894990273]
08-13 10:41:37.671  1513  1778 I         : SLAM_ALG::pipeline # TrackingOnce long frame: 5.126000,0.980000,4.146000,1014894990273
08-13 10:41:37.671  1513  1783 I         : MeshRecon # [timing] IN GenerateDepthMatFromMesh: 0.033000, 0.000000, 0.042000, 1.579000
08-13 10:41:37.671  1513  1783 I         : MeshRecon # [timing] SceneDepthSystem_Process: 6.758000 = 0.463000 + 4.473000 + 0.112000 + 1.680000 + 0.030000
08-13 10:41:37.689  1513  1784 I         : MeshRecon # DetectNearObj result: xyz (-0.050000, 0.250000, -0.601804), dist 0.555259
08-13 10:41:37.690  1513  1784 I         : MeshRecon # [timing] DetectNearObj: 0.013000 + 0.005000 + 0.194000 = 0.212000
08-13 10:41:37.690  3537  3765 I FOO     : [SystemUX] onNearestObjectUpdate 0.555259
08-13 10:41:37.699  1513  1777 I         : 2.5.85: [ProcessVisualInertialOnce]: Send SLAM Img[1014933430364],latest IMU[1014928323125]
08-13 10:41:37.706  1513  1783 I         : MeshRecon # [timing] IN GenerateDepthMatFromMesh: 0.017000, 0.000000, 0.039000, 1.381000
08-13 10:41:37.706  1513  1778 I         : SLAM_ALG::pipeline # TrackingOnce long frame: 5.531000,0.918000,4.613000,1014928323125
08-13 10:41:37.706  1513  1783 I         : MeshRecon # [timing] SceneDepthSystem_Process: 6.430000 = 0.521000 + 4.260000 + 0.100000 + 1.516000 + 0.033000
08-13 10:41:37.732  1513  1777 I         : 2.5.85: [ProcessVisualInertialOnce]: Send SLAM Img[1014966637135],latest IMU[1014961655963]
08-13 10:41:37.737  1513  1778 I         : SLAM_ALG::pipeline # TrackingOnce long frame: 5.051000,1.444000,3.607000,1014961655963
08-13 10:41:37.738  1513  1783 I         : MeshRecon # [timing] IN GenerateDepthMatFromMesh: 0.017000, 0.000000, 0.036000, 1.193000
08-13 10:41:37.738  1513  1783 I         : MeshRecon # [timing] SceneDepthSystem_Process: 6.291999 = 0.437000 + 4.444000 + 0.088000 + 1.286000 + 0.037000
08-13 10:41:37.757  1513  1784 I         : MeshRecon # FloorDetector fail since no enough valid point existed
08-13 10:41:37.757  1513  1784 I         : MeshRecon # [ERROR] floor detection failed! successful: 0 value: 999.000000 relative: -999.056824
08-13 10:41:37.757  1513  1784 W MeshTrackingModule: [Spatial] invalid floor level: 999.000000
08-13 10:41:37.757  1513  1784 I         : MeshRecon # [timing] DetectFloor: 0.026000 + 0.093000 + 0.137000 = 0.256000
08-13 10:41:37.765  1513  1777 I         : 2.5.85: [ProcessVisualInertialOnce]: Send SLAM Img[1014999843645],latest IMU[1014994988828]
08-13 10:41:37.771  1513  1778 I         : SLAM_ALG::pipeline # TrackingOnce long frame: 5.261000,1.399000,3.862000,1014994988828
08-13 10:41:37.771  1513  1783 I         : MeshRecon # [timing] IN GenerateDepthMatFromMesh: 0.018000, 0.000000, 0.037000, 1.187000
08-13 10:41:37.771  1513  1783 I         : MeshRecon # [timing] SceneDepthSystem_Process: 6.631000 = 0.394000 + 4.758000 + 0.088000 + 1.322000 + 0.069000
08-13 10:41:37.779  1513  6893 I         : SLAM_ALG: mapping UpdateAlignMapTransformInfo t_error: 0.002, r_error: 0.16
08-13 10:41:37.781  1513  6893 I         : SLAM_ALG: mapping Twb_cur_int in pipeline: 1014928323125, -0.0668, 0.0177, 0.0607, 0.7016, 0.6893, -0.0826, -0.1607
08-13 10:41:37.781  1513  6893 I         : SLAM_ALG: mapping Twb_cur_ext in pipeline: 1014928323125, -0.0787, -0.0615, -0.0243, 0.7192, 0.6543, -0.2336, -0.0021
08-13 10:41:37.781  1513  6893 I         : SLAM_ALG: mapping Merged Maps Num: 10
08-13 10:41:37.781  1513  6893 I         : SLAM_ALG: mapping ---- Map id: 0, frames num: 10, transform: 0 - 0, 0.0000, 0.0000, 0.0000, 0.0000, 0.0000, 0.0000, 1.0000
08-13 10:41:37.781  1513  6893 I         : SLAM_ALG: mapping ---- Map id: 22, frames num: 130, transform: 22 - 0, 0.0126, 0.0330, 0.0198, 0.0234, 0.0026, 0.0016, 0.9997
08-13 10:41:37.781  1513  6893 I         : SLAM_ALG: mapping ---- Map id: 24, frames num: 13, transform: 24 - 0, 0.0504, -0.0102, 0.0125, -0.2222, 0.0022, 0.0004, 0.9750
08-13 10:41:37.781  1513  6893 I         : SLAM_ALG: mapping ---- Map id: 46, frames num: 3, transform: 46 - 0, 0.0507, 0.0502, -0.0933, 0.0136, 0.0046, 0.0029, 0.9999
08-13 10:41:37.781  1513  6893 I         : SLAM_ALG: mapping ---- Map id: 47, frames num: 106, transform: 47 - 0, 0.0354, 0.1158, -0.1375, 0.0709, 0.0069, 0.0053, 0.9974
08-13 10:41:37.781  1513  6893 I         : SLAM_ALG: mapping ---- Map id: 48, frames num: 0, transform: 48 - 0, 0.0102, 0.0466, -0.0616, 0.0634, 0.0051, 0.0024, 0.9980
08-13 10:41:37.781  1513  6893 I         : SLAM_ALG: mapping ---- Map id: 49, frames num: 0, transform: 49 - 0, 0.0042, 0.0279, -0.0583, 0.0046, 0.0108, 0.0036, 0.9999
08-13 10:41:37.781  1513  6893 I         : SLAM_ALG: mapping ---- Map id: 50, frames num: 0, transform: 50 - 0, 0.0129, 0.0152, -0.0622, 0.0178, 0.0162, 0.0048, 0.9997
08-13 10:41:37.781  1513  6893 I         : SLAM_ALG: mapping ---- Map id: 51, frames num: 13, transform: 51 - 0, 0.0202, 0.0113, -0.0320, 0.0100, 0.0082, 0.0026, 0.9999
08-13 10:41:37.781  1513  6893 I         : SLAM_ALG: mapping ---- Map id: 52, frames num: 12, transform: 52 - 0, -0.0080, -0.1039, -0.0725, -0.2206, 0.0046, 0.0006, 0.9754
08-13 10:41:37.781  1513  6893 I         : SLAM_ALG: mapping Mapping Map 0, local anchors num: 0
08-13 10:41:37.782  1513  6893 I         : SLAM_ALG: mapping [MEMORY] kfs num: 287/287, nfs num: 0/0, cams num: 653/653, feats num: 45264/45264, meas num: 43169/43169, mpts num: 7946/7946
08-13 10:41:37.782  1513  6893 I         : SLAM_ALG: mapping [TIME] ProcessKeyFrame: 75.48, 46.89, 10.57, 10.24, 4.44, 0.00, 0.11, 3.23, 1014928323125
08-13 10:41:37.799  1513  1777 I         : 2.5.85: [ProcessVisualInertialOnce]: Send SLAM Img[1015033050416],latest IMU[1015028321667]
08-13 10:41:37.803  1513  1778 I         : SLAM_ALG::pipeline # TrackingOnce long frame: 3.976000,1.108000,2.868000,1015028321667
08-13 10:41:37.805  1513  1783 I         : MeshRecon # [timing] IN GenerateDepthMatFromMesh: 0.016000, 0.000000, 0.033000, 1.149000
08-13 10:41:37.806  1513  1783 I         : MeshRecon # [timing] SceneDepthSystem_Process: 7.296000 = 0.590000 + 5.322000 + 0.093000 + 1.259000 + 0.032000
08-13 10:41:37.832  1513  1777 I         : 2.5.85: [ProcessVisualInertialOnce]: Send SLAM Img[1015066256875],latest IMU[1015061654531]
08-13 10:41:37.837  1513  1778 I         : SLAM_ALG::pipeline # TrackingOnce long frame: 5.224000,1.194000,4.030000,1015061654530
08-13 10:41:37.838  1513  1784 I         : MeshRecon # [timing] SUM:47.507000, Prep:0.004000,Rect:1.514000,BBox:1.465000,Depth:34.575001,Filter:0.876000,Insert:9.072000,Update:0.000000,CB:0.000000,Floor:0.000000,Boundary:0.000000,NearObj:0.001000,Room1:0.000000,Room2:0.000000
08-13 10:41:37.839  1513  1783 I         : MeshRecon # [timing] IN GenerateDepthMatFromMesh: 0.067000, 0.000000, 0.042000, 1.418000
08-13 10:41:37.839  1513  1783 I         : MeshRecon # [timing] SceneDepthSystem_Process: 7.301000 = 0.412000 + 5.138000 + 0.107000 + 1.580000 + 0.064000
08-13 10:41:37.856  2610  3053 I VstCameraDeviceImpl: calculatePhase, fn:1620 (60 : 60), delay:6569326
08-13 10:41:37.865  1513  1783 I         : 2.5.85: [WARNING] SceneDepthProcessOnce InterpolatePose failed! prePose ts 1015094885801, nextPose ts 1015094885801, avg_ts 1015094987356
08-13 10:41:37.865  1513  1777 I         : 2.5.85: [ProcessVisualInertialOnce]: Send SLAM Img[1015100440416],latest IMU[1015094987357]
08-13 10:41:37.871  1513  1778 I         : SLAM_ALG::pipeline # TrackingOnce long frame: 5.350000,1.710000,3.640000,1015094987357
08-13 10:41:37.872  1513  1783 I         : MeshRecon # [timing] IN GenerateDepthMatFromMesh: 0.023000, 0.000000, 0.121000, 1.419000
08-13 10:41:37.872  1513  1783 I         : MeshRecon # [timing] SceneDepthSystem_Process: 6.774000 = 0.466000 + 4.545000 + 0.098000 + 1.626000 + 0.039000
08-13 10:41:37.898  1513  1783 I         : 2.5.85: [WARNING] SceneDepthProcessOnce InterpolatePose failed! prePose ts 1015128092571, nextPose ts 1015128092571, avg_ts 1015128320246
08-13 10:41:37.899  1513  1777 I         : 2.5.85: [ProcessVisualInertialOnce]: Send SLAM Img[1015133646927],latest IMU[1015128320234]
08-13 10:41:37.903  1513  1778 I         : SLAM_ALG::pipeline # TrackingOnce long frame: 4.265000,1.368000,2.897000,1015128320234
08-13 10:41:37.906  1513  1783 I         : MeshRecon # [timing] IN GenerateDepthMatFromMesh: 0.016000, 0.000000, 0.037000, 1.383000
08-13 10:41:37.906  1513  1783 I         : MeshRecon # [timing] SceneDepthSystem_Process: 7.904000 = 0.422000 + 5.851000 + 0.092000 + 1.498000 + 0.041000
08-13 10:41:37.923  1513  1784 I         : MeshRecon # DetectNearObj result: xyz (-0.050000, 0.250000, -0.601804), dist 0.555047
08-13 10:41:37.923  1513  1784 I         : MeshRecon # [timing] DetectNearObj: 0.013000 + 0.011000 + 0.249000 = 0.273000
08-13 10:41:37.924  3537  3765 I FOO     : [SystemUX] onNearestObjectUpdate 0.555047
08-13 10:41:37.931  1513  1783 I         : 2.5.85: [WARNING] SceneDepthProcessOnce InterpolatePose failed! prePose ts 1015161299342, nextPose ts 1015161299342, avg_ts 1015161653086
08-13 10:41:37.932  1513  1777 I         : 2.5.85: [ProcessVisualInertialOnce]: Send SLAM Img[1015166853645],latest IMU[1015161653086]
08-13 10:41:37.937  1513  1778 I         : SLAM_ALG::pipeline # TrackingOnce long frame: 4.187000,1.383000,2.804000,1015161653086
08-13 10:41:37.938  1513  1783 I         : MeshRecon # [timing] IN GenerateDepthMatFromMesh: 0.021000, 0.000000, 0.042000, 1.413000
08-13 10:41:37.938  1513  1783 I         : MeshRecon # [timing] SceneDepthSystem_Process: 6.819000 = 0.430000 + 4.716000 + 0.100000 + 1.526000 + 0.047000
08-13 10:41:37.966  1513  1777 I         : 2.5.85: [ProcessVisualInertialOnce]: Send SLAM Img[1015200060416],latest IMU[1015194985924]
08-13 10:41:37.970  1513  1778 I         : SLAM_ALG::pipeline # TrackingOnce long frame: 4.699000,1.376000,3.323000,1015194985924
08-13 10:41:37.972  1513  1783 I         : MeshRecon # [timing] IN GenerateDepthMatFromMesh: 0.022000, 0.000000, 0.041000, 1.510000
08-13 10:41:37.972  1513  1783 I         : MeshRecon # [timing] SceneDepthSystem_Process: 6.735000 = 0.466000 + 4.508000 + 0.097000 + 1.615000 + 0.049000
08-13 10:41:37.999  1513  1777 I         : 2.5.85: [ProcessVisualInertialOnce]: Send SLAM Img[1015233266927],latest IMU[1015228318776]
08-13 10:41:38.004  1513  1778 I         : SLAM_ALG::pipeline # TrackingOnce long frame: 4.637000,1.338000,3.299000,1015228318776
08-13 10:41:38.006  1513  1783 I         : MeshRecon # [timing] IN GenerateDepthMatFromMesh: 0.035000, 0.000000, 0.082000, 1.424000
08-13 10:41:38.006  1513  1783 I         : MeshRecon # [timing] SceneDepthSystem_Process: 7.713000 = 0.487000 + 5.424000 + 0.131000 + 1.594000 + 0.077000
08-13 10:41:38.032  1513  5085 I         : 2.5.85: [ProcessVisualInertialOnce]: Send SLAM Img[1015266473697],latest IMU[1015261651641]
08-13 10:41:38.039  1513  1778 I         : SLAM_ALG::pipeline # TrackingOnce long frame: 5.303000,0.927000,4.376000,1015261651641
08-13 10:41:38.040  1513  1783 I         : MeshRecon # [timing] IN GenerateDepthMatFromMesh: 0.024000, 0.000000, 0.041000, 1.412000
08-13 10:41:38.040  1513  1783 I         : MeshRecon # [timing] SceneDepthSystem_Process: 7.106999 = 0.602000 + 4.848000 + 0.119000 + 1.510000 + 0.028000
08-13 10:41:38.045  1513  1784 E MeshTrackingModule: [Spatial] on block update, count: 33
08-13 10:41:38.049  1513  1784 I         : MeshRecon # Callback updated 33 blocks at map_id 47!
08-13 10:41:38.049  1513  1784 I         : MeshRecon # [timing] SUM:57.808994, Prep:0.005000,Rect:1.508000,BBox:1.017000,Depth:34.203999,Filter:0.853000,Insert:7.489000,Update:8.876000,CB:3.854000,Floor:0.001000,Boundary:0.000000,NearObj:0.001000,Room1:0.000000,Room2:0.001000
08-13 10:41:38.049  1513  1784 I         : MeshRecon # [cur update] chunk num: 33, vtx num: 852, idx num: 3060;  [max update] chunk num: 97, vtx num: 4687, idx num: 18291;  [all] chunk num: 82, vtx num: 2492, idx num: 9705
08-13 10:41:38.049  1513  1784 I         : CalculateBBox_QNN            -> min:0.930, max:5.289, avg:1.392 ms, sum:2.13988 s
08-13 10:41:38.049  1513  1784 I         : CalculateDepth               -> min:30.39, max:53.21, avg:35.62 ms, sum:54.7499 s
08-13 10:41:38.049  1513  1784 I         : CalculateDepthStereo_CNN     -> min:15.30, max:31.77, avg:17.28 ms, sum:26.5686 s
08-13 10:41:38.049  1513  1784 I         : CalculateDepthToF_CNN        -> min:12.74, max:31.52, avg:16.48 ms, sum:25.3361 s
08-13 10:41:38.049  1513  1784 I         : CalculateDepthToF_ToFMask    -> min:0.044, max:0.734, avg:0.065 ms, sum:0.10083 s
08-13 10:41:38.049  1513  1784 I         : CallbackBlockUpdateEvent     -> min:2.799, max:9.660, avg:5.073 ms, sum:2.60291 s
08-13 10:41:38.049  1513  1784 I         : DetectFloor                  -> min:0.088, max:1.212, avg:0.246 ms, sum:0.07391 s
08-13 10:41:38.049  1513  1784 I         : DetectNearObj                -> min:0.004, max:3.782, avg:0.317 ms, sum:0.41229 s
08-13 10:41:38.049  1513  1784 I         : FilterDepth                  -> min:0.140, max:8.363, avg:1.173 ms, sum:1.79269 s
08-13 10:41:38.049  1513  1784 I         : InsertData                   -> min:4.666, max:16.54, avg:8.716 ms, sum:13.3097 s
08-13 10:41:38.049  1513  1784 I         : Rectification                -> min:1.342, max:4.288, avg:1.729 ms, sum:2.65753 s
08-13 10:41:38.049  1513  1784 I         : TrackingBBox                 -> min:0.005, max:0.521, avg:0.014 ms, sum:0.02197 s
08-13 10:41:38.049  1513  1784 I         : UpdateMesh                   -> min:1.155, max:40.21, avg:15.78 ms, sum:8.09547 s
08-13 10:41:38.049  1513  1784 I         : 
08-13 10:41:38.065  1513  1777 I         : 2.5.85: [ProcessVisualInertialOnce]: Send SLAM Img[1015299680468],latest IMU[1015294984479]
08-13 10:41:38.071  1513  1778 I         : SLAM_ALG::pipeline # TrackingOnce long frame: 4.535000,2.015000,2.520000,1015294984478
08-13 10:41:38.073  1513  1783 I         : MeshRecon # [timing] IN GenerateDepthMatFromMesh: 0.018000, 0.000000, 0.035000, 1.301000
08-13 10:41:38.073  1513  1783 I         : MeshRecon # [timing] SceneDepthSystem_Process: 8.337000 = 0.623000 + 6.128000 + 0.138000 + 1.411000 + 0.037000
08-13 10:41:38.100  1513  5085 I         : 2.5.85: [ProcessVisualInertialOnce]: Send SLAM Img[1015333863697],latest IMU[1015328317331]
08-13 10:41:38.107  1513  1778 I         : SLAM_ALG::pipeline # TrackingOnce long frame: 5.080000,1.954000,3.125000,1015328317331
08-13 10:41:38.108  1513  1783 I         : MeshRecon # [timing] IN GenerateDepthMatFromMesh: 0.018000, 0.000000, 0.039000, 1.542000
08-13 10:41:38.108  1513  1783 I         : MeshRecon # [timing] SceneDepthSystem_Process: 7.531000 = 0.895000 + 4.806000 + 0.101000 + 1.684000 + 0.045000
08-13 10:41:38.131  1513  1783 I         : 2.5.85: [WARNING] SceneDepthProcessOnce InterpolatePose failed! prePose ts 1015361515905, nextPose ts 1015361515905, avg_ts 1015361650168
08-13 10:41:38.132  1513  1777 I         : 2.5.85: [ProcessVisualInertialOnce]: Send SLAM Img[1015367070468],latest IMU[1015361650169]
08-13 10:41:38.136  1513  1778 I         : SLAM_ALG::pipeline # TrackingOnce long frame: 3.725000,1.269000,2.456000,1015361650169
08-13 10:41:38.138  1513  1783 I         : MeshRecon # [timing] IN GenerateDepthMatFromMesh: 0.022000, 0.000000, 0.041000, 1.318000
08-13 10:41:38.138  1513  1783 I         : MeshRecon # [timing] SceneDepthSystem_Process: 6.651000 = 0.389000 + 4.706000 + 0.100000 + 1.420000 + 0.036000
08-13 10:41:38.157  1513  1784 I         : MeshRecon # DetectNearObj result: xyz (-0.150000, 0.250000, -0.594943), dist 0.555678
08-13 10:41:38.158  1513  1784 I         : MeshRecon # [timing] DetectNearObj: 0.015000 + 0.009000 + 0.520000 = 0.544000
08-13 10:41:38.159  3537  3765 I FOO     : [SystemUX] onNearestObjectUpdate 0.555678
08-13 10:41:38.165  1513  1783 I         : 2.5.85: [WARNING] SceneDepthProcessOnce InterpolatePose failed! prePose ts 1015394722676, nextPose ts 1015394722676, avg_ts 1015394983034
08-13 10:41:38.166  1513  1777 I         : 2.5.85: [ProcessVisualInertialOnce]: Send SLAM Img[1015400276979],latest IMU[1015394983034]
08-13 10:41:38.171  1513  1778 I         : SLAM_ALG::pipeline # TrackingOnce long frame: 5.341000,1.025000,4.316000,1015394983034
08-13 10:41:38.173  1513  1783 I         : MeshRecon # [timing] IN GenerateDepthMatFromMesh: 0.034000, 0.000000, 0.056000, 1.299000
08-13 10:41:38.173  1513  1783 I         : MeshRecon # [timing] SceneDepthSystem_Process: 7.838000 = 0.414000 + 5.714000 + 0.233000 + 1.433000 + 0.044000
08-13 10:41:38.183  1513  6864 I VrlinkDataSource: timeSync.ts:1015418928421, offset:7604
08-13 10:41:38.199  1513  1777 I         : 2.5.85: [ProcessVisualInertialOnce]: Send SLAM Img[1015433483750],latest IMU[1015428315885]
08-13 10:41:38.204  1513  1778 I         : SLAM_ALG::pipeline # TrackingOnce long frame: 4.660000,1.215000,3.445000,1015428315885
08-13 10:41:38.206  1513  1783 I         : MeshRecon # [timing] IN GenerateDepthMatFromMesh: 0.024000, 0.000000, 0.049000, 1.416000
08-13 10:41:38.206  1513  1783 I         : MeshRecon # [timing] SceneDepthSystem_Process: 7.352000 = 0.625000 + 5.050000 + 0.100000 + 1.531000 + 0.046000
08-13 10:41:38.232  1513  1777 I         : 2.5.85: [ProcessVisualInertialOnce]: Send SLAM Img[1015466690260],latest IMU[1015461648763]
08-13 10:41:38.233  1513  5085 D ETMultiCamera: frameid:1936, frameduration:11164271, delay:2854596, boottime:1011071826892, exposure:1049999, gain:98, cameraid:8
08-13 10:41:38.234  1513  5085 D ETMultiCamera: frameid:1936, frameduration:11164271, delay:3141106, boottime:1011071834861, exposure:1049999, gain:98, cameraid:9
08-13 10:41:38.238  1513  1778 I         : SLAM_ALG::pipeline # TrackingOnce long frame: 6.337000,1.879000,4.458000,1015461648763
08-13 10:41:38.239  1513  1783 I         : MeshRecon # [timing] IN GenerateDepthMatFromMesh: 0.017000, 0.000000, 0.038000, 1.514000
08-13 10:41:38.239  1513  1783 I         : MeshRecon # [timing] SceneDepthSystem_Process: 7.905000 = 0.469000 + 5.658000 + 0.095000 + 1.633000 + 0.050000
08-13 10:41:38.241  1513  1784 I         : MeshRecon # [timing] SUM:49.870998, Prep:0.004000,Rect:1.629000,BBox:1.002000,Depth:39.932999,Filter:0.762000,Insert:6.541000,Update:0.000000,CB:0.000000,Floor:0.000000,Boundary:0.000000,NearObj:0.000000,Room1:0.000000,Room2:0.000000
08-13 10:41:38.266  1513  5085 I         : 2.5.85: [ProcessVisualInertialOnce]: Send SLAM Img[1015499897031],latest IMU[1015494981575]
08-13 10:41:38.268  2610  2723 W DisplayConfig: vsync delay 2.023863(ms)
08-13 10:41:38.268  2610  2723 W DisplayConfig: vsync period is not stable, cur_prd_ns:0.000112(ms) abs_diff:13.888777(ms), current drr: 72.000000 target drr: 72.000000 ts_ns[1011107.552000(ms)] state_ts_ns[1011107.551888(ms)]
08-13 10:41:38.274  1513  1778 I         : SLAM_ALG::pipeline # TrackingOnce long frame: 5.509000,3.038000,2.471000,1015494981575
08-13 10:41:38.274  1513  1783 I         : MeshRecon # [timing] IN GenerateDepthMatFromMesh: 0.019000, 0.000000, 0.038000, 1.576000
08-13 10:41:38.274  1513  1783 I         : MeshRecon # [timing] SceneDepthSystem_Process: 7.913000 = 1.061000 + 4.978000 + 0.121000 + 1.703000 + 0.050000
08-13 10:41:38.298  1513  1777 I         : 2.5.85: [ProcessVisualInertialOnce]: Send SLAM Img[1015533103750],latest IMU[1015528314440]
08-13 10:41:38.303  1513  1778 I         : SLAM_ALG::pipeline # TrackingOnce long frame: 4.466000,0.990000,3.476000,1015528314440
08-13 10:41:38.305  1513  1783 I         : MeshRecon # [timing] IN GenerateDepthMatFromMesh: 0.018000, 0.000000, 0.063000, 1.362000
08-13 10:41:38.305  1513  1783 I         : MeshRecon # [timing] SceneDepthSystem_Process: 6.725000 = 0.519000 + 4.582000 + 0.107000 + 1.478000 + 0.039000
08-13 10:41:38.332  1513  1777 I         : 2.5.85: [ProcessVisualInertialOnce]: Send SLAM Img[1015566310260],latest IMU[1015561647292]
08-13 10:41:38.335  1513  1778 I         : SLAM_ALG::pipeline # TrackingOnce long frame: 3.250000,0.804000,2.446000,1015561647292
08-13 10:41:38.338  1513  1783 I         : MeshRecon # [timing] IN GenerateDepthMatFromMesh: 0.024000, 0.000000, 0.057000, 1.547000
08-13 10:41:38.338  1513  1783 I         : MeshRecon # [timing] SceneDepthSystem_Process: 6.623000 = 0.375000 + 4.387000 + 0.111000 + 1.690000 + 0.060000
08-13 10:41:38.367  1513  5085 I         : 2.5.85: [ProcessVisualInertialOnce]: Send SLAM Img[1015601470260],latest IMU[1015594980130]
08-13 10:41:38.369  2243  4703 D ConnectivityService: requestNetwork for uid/pid:1000/4283 activeRequest: null callbackRequest: 63 [NetworkRequest [ REQUEST id=64, [ Capabilities: INTERNET&NOT_RESTRICTED&TRUSTED&NOT_VCN_MANAGED Uid: 1000 RequestorUid: 1000 RequestorPkg: com.yvr.wpevent UnderlyingNetworks: Null] ]] callback flags: 0 order: 2147483647
08-13 10:41:38.369  2243  2378 D WifiNetworkFactory: got request NetworkRequest [ REQUEST id=64, [ Capabilities: INTERNET&NOT_RESTRICTED&TRUSTED&NOT_VCN_MANAGED Uid: 1000 RequestorUid: 1000 RequestorPkg: com.yvr.wpevent UnderlyingNetworks: Null] ]
08-13 10:41:38.370  2243  2386 D ConnectivityService: NetReassign [64 : null → 100] [c 0] [a 0] [i 0]
08-13 10:41:38.370  2243  2378 D UntrustedWifiNetworkFactory: got request NetworkRequest [ REQUEST id=64, [ Capabilities: INTERNET&NOT_RESTRICTED&TRUSTED&NOT_VCN_MANAGED Uid: 1000 RequestorUid: 1000 RequestorPkg: com.yvr.wpevent UnderlyingNetworks: Null] ]
08-13 10:41:38.370  2243  2378 D OemPaidWifiNetworkFactory: got request NetworkRequest [ REQUEST id=64, [ Capabilities: INTERNET&NOT_RESTRICTED&TRUSTED&NOT_VCN_MANAGED Uid: 1000 RequestorUid: 1000 RequestorPkg: com.yvr.wpevent UnderlyingNetworks: Null] ]
08-13 10:41:38.370  2243  2378 D MultiInternetWifiNetworkFactory: got request NetworkRequest [ REQUEST id=64, [ Capabilities: INTERNET&NOT_RESTRICTED&TRUSTED&NOT_VCN_MANAGED Uid: 1000 RequestorUid: 1000 RequestorPkg: com.yvr.wpevent UnderlyingNetworks: Null] ]
08-13 10:41:38.370  4283  6969 D DeviceUtils: acquireWakeLock com.yvr.wpevent.MyApplication@7b9830e, 15000
--------- beginning of system
08-13 10:41:38.371  2243  4703 D PowerManagerService: releaseWakeLockInternal: lock=70026677 [com.yvr.wpevent:partial_wakelock], flags=0x0, mOwnerUid:1000, mOwnerPid:4283
08-13 10:41:38.371  2243  4703 D PowerManagerService: acquireWakeLockInternal: lock=70026677, flags=0x1, tag="com.yvr.wpevent:partial_wakelock", ws=null, uid=1000, pid=4283
08-13 10:41:38.372  4283  6969 D UploadWorker: doWork -- network: 100
08-13 10:41:38.372  4283  6969 D UploadWorker: doWork -- from: self_sync_events
08-13 10:41:38.372  4283  6969 D UploadWorker: doWork -- sourceKey: self_1755052897363, 
08-13 10:41:38.373  1513  1778 I         : SLAM_ALG::pipeline # TrackingOnce long frame: 4.966000,1.276000,3.690000,1015594980130
08-13 10:41:38.374  1513  1783 I         : MeshRecon # [timing] IN GenerateDepthMatFromMesh: 0.025000, 0.000000, 0.042000, 1.492000
08-13 10:41:38.374  1513  1783 I         : MeshRecon # [timing] SceneDepthSystem_Process: 7.102999 = 0.582000 + 4.766000 + 0.106000 + 1.601000 + 0.048000
08-13 10:41:38.375  4283  6969 D UploadWorker: loganSend - 0 - 2025-08-12
08-13 10:41:38.376  4283  6969 D UploadWorker: loganSend - 1 - 2025-08-13
08-13 10:41:38.376  4283  6969 D UploadWorker: Logan.s https://api.yvrdream.com/wpserver/logan/upload.json, [Ljava.lang.String;@7c972ed
08-13 10:41:38.377  4283  4361 D UploadWorker: onLogSendCompleted -- -1, null, 1754928000000
08-13 10:41:38.377  4283  4361 D UploadWorker: onLogSendCompleted -- prepareLogFile fail
08-13 10:41:38.377  4283  6969 D UploadWorker: doWork -- result of Failure {mOutputData=Data {}} for self_sync_events
08-13 10:41:38.378  4283  4421 I WM-WorkerWrapper: Worker result FAILURE for Work [ id=274b57e5-e7c0-4517-bd41-ddf0d1e7139a, tags={ once_sync_events_4d9ee376-fc44-4883-b04c-13ad423670f2, com.yvr.wpevent.upload.UploadWorker } ]
08-13 10:41:38.382  4283  6970 D TrafficStats: tagSocket(122) with statsTag=0xffffffff, statsUid=-1
08-13 10:41:38.398  1513  1783 I         : 2.5.85: [WARNING] SceneDepthProcessOnce InterpolatePose failed! prePose ts 1015628145957, nextPose ts 1015628145957, avg_ts 1015628312982
08-13 10:41:38.399  1513  1777 I         : 2.5.85: [ProcessVisualInertialOnce]: Send SLAM Img[1015633700312],latest IMU[1015628312982]
08-13 10:41:38.406  1513  1778 I         : SLAM_ALG::pipeline # TrackingOnce long frame: 6.120000,1.718000,4.402000,1015628312982
08-13 10:41:38.407  1513  1783 I         : MeshRecon # [timing] IN GenerateDepthMatFromMesh: 0.018000, 0.000000, 0.035000, 1.332000
08-13 10:41:38.407  1513  1783 I         : MeshRecon # [timing] SceneDepthSystem_Process: 8.275001 = 0.574000 + 6.105000 + 0.098000 + 1.448000 + 0.050000
08-13 10:41:38.432  1513  1777 I         : 2.5.85: [ProcessVisualInertialOnce]: Send SLAM Img[1015666907083],latest IMU[1015661645846]
08-13 10:41:38.437  1513  1784 I         : MeshRecon # DetectNearObj result: xyz (-0.150000, 0.150000, -0.604660), dist 0.554842
08-13 10:41:38.437  1513  1784 I         : MeshRecon # [timing] DetectNearObj: 0.016000 + 0.008000 + 0.314000 = 0.338000
08-13 10:41:38.437  3537  3765 I FOO     : [SystemUX] onNearestObjectUpdate 0.554842
08-13 10:41:38.437  1513  1784 I         : MeshRecon # [timing] SUM:47.279999, Prep:0.005000,Rect:1.656000,BBox:1.865000,Depth:34.759998,Filter:0.745000,Insert:7.875000,Update:0.000000,CB:0.000000,Floor:0.000000,Boundary:0.000000,NearObj:0.374000,Room1:0.000000,Room2:0.000000
08-13 10:41:38.438  1513  1778 I         : SLAM_ALG::pipeline # TrackingOnce long frame: 5.513000,1.473000,4.040000,1015661645846
08-13 10:41:38.438  1513  1783 I         : MeshRecon # [timing] IN GenerateDepthMatFromMesh: 0.023000, 0.000000, 0.044000, 1.254000
08-13 10:41:38.438  1513  1783 I         : MeshRecon # [timing] SceneDepthSystem_Process: 6.853000 = 0.429000 + 4.934000 + 0.098000 + 1.358000 + 0.034000
08-13 10:41:38.465  1513  1777 I         : 2.5.85: [ProcessVisualInertialOnce]: Send SLAM Img[1015700113593],latest IMU[1015694978698]
08-13 10:41:38.469  1513  1778 I         : SLAM_ALG::pipeline # TrackingOnce long frame: 3.138000,0.849000,2.289000,1015694978698
08-13 10:41:38.471  1513  1783 I         : MeshRecon # [timing] IN GenerateDepthMatFromMesh: 0.026000, 0.000000, 0.061000, 1.366000
08-13 10:41:38.471  1513  1783 I         : MeshRecon # [timing] SceneDepthSystem_Process: 6.464000 = 0.413000 + 4.379000 + 0.129000 + 1.504000 + 0.039000
08-13 10:41:38.498  1513  1777 I         : 2.5.85: [ProcessVisualInertialOnce]: Send SLAM Img[1015733320364],latest IMU[1015728311536]
08-13 10:41:38.503  1513  1778 I         : SLAM_ALG::pipeline # TrackingOnce long frame: 3.900000,0.758000,3.142000,1015728311536
08-13 10:41:38.505  1513  1783 I         : MeshRecon # [timing] IN GenerateDepthMatFromMesh: 0.030000, 0.000000, 0.048000, 1.489000
08-13 10:41:38.505  1513  1783 I         : MeshRecon # [timing] SceneDepthSystem_Process: 6.950000 = 0.353000 + 4.797000 + 0.146000 + 1.617000 + 0.037000
08-13 10:41:38.533  1513  5085 I         : 2.5.85: [ProcessVisualInertialOnce]: Send SLAM Img[1015767503593],latest IMU[1015761644401]
08-13 10:41:38.538  1513  1778 I         : SLAM_ALG::pipeline # TrackingOnce long frame: 4.026000,1.786000,2.240000,1015761644401
08-13 10:41:38.541  1513  1783 I         : MeshRecon # [timing] IN GenerateDepthMatFromMesh: 0.015000, 0.000000, 0.035000, 1.436000
08-13 10:41:38.541  1513  1783 I         : MeshRecon # [timing] SceneDepthSystem_Process: 7.442000 = 0.658000 + 5.134000 + 0.089000 + 1.528000 + 0.033000
08-13 10:41:38.565  1513  1777 I         : 2.5.85: [ProcessVisualInertialOnce]: Send SLAM Img[1015799733645],latest IMU[1015794977253]
08-13 10:41:38.571  1513  1783 I         : MeshRecon # [timing] IN GenerateDepthMatFromMesh: 0.022000, 0.000000, 0.040000, 1.506000
08-13 10:41:38.571  1513  1783 I         : MeshRecon # [timing] SceneDepthSystem_Process: 6.759000 = 0.442000 + 4.509000 + 0.098000 + 1.639000 + 0.071000
08-13 10:41:38.575  1513  1778 I         : SLAM_ALG::pipeline # TrackingOnce long frame: 9.892000,1.575000,8.317000,1015794977253
08-13 10:41:38.591  3842  6833 I PerfStats.cpp: FPS=72.00/72, Prd=20.95ms, Early=72.00, Stale=0.00, Lat=-1, Fov=0, CPU/GPU=4/5, Free=7341MB, ATW=5.13ms, APP=3.69ms/1.68ms, GD=0.00, CPU%=0.40, GPU%=0.35,ColorSpace:6
08-13 10:41:38.594  1513  1784 I         : MeshRecon # Object [0] is completely outside image bounds, skipping
08-13 10:41:38.598  1513  1777 I         : 2.5.85: [ProcessVisualInertialOnce]: Send SLAM Img[1015832940364],latest IMU[1015828310078]
08-13 10:41:38.603  1513  1778 I         : SLAM_ALG::pipeline # TrackingOnce long frame: 4.530000,1.330000,3.200000,1015828310078
08-13 10:41:38.604  1513  1783 I         : MeshRecon # [timing] IN GenerateDepthMatFromMesh: 0.018000, 0.000000, 0.073000, 1.142000
08-13 10:41:38.605  1513  1783 I         : MeshRecon # [timing] SceneDepthSystem_Process: 6.601000 = 0.388000 + 4.814000 + 0.102000 + 1.266000 + 0.031000
08-13 10:41:38.620  2610  3053 I CompositorMonitor: fps:72.0, prd:20.9 ms, cpu:1.3 ms, gpu:3.8 ms, early:72.0, stale:0.0, max_stale:0.0, sw_mode:0, drr:72.0, lat_mode:-1
08-13 10:41:38.620  2610  3053 E VSTDisplayManager: VST FPS:73
08-13 10:41:38.631  1513  1783 I         : 2.5.85: [WARNING] SceneDepthProcessOnce InterpolatePose failed! prePose ts 1015861569342, nextPose ts 1015861569342, avg_ts 1015861642956
08-13 10:41:38.631  1513  1777 I         : 2.5.85: [ProcessVisualInertialOnce]: Send SLAM Img[1015866146875],latest IMU[1015861642956]
08-13 10:41:38.637  1513  1778 I         : SLAM_ALG::pipeline # TrackingOnce long frame: 5.030000,1.343000,3.687000,1015861642956
08-13 10:41:38.638  1513  1783 I         : MeshRecon # [timing] IN GenerateDepthMatFromMesh: 0.018000, 0.000000, 0.038000, 1.306000
08-13 10:41:38.638  1513  1783 I         : MeshRecon # [timing] SceneDepthSystem_Process: 6.607000 = 0.420000 + 4.664000 + 0.096000 + 1.398000 + 0.029000
08-13 10:41:38.647  1513  1784 E MeshTrackingModule: [Spatial] on block update, count: 28
08-13 10:41:38.651  1513  1784 I         : MeshRecon # Callback updated 28 blocks at map_id 47!
