08-13 10:34:48.065  1513  5085 I         : 2.5.85: [ProcessVisualInertialOnce]: Send SLAM Img[605298920260],latest IMU[605294340075]
08-13 10:34:48.069  1513  1778 I         : SLAM_ALG::pipeline # TrackingOnce long frame: 3.316000,1.293000,2.023000,605294340075
08-13 10:34:48.072  1513  1783 I         : MeshRecon # [timing] IN GenerateDepthMatFromMesh: 0.021000, 0.000000, 0.034000, 1.198000
08-13 10:34:48.072  1513  1783 I         : MeshRecon # [timing] SceneDepthSystem_Process: 6.931000 = 0.656000 + 4.849000 + 0.096000 + 1.304000 + 0.026000
08-13 10:34:48.097  1513  1783 I         : 2.5.85: [WARNING] SceneDepthProcessOnce InterpolatePose failed! prePose ts 605327549342, nextPose ts 605327549342, avg_ts 605327672914
08-13 10:34:48.099  1513  1777 I         : 2.5.85: [ProcessVisualInertialOnce]: Send SLAM Img[605333103697],latest IMU[605327672901]
08-13 10:34:48.103  1513  1778 I         : SLAM_ALG::pipeline # TrackingOnce long frame: 4.518000,1.186000,3.332000,605327672901
08-13 10:34:48.105  1513  1784 I         : MeshRecon # [timing] SUM:48.796005, Prep:0.005000,Rect:1.639000,BBox:1.327000,Depth:35.387001,Filter:0.664000,Insert:9.774000,Update:0.000000,CB:0.000000,Floor:0.000000,Boundary:0.000000,NearObj:0.000000,Room1:0.000000,Room2:0.000000
08-13 10:34:48.106  1513  1783 I         : MeshRecon # [timing] IN GenerateDepthMatFromMesh: 0.108000, 0.000000, 0.037000, 1.551000
08-13 10:34:48.106  1513  1783 I         : MeshRecon # [timing] SceneDepthSystem_Process: 8.678000 = 0.413000 + 6.353000 + 0.088000 + 1.767000 + 0.057000
08-13 10:34:48.109  2243  6042 D YvrCommonUtil: isHmdKeyEnable keycode 223 enable=1
08-13 10:34:48.109  2243  6042 D YvrCommonUtil: isHmdKeyEnable keycode 223 enable=1
--------- beginning of system
08-13 10:34:48.109  2243  6042 I WindowManager: sleepRelease() calling goToSleep(GO_TO_SLEEP_REASON_SLEEP_BUTTON)
08-13 10:34:48.109  2243  6042 I PowerGroup: Powering off display group due to sleep_button (groupId= 0, uid= 1000, millisSinceLastUserActivity=0, lastUserActivityEvent=button)...
08-13 10:34:48.109  2243  6042 I PowerManagerService: Going to sleep due to sleep_button (uid 1000, screenOffTimeout=10000, activityTimeoutWM=-1, maxDimRatio=0.20000005, maxDimDur=7000)...
08-13 10:34:48.134   243   243 E init    : ro.debuggable: read  0
08-13 10:34:48.110  2243  2243 D OomAdjuster: Not killing cached processes
08-13 10:34:48.110  2243  2243 W ProcessStats: Tracking association SourceState{6fe307b com.yvr.spatialhome/1000 BTop #916} whose proc state 2 is better than process ProcessState{ec62a24 com.yvr.bizctrl/1000 pkg=com.yvr.bizctrl} proc state 8 (5 skipped)
08-13 10:34:48.121  2566  2566 I vol.VolumeDialogImpl: mDialog.dismiss() reason: volume_controller from: com.android.systemui.volume.VolumeDialogImpl$7.onDismissRequested:3
08-13 10:34:48.121  2243  2304 I system_server: EglImage dataspace changed, need recreate
08-13 10:34:48.132  1513  5085 I         : 2.5.85: [ProcessVisualInertialOnce]: Send SLAM Img[605366310260],latest IMU[605361005713]
08-13 10:34:48.141  1513  1778 I         : SLAM_ALG::pipeline # TrackingOnce long frame: 5.304000,2.074000,3.229000,605361005713
08-13 10:34:48.142  1513  1783 I         : MeshRecon # [timing] IN GenerateDepthMatFromMesh: 0.021000, 0.000000, 0.038000, 1.432000
08-13 10:34:48.142  1513  1783 I         : MeshRecon # [timing] SceneDepthSystem_Process: 7.410000 = 0.782000 + 4.958000 + 0.112000 + 1.526000 + 0.032000
08-13 10:34:48.159  1513  5085 D ETMultiCamera: frameid:4114, frameduration:11164271, delay:2751524, boottime:600997339964, exposure:975000, gain:98, cameraid:8
08-13 10:34:48.159  1513  5085 D ETMultiCamera: frameid:4114, frameduration:11164219, delay:2974909, boottime:600997347933, exposure:975000, gain:98, cameraid:9
08-13 10:34:48.165  1513  1777 I         : 2.5.85: [ProcessVisualInertialOnce]: Send SLAM Img[605399517031],latest IMU[605394338539]
08-13 10:34:48.171  1513  1778 I         : SLAM_ALG::pipeline # TrackingOnce long frame: 5.580000,2.198000,3.382000,605394338539
08-13 10:34:48.172  1513  1783 I         : MeshRecon # [timing] IN GenerateDepthMatFromMesh: 0.018000, 0.000000, 0.035000, 1.268000
08-13 10:34:48.172  1513  1783 I         : MeshRecon # [timing] SceneDepthSystem_Process: 7.599000 = 0.646000 + 5.466000 + 0.083000 + 1.363000 + 0.041000
08-13 10:34:48.192  1513  1784 I         : MeshRecon # DetectNearObj result: xyz (-0.050000, 0.150000, -0.626675), dist 0.540118
08-13 10:34:48.194  1513  1784 I         : MeshRecon # [timing] DetectNearObj: 0.020000 + 0.008000 + 1.811000 = 1.839000
08-13 10:34:48.195  3537  3765 I FOO     : [SystemUX] onNearestObjectUpdate 0.540118
08-13 10:34:48.198  1513  5085 I         : 2.5.85: [ProcessVisualInertialOnce]: Send SLAM Img[605432723593],latest IMU[605427671364]
08-13 10:34:48.206  1513  1783 I         : MeshRecon # [timing] IN GenerateDepthMatFromMesh: 0.020000, 0.000000, 0.036000, 1.328000
08-13 10:34:48.206  1513  1783 I         : MeshRecon # [timing] SceneDepthSystem_Process: 7.785000 = 0.553000 + 5.500000 + 0.085000 + 1.595000 + 0.052000
08-13 10:34:48.206  1513  1778 I         : SLAM_ALG::pipeline # TrackingOnce long frame: 8.193000,1.893000,6.300000,605427671364
08-13 10:34:48.232  1513  5085 I         : 2.5.85: [ProcessVisualInertialOnce]: Send SLAM Img[605465930364],latest IMU[605461004177]
08-13 10:34:48.234  3842  6614 I PerfStats.cpp: FPS=72.00/72, Prd=21.36ms, Early=72.00, Stale=0.00, Lat=-1, Fov=0, CPU/GPU=4/5, Free=7344MB, ATW=5.14ms, APP=3.72ms/1.81ms, GD=0.00, CPU%=0.39, GPU%=0.35,ColorSpace:6
08-13 10:34:48.240  1513  1783 I         : MeshRecon # [timing] IN GenerateDepthMatFromMesh: 0.022000, 0.000000, 0.037000, 1.343000
08-13 10:34:48.240  1513  1783 I         : MeshRecon # [timing] SceneDepthSystem_Process: 7.814000 = 0.547000 + 5.639000 + 0.105000 + 1.463000 + 0.060000
08-13 10:34:48.242  1513  1778 I         : SLAM_ALG::pipeline # TrackingOnce long frame: 8.381000,2.389000,5.992000,605461004177
08-13 10:34:48.265  1513  5085 I         : 2.5.85: [ProcessVisualInertialOnce]: Send SLAM Img[605499136927],latest IMU[605494337003]
08-13 10:34:48.269  1513  1778 I         : SLAM_ALG::pipeline # TrackingOnce long frame: 3.745000,1.423000,2.322000,605494337003
08-13 10:34:48.273  1513  1783 I         : MeshRecon # [timing] IN GenerateDepthMatFromMesh: 0.018000, 0.000000, 0.037000, 1.725000
08-13 10:34:48.273  1513  1783 I         : MeshRecon # [timing] SceneDepthSystem_Process: 8.582001 = 0.854000 + 5.761000 + 0.089000 + 1.828000 + 0.050000
08-13 10:34:48.298  1513  5085 I         : 2.5.85: [ProcessVisualInertialOnce]: Send SLAM Img[605532343750],latest IMU[605527669828]
08-13 10:34:48.304  1513  1778 I         : SLAM_ALG::pipeline # TrackingOnce long frame: 6.037000,1.078000,4.959000,605527669828
08-13 10:34:48.306  2610  3053 I CompositorMonitor: fps:72.0, prd:21.0 ms, cpu:1.3 ms, gpu:3.8 ms, early:72.0, stale:0.0, max_stale:0.0, sw_mode:0, drr:72.0, lat_mode:-1
08-13 10:34:48.308  1513  1783 I         : MeshRecon # [timing] IN GenerateDepthMatFromMesh: 0.023000, 0.000000, 0.044000, 1.375000
08-13 10:34:48.308  1513  1783 I         : MeshRecon # [timing] SceneDepthSystem_Process: 8.794000 = 0.964000 + 6.185000 + 0.122000 + 1.493000 + 0.030000
08-13 10:34:48.316  1513  1784 E MeshTrackingModule: [Spatial] on block update, count: 20
08-13 10:34:48.322  1513  1784 I         : MeshRecon # Callback updated 20 blocks at map_id 47!
08-13 10:34:48.322  1513  1784 I         : MeshRecon # FloorDetector fail since no enough valid point existed
08-13 10:34:48.322  1513  1784 I         : MeshRecon # [ERROR] floor detection failed! successful: 0 value: 999.000000 relative: -999.073547
08-13 10:34:48.322  1513  1784 W MeshTrackingModule: [Spatial] invalid floor level: 999.000000
08-13 10:34:48.322  1513  1784 I         : MeshRecon # [timing] DetectFloor: 0.055000 + 0.030000 + 0.093000 = 0.178000
08-13 10:34:48.322  1513  1784 I         : MeshRecon # [timing] SUM:66.185997, Prep:0.007000,Rect:1.638000,BBox:1.526000,Depth:37.098999,Filter:0.784000,Insert:15.710000,Update:3.364000,CB:5.859000,Floor:0.198000,Boundary:0.000000,NearObj:0.000000,Room1:0.000000,Room2:0.001000
08-13 10:34:48.322  1513  1784 I         : MeshRecon # [cur update] chunk num: 20, vtx num: 186, idx num: 579;  [max update] chunk num: 97, vtx num: 4687, idx num: 18291;  [all] chunk num: 52, vtx num: 1223, idx num: 4173
08-13 10:34:48.322  1513  1784 I         : CalculateBBox_QNN            -> min:0.934, max:5.289, avg:1.381 ms, sum:1.94806 s
08-13 10:34:48.322  1513  1784 I         : CalculateDepth               -> min:30.39, max:53.21, avg:35.57 ms, sum:50.1677 s
08-13 10:34:48.322  1513  1784 I         : CalculateDepthStereo_CNN     -> min:15.30, max:31.77, avg:17.25 ms, sum:24.3310 s
08-13 10:34:48.322  1513  1784 I         : CalculateDepthToF_CNN        -> min:12.74, max:30.79, avg:16.45 ms, sum:23.2055 s
08-13 10:34:48.322  1513  1784 I         : CalculateDepthToF_ToFMask    -> min:0.044, max:0.734, avg:0.065 ms, sum:0.09171 s
08-13 10:34:48.322  1513  1784 I         : CallbackBlockUpdateEvent     -> min:2.831, max:9.289, avg:5.120 ms, sum:2.41160 s
08-13 10:34:48.322  1513  1784 I         : DetectFloor                  -> min:0.088, max:1.212, avg:0.246 ms, sum:0.06774 s
08-13 10:34:48.322  1513  1784 I         : DetectNearObj                -> min:0.004, max:3.782, avg:0.318 ms, sum:0.37877 s
08-13 10:34:48.322  1513  1784 I         : FilterDepth                  -> min:0.140, max:7.249, avg:1.186 ms, sum:1.66395 s
08-13 10:34:48.322  1513  1784 I         : InsertData                   -> min:4.666, max:16.54, avg:8.750 ms, sum:12.2687 s
08-13 10:34:48.322  1513  1784 I         : Rectification                -> min:1.342, max:4.023, avg:1.728 ms, sum:2.43752 s
08-13 10:34:48.322  1513  1784 I         : TrackingBBox                 -> min:0.005, max:0.339, avg:0.013 ms, sum:0.01863 s
08-13 10:34:48.322  1513  1784 I         : UpdateMesh                   -> min:1.155, max:40.21, avg:16.38 ms, sum:7.71674 s
08-13 10:34:48.322  1513  1784 I         : 
08-13 10:34:48.332  1513  5085 I         : 2.5.85: [ProcessVisualInertialOnce]: Send SLAM Img[605566526927],latest IMU[605561002628]
08-13 10:34:48.336  1513  1778 I         : SLAM_ALG::pipeline # TrackingOnce long frame: 3.703000,1.177000,2.526000,605561002628
08-13 10:34:48.339  1513  1783 I         : MeshRecon # [timing] IN GenerateDepthMatFromMesh: 0.019000, 0.000000, 0.175000, 1.472000
08-13 10:34:48.339  1513  1783 I         : MeshRecon # [timing] SceneDepthSystem_Process: 7.331000 = 0.640000 + 4.816000 + 0.118000 + 1.720000 + 0.037000
08-13 10:34:48.348  1513  6672 I         : SLAM_ALG: mapping Map update transform: 50, -0.0150, -0.0127, 0.0622, -0.0179, -0.0161, -0.0048, 0.9997
08-13 10:34:48.348  1513  6672 I         : SLAM_ALG: mapping Map update transform: 51, -0.0177, -0.0103, 0.0302, -0.0097, -0.0049, -0.0016, 0.9999
08-13 10:34:48.349  1513  6672 I         : SLAM_ALG: mapping UpdateAlignMapTransformInfo t_error: 0.002, r_error: 0.06
08-13 10:34:48.349  1513  6672 I         : SLAM_ALG: mapping UpdateOptMapTransformInfo to map: 0-50 (1)
08-13 10:34:48.349  1513  6672 I         : SLAM_ALG: mapping UpdateOptMapTransformInfo to map: 0-51 (1)
08-13 10:34:48.352  1513  6672 I         : SLAM_ALG: mapping Twb_cur_int in pipeline: 605461004177, -0.0825, -0.0187, 0.0340, 0.6928, 0.6963, -0.1455, -0.1188
08-13 10:34:48.352  1513  6672 I         : SLAM_ALG: mapping Twb_cur_ext in pipeline: 605461004177, -0.0680, -0.0085, 0.0076, 0.6904, 0.6983, -0.1404, -0.1263
08-13 10:34:48.352  1513  6672 I         : SLAM_ALG: mapping Merged Maps Num: 9
08-13 10:34:48.352  1513  6672 I         : SLAM_ALG: mapping ---- Map id: 0, frames num: 10, transform: 0 - 0, 0.0000, 0.0000, 0.0000, 0.0000, 0.0000, 0.0000, 1.0000
08-13 10:34:48.352  1513  6672 I         : SLAM_ALG: mapping ---- Map id: 22, frames num: 130, transform: 22 - 0, 0.0126, 0.0330, 0.0198, 0.0234, 0.0026, 0.0016, 0.9997
08-13 10:34:48.352  1513  6672 I         : SLAM_ALG: mapping ---- Map id: 24, frames num: 13, transform: 24 - 0, 0.0504, -0.0102, 0.0125, -0.2222, 0.0022, 0.0004, 0.9750
08-13 10:34:48.352  1513  6672 I         : SLAM_ALG: mapping ---- Map id: 46, frames num: 3, transform: 46 - 0, 0.0507, 0.0502, -0.0933, 0.0136, 0.0046, 0.0029, 0.9999
08-13 10:34:48.352  1513  6672 I         : SLAM_ALG: mapping ---- Map id: 47, frames num: 106, transform: 47 - 0, 0.0354, 0.1158, -0.1375, 0.0709, 0.0069, 0.0053, 0.9974
08-13 10:34:48.352  1513  6672 I         : SLAM_ALG: mapping ---- Map id: 48, frames num: 0, transform: 48 - 0, 0.0102, 0.0466, -0.0616, 0.0634, 0.0051, 0.0024, 0.9980
08-13 10:34:48.352  1513  6672 I         : SLAM_ALG: mapping ---- Map id: 49, frames num: 0, transform: 49 - 0, 0.0042, 0.0279, -0.0583, 0.0046, 0.0108, 0.0036, 0.9999
08-13 10:34:48.352  1513  6672 I         : SLAM_ALG: mapping ---- Map id: 50, frames num: 11, transform: 50 - 0, 0.0128, 0.0150, -0.0621, 0.0179, 0.0161, 0.0048, 0.9997
08-13 10:34:48.352  1513  6672 I         : SLAM_ALG: mapping ---- Map id: 51, frames num: 13, transform: 51 - 0, 0.0174, 0.0110, -0.0302, 0.0097, 0.0049, 0.0016, 0.9999
08-13 10:34:48.352  1513  6672 I         : SLAM_ALG: mapping Mapping Map 0, local anchors num: 0
08-13 10:34:48.353  1513  6672 I         : SLAM_ALG: mapping [MEMORY] kfs num: 286/286, nfs num: 0/0, cams num: 644/644, feats num: 43778/43778, meas num: 42708/42708, mpts num: 7946/7946
08-13 10:34:48.353  1513  6672 I         : SLAM_ALG: mapping Unprocessed messages num: 3
08-13 10:34:48.353  1513  6672 I         : SLAM_ALG: mapping [TIME] ProcessKeyFrame: 110.16, 74.13, 16.84, 8.52, 7.21, 0.00, 0.13, 3.34, 605461004177
08-13 10:34:48.353  1513  6672 I         : SLAM_ALG: mapping SyncMapTransformCallback(UPDATE) to map(mapping): 0, map(6dof): 50, type: 1
08-13 10:34:48.353  1513  6672 I         : 2.5.85: [GlobalMapTransformInfoArray] [WRITE] Store MapTransform[50 0] -0.014963 -0.012674 0.062155 
08-13 10:34:48.353  1513  6672 I SlamTrackingModule: headsetSlamMapTransformListener mappingId:0, mapId:50, eventType: update
08-13 10:34:48.353  1513  6672 I         : SLAM_ALG: mapping SyncMapTransformCallback(UPDATE) to map(mapping): 0, map(6dof): 51, type: 1
08-13 10:34:48.353  1513  6672 I         : 2.5.85: [GlobalMapTransformInfoArray] [WRITE] Store MapTransform[51 0] -0.017682 -0.010328 0.030184 
08-13 10:34:48.353  1513  6672 I SlamTrackingModule: headsetSlamMapTransformListener mappingId:0, mapId:51, eventType: update
08-13 10:34:48.354  2749  4583 I .spatialservice: [Spatial] onMapTransform: mappingId: 0, mapId: 50, transform: {"position":{"x":-0.014962579123675824,"y":-0.012673616409301758,"z":0.06215493008494377},"orientation":{"x":-0.017875848338007928,"y":-0.016133731231093408,"z":-0.004796519409865141,"w":0.9996985197067261}}, type: update
08-13 10:34:48.356  1513  1784 I         : 2.5.85: [GlobalMapTransformInfoArray] [READ] Send MapTransform[50 0] -0.014963 -0.012674 0.062155 
08-13 10:34:48.356  1513  1784 I         : 2.5.85: [GlobalMapTransformInfoArray] [READ] Send MapTransform[51 0] -0.017682 -0.010328 0.030184 
08-13 10:34:48.363  2749  4583 I SpatialDatabase.cpp: [Spatial] update map success
08-13 10:34:48.363  2749  4583 I .spatialservice: [Spatial] onMapTransform: mappingId: 0, mapId: 51, transform: {"position":{"x":-0.017682228237390519,"y":-0.010327666997909546,"z":0.030184226110577585},"orientation":{"x":-0.009658340364694596,"y":-0.00490118283778429,"z":-0.001593391178175807,"w":0.9999400973320007}}, type: update
08-13 10:34:48.365  1513  1777 I         : 2.5.85: [ProcessVisualInertialOnce]: Send SLAM Img[605599733750],latest IMU[605594335479]
08-13 10:34:48.371  1513  1778 I         : SLAM_ALG::pipeline # TrackingOnce long frame: 5.374000,0.913000,4.461000,605594335479
08-13 10:34:48.371  1513  1783 I         : MeshRecon # [timing] IN GenerateDepthMatFromMesh: 0.025000, 0.000000, 0.049000, 1.609000
08-13 10:34:48.371  1513  1783 I         : MeshRecon # [timing] SceneDepthSystem_Process: 6.644000 = 0.395000 + 4.375000 + 0.114000 + 1.728000 + 0.032000
08-13 10:34:48.372  2749  4583 I SpatialDatabase.cpp: [Spatial] update map success
08-13 10:34:48.398  1513  1777 I         : 2.5.85: [ProcessVisualInertialOnce]: Send SLAM Img[605632940260],latest IMU[605627668279]
08-13 10:34:48.406  1513  1778 I         : SLAM_ALG::pipeline # TrackingOnce long frame: 7.019000,1.368000,5.651000,605627668279
08-13 10:34:48.406  1513  1783 I         : MeshRecon # [timing] IN GenerateDepthMatFromMesh: 0.022000, 0.000000, 0.060000, 1.705000
08-13 10:34:48.406  1513  1783 I         : MeshRecon # [timing] SceneDepthSystem_Process: 7.742000 = 0.771000 + 4.993000 + 0.099000 + 1.847000 + 0.032000
08-13 10:34:48.422  1513  1784 I         : MeshRecon # DetectNearObj result: xyz (-0.050000, 0.150000, -0.626675), dist 0.540481
08-13 10:34:48.423  1513  1784 I         : MeshRecon # [timing] DetectNearObj: 0.015000 + 0.009000 + 0.378000 = 0.402000
08-13 10:34:48.424  3537  3765 I FOO     : [SystemUX] onNearestObjectUpdate 0.540481
08-13 10:34:48.431  1513  5085 I         : 2.5.85: [ProcessVisualInertialOnce]: Send SLAM Img[605666147083],latest IMU[605661001117]
08-13 10:34:48.436  1513  1778 I         : SLAM_ALG::pipeline # TrackingOnce long frame: 4.278000,1.213000,3.065000,605661001117
08-13 10:34:48.439  1513  1783 I         : MeshRecon # [timing] IN GenerateDepthMatFromMesh: 0.049000, 0.000000, 0.047000, 1.480000
08-13 10:34:48.439  1513  1783 I         : MeshRecon # [timing] SceneDepthSystem_Process: 7.719000 = 0.520000 + 5.431000 + 0.081000 + 1.634000 + 0.053000
08-13 10:34:48.465  1513  1777 I         : 2.5.85: [ProcessVisualInertialOnce]: Send SLAM Img[605699353645],latest IMU[605694333917]
08-13 10:34:48.472  1513  1778 I         : SLAM_ALG::pipeline # TrackingOnce long frame: 5.532000,1.855000,3.677000,605694333917
08-13 10:34:48.472  1513  1783 I         : MeshRecon # [timing] IN GenerateDepthMatFromMesh: 0.084000, 0.001000, 0.040000, 1.403000
08-13 10:34:48.472  1513  1783 I         : MeshRecon # [timing] SceneDepthSystem_Process: 7.373000 = 0.466000 + 5.178000 + 0.136000 + 1.553000 + 0.040000
08-13 10:34:48.500  1513  5085 I         : 2.5.85: [ProcessVisualInertialOnce]: Send SLAM Img[605733537083],latest IMU[605727666742]
08-13 10:34:48.503  2610  3053 I VstCameraDeviceImpl: calculatePhase, fn:3423 (60 : 85), delay:9045783
08-13 10:34:48.506  1513  1778 I         : SLAM_ALG::pipeline # TrackingOnce long frame: 6.003000,1.824000,4.179000,605727666742
08-13 10:34:48.508  1513  1783 I         : MeshRecon # [timing] IN GenerateDepthMatFromMesh: 0.064000, 0.000000, 0.161000, 1.425000
08-13 10:34:48.508  1513  1783 I         : MeshRecon # [timing] SceneDepthSystem_Process: 8.603001 = 0.479000 + 4.789000 + 1.545000 + 1.712000 + 0.078000
08-13 10:34:48.509  1513  1784 I         : MeshRecon # [timing] SUM:52.308002, Prep:0.009000,Rect:1.534000,BBox:1.122000,Depth:42.068001,Filter:0.673000,Insert:6.902000,Update:0.000000,CB:0.000000,Floor:0.000000,Boundary:0.000000,NearObj:0.000000,Room1:0.000000,Room2:0.000000
08-13 10:34:48.531  1513  5085 I         : 2.5.85: [ProcessVisualInertialOnce]: Send SLAM Img[605765766979],latest IMU[605760999568]
08-13 10:34:48.536  1513  1778 I         : SLAM_ALG::pipeline # TrackingOnce long frame: 4.084000,0.976000,3.108000,605760999568
08-13 10:34:48.539  1513  1783 I         : MeshRecon # [timing] IN GenerateDepthMatFromMesh: 0.060000, 0.000000, 0.056000, 2.036000
08-13 10:34:48.539  1513  1783 I         : MeshRecon # [timing] SceneDepthSystem_Process: 8.029000 = 0.512000 + 5.122000 + 0.134000 + 2.221000 + 0.040000
08-13 10:34:48.552  2243  2304 I DisplayPowerController2[0]: Blocking screen off
08-13 10:34:48.552  2243  2304 I DisplayPowerController2[0]: Unblocked screen off after 0 ms
08-13 10:34:48.552  2566  2566 E OverviewProxyService: Failed to get overview proxy for screen turning off event.
08-13 10:34:48.578  1674  1674 I [drm:dsi_panel_set_backlight [msm_drm]] [msm-dsi-info]: panel type:primary backlight type:2 lvl:0
08-13 10:34:48.578   243   243 E init    : ro.debuggable: read  0
08-13 10:34:48.554  2243  2304 I Yvr_PhoneWindowManager: playSoundEffect type = 16
08-13 10:34:48.555  2243  2304 D ActivityTrigger: ActivityTrigger activityPauseTrigger 
08-13 10:34:48.556  2243  2277 V WindowManager: Sent Transition #11 createdAt=08-13 10:34:48.555 via request=TransitionRequestInfo { type = SLEEP, triggerTask = null, remoteTransition = null, displayChange = null }
08-13 10:34:48.556  2243  2277 V WindowManager:     startWCT=null
08-13 10:34:48.556  2243  2277 V WindowManager:     info={id=11 t=SLEEP f=0x0 trk=0 r=[] c=[]}
08-13 10:34:48.557  2566  2609 V WindowManagerShell: Transition requested: android.os.BinderProxy@79bbfdc TransitionRequestInfo { type = SLEEP, triggerTask = null, remoteTransition = null, displayChange = null }
08-13 10:34:48.558  1176  2485 D AHAL: FM: fm_get_parameters: 231: enter
08-13 10:34:48.558  1176  2485 D AHAL: FM: fm_get_parameters: 238: exit
08-13 10:34:48.558  2243  2272 D Yvr_ActivityRecord: togglePanelHide start
08-13 10:34:48.558  2243  2272 D Yvr_ActivityRecord: togglePanelHide not 2d
08-13 10:34:48.559  1284  1284 I BpBinder: onLastStrongRef automatically unlinking death recipients: 
08-13 10:34:48.559  1269  1387 D AudioFlinger: AUDIO_OUTPUT_FLAG_FAST denied: sharedBuffer=0xb40000761bed1ef0 frameCount=0 mFrameCount=192 format=0x1 mFormat=0x5 isLinear=1 channelMask=0x3 sampleRate=44100 mSampleRate=48000 hasFastMixer=1 tid=6709 fastTrackAvailMask=0xfe
08-13 10:34:48.560  2566  2566 D CentralSurfaces: updateQsExpansionEnabled - QS Expand enabled: true
08-13 10:34:48.560  2243  2888 W Transition: Transition already started id=11 state=2
08-13 10:34:48.560  2566  2609 V WindowManagerShell: onTransitionReady android.os.BinderProxy@79bbfdc: {id=11 t=SLEEP f=0x0 trk=0 r=[] c=[]}
08-13 10:34:48.560  2566  2609 V WindowManagerShell: No transition roots in (#11)android.os.BinderProxy@79bbfdc@0 so abort
08-13 10:34:48.560  2566  2609 V WindowManagerShell: Transition animation finished (aborted=true), notifying core (#11)android.os.BinderProxy@79bbfdc@0
08-13 10:34:48.562  2243  2304 I DisplayBrightnessStrategySelector: Changing the DisplayBrightnessStrategy from InvalidBrightnessStrategy toScreenOffBrightnessStrategy for display 0
08-13 10:34:48.562  2243  2866 I ActivityNotifier: binding to Dynamic DDS service
08-13 10:34:48.562  2243  2866 W ActivityManager: Unable to start service Intent { cmp=com.qualcomm.qti.dynamicddsservice/.DynamicDDSService } U=0: not found
08-13 10:34:48.562  2243  2866 E ActivityNotifier: bindService failed
08-13 10:34:48.565  2243  2304 V DisplayPowerController2[0]: Brightness [0.0] reason changing to: 'screen_off', previous reason: 'manual'.
08-13 10:34:48.565  2243  2304 I DisplayPowerController2[0]: BrightnessEvent: disp=0, physDisp=local:4630946775111665331, brt=0.0, initBrt=1.0, rcmdBrt=NaN, preBrt=NaN, lux=0.0, preLux=0.0, hbmMax=1.0, hbmMode=off, rbcStrength=50, thrmMax=1.0, powerFactor=1.0, wasShortTermModelActive=false, flags=, reason=screen_off, autoBrightness=false, strategy=ScreenOffBrightnessStrategy
08-13 10:34:48.565  1513  5085 I         : 2.5.85: [ProcessVisualInertialOnce]: Send SLAM Img[605799950416],latest IMU[605794332380]
08-13 10:34:48.570  1269  1387 I AF::Track: Creating playback track:62 from pid:2243 uid:1000 package:android stream type:1 sampleRate:44100 format:1 channelMask:3 bufferSize:0
08-13 10:34:48.572  2243  2277 V WindowManager: Finish Transition #11: created at 08-13 10:34:48.555 collect-started=0.061ms request-sent=0.223ms started=0.435ms ready=0.432ms sent=0.558ms finished=17.119ms
08-13 10:34:48.572  1513  1783 I         : MeshRecon # [timing] IN GenerateDepthMatFromMesh: 0.021000, 0.000000, 0.040000, 1.575000
08-13 10:34:48.572  1513  1783 I         : MeshRecon # [timing] SceneDepthSystem_Process: 7.161000 = 0.663000 + 4.571000 + 0.195000 + 1.691000 + 0.041000
08-13 10:34:48.572  2566  2609 V WindowManagerShell: Track 0 became idle
08-13 10:34:48.572  2566  2609 V WindowManagerShell: All active transition animations finished
08-13 10:34:48.588   243   243 E init    : ro.debuggable: read  0
08-13 10:34:48.574  1176  2485 D AHAL: AudioStream: astream_out_get_parameters: 961: enter
08-13 10:34:48.574  1176  2485 D AHAL: AudioStream: astream_out_get_parameters: 983: keys: is_direct_pcm_track
08-13 10:34:48.574  1176  2485 D AHAL: AudioStream: astream_out_get_parameters: 1020: exit: returns - is_direct_pcm_track=false
08-13 10:34:48.576  1513  1778 I         : SLAM_ALG::pipeline # TrackingOnce long frame: 9.889000,2.326000,7.563000,605794332380
08-13 10:34:48.577  1217  1674 I SDM     : DPUCoreMux::SetPanelBrightness: panel index is 0,lvl level is 0
08-13 10:34:48.604  1674  1674 I [drm:dsi_panel_set_backlight [msm_drm]] [msm-dsi-info]: panel type:secondary backlight type:2 lvl:0
08-13 10:34:48.580  1269  1387 D AudioFlinger: addTrack_l() Track ID 62 stream type 1 is not supported by DTS
08-13 10:34:48.580  1269  1387 D audioserver: FGS Logger Transaction failed
08-13 10:34:48.580  1269  1387 D audioserver: -129
08-13 10:34:48.581  2243  6042 D PowerManagerService: acquireWakeLockInternal: lock=256652275, flags=0x1, tag="AudioMix", ws=null, uid=1041, pid=0
08-13 10:34:48.581  1176  2485 D AHAL: AudioStream: out_update_source_metadata_v7: 1070: track count is 1 for usecase(1: low-latency-playback)
08-13 10:34:48.581  1176  2485 D AHAL: AudioStream: out_update_source_metadata_v7: 1112: Source metadata usage:13 content_type:4
08-13 10:34:48.581  1176  2485 D AHAL: AudioStream: SetAggregateSourceMetadata: 3797: Aggregated Source metadata usage:13 content_type:4
08-13 10:34:48.582  1176  2589 D AHAL: AudioStream: AutoPerfLock: 165: (Acquired) perf_lock_handle: 0x66, count: 1
08-13 10:34:48.582  1176  2589 I AHAL: AudioStream: Open: 2941: Enter: OutPrimary usecase(1: low-latency-playback)
08-13 10:34:48.582  1176  2589 D AHAL: AudioStream: Open: 2947: no_of_devices 1
08-13 10:34:48.582  1176  2589 D AHAL: AudioStream: Open: 3011: halInputFormat 1 halOutputFormat 1 palformat 1
08-13 10:34:48.582  1176  2589 D AHAL: AudioStream: Open: 3071: channels 2 samplerate 48000 format id 1, stream type 1  stream bitwidth 16
08-13 10:34:48.582  1176  2589 D AHAL: AudioStream: Open: 3072: msample_rate 0 mchannels 0 mNoOfOutDevices 1
08-13 10:34:48.582  1176  2589 I PAL: API: pal_stream_open: 218: Enter, stream type:1
08-13 10:34:48.582  1176  2589 I PAL: ResourceManager: getActiveStream_l: 5668: no active streams found for device 3 ret -2
08-13 10:34:48.582  1176  2589 I PAL: Device: setDeviceAttributes: 372: DeviceAttributes for Device Id 3 updated
08-13 10:34:48.582  1176  2589 I PAL: Device: open: 452: Enter. deviceCount 0 for device id 3 (PAL_DEVICE_OUT_SPEAKER)
08-13 10:34:48.582  1176  2589 I PAL: SessionAlsaUtils: setDeviceMediaConfig: 1048: MI2S-LPAIF_RXTX-RX-PRIMARY rate ch fmt data_fmt 48000 2 2 1
08-13 10:34:48.582  1269  1387 D audioserver: FGS Logger Transaction failed
08-13 10:34:48.582  1269  1387 D audioserver: -129
08-13 10:34:48.582  1176  2589 D audio_route: Apply path: speaker-vbat
08-13 10:34:48.582  1176  2589 I PAL: Device: open: 487: Exit. deviceCount 1 for device id 3 (PAL_DEVICE_OUT_SPEAKER), exit status: 0
08-13 10:34:48.582  1176  2589 I PAL: ResourceManager: allocateFrontEndIds: 6567: allocateFrontEndIds: front end 117
08-13 10:34:48.582  1176  2589 I PAL: PayloadBuilder: populateStreamKV: 2781: stream type 1
08-13 10:34:48.582  1176  2589 I PAL: PayloadBuilder: getSelectorValues: 2603: Direction: 1
08-13 10:34:48.582  1176  2589 I PAL: PayloadBuilder: getSelectorValues: 2619: Instance: 1
08-13 10:34:48.582  1176  2589 I PAL: PayloadBuilder: findKVs: 2493: key: 0xa1000000 value: 0xa100000e
08-13 10:34:48.582  1176  2589 I PAL: PayloadBuilder: findKVs: 2493: key: 0xab000000 value: 0x1
08-13 10:34:48.583  1176  2589 I PAL: PayloadBuilder: populateDeviceKV: 2895: Enter device id:3
08-13 10:34:48.583  1176  2589 I PAL: PayloadBuilder: findKVs: 2506: key: 0xa2000000 value: 0xa2000001
08-13 10:34:48.583  1176  2589 I PAL: PayloadBuilder: populateDeviceKV: 2923: Exit device id:3, status 0
08-13 10:34:48.583  1176  2589 I PAL: PayloadBuilder: populateDevicePPKV: 3036: Rx device id:3
08-13 10:34:48.583  1176  2589 I PAL: PayloadBuilder: getSelectorValues: 2679: stream type: 1
08-13 10:34:48.583  1176  2589 I PAL: PayloadBuilder: findKVs: 2493: key: 0xa2000000 value: 0xa2000001
08-13 10:34:48.583  1176  2589 I PAL: PayloadBuilder: findKVs: 2493: key: 0xac000000 value: 0xac000002
08-13 10:34:48.583  1176  2589 I PAL: PayloadBuilder: populateDevicePPCkv: 3178: SpeakerProt Status[0], RAS Status[0]
08-13 10:34:48.583  1212  2661 I AGM: device: device_set_metadata: 707 Setting device metadata for MI2S-LPAIF_RXTX-RX-PRIMARY
08-13 10:34:48.583  1212  2661 D AGM: metadata: metadata_print: 79 *************************Metadata*************************
08-13 10:34:48.583  1212  2661 D AGM: metadata: metadata_print: 80 GKV size:1
08-13 10:34:48.583  1212  2661 D AGM: metadata: metadata_print: 83 key:0xa2000000, value:0xa2000001 
08-13 10:34:48.583  1212  2661 D AGM: metadata: metadata_print: 87 
08-13 10:34:48.583  1212  2661 D AGM: metadata: CKV count:1
08-13 10:34:48.583  1212  2661 D AGM: metadata: metadata_print: 90 key:0xa9000000, value:0x2 
08-13 10:34:48.583  1212  2661 D AGM: metadata: metadata_print: 92 
08-13 10:34:48.583  1212  2661 D AGM: metadata: metadata_print: 94 Property ID:134217744
08-13 10:34:48.583  1212  2661 D AGM: metadata: metadata_print: 95 property count:2
08-13 10:34:48.583  1212  2661 D AGM: metadata: metadata_print: 98 Property Values: 
08-13 10:34:48.583  1212  2661 D AGM: metadata: metadata_print: 100 0x2 
08-13 10:34:48.583  1212  2661 D AGM: metadata: metadata_print: 100 0x5 
08-13 10:34:48.583  1212  2661 D AGM: metadata: metadata_print: 102 
08-13 10:34:48.583  1212  2661 D AGM: metadata: metadata_print: 103 ****************Metadata Done***************************
08-13 10:34:48.583  1212  2661 D AGM: metadata: 
08-13 10:34:48.583  1212  2592 I AGM: session: session_obj_set_sess_aif_metadata: 1825 Setting metadata for sess_id 117, aif id 21
08-13 10:34:48.583  1212  2592 D AGM: metadata: metadata_print: 79 *************************Metadata*************************
08-13 10:34:48.583  1212  2592 D AGM: metadata: metadata_print: 80 GKV size:2
08-13 10:34:48.583  1212  2592 D AGM: metadata: metadata_print: 83 key:0xa2000000, value:0xa2000001 
08-13 10:34:48.583  1212  2592 D AGM: metadata: metadata_print: 83 key:0xac000000, value:0xac000002 
08-13 10:34:48.583  1212  2592 D AGM: metadata: metadata_print: 87 
08-13 10:34:48.583  1212  2592 D AGM: metadata: CKV count:1
08-13 10:34:48.583  1212  2592 D AGM: metadata: metadata_print: 90 key:0xd2000000, value:0x0 
08-13 10:34:48.583  1212  2592 D AGM: metadata: metadata_print: 92 
08-13 10:34:48.583  1212  2592 D AGM: metadata: metadata_print: 94 Property ID:134217744
08-13 10:34:48.583  1212  2592 D AGM: metadata: metadata_print: 95 property count:1
08-13 10:34:48.583  1212  2592 D AGM: metadata: metadata_print: 98 Property Values: 
08-13 10:34:48.583  1212  2592 D AGM: metadata: metadata_print: 100 0x3 
08-13 10:34:48.583  1212  2592 D AGM: metadata: metadata_print: 102 
08-13 10:34:48.583  1212  2592 D AGM: metadata: metadata_print: 103 ****************Metadata Done***************************
08-13 10:34:48.583  1212  2592 D AGM: metadata: 
08-13 10:34:48.583  1212  2592 I AGM: session: session_obj_set_sess_aif_metadata: 1830 Exit
08-13 10:34:48.583  1212  2661 D agm_server_wrapper: Aif id 21 already added to session list of 117
08-13 10:34:48.583  1212  2661 I AGM: API: agm_session_aif_connect: 652 connecting aifid:21 with session id=117
08-13 10:34:48.583  1176  2589 I PAL: ResourceManager: GetConcurrencyInfo: 5024: stream type 1 Tx conc 0, Rx conc 0, concurrency allowed
08-13 10:34:48.583  1176  2589 I PAL: ResourceManager: GetConcurrencyInfo: 5024: stream type 1 Tx conc 0, Rx conc 0, concurrency allowed
08-13 10:34:48.583  1176  2589 I PAL: ResourceManager: GetConcurrencyInfo: 5024: stream type 1 Tx conc 0, Rx conc 0, concurrency allowed
08-13 10:34:48.583  1176  2589 I PAL: API: pal_stream_open: 261: Exit. Value of stream_handle 0xb4000073be52c190K, status 0
08-13 10:34:48.583  1176  2589 D AHAL: AudioStream: GetBufferSize: 2889: type 1
08-13 10:34:48.583  1176  2589 D AHAL: AudioStream: Open: 3245: fragment_size_ 768 fragments_ 2
08-13 10:34:48.583  1176  2589 D AHAL: AudioStream: Open: 3275: Exit ret: 0
08-13 10:34:48.583  1176  2589 D AHAL: AudioStream: ~AutoPerfLock: 175: (release) perf_lock_handle: 0x66, count: 1
08-13 10:34:48.583  1176  2589 D AHAL: AudioStream: ~AutoPerfLock: 179: Releasing perf_lock_handle: 0x66
08-13 10:34:48.583  1176  2589 D AHAL: AudioStream: AutoPerfLock: 165: (Acquired) perf_lock_handle: 0x67, count: 1
08-13 10:34:48.583  1176  2589 I PAL: API: pal_stream_start: 326: Enter. Stream handle 0xb4000073be52c190K
08-13 10:34:48.583  1176  2589 I PAL: SessionAlsaUtils: setDeviceMediaConfig: 1048: MI2S-LPAIF_RXTX-RX-PRIMARY rate ch fmt data_fmt 48000 2 2 1
08-13 10:34:48.583  1176  2589 E PAL: ResourceManager: voteSleepMonitor: 1758: ioctl device is not open
08-13 10:34:48.584  1176  2589 D agm_client_wrapper: agm_session_open called with handle = 883ccc40 , *handle = 0
08-13 10:34:48.579  1212  1212 W HwBinder:1212_8: type=1400 audit(0.0:571): avc:  denied  { search } for  name="vendor" dev="tmpfs" ino=2 scontext=u:r:vendor_agmservice_qti:s0 tcontext=u:object_r:mnt_vendor_file:s0 tclass=dir permissive=0
08-13 10:34:48.611  2661  2661 I [Awinic][0-0034]aw883xx_startup: playback enter
08-13 10:34:48.611  2661  2661 E [Awinic]aw_cali_get_cali_re_from_file: channel:0 open /mnt/vendor/persist/aw_cali.bin failed, error=-13
08-13 10:34:48.611  2661  2661 E [Awinic][0-0034]aw_cali_svc_get_cali_re_from_bin: get re failed
08-13 10:34:48.611  2661  2661 I [Awinic][1-0034]aw883xx_startup: playback enter
08-13 10:34:48.611  2661  2661 E [Awinic]aw_cali_get_cali_re_from_file: channel:1 open /mnt/vendor/persist/aw_cali.bin failed, error=-13
08-13 10:34:48.611  2661  2661 E [Awinic][1-0034]aw_cali_svc_get_cali_re_from_bin: get re failed
08-13 10:34:48.579  1212  1212 W HwBinder:1212_8: type=1400 audit(0.0:572): avc:  denied  { search } for  name="vendor" dev="tmpfs" ino=2 scontext=u:r:vendor_agmservice_qti:s0 tcontext=u:object_r:mnt_vendor_file:s0 tclass=dir permissive=0
08-13 10:34:48.612  2661  2661 I [Awinic][0-0034]aw883xx_hw_params: STREAM_PLAYBACK requested rate: 48000, width = 16
08-13 10:34:48.612  2661  2661 I [Awinic][1-0034]aw883xx_hw_params: STREAM_PLAYBACK requested rate: 48000, width = 16
08-13 10:34:48.587  1212  2661 D AGM: graph: graph_open: 548 entry
08-13 10:34:48.587  1212  2661 D AGM: metadata: metadata_print: 79 *************************Metadata*************************
08-13 10:34:48.587  1212  2661 D AGM: metadata: metadata_print: 80 GKV size:4
08-13 10:34:48.587  1212  2661 D AGM: metadata: metadata_print: 83 key:0xa1000000, value:0xa100000e 
08-13 10:34:48.587  1212  2661 D AGM: metadata: metadata_print: 83 key:0xab000000, value:0x1 
08-13 10:34:48.587  1212  2661 D AGM: metadata: metadata_print: 83 key:0xa2000000, value:0xa2000001 
08-13 10:34:48.587  1212  2661 D AGM: metadata: metadata_print: 83 key:0xac000000, value:0xac000002 
08-13 10:34:48.587  1212  2661 D AGM: metadata: metadata_print: 87 
08-13 10:34:48.587  1212  2661 D AGM: metadata: CKV count:3
08-13 10:34:48.587  1212  2661 D AGM: metadata: metadata_print: 90 key:0xa4000000, value:0xf 
08-13 10:34:48.587  1212  2661 D AGM: metadata: metadata_print: 90 key:0xd2000000, value:0x0 
08-13 10:34:48.587  1212  2661 D AGM: metadata: metadata_print: 90 key:0xa9000000, value:0x2 
08-13 10:34:48.587  1212  2661 D AGM: metadata: metadata_print: 92 
08-13 10:34:48.587  1212  2661 D AGM: metadata: metadata_print: 94 Property ID:134217744
08-13 10:34:48.587  1212  2661 D AGM: metadata: metadata_print: 95 property count:4
08-13 10:34:48.587  1212  2661 D AGM: metadata: metadata_print: 98 Property Values: 
08-13 10:34:48.587  1212  2661 D AGM: metadata: metadata_print: 100 0x1 
08-13 10:34:48.587  1212  2661 D AGM: metadata: metadata_print: 100 0x3 
08-13 10:34:48.587  1212  2661 D AGM: metadata: metadata_print: 100 0x2 
08-13 10:34:48.587  1212  2661 D AGM: metadata: metadata_print: 100 0x5 
08-13 10:34:48.587  1212  2661 D AGM: metadata: metadata_print: 102 
08-13 10:34:48.587  1212  2661 D AGM: metadata: metadata_print: 103 ****************Metadata Done***************************
08-13 10:34:48.587  1212  2661 D AGM: metadata: 
08-13 10:34:48.587  1212  2661 D AGM: graph: print_graph_alias: 2328 GKV Alias 142 | StreamRX_PCM_LL_Playback_DeviceRX_Speaker_Instance_Instance_1_DevicePP_Rx_Audio_MBDRC
08-13 10:34:48.587  1212  2661 D AGM: graph: graph_open: 628 miid 40bd mid 7001000 tag c0000002
08-13 10:34:48.587  1212  2661 D AGM: graph: graph_open: 676 miid 43b1 mid 700100a tag c0000004
08-13 10:34:48.587  1212  2661 D AGM: graph: graph_open: 628 miid 40c4 mid 7001019 tag c0000006
08-13 10:34:48.587  1212  2661 D AGM: graph: graph_open: 628 miid 40bf mid 7001005 tag c000000e
08-13 10:34:48.587  1212  2661 D AGM: graph: graph_open: 628 miid 40c0 mid 7001003 tag c0000010
08-13 10:34:48.587  1212  2661 D AGM: graph: graph_open: 628 miid 4165 mid 7001032 tag c0000013
08-13 10:34:48.587  1212  2661 I GPR:    : __gpr_cmd_register_v2:902 GPR Register: Source Port is 8208 heap_index: 0
08-13 10:34:48.589   409  1453 I audioadsprpcd: vendor/qcom/proprietary/adsprpc/src/apps_std_imp.c:860: Successfully opened file /vendor/dsp/adsp/CFCM.so.1
08-13 10:34:48.591  1217  1674 I SDM     : DPUCoreMux::SetPanelBrightness: panel index is 1,lvl level is 0
08-13 10:34:48.592  1284  1284 D SurfaceFlinger: Setting power mode 0 on display 4630946775111665331
08-13 10:34:48.593  1217  1674 I SDM     : DisplayBase::SetDisplayState: Set state = 0, display 50462775-0, teardown = 0
08-13 10:34:48.593  2243  2280 I DisplayDeviceRepository: Display device changed state: "内置屏幕", OFF
08-13 10:34:48.593  1217  1674 I SDM     : DRMPanelFeatureMgr::MarkForNullCommit: Marked 7 for null commit
08-13 10:34:48.619   243   243 E init    : ro.debuggable: read  0
08-13 10:34:48.594   409  1453 I audioadsprpcd: vendor/qcom/proprietary/adsprpc/src/apps_std_imp.c:860: Successfully opened file /vendor/dsp/adsp/SAPlusCmnModule.so.1
08-13 10:34:48.594  2243  2280 I InputManager-JNI: Viewport [0] to add: local:4630946775111665331, isActive: false
08-13 10:34:48.619   243   243 E init    : ro.debuggable: read  0
08-13 10:34:48.594  2243  2280 I InputManager-JNI: Viewport [1] to add: virtual:android,1000,com.yvr.spatialhome,0, isActive: true
08-13 10:34:48.595  2243  2356 D YvrVrVirtualDisplayService: displayName=com.yvr.spatialhome getDisplayId  = 2
08-13 10:34:48.595  2243  2356 I YvrStrategyService: pause yvrHome when default display off
08-13 10:34:48.596  2243  2281 W SurfaceControl: Invalid layer stack -1
08-13 10:34:48.596  2243  2281 I DisplayDevice: [0] Layerstack set to -1 for local:4630946775111665331
08-13 10:34:48.597  2243  2362 I InputReader: Reconfiguring input devices, changes=DISPLAY_INFO
08-13 10:34:48.597  3870  3870 I VirtualDisplayService: on display changed, display id:0
08-13 10:34:48.597  1513  5085 I         : 2.5.85: [ProcessVisualInertialOnce]: Send SLAM Img[605832180364],latest IMU[605827665206]
08-13 10:34:48.598  2243  2356 D Yvr_DisplayContent: YVR_APP_LIFECYCLE suspendActivitiesLocked 
08-13 10:34:48.598  2710  2965 I BtGatt.ScanManager: msg.what = 7
08-13 10:34:48.599  2243  2356 D ActivityTaskManager: Top Process State changed to PROCESS_STATE_TOP_SLEEPING
08-13 10:34:48.599  2243  2356 D PowerManagerService: acquireWakeLockInternal: lock=117156224, flags=0x1, tag="ActivityManager-Sleep", ws=null, uid=1000, pid=2243
08-13 10:34:48.600  1212  2661 E ACDB    : AcdbCmdGetProcSubgraphCalDataPersist:8217 Error[19]: No calibration found
08-13 10:34:48.600  1212  2661 E ACDB    : AcdbCmdGetProcSubgraphCalDataPersist:8217 Error[19]: No calibration found
08-13 10:34:48.600  1212  2661 E ACDB    : AcdbCmdGetProcSubgraphCalDataPersist:8217 Error[19]: No calibration found
08-13 10:34:48.600  1212  2661 E ACDB    : AcdbCmdGetProcSubgraphCalDataPersist:8217 Error[19]: No calibration found
08-13 10:34:48.600  1212  2661 D AGM: graph: graph_open: 707 graph_handle 0x47534c
08-13 10:34:48.600  1212  2661 D AGM: graph: graph_open: 743 exit, ret 0
08-13 10:34:48.600  1176  2589 D agm_client_wrapper: agm_session_open Received handle = 0x73883ccc40 , *handle = b40000733170c350
08-13 10:34:48.600  1176  2589 D PLUGIN: pcm: agm_pcm_hw_params: 477 agm_pcm_hw_params: mode: 0
08-13 10:34:48.600  2243  2356 D ActivityTrigger: ActivityTrigger activityPauseTrigger 
08-13 10:34:48.600  1176  2589 I PAL: Session: updateCustomPayload: 619: customPayloadSize = 32
08-13 10:34:48.600  2566  2609 V WindowManagerShell: Transition requested: android.os.BinderProxy@1ede8e5 TransitionRequestInfo { type = SLEEP, triggerTask = null, remoteTransition = null, displayChange = null }
08-13 10:34:48.600  1212  2658 D AGM: graph: graph_set_config: 1105 entry graph_handle 0x47534c
08-13 10:34:48.601  1212  2658 D AGM: graph: graph_set_config: 1113 exit, graph handle 0x47534c, ret 0
08-13 10:34:48.601  1176  2589 I PAL: Session: updateCustomPayload: 619: customPayloadSize = 40
08-13 10:34:48.601  1212  2592 D AGM: graph: graph_set_config: 1105 entry graph_handle 0x47534c
08-13 10:34:48.601  1212  2592 D AGM: graph: graph_set_config: 1113 exit, graph handle 0x47534c, ret 0
08-13 10:34:48.601  1212  2661 D AGM: graph: graph_prepare: 804 entry graph_handle 0x47534c
08-13 10:34:48.601  1212  2661 D AGM: graph_module: configure_pcm_shared_mem_ep: 1660 entry mod tag c0000002 miid 40bd mid 7001000
08-13 10:34:48.601  1212  2661 D AGM: graph_module: configure_pcm_shared_mem_ep: 1736 exit, ret 0
08-13 10:34:48.601  1212  2661 D AGM: graph_module: configure_hw_ep_media_config: 697 entry mod tag c0000004 miid 43b1 mid 700100a
08-13 10:34:48.601  1212  2661 D AGM: graph_module: configure_hw_ep_media_config: 727 rate 48000 bw 16 ch 2, data_fmt 1
08-13 10:34:48.601  1212  2661 D AGM: graph_module: configure_hw_ep_media_config: 737 exit, ret 0
08-13 10:34:48.602  1212  2661 D AGM: graph_module: configure_i2s_ep: 418 exit, ret 0
08-13 10:34:48.602  1212  2661 D AGM: graph_module: configure_output_media_format: 820 entry mod tag c000000e miid 40bf mid 7001005
08-13 10:34:48.602  1212  2661 D AGM: graph_module: configure_output_media_format: 951 exit, ret 0
08-13 10:34:48.602  1212  2661 D AGM: graph_module: configure_output_media_format: 820 entry mod tag c0000010 miid 40c0 mid 7001003
08-13 10:34:48.602  1513  1778 I         : SLAM_ALG::pipeline # TrackingOnce long frame: 4.129000,1.428000,2.701000,605827665206
08-13 10:34:48.602  1212  2661 D AGM: graph_module: configure_output_media_format: 951 exit, ret 0
08-13 10:34:48.602  1212  2661 D AGM: graph_module: configure_spr: 1864 SPR module IID 4165
08-13 10:34:48.602  1212  2661 D AGM: graph_module: configure_spr: 1887 HW EP module IID 43b1
08-13 10:34:48.602  1212  2661 D AGM: graph: configure_buffer_params: 199 Enter
08-13 10:34:48.602  1212  2661 D AGM: graph: configure_buffer_params: 262 Playback sess buf_sz 768 num_bufs 2
08-13 10:34:48.602  1212  2661 E AGM: graph: configure_buffer_params: 295 Unsupported buffer mode : 0, Default to Blocking
08-13 10:34:48.602  1212  2661 D AGM: graph: configure_buffer_params: 315 exit, ret 0
08-13 10:34:48.603  2243  2277 V WindowManager: Sent Transition #12 createdAt=08-13 10:34:48.599 via request=TransitionRequestInfo { type = SLEEP, triggerTask = null, remoteTransition = null, displayChange = null }
08-13 10:34:48.603  2243  2277 V WindowManager:     startWCT=null
08-13 10:34:48.603  2243  2277 V WindowManager:     info={id=12 t=SLEEP f=0x0 trk=0 r=[] c=[]}
08-13 10:34:48.604  2243  2323 W Transition: Transition already started id=12 state=2
08-13 10:34:48.604  1513  1783 I         : MeshRecon # [timing] IN GenerateDepthMatFromMesh: 0.019000, 0.000000, 0.033000, 1.238000
08-13 10:34:48.604  1513  1783 I         : MeshRecon # [timing] SceneDepthSystem_Process: 6.508000 = 0.463000 + 4.520000 + 0.155000 + 1.319000 + 0.051000
08-13 10:34:48.604  1212  2661 D AGM: graph: graph_prepare: 882 exit, ret 0
08-13 10:34:48.604  1212  2592 D AGM: graph: graph_start: 896 entry graph_handle 0x47534c
08-13 10:34:48.605  2566  2609 V WindowManagerShell: onTransitionReady android.os.BinderProxy@1ede8e5: {id=12 t=SLEEP f=0x0 trk=0 r=[] c=[]}
08-13 10:34:48.605  2566  2609 V WindowManagerShell: No transition roots in (#12)android.os.BinderProxy@1ede8e5@0 so abort
08-13 10:34:48.605  3842  3842 D [Life]  : onActivityPaused: com.yvr.launchersdk.UnityPlayerActivity@b15030f
08-13 10:34:48.605  3842  3842 I ActivityLifecycle.cpp: [Life] onNativeOnActivityPaused, ret: 3842
08-13 10:34:48.605  2610  2625 I rruntimeservice: Client::ActivityStateChange pid: 3842, state: 2
08-13 10:34:48.630   751   751 E         : tag mismatch entry->tag:1 tag:2
08-13 10:34:48.630   751   751 I [drm:dsi_panel_set_backlight [msm_drm]] [msm-dsi-info]: panel type:primary backlight type:2 lvl:0
08-13 10:34:48.605  2566  2609 V WindowManagerShell: Transition animation finished (aborted=true), notifying core (#12)android.os.BinderProxy@1ede8e5@0
08-13 10:34:48.606  3842  3842 D UnityPlayer-Home: unityPlayer_onPause_start
08-13 10:34:48.607  1212  2592 D AGM: graph: graph_start: 908 exit, ret 0
08-13 10:34:48.607  1212  2592 D AGM: graph: graph_start: 896 entry graph_handle 0x47534c
08-13 10:34:48.607  1212  2592 D AGM: graph: graph_start: 908 exit, ret 0
08-13 10:34:48.608  2243  2277 V WindowManager: Finish Transition #12: created at 08-13 10:34:48.599 collect-started=0.127ms request-sent=0.253ms started=0.488ms ready=0.485ms sent=0.782ms finished=6.889ms
08-13 10:34:48.608  2566  2609 V WindowManagerShell: Track 0 became idle
08-13 10:34:48.608  2566  2609 V WindowManagerShell: All active transition animations finished
08-13 10:34:48.632  2592  2592 I [Awinic][0-0034]aw883xx_mute: mute state=0
08-13 10:34:48.632  2592  2592 I [Awinic][0-0034]aw883xx_device_fw_update: start update Music
08-13 10:34:48.636  2592  2592 I [Awinic][0-0034]aw_dev_reg_container_update: dither_st=0x8000
08-13 10:34:48.618  3842  4031 I Core    : Called stop
08-13 10:34:48.618  3842  4031 I Core    : Called onUnityMainThreadPause
08-13 10:34:48.641  2592  2592 I [Awinic][0-0034]aw_dev_pwd: done
08-13 10:34:48.643  2592  2592 I [Awinic][0-0034]aw_dev_set_hmute: done
08-13 10:34:48.644  2592  2592 I [Awinic][0-0034]aw_dev_dsp_enable: done
08-13 10:34:48.644   751   751 I [drm:dsi_panel_set_backlight [msm_drm]] [msm-dsi-info]: panel type:secondary backlight type:2 lvl:0
08-13 10:34:48.619  3842  5167 I Core    : Called onGfxThreadStop
08-13 10:34:48.644  2592  2592 I [Awinic][0-0034]aw_dev_memclk_select: done
08-13 10:34:48.619  3842  5167 I Core    : Called onUnityGfxThreadPause
08-13 10:34:48.621  3842  5167 I Core    : Called leaveVrMode
08-13 10:34:48.621  3842  5167 I Core    : Called EndSession
08-13 10:34:48.646  2592  2592 I [Awinic][0-0034]aw_dev_dsp_cfg_update: dsp config len:2260
08-13 10:34:48.624  3842  5167 I VrRuntimeClient: delete PhaseSync
08-13 10:34:48.624  3842  5167 I yvr.spatialhome: PhaseSync stop
08-13 10:34:48.624  3842  5167 D LockMonitorThread.cpp: PhaseSync_monitor stop!
08-13 10:34:48.624  3842  6617 I LockMonitorThread.cpp: PhaseSync_monitor exit
08-13 10:34:48.624  3842  6615 D FenceChecker.cpp: FenceChecker mainLoop exit.
08-13 10:34:48.625  3842  5167 D FenceChecker.cpp: FenceChecker thread stop.
08-13 10:34:48.625  3842  5167 D yvr.spatialhome:  unlockAllSlot()
08-13 10:34:48.625  3842  5167 D yvr.spatialhome: ~ModuleCreator
08-13 10:34:48.625  3842  5167 D FenceChecker.cpp: destruction
08-13 10:34:48.625  3842  5167 D LockMonitorThread.cpp: destruction
08-13 10:34:48.625  3842  5167 D EGLEnvironment.cpp: destruction
08-13 10:34:48.625  3842  5167 D yvr.spatialhome: destruction
08-13 10:34:48.625  3842  5167 D yvr.spatialhome: client destroyRetireShm
08-13 10:34:48.625  3842  5167 D yvr.spatialhome: PhaseRetireShmC:clientPid[3842] Cleanup
08-13 10:34:48.625  3842  5167 D yvr.spatialhome: ~PhaseRetireShmC
08-13 10:34:48.625  3842  5167 D yvr.spatialhome: destruction pid=3842 mRole[0]
08-13 10:34:48.625  3842  5167 D yvr.spatialhome: destruction
08-13 10:34:48.625  3842  5167 I PhasePaddings.cpp: destruction
08-13 10:34:48.625  3842  5167 D VSyncObserver.cpp: destruction
08-13 10:34:48.625  2610  2625 I VrRuntimeNativeManager: LeaveVRMode pid:3842
08-13 10:34:48.625  2610  2756 I ClientMgr: MSG_LAYER_STATE_CHANGED
08-13 10:34:48.625  3842  5167 D oxr_session.cpp: [Focus] session end, tansfer to -> idle state
08-13 10:34:48.625  3842  5167 I Core    : Called leaveVrMode end
08-13 10:34:48.625  3842  5167 I Core    : Called deleteEyeBufferLayer
08-13 10:34:48.625  3842  5167 I Core    : Called removeActiveLayer
08-13 10:34:48.625  3842  5167 I Core    : Called deleteEnvironmentBufferLayer
08-13 10:34:48.625  3842  5167 I Core    : Called removeActiveLayer
08-13 10:34:48.625  2610  2756 I VSTController.cpp: vstUpdateReason[[default off]:[presentedClient(com.yvr.spatialhome)open]<out_visible:1>]
08-13 10:34:48.625  2610  2756 I rruntimeservice: boundaryUpdateReason guardianServiceClient mode:1
08-13 10:34:48.625  2610  2756 I rruntimeservice: boundaryUpdateReason[[default off]:{vstVisible:1}[presentedClient isSystemApp][vst is visible:close]<out_visible:0>]
08-13 10:34:48.625  2610  2824 I PassthroughContent: stop
08-13 10:34:48.626  3842  4031 I Core    : Called stop
08-13 10:34:48.627  1513  6685 E VSTSyncController: stream config, type:2, wanted fps:0, enable:0, target rate:0
08-13 10:34:48.628  2243  2272 D YvrStrategyService: getCurrentStrategyInternal  currentStrategy = 0
08-13 10:34:48.628  3842  4031 I YUnity  : get device state:Idle
08-13 10:34:48.631  3842  3842 I 2D_TCXRApis: pauseTCXR
