08-13 10:34:41.541  1513  1783 I         : MeshRecon # [timing] IN GenerateDepthMatFromMesh: 0.018000, 0.000000, 0.041000, 1.479000
08-13 10:34:41.541  1513  1783 I         : MeshRecon # [timing] SceneDepthSystem_Process: 9.690000 = 0.543000 + 7.423000 + 0.101000 + 1.586000 + 0.037000
08-13 10:34:41.565  1513  5085 I         : 2.5.85: [ProcessVisualInertialOnce]: Send SLAM Img[598799203645],latest IMU[598794439919]
08-13 10:34:41.570  1513  1778 I         : SLAM_ALG::pipeline # TrackingOnce long frame: 4.511000,1.268000,3.243000,598794439919
08-13 10:34:41.572  1513  1783 I         : MeshRecon # [timing] IN GenerateDepthMatFromMesh: 0.031000, 0.000000, 0.064000, 1.480000
08-13 10:34:41.572  1513  1783 I         : MeshRecon # [timing] SceneDepthSystem_Process: 6.660000 = 0.490000 + 4.396000 + 0.103000 + 1.637000 + 0.034000
08-13 10:34:41.598  1513  1777 I         : 2.5.85: [ProcessVisualInertialOnce]: Send SLAM Img[598832410312],latest IMU[598827772758]
08-13 10:34:41.601  1513  1778 I         : SLAM_ALG::pipeline # TrackingOnce long frame: 3.418000,1.188000,2.230000,598827772758
08-13 10:34:41.604  1513  1783 I         : MeshRecon # [timing] IN GenerateDepthMatFromMesh: 0.018000, 0.000000, 0.036000, 1.320000
08-13 10:34:41.604  1513  1783 I         : MeshRecon # [timing] SceneDepthSystem_Process: 6.262000 = 0.443000 + 4.278000 + 0.090000 + 1.421000 + 0.030000
08-13 10:34:41.634  1513  5085 I         : 2.5.85: [ProcessVisualInertialOnce]: Send SLAM Img[598867570468],latest IMU[598861105557]
08-13 10:34:41.642  1513  1783 I         : MeshRecon # [timing] IN GenerateDepthMatFromMesh: 0.027000, 0.000000, 0.039000, 1.536000
08-13 10:34:41.642  1513  1783 I         : MeshRecon # [timing] SceneDepthSystem_Process: 7.636000 = 1.108000 + 4.509000 + 0.321000 + 1.661000 + 0.037000
08-13 10:34:41.642  1513  1778 I         : SLAM_ALG::pipeline # TrackingOnce long frame: 6.348000,1.134000,5.214000,598861105557
08-13 10:34:41.659  1513  1784 I         : MeshRecon # Object [0] is completely outside image bounds, skipping
08-13 10:34:41.665  1513  1777 I         : 2.5.85: [ProcessVisualInertialOnce]: Send SLAM Img[598899800260],latest IMU[598894438396]
08-13 10:34:41.669  1513  1778 I         : SLAM_ALG::pipeline # TrackingOnce long frame: 3.188000,0.861000,2.327000,598894438396
08-13 10:34:41.672  1513  1783 I         : MeshRecon # [timing] IN GenerateDepthMatFromMesh: 0.016000, 0.000000, 0.039000, 1.358000
08-13 10:34:41.672  1513  1783 I         : MeshRecon # [timing] SceneDepthSystem_Process: 7.076000 = 0.436000 + 5.070000 + 0.093000 + 1.451000 + 0.026000
08-13 10:34:41.698  1513  1777 I         : 2.5.85: [ProcessVisualInertialOnce]: Send SLAM Img[598933006875],latest IMU[598927771208]
08-13 10:34:41.703  1513  1778 I         : SLAM_ALG::pipeline # TrackingOnce long frame: 4.467000,0.810000,3.657000,598927771208
08-13 10:34:41.704  1513  1784 E MeshTrackingModule: [Spatial] on block update, count: 12
08-13 10:34:41.704  1513  1783 I         : MeshRecon # [timing] IN GenerateDepthMatFromMesh: 0.029000, 0.000000, 0.043000, 1.431000
08-13 10:34:41.704  1513  1783 I         : MeshRecon # [timing] SceneDepthSystem_Process: 6.919000 = 0.433000 + 4.769000 + 0.113000 + 1.540000 + 0.064000
08-13 10:34:41.708  1513  1784 I         : MeshRecon # Callback updated 12 blocks at map_id 47!
08-13 10:34:41.708  1513  1784 I         : MeshRecon # DetectNearObj result: xyz (-0.050000, 0.150000, -0.626675), dist 0.536658
08-13 10:34:41.708  1513  1784 I         : MeshRecon # [timing] DetectNearObj: 0.014000 + 0.005000 + 0.139000 = 0.158000
08-13 10:34:41.708  1513  1784 I         : MeshRecon # [timing] SUM:51.956997, Prep:0.004000,Rect:1.488000,BBox:1.619000,Depth:34.067001,Filter:0.635000,Insert:7.391000,Update:2.894000,CB:3.684000,Floor:0.001000,Boundary:0.000000,NearObj:0.173000,Room1:0.000000,Room2:0.001000
08-13 10:34:41.708  1513  1784 I         : MeshRecon # [cur update] chunk num: 12, vtx num: 117, idx num: 372;  [max update] chunk num: 97, vtx num: 4687, idx num: 18291;  [all] chunk num: 52, vtx num: 1184, idx num: 4047
08-13 10:34:41.708  1513  1784 I         : CalculateBBox_QNN            -> min:0.934, max:5.289, avg:1.383 ms, sum:1.90547 s
08-13 10:34:41.708  3537  3765 I FOO     : [SystemUX] onNearestObjectUpdate 0.536658
08-13 10:34:41.708  1513  1784 I         : CalculateDepth               -> min:30.39, max:53.21, avg:35.56 ms, sum:48.9717 s
08-13 10:34:41.708  1513  1784 I         : CalculateDepthStereo_CNN     -> min:15.30, max:31.77, avg:17.24 ms, sum:23.7466 s
08-13 10:34:41.708  1513  1784 I         : CalculateDepthToF_CNN        -> min:12.74, max:30.79, avg:16.45 ms, sum:22.6544 s
08-13 10:34:41.708  1513  1784 I         : CalculateDepthToF_ToFMask    -> min:0.044, max:0.734, avg:0.065 ms, sum:0.08976 s
08-13 10:34:41.708  1513  1784 I         : CallbackBlockUpdateEvent     -> min:2.831, max:9.289, avg:5.143 ms, sum:2.36617 s
08-13 10:34:41.708  1513  1784 I         : DetectFloor                  -> min:0.088, max:1.212, avg:0.247 ms, sum:0.06620 s
08-13 10:34:41.708  1513  1784 I         : DetectNearObj                -> min:0.004, max:1.966, avg:0.313 ms, sum:0.36457 s
08-13 10:34:41.708  1513  1784 I         : FilterDepth                  -> min:0.140, max:7.249, avg:1.198 ms, sum:1.64078 s
08-13 10:34:41.708  1513  1784 I         : InsertData                   -> min:4.666, max:16.54, avg:8.766 ms, sum:12.0020 s
08-13 10:34:41.708  1513  1784 I         : Rectification                -> min:1.342, max:4.023, avg:1.729 ms, sum:2.38214 s
08-13 10:34:41.708  1513  1784 I         : TrackingBBox                 -> min:0.005, max:0.339, avg:0.013 ms, sum:0.01807 s
08-13 10:34:41.708  1513  1784 I         : UpdateMesh                   -> min:1.155, max:40.21, avg:16.70 ms, sum:7.68212 s
08-13 10:34:41.708  1513  1784 I         : 
08-13 10:34:41.709  2610  3053 E VSTDisplayManager: VST FPS:72
08-13 10:34:41.732  1513  5085 I         : 2.5.85: [ProcessVisualInertialOnce]: Send SLAM Img[598966213541],latest IMU[598961104034]
08-13 10:34:41.735  1513  1778 I         : SLAM_ALG::pipeline # TrackingOnce long frame: 3.424000,1.108000,2.316000,598961104034
08-13 10:34:41.738  1513  1783 I         : MeshRecon # [timing] IN GenerateDepthMatFromMesh: 0.020000, 0.000000, 0.036000, 1.411000
08-13 10:34:41.738  1513  1783 I         : MeshRecon # [timing] SceneDepthSystem_Process: 6.517000 = 0.451000 + 4.372000 + 0.113000 + 1.541000 + 0.040000
08-13 10:34:41.762   726   726 I [kworke][0x2ad7830ca][02:34:41.736888] kiwi_v2: [726:I:PMO] pmo_core_psoc_send_host_wakeup_ind_to_fw: Host wakeup indication sent to fw
08-13 10:34:41.765  1513  1777 I         : 2.5.85: [ProcessVisualInertialOnce]: Send SLAM Img[598999420468],latest IMU[598994436859]
08-13 10:34:41.770  1513  1778 I         : SLAM_ALG::pipeline # TrackingOnce long frame: 4.370000,1.144000,3.226000,598994436859
08-13 10:34:41.771  1513  1783 I         : MeshRecon # [timing] IN GenerateDepthMatFromMesh: 0.023000, 0.000000, 0.036000, 1.341000
08-13 10:34:41.771  1513  1783 I         : MeshRecon # [timing] SceneDepthSystem_Process: 7.232000 = 0.431000 + 5.239000 + 0.090000 + 1.441000 + 0.031000
08-13 10:34:41.781  1513  1713 I DataSetModule: mcu log: [log_level:1 msg:HOST Tsync:1 CtrlIMUen:0 HmdIMUen:0 OTA left:0 right:0]
08-13 10:34:41.781  1513  1713 I DataSetModule: mcu log: [log_level:1 msg:RF Chan: 0 0 0 0 0 0 0 0 0 0]
08-13 10:34:41.792  1513  6643 I VrlinkDataSource: timeSync.ts:599027678788, offset:6875
08-13 10:34:41.801  1513  5085 I         : 2.5.85: [ProcessVisualInertialOnce]: Send SLAM Img[599034580416],latest IMU[599027769672]
08-13 10:34:41.808  1513  1778 I         : SLAM_ALG::pipeline # TrackingOnce long frame: 5.668000,1.205000,4.463000,599027769672
08-13 10:34:41.808  1513  1783 I         : MeshRecon # [timing] IN GenerateDepthMatFromMesh: 0.020000, 0.000000, 0.096000, 1.585000
08-13 10:34:41.808  1513  1783 I         : MeshRecon # [timing] SceneDepthSystem_Process: 7.550000 = 0.935000 + 4.507000 + 0.302000 + 1.733000 + 0.073000
08-13 10:34:41.832  1513  1777 I         : 2.5.85: [ProcessVisualInertialOnce]: Send SLAM Img[599065833541],latest IMU[599061102510]
08-13 10:34:41.837  1513  1783 I         : MeshRecon # [timing] IN GenerateDepthMatFromMesh: 0.021000, 0.000000, 0.044000, 1.339000
08-13 10:34:41.838  1513  1783 I         : MeshRecon # [timing] SceneDepthSystem_Process: 6.508000 = 0.455000 + 4.442000 + 0.096000 + 1.468000 + 0.047000
08-13 10:34:41.838  1513  1778 I         : SLAM_ALG::pipeline # TrackingOnce long frame: 6.519000,0.877000,5.642000,599061102510
08-13 10:34:41.859  1513  1784 I         : MeshRecon # Object [0] is completely outside image bounds, skipping
08-13 10:34:41.865  1513  1777 I         : 2.5.85: [ProcessVisualInertialOnce]: Send SLAM Img[599099040208],latest IMU[599094435336]
08-13 10:34:41.869  1513  1778 I         : SLAM_ALG::pipeline # TrackingOnce long frame: 3.817000,1.061000,2.756000,599094435336
08-13 10:34:41.872  1513  1783 I         : MeshRecon # [timing] IN GenerateDepthMatFromMesh: 0.020000, 0.000000, 0.046000, 1.346000
08-13 10:34:41.872  1513  1783 I         : MeshRecon # [timing] SceneDepthSystem_Process: 7.280000 = 0.514000 + 5.150000 + 0.131000 + 1.457000 + 0.028000
08-13 10:34:41.899  1513  1777 I         : 2.5.85: [ProcessVisualInertialOnce]: Send SLAM Img[599133223802],latest IMU[599127768148]
08-13 10:34:41.904  1513  1778 I         : SLAM_ALG::pipeline # TrackingOnce long frame: 4.395000,1.117000,3.278000,599127768148
08-13 10:34:41.906  1513  1783 I         : MeshRecon # [timing] IN GenerateDepthMatFromMesh: 0.021000, 0.000000, 0.036000, 1.224000
08-13 10:34:41.906  1513  1783 I         : MeshRecon # [timing] SceneDepthSystem_Process: 6.887000 = 0.691000 + 4.735000 + 0.109000 + 1.318000 + 0.034000
08-13 10:34:41.910  1513  1784 I         : MeshRecon # [timing] SUM:52.873001, Prep:0.016000,Rect:1.726000,BBox:1.112000,Depth:42.533001,Filter:0.657000,Insert:6.828000,Update:0.000000,CB:0.000000,Floor:0.000000,Boundary:0.001000,NearObj:0.000000,Room1:0.000000,Room2:0.000000
08-13 10:34:41.910  1513  1784 I         : MeshRecon # DetectNearObj result: xyz (-0.050000, 0.150000, -0.626675), dist 0.536211
08-13 10:34:41.910  1513  1784 I         : MeshRecon # [timing] DetectNearObj: 0.013000 + 0.008000 + 0.318000 = 0.339000
08-13 10:34:41.912  3537  3765 I FOO     : [SystemUX] onNearestObjectUpdate 0.536211
08-13 10:34:41.927  1513  6672 I         : SLAM_ALG: mapping [OPT] Insufficient measures data, jump!
08-13 10:34:41.928  1513  6672 I         : SLAM_ALG: mapping UpdateAlignMapTransformInfo t_error: 0.003, r_error: 0.22
08-13 10:34:41.931  1513  1783 I         : 2.5.85: [WARNING] SceneDepthProcessOnce InterpolatePose failed! prePose ts 599160875853, nextPose ts 599160875853, avg_ts 599161100960
08-13 10:34:41.932  1513  6672 I         : SLAM_ALG: mapping Twb_cur_int in pipeline: 599061102510, -0.0875, -0.0008, 0.0247, 0.7006, 0.6849, -0.1111, -0.1663
08-13 10:34:41.932  1513  6672 I         : SLAM_ALG: mapping Twb_cur_ext in pipeline: 599061102510, -0.0746, 0.0096, -0.0012, 0.6986, 0.6864, -0.1051, -0.1727
08-13 10:34:41.932  1513  6672 I         : SLAM_ALG: mapping Merged Maps Num: 9
08-13 10:34:41.932  1513  6672 I         : SLAM_ALG: mapping ---- Map id: 0, frames num: 10, transform: 0 - 0, 0.0000, 0.0000, 0.0000, 0.0000, 0.0000, 0.0000, 1.0000
08-13 10:34:41.932  1513  6672 I         : SLAM_ALG: mapping ---- Map id: 22, frames num: 130, transform: 22 - 0, 0.0126, 0.0330, 0.0198, 0.0234, 0.0026, 0.0016, 0.9997
08-13 10:34:41.932  1513  6672 I         : SLAM_ALG: mapping ---- Map id: 24, frames num: 13, transform: 24 - 0, 0.0504, -0.0102, 0.0125, -0.2222, 0.0022, 0.0004, 0.9750
08-13 10:34:41.932  1513  6672 I         : SLAM_ALG: mapping ---- Map id: 46, frames num: 3, transform: 46 - 0, 0.0507, 0.0502, -0.0933, 0.0136, 0.0046, 0.0029, 0.9999
08-13 10:34:41.932  1513  6672 I         : SLAM_ALG: mapping ---- Map id: 47, frames num: 106, transform: 47 - 0, 0.0354, 0.1158, -0.1375, 0.0709, 0.0069, 0.0053, 0.9974
08-13 10:34:41.932  1513  6672 I         : SLAM_ALG: mapping ---- Map id: 48, frames num: 0, transform: 48 - 0, 0.0102, 0.0466, -0.0616, 0.0634, 0.0051, 0.0024, 0.9980
08-13 10:34:41.932  1513  6672 I         : SLAM_ALG: mapping ---- Map id: 49, frames num: 0, transform: 49 - 0, 0.0042, 0.0279, -0.0583, 0.0046, 0.0108, 0.0036, 0.9999
08-13 10:34:41.932  1513  6672 I         : SLAM_ALG: mapping ---- Map id: 50, frames num: 11, transform: 50 - 0, 0.0122, 0.0149, -0.0618, 0.0178, 0.0155, 0.0045, 0.9997
08-13 10:34:41.932  1513  6672 I         : SLAM_ALG: mapping ---- Map id: 51, frames num: 13, transform: 51 - 0, 0.0159, 0.0108, -0.0294, 0.0095, 0.0033, 0.0011, 0.9999
08-13 10:34:41.932  1513  6672 I         : SLAM_ALG: mapping Mapping Map 0, local anchors num: 0
08-13 10:34:41.932  1513  1777 I         : 2.5.85: [ProcessVisualInertialOnce]: Send SLAM Img[599166430468],latest IMU[599161100961]
08-13 10:34:41.933  1513  6672 I         : SLAM_ALG: mapping [MEMORY] kfs num: 286/286, nfs num: 0/0, cams num: 644/644, feats num: 43752/43752, meas num: 42685/42685, mpts num: 7946/7946
08-13 10:34:41.933  1513  6672 I         : SLAM_ALG: mapping [TIME] ProcessKeyFrame: 93.61, 69.62, 9.34, 5.53, 4.40, 0.00, 0.06, 4.66, 599061102510
08-13 10:34:41.936  1513  1778 I         : SLAM_ALG::pipeline # TrackingOnce long frame: 3.342000,1.118000,2.224000,599161100961
08-13 10:34:41.938  1513  1783 I         : MeshRecon # [timing] IN GenerateDepthMatFromMesh: 0.018000, 0.000000, 0.037000, 1.222000
08-13 10:34:41.938  1513  1783 I         : MeshRecon # [timing] SceneDepthSystem_Process: 6.912000 = 0.396000 + 4.995000 + 0.090000 + 1.397000 + 0.034000
08-13 10:34:41.967  1513  5085 I         : 2.5.85: [ProcessVisualInertialOnce]: Send SLAM Img[599200613750],latest IMU[599194433799]
08-13 10:34:41.974  1513  1783 I         : MeshRecon # [timing] IN GenerateDepthMatFromMesh: 0.016000, 0.000000, 0.040000, 1.776000
08-13 10:34:41.974  1513  1783 I         : MeshRecon # [timing] SceneDepthSystem_Process: 7.373000 = 0.783000 + 4.555000 + 0.094000 + 1.900000 + 0.041000
08-13 10:34:41.975  1513  1778 I         : SLAM_ALG::pipeline # TrackingOnce long frame: 6.488000,2.513000,3.975000,599194433799
08-13 10:34:41.998  1513  1777 I         : 2.5.85: [ProcessVisualInertialOnce]: Send SLAM Img[599232843802],latest IMU[599227766599]
08-13 10:34:42.004  1513  1778 I         : SLAM_ALG::pipeline # TrackingOnce long frame: 5.256000,0.834000,4.422000,599227766599
08-13 10:34:42.004  1513  1783 I         : MeshRecon # [timing] IN GenerateDepthMatFromMesh: 0.047000, 0.000000, 0.041000, 1.323000
08-13 10:34:42.004  1513  1783 I         : MeshRecon # [timing] SceneDepthSystem_Process: 6.466000 = 0.411000 + 4.454000 + 0.098000 + 1.469000 + 0.034000
08-13 10:34:42.032  1513  1777 I         : 2.5.85: [ProcessVisualInertialOnce]: Send SLAM Img[599266050468],latest IMU[599261099424]
08-13 10:34:42.036  1513  1778 I         : SLAM_ALG::pipeline # TrackingOnce long frame: 4.371000,0.818000,3.553000,599261099424
08-13 10:34:42.037  1513  1783 I         : MeshRecon # [timing] IN GenerateDepthMatFromMesh: 0.026000, 0.000000, 0.075000, 1.518000
08-13 10:34:42.037  1513  1783 I         : MeshRecon # [timing] SceneDepthSystem_Process: 6.636000 = 0.402000 + 4.419000 + 0.095000 + 1.674000 + 0.046000
08-13 10:34:42.040  4318  4679 D NetworkService: TotalRxSpeed : 39B/s  /  TotalTxSpeed : 59B/s
08-13 10:34:42.040  4318  4679 D NetworkService: SystemRxSpeed : 39B/s  /  SystemTxSpeed : 59B/s
08-13 10:34:42.065  1513  5085 I         : 2.5.85: [ProcessVisualInertialOnce]: Send SLAM Img[599299257135],latest IMU[599294432250]
08-13 10:34:42.069  1513  1778 I         : SLAM_ALG::pipeline # TrackingOnce long frame: 3.263000,1.284000,1.979000,599294432250
08-13 10:34:42.072  1513  1783 I         : MeshRecon # [timing] IN GenerateDepthMatFromMesh: 0.019000, 0.000000, 0.042000, 1.179000
08-13 10:34:42.072  1513  1783 I         : MeshRecon # [timing] SceneDepthSystem_Process: 7.024000 = 0.754000 + 4.868000 + 0.091000 + 1.284000 + 0.027000
08-13 10:34:42.098  1513  1777 I         : 2.5.85: [ProcessVisualInertialOnce]: Send SLAM Img[599332463802],latest IMU[599327765075]
08-13 10:34:42.103  1513  1778 I         : SLAM_ALG::pipeline # TrackingOnce long frame: 4.666000,1.370000,3.296000,599327765075
08-13 10:34:42.103  1513  1784 I         : MeshRecon # FloorDetector fail since no enough valid point existed
08-13 10:34:42.103  1513  1784 I         : MeshRecon # [ERROR] floor detection failed! successful: 0 value: 999.000000 relative: -999.076477
08-13 10:34:42.103  1513  1784 W MeshTrackingModule: [Spatial] invalid floor level: 999.000000
08-13 10:34:42.103  1513  1784 I         : MeshRecon # [timing] DetectFloor: 0.021000 + 0.068000 + 0.076000 = 0.165000
08-13 10:34:42.104  1513  1784 I         : MeshRecon # [timing] SUM:47.664997, Prep:0.004000,Rect:1.645000,BBox:1.275000,Depth:34.882000,Filter:0.635000,Insert:8.995000,Update:0.000000,CB:0.000000,Floor:0.229000,Boundary:0.000000,NearObj:0.000000,Room1:0.000000,Room2:0.000000
08-13 10:34:42.106  1513  1783 I         : MeshRecon # [timing] IN GenerateDepthMatFromMesh: 0.021000, 0.000000, 0.038000, 1.349000
08-13 10:34:42.106  1513  1783 I         : MeshRecon # [timing] SceneDepthSystem_Process: 7.983000 = 0.458000 + 5.912000 + 0.090000 + 1.488000 + 0.035000
08-13 10:34:42.123  1513  1784 I         : MeshRecon # DetectNearObj result: xyz (-0.050000, 0.150000, -0.626675), dist 0.536489
08-13 10:34:42.123  1513  1784 I         : MeshRecon # [timing] DetectNearObj: 0.012000 + 0.005000 + 0.194000 = 0.211000
08-13 10:34:42.123  3537  3765 I FOO     : [SystemUX] onNearestObjectUpdate 0.536489
08-13 10:34:42.134  1513  5085 I         : 2.5.85: [ProcessVisualInertialOnce]: Send SLAM Img[599367623697],latest IMU[599361097888]
08-13 10:34:42.141  1513  1778 I         : SLAM_ALG::pipeline # TrackingOnce long frame: 5.539000,2.451000,3.087000,599361097888
08-13 10:34:42.143  1513  1783 I         : MeshRecon # [timing] IN GenerateDepthMatFromMesh: 0.021000, 0.000000, 0.222000, 1.592000
08-13 10:34:42.143  1513  1783 I         : MeshRecon # [timing] SceneDepthSystem_Process: 9.181001 = 1.420000 + 5.717000 + 0.117000 + 1.884000 + 0.043000
08-13 10:34:42.165  1513  1777 I         : 2.5.85: [ProcessVisualInertialOnce]: Send SLAM Img[599399853750],latest IMU[599394430713]
08-13 10:34:42.171  1513  1783 I         : MeshRecon # [timing] IN GenerateDepthMatFromMesh: 0.016000, 0.000000, 0.034000, 1.161000
08-13 10:34:42.171  1513  1783 I         : MeshRecon # [timing] SceneDepthSystem_Process: 6.217000 = 0.447000 + 4.377000 + 0.085000 + 1.268000 + 0.040000
08-13 10:34:42.171  1513  1778 I         : SLAM_ALG::pipeline # TrackingOnce long frame: 6.042000,0.852000,5.190000,599394430713
08-13 10:34:42.193  3842  6614 I PerfStats.cpp: FPS=72.00/72, Prd=21.69ms, Early=72.00, Stale=0.00, Lat=-1, Fov=0, CPU/GPU=4/5, Free=7350MB, ATW=5.13ms, APP=3.61ms/2.07ms, GD=0.00, CPU%=0.38, GPU%=0.35,ColorSpace:6
08-13 10:34:42.198  1513  1777 I         : 2.5.85: [ProcessVisualInertialOnce]: Send SLAM Img[599433060468],latest IMU[599427763526]
08-13 10:34:42.202  1513  1778 I         : SLAM_ALG::pipeline # TrackingOnce long frame: 3.131000,0.786000,2.345000,599427763526
08-13 10:34:42.204  1513  1783 I         : MeshRecon # [timing] IN GenerateDepthMatFromMesh: 0.024000, 0.000000, 0.042000, 1.282000
08-13 10:34:42.204  1513  1783 I         : MeshRecon # [timing] SceneDepthSystem_Process: 6.505000 = 0.404000 + 4.546000 + 0.119000 + 1.400000 + 0.036000
08-13 10:34:42.209  2610  3053 I VstCameraDeviceImpl: calculatePhase, fn:2970 (60 : 60), delay:6393755
08-13 10:34:42.234  1513  5085 I         : 2.5.85: [ProcessVisualInertialOnce]: Send SLAM Img[599468220364],latest IMU[599461096364]
08-13 10:34:42.236  2610  3053 I CompositorMonitor: fps:72.0, prd:21.2 ms, cpu:1.3 ms, gpu:3.8 ms, early:72.0, stale:0.0, max_stale:0.0, sw_mode:0, drr:72.0, lat_mode:-1
08-13 10:34:42.239  1513  1778 I         : SLAM_ALG::pipeline # TrackingOnce long frame: 4.203000,0.810000,3.393000,599461096364
08-13 10:34:42.241  1513  1783 I         : MeshRecon # [timing] IN GenerateDepthMatFromMesh: 0.018000, 0.000000, 0.039000, 1.352000
08-13 10:34:42.241  1513  1783 I         : MeshRecon # [timing] SceneDepthSystem_Process: 6.788000 = 0.726000 + 4.504000 + 0.087000 + 1.445000 + 0.026000
08-13 10:34:42.265  1513  1777 I         : 2.5.85: [ProcessVisualInertialOnce]: Send SLAM Img[599499473802],latest IMU[599494429177]
08-13 10:34:42.269  1513  1778 I         : SLAM_ALG::pipeline # TrackingOnce long frame: 3.472000,1.466000,2.006000,599494429177
08-13 10:34:42.272  1513  1783 I         : MeshRecon # [timing] IN GenerateDepthMatFromMesh: 0.020000, 0.000000, 0.035000, 1.340000
08-13 10:34:42.272  1513  1783 I         : MeshRecon # [timing] SceneDepthSystem_Process: 7.544000 = 0.397000 + 5.429000 + 0.094000 + 1.518000 + 0.106000
08-13 10:34:42.298  1513  5085 I         : 2.5.85: [ProcessVisualInertialOnce]: Send SLAM Img[599532680468],latest IMU[599527762003]
08-13 10:34:42.304  1513  1778 I         : SLAM_ALG::pipeline # TrackingOnce long frame: 5.188000,1.641000,3.547000,599527762003
08-13 10:34:42.305  1513  1783 I         : MeshRecon # [timing] IN GenerateDepthMatFromMesh: 0.019000, 0.000000, 0.040000, 1.377000
08-13 10:34:42.305  1513  1783 I         : MeshRecon # [timing] SceneDepthSystem_Process: 7.050000 = 0.426000 + 5.011000 + 0.092000 + 1.485000 + 0.036000
08-13 10:34:42.306  1513  1784 E MeshTrackingModule: [Spatial] on block update, count: 16
08-13 10:34:42.311  1513  1784 I         : MeshRecon # Callback updated 16 blocks at map_id 47!
08-13 10:34:42.311  1513  1784 I         : MeshRecon # [timing] SUM:53.828999, Prep:0.005000,Rect:2.057000,BBox:1.347000,Depth:34.757999,Filter:0.525000,Insert:8.367000,Update:2.391000,CB:4.376000,Floor:0.001000,Boundary:0.000000,NearObj:0.001000,Room1:0.000000,Room2:0.001000
08-13 10:34:42.311  1513  1784 I         : MeshRecon # [cur update] chunk num: 16, vtx num: 117, idx num: 372;  [max update] chunk num: 97, vtx num: 4687, idx num: 18291;  [all] chunk num: 52, vtx num: 1184, idx num: 4047
08-13 10:34:42.311  1513  1784 I         : CalculateBBox_QNN            -> min:0.934, max:5.289, avg:1.383 ms, sum:1.90921 s
08-13 10:34:42.311  1513  1784 I         : CalculateDepth               -> min:30.39, max:53.21, avg:35.56 ms, sum:49.0839 s
08-13 10:34:42.311  1513  1784 I         : CalculateDepthStereo_CNN     -> min:15.30, max:31.77, avg:17.24 ms, sum:23.8042 s
08-13 10:34:42.311  1513  1784 I         : CalculateDepthToF_CNN        -> min:12.74, max:30.79, avg:16.45 ms, sum:22.7054 s
08-13 10:34:42.311  1513  1784 I         : CalculateDepthToF_ToFMask    -> min:0.044, max:0.734, avg:0.065 ms, sum:0.08997 s
08-13 10:34:42.311  1513  1784 I         : CallbackBlockUpdateEvent     -> min:2.831, max:9.289, avg:5.142 ms, sum:2.37055 s
08-13 10:34:42.311  1513  1784 I         : DetectFloor                  -> min:0.088, max:1.212, avg:0.246 ms, sum:0.06637 s
08-13 10:34:42.311  1513  1784 I         : DetectNearObj                -> min:0.004, max:1.966, avg:0.313 ms, sum:0.36513 s
08-13 10:34:42.311  1513  1784 I         : FilterDepth                  -> min:0.140, max:7.249, avg:1.197 ms, sum:1.64260 s
08-13 10:34:42.311  1513  1784 I         : InsertData                   -> min:4.666, max:16.54, avg:8.765 ms, sum:12.0262 s
08-13 10:34:42.311  1513  1784 I         : Rectification                -> min:1.342, max:4.023, avg:1.730 ms, sum:2.38757 s
08-13 10:34:42.311  1513  1784 I         : TrackingBBox                 -> min:0.005, max:0.339, avg:0.013 ms, sum:0.01809 s
08-13 10:34:42.311  1513  1784 I         : UpdateMesh                   -> min:1.155, max:40.21, avg:16.66 ms, sum:7.68452 s
08-13 10:34:42.311  1513  1784 I         : 
08-13 10:34:42.331  1513  5085 I         : 2.5.85: [ProcessVisualInertialOnce]: Send SLAM Img[599565887135],latest IMU[599561094841]
08-13 10:34:42.337  1513  1778 I         : SLAM_ALG::pipeline # TrackingOnce long frame: 5.606000,1.039000,4.567000,599561094841
08-13 10:34:42.338  1513  1783 I         : MeshRecon # [timing] IN GenerateDepthMatFromMesh: 0.022000, 0.001000, 0.042000, 1.331000
08-13 10:34:42.339  1513  1783 I         : MeshRecon # [timing] SceneDepthSystem_Process: 7.340000 = 1.245000 + 4.358000 + 0.109000 + 1.460000 + 0.168000
08-13 10:34:42.356  2610  4747 I LayerState: XR submitFrame:17900 [minV=1 curV=43574], client:3842, type:1 layer_count:4
08-13 10:34:42.357  1513  1784 I         : MeshRecon # DetectNearObj result: xyz (-0.050000, 0.150000, -0.626675), dist 0.536543
08-13 10:34:42.357  1513  1784 I         : MeshRecon # [timing] DetectNearObj: 0.022000 + 0.006000 + 0.439000 = 0.467000
08-13 10:34:42.357  3537  3765 I FOO     : [SystemUX] onNearestObjectUpdate 0.536543
08-13 10:34:42.386   726   726 I [kworke][0x2ae2f0b0e][02:34:42.361025] kiwi_v2: [726:I:PMO] pmo_core_enable_wow_in_fw: drv wow is enabled
08-13 10:34:42.364  1513  5085 I         : 2.5.85: [ProcessVisualInertialOnce]: Send SLAM Img[599599093802],latest IMU[599594427641]
08-13 10:34:42.371  1513  1783 I         : MeshRecon # [timing] IN GenerateDepthMatFromMesh: 0.024000, 0.000000, 0.055000, 1.441000
08-13 10:34:42.371  1513  1783 I         : MeshRecon # [timing] SceneDepthSystem_Process: 6.904000 = 0.401000 + 4.762000 + 0.119000 + 1.572000 + 0.050000
08-13 10:34:42.373  1513  1778 I         : SLAM_ALG::pipeline # TrackingOnce long frame: 8.315000,1.761000,6.554000,599594427641
08-13 10:34:42.398  1513  5085 I         : 2.5.85: [ProcessVisualInertialOnce]: Send SLAM Img[599633277135],latest IMU[599627760466]
08-13 10:34:42.403  1513  1778 I         : SLAM_ALG::pipeline # TrackingOnce long frame: 3.593000,0.942000,2.651000,599627760466
08-13 10:34:42.405  1513  1783 I         : MeshRecon # [timing] IN GenerateDepthMatFromMesh: 0.016000, 0.000000, 0.034000, 1.241000
08-13 10:34:42.405  1513  1783 I         : MeshRecon # [timing] SceneDepthSystem_Process: 6.525000 = 0.868000 + 4.209000 + 0.085000 + 1.333000 + 0.030000
08-13 10:34:42.431  1513  1783 I         : 2.5.85: [WARNING] SceneDepthProcessOnce InterpolatePose failed! prePose ts 599660929186, nextPose ts 599660929186, avg_ts 599661093278
08-13 10:34:42.432  1513  1777 I         : 2.5.85: [ProcessVisualInertialOnce]: Send SLAM Img[599666483802],latest IMU[599661093292]
08-13 10:34:42.437  1513  1778 I         : SLAM_ALG::pipeline # TrackingOnce long frame: 4.756000,1.346000,3.410000,599661093292
08-13 10:34:42.438  1513  1783 I         : MeshRecon # [timing] IN GenerateDepthMatFromMesh: 0.016000, 0.001000, 0.035000, 1.780000
08-13 10:34:42.439  1513  1783 I         : MeshRecon # [timing] SceneDepthSystem_Process: 7.766000 = 0.395000 + 5.311000 + 0.111000 + 1.919000 + 0.030000
08-13 10:34:42.444  1513  6672 I         : SLAM_ALG: mapping [OPT] Insufficient measures data, jump!
08-13 10:34:42.445  1513  6672 I         : SLAM_ALG: mapping UpdateAlignMapTransformInfo t_error: 0.003, r_error: 0.23
08-13 10:34:42.448  1513  6672 I         : SLAM_ALG: mapping Twb_cur_int in pipeline: 599594427641, -0.0866, -0.0043, 0.0259, 0.7015, 0.6852, -0.1164, -0.1580
08-13 10:34:42.448  1513  6672 I         : SLAM_ALG: mapping Twb_cur_ext in pipeline: 599594427641, -0.0737, 0.0061, 0.0000, 0.6996, 0.6866, -0.1104, -0.1642
08-13 10:34:42.448  1513  6672 I         : SLAM_ALG: mapping Merged Maps Num: 9
08-13 10:34:42.448  1513  6672 I         : SLAM_ALG: mapping ---- Map id: 0, frames num: 10, transform: 0 - 0, 0.0000, 0.0000, 0.0000, 0.0000, 0.0000, 0.0000, 1.0000
08-13 10:34:42.448  1513  6672 I         : SLAM_ALG: mapping ---- Map id: 22, frames num: 130, transform: 22 - 0, 0.0126, 0.0330, 0.0198, 0.0234, 0.0026, 0.0016, 0.9997
08-13 10:34:42.448  1513  6672 I         : SLAM_ALG: mapping ---- Map id: 24, frames num: 13, transform: 24 - 0, 0.0504, -0.0102, 0.0125, -0.2222, 0.0022, 0.0004, 0.9750
08-13 10:34:42.448  1513  6672 I         : SLAM_ALG: mapping ---- Map id: 46, frames num: 3, transform: 46 - 0, 0.0507, 0.0502, -0.0933, 0.0136, 0.0046, 0.0029, 0.9999
08-13 10:34:42.448  1513  6672 I         : SLAM_ALG: mapping ---- Map id: 47, frames num: 106, transform: 47 - 0, 0.0354, 0.1158, -0.1375, 0.0709, 0.0069, 0.0053, 0.9974
08-13 10:34:42.448  1513  6672 I         : SLAM_ALG: mapping ---- Map id: 48, frames num: 0, transform: 48 - 0, 0.0102, 0.0466, -0.0616, 0.0634, 0.0051, 0.0024, 0.9980
08-13 10:34:42.448  1513  6672 I         : SLAM_ALG: mapping ---- Map id: 49, frames num: 0, transform: 49 - 0, 0.0042, 0.0279, -0.0583, 0.0046, 0.0108, 0.0036, 0.9999
08-13 10:34:42.448  1513  6672 I         : SLAM_ALG: mapping ---- Map id: 50, frames num: 11, transform: 50 - 0, 0.0122, 0.0149, -0.0618, 0.0178, 0.0155, 0.0045, 0.9997
08-13 10:34:42.448  1513  6672 I         : SLAM_ALG: mapping ---- Map id: 51, frames num: 13, transform: 51 - 0, 0.0159, 0.0108, -0.0294, 0.0095, 0.0033, 0.0011, 0.9999
08-13 10:34:42.448  1513  6672 I         : SLAM_ALG: mapping Mapping Map 0, local anchors num: 0
08-13 10:34:42.448  1513  6672 I         : SLAM_ALG: mapping [MEMORY] kfs num: 286/286, nfs num: 0/0, cams num: 644/644, feats num: 43766/43766, meas num: 42699/42699, mpts num: 7946/7946
08-13 10:34:42.448  1513  6672 I         : SLAM_ALG: mapping [TIME] ProcessKeyFrame: 74.86, 46.54, 12.45, 8.40, 4.12, 0.00, 0.05, 3.30, 599594427641
08-13 10:34:42.465  1513  1777 I         : 2.5.85: [ProcessVisualInertialOnce]: Send SLAM Img[599699690208],latest IMU[599694426117]
08-13 10:34:42.471  1513  1778 I         : SLAM_ALG::pipeline # TrackingOnce long frame: 4.831000,1.776000,3.055000,599694426117
08-13 10:34:42.472  1513  1783 I         : MeshRecon # [timing] IN GenerateDepthMatFromMesh: 0.021000, 0.000000, 0.035000, 1.227000
08-13 10:34:42.472  1513  1783 I         : MeshRecon # [timing] SceneDepthSystem_Process: 7.102000 = 0.452000 + 5.204000 + 0.089000 + 1.321000 + 0.036000
08-13 10:34:42.499  1513  1777 I         : 2.5.85: [ProcessVisualInertialOnce]: Send SLAM Img[599732896875],latest IMU[599727758930]
08-13 10:34:42.499  1513  1784 I         : MeshRecon # [timing] SUM:43.550999, Prep:0.004000,Rect:1.423000,BBox:0.956000,Depth:34.569000,Filter:0.878000,Insert:5.720000,Update:0.000000,CB:0.000000,Floor:0.000000,Boundary:0.000000,NearObj:0.001000,Room1:0.000000,Room2:0.000000
08-13 10:34:42.503  1513  1778 I         : SLAM_ALG::pipeline # TrackingOnce long frame: 4.275000,0.786000,3.489000,599727758930
08-13 10:34:42.505  1513  1783 I         : MeshRecon # [timing] IN GenerateDepthMatFromMesh: 0.030000, 0.000000, 0.038000, 1.202000
08-13 10:34:42.505  1513  1783 I         : MeshRecon # [timing] SceneDepthSystem_Process: 6.663001 = 0.426000 + 4.795000 + 0.085000 + 1.314000 + 0.043000
08-13 10:34:42.532  1513  1777 I         : 2.5.85: [ProcessVisualInertialOnce]: Send SLAM Img[599766103593],latest IMU[599761091755]
08-13 10:34:42.541  1513  1778 I         : SLAM_ALG::pipeline # TrackingOnce long frame: 8.328000,1.856000,6.472000,599761091755
08-13 10:34:42.542  1513  1783 I         : MeshRecon # [timing] IN GenerateDepthMatFromMesh: 0.018000, 0.000000, 0.040000, 1.312000
08-13 10:34:42.542  1513  1783 I         : MeshRecon # [timing] SceneDepthSystem_Process: 10.356000 = 0.507000 + 8.315000 + 0.095000 + 1.405000 + 0.034000
08-13 10:34:42.565  1513  5085 I         : 2.5.85: [ProcessVisualInertialOnce]: Send SLAM Img[599800287135],latest IMU[599794424581]
08-13 10:34:42.570  1513  1778 I         : SLAM_ALG::pipeline # TrackingOnce long frame: 4.886000,1.618000,3.268000,599794424581
08-13 10:34:42.572  1513  1783 I         : MeshRecon # [timing] IN GenerateDepthMatFromMesh: 0.029000, 0.000000, 0.045000, 1.375000
08-13 10:34:42.572  1513  1783 I         : MeshRecon # [timing] SceneDepthSystem_Process: 6.967000 = 0.504000 + 4.790000 + 0.136000 + 1.497000 + 0.040000
08-13 10:34:42.590  1513  1784 I         : MeshRecon # DetectNearObj result: xyz (-0.050000, 0.150000, -0.626675), dist 0.536609
08-13 10:34:42.591  1513  1784 I         : MeshRecon # [timing] DetectNearObj: 0.017000 + 0.006000 + 1.412000 = 1.435000
08-13 10:34:42.592  3537  3765 I FOO     : [SystemUX] onNearestObjectUpdate 0.536609
08-13 10:34:42.598  1513  1777 I         : 2.5.85: [ProcessVisualInertialOnce]: Send SLAM Img[599832516927],latest IMU[599827757406]
08-13 10:34:42.602  1513  1778 I         : SLAM_ALG::pipeline # TrackingOnce long frame: 3.660000,1.503000,2.157000,599827757406
08-13 10:34:42.604  1513  1783 I         : MeshRecon # [timing] IN GenerateDepthMatFromMesh: 0.020000, 0.000000, 0.035000, 1.170000
08-13 10:34:42.604  1513  1783 I         : MeshRecon # [timing] SceneDepthSystem_Process: 6.644000 = 0.443000 + 4.784000 + 0.107000 + 1.285000 + 0.025000
08-13 10:34:42.622  1513  5085 D TOFCamera3Device: frameid:1210, frameduration:33332812, delay:24364258, boottime:595439240097, exposure:1130000, gain:0, cameraid:10
08-13 10:34:42.632  1513  5085 I         : 2.5.85: [ProcessVisualInertialOnce]: Send SLAM Img[599865723593],latest IMU[599861090232]
08-13 10:34:42.634  2610  2723 W DisplayConfig: vsync delay 1.528105(ms)
08-13 10:34:42.634  2610  2723 W DisplayConfig: vsync period is not stable, cur_prd_ns:0.000112(ms) abs_diff:13.888777(ms), current drr: 72.000000 target drr: 72.000000 ts_ns[595473.685000(ms)] state_ts_ns[595473.684888(ms)]
08-13 10:34:42.639  1513  1778 I         : SLAM_ALG::pipeline # TrackingOnce long frame: 5.088000,1.827000,3.260000,599861090232
08-13 10:34:42.639  1513  1783 I         : MeshRecon # [timing] IN GenerateDepthMatFromMesh: 0.020000, 0.000000, 0.038000, 1.364000
08-13 10:34:42.639  1513  1783 I         : MeshRecon # [timing] SceneDepthSystem_Process: 7.381001 = 0.836000 + 4.939000 + 0.092000 + 1.471000 + 0.043000
08-13 10:34:42.643  1513  5085 D TrackingMultiCamera: frameid:2420, frameduration:16663854, delay:3322233, boottime:595481343111, exposure:6000, gain:49, cameraid:0
08-13 10:34:42.659  1513  1784 I         : MeshRecon # Object [0] is completely outside image bounds, skipping
08-13 10:34:42.664  1513  5085 D TrackingMultiCamera: frameid:2420, frameduration:16668906, delay:7372702, boottime:595498012069, exposure:3871000, gain:52, cameraid:3
08-13 10:34:42.664  1513  5085 D TrackingMultiCamera: frameid:2420, frameduration:16668906, delay:7888379, boottime:595498012069, exposure:3871000, gain:52, cameraid:1
08-13 10:34:42.665  1513  5085 I         : 2.5.85: [ProcessVisualInertialOnce]: Send SLAM Img[599898930312],latest IMU[599894423044]
08-13 10:34:42.665  1513  5085 D TrackingMultiCamera: frameid:2420, frameduration:16668906, delay:8097650, boottime:595498012069, exposure:3871000, gain:52, cameraid:2
08-13 10:34:42.669  1513  1778 I         : SLAM_ALG::pipeline # TrackingOnce long frame: 4.010000,1.536000,2.474000,599894423044
08-13 10:34:42.672  1513  1783 I         : MeshRecon # [timing] IN GenerateDepthMatFromMesh: 0.017000, 0.000000, 0.037000, 1.158000
08-13 10:34:42.672  1513  1783 I         : MeshRecon # [timing] SceneDepthSystem_Process: 7.087000 = 0.462000 + 5.215000 + 0.119000 + 1.256000 + 0.035000
08-13 10:34:42.699  1513  1777 I         : 2.5.85: [ProcessVisualInertialOnce]: Send SLAM Img[599933113593],latest IMU[599927755870]
08-13 10:34:42.701  1513  1784 I         : MeshRecon # [timing] SUM:44.441002, Prep:0.005000,Rect:1.473000,BBox:1.742000,Depth:33.969002,Filter:0.616000,Insert:6.635000,Update:0.000000,CB:0.000000,Floor:0.000000,Boundary:0.001000,NearObj:0.000000,Room1:0.000000,Room2:0.000000
08-13 10:34:42.705  1513  1783 I         : MeshRecon # [timing] IN GenerateDepthMatFromMesh: 0.031000, 0.000000, 0.047000, 1.420000
08-13 10:34:42.705  1513  1783 I         : MeshRecon # [timing] SceneDepthSystem_Process: 7.231000 = 0.397000 + 5.069000 + 0.122000 + 1.571000 + 0.072000
08-13 10:34:42.706  1513  1778 I         : SLAM_ALG::pipeline # TrackingOnce long frame: 6.917000,0.974000,5.943000,599927755870
08-13 10:34:42.723  2610  3053 E VSTDisplayManager: VST FPS:73
08-13 10:34:42.730  1513  5085 D TrackingAuxMultiCamera: frameid:2420, frameduration:16667448, delay:6913119, boottime:595564676236, exposure:3541000, gain:52, cameraid:5
08-13 10:34:42.731  1513  5085 D TrackingAuxMultiCamera: frameid:2420, frameduration:16667448, delay:7240983, boottime:595564676236, exposure:3541000, gain:52, cameraid:4
08-13 10:34:42.732  1513  5085 I         : 2.5.85: [ProcessVisualInertialOnce]: Send SLAM Img[599966320312],latest IMU[599961088682]
08-13 10:34:42.736  1513  1778 I         : SLAM_ALG::pipeline # TrackingOnce long frame: 3.687000,1.518000,2.169000,599961088682
08-13 10:34:42.762    46    46 I [kworke][0x2ae9d34f3][02:34:42.737050] kiwi_v2: [46:I:PMO] pmo_core_psoc_send_host_wakeup_ind_to_fw: Host wakeup indication sent to fw
08-13 10:34:42.739  1513  1783 I         : MeshRecon # [timing] IN GenerateDepthMatFromMesh: 0.021000, 0.000000, 0.036000, 1.388000
08-13 10:34:42.739  1513  1783 I         : MeshRecon # [timing] SceneDepthSystem_Process: 6.591000 = 0.431000 + 4.558000 + 0.094000 + 1.483000 + 0.025000
08-13 10:34:42.756  1513  5085 D ETMultiCamera: frameid:3630, frameduration:11164270, delay:3248193, boottime:595593832880, exposure:975000, gain:98, cameraid:8
08-13 10:34:42.756  1513  5085 D ETMultiCamera: frameid:3630, frameduration:11164219, delay:3668401, boottime:595593840849, exposure:975000, gain:98, cameraid:9
08-13 10:34:42.764  1513  1783 I         : 2.5.85: [WARNING] SceneDepthProcessOnce InterpolatePose failed! prePose ts 599993972623, nextPose ts 599993972623, avg_ts 599994421482
08-13 10:34:42.765  1513  1777 I         : 2.5.85: [ProcessVisualInertialOnce]: Send SLAM Img[599999526979],latest IMU[599994421508]
08-13 10:34:42.770  1513  1783 I         : MeshRecon # [timing] IN GenerateDepthMatFromMesh: 0.019000, 0.000000, 0.036000, 1.335000
08-13 10:34:42.770  1513  1783 I         : MeshRecon # [timing] SceneDepthSystem_Process: 6.018000 = 0.379000 + 4.088000 + 0.078000 + 1.443000 + 0.030000
08-13 10:34:42.771  1513  1778 I         : SLAM_ALG::pipeline # TrackingOnce long frame: 5.377000,1.253000,4.124000,599994421508
08-13 10:34:42.815    46    46 I sd 0    : 0:0:0: [sda] Synchronizing SCSI cache
08-13 10:34:42.798  1513  1777 I         : 2.5.85: [ProcessVisualInertialOnce]: Send SLAM Img[600032733645],latest IMU[600027754320]
08-13 10:34:42.805  1513  1778 I         : SLAM_ALG::pipeline # TrackingOnce long frame: 4.797000,2.109000,2.688000,600027754320
08-13 10:34:42.805  1513  1783 I         : MeshRecon # [timing] IN GenerateDepthMatFromMesh: 0.017000, 0.000000, 0.084000, 1.164000
08-13 10:34:42.805  1513  1783 I         : MeshRecon # [timing] SceneDepthSystem_Process: 6.988000 = 0.735000 + 4.828000 + 0.092000 + 1.302000 + 0.031000
08-13 10:34:42.823  1513  1784 I         : MeshRecon # DetectNearObj result: xyz (-0.050000, 0.150000, -0.626675), dist 0.536361
08-13 10:34:42.823  1513  1784 I         : MeshRecon # [timing] DetectNearObj: 0.013000 + 0.004000 + 0.244000 = 0.261000
08-13 10:34:42.823  3537  3765 I FOO     : [SystemUX] onNearestObjectUpdate 0.536361
08-13 10:34:42.831  1513  5085 I         : 2.5.85: [ProcessVisualInertialOnce]: Send SLAM Img[600065940364],latest IMU[600061087159]
08-13 10:34:42.836  1513  1778 I         : SLAM_ALG::pipeline # TrackingOnce long frame: 4.651000,0.884000,3.766000,600061087159
08-13 10:34:42.838  1513  1783 I         : MeshRecon # [timing] IN GenerateDepthMatFromMesh: 0.021000, 0.000000, 0.043000, 1.320000
08-13 10:34:42.838  1513  1783 I         : MeshRecon # [timing] SceneDepthSystem_Process: 6.562000 = 0.522000 + 4.466000 + 0.092000 + 1.435000 + 0.047000
08-13 10:34:42.864  1513  1777 I         : 2.5.85: [ProcessVisualInertialOnce]: Send SLAM Img[600099147031],latest IMU[600094419971]
08-13 10:34:42.871  1513  1778 I         : SLAM_ALG::pipeline # TrackingOnce long frame: 5.998000,0.840000,5.157000,600094419971
08-13 10:34:42.871  1513  1783 I         : MeshRecon # [timing] IN GenerateDepthMatFromMesh: 0.060000, 0.000000, 0.082000, 1.463000
08-13 10:34:42.872  1513  1783 I         : MeshRecon # [timing] SceneDepthSystem_Process: 7.191000 = 0.417000 + 4.943000 + 0.124000 + 1.647000 + 0.060000
08-13 10:34:42.899  1513  5085 I         : 2.5.85: [ProcessVisualInertialOnce]: Send SLAM Img[600133330364],latest IMU[600127752797]
08-13 10:34:42.905  1513  1783 I         : MeshRecon # [timing] IN GenerateDepthMatFromMesh: 0.018000, 0.000000, 0.034000, 1.231000
08-13 10:34:42.905  1513  1783 I         : MeshRecon # [timing] SceneDepthSystem_Process: 6.491000 = 0.472000 + 4.546000 + 0.094000 + 1.350000 + 0.029000
08-13 10:34:42.906  1513  1778 I         : SLAM_ALG::pipeline # TrackingOnce long frame: 6.893000,1.165000,5.728000,600127752797
08-13 10:34:42.910  1513  1784 E MeshTrackingModule: [Spatial] on block update, count: 16
08-13 10:34:42.915  1513  1784 I         : MeshRecon # Callback updated 16 blocks at map_id 47!
08-13 10:34:42.915  1513  1784 I         : MeshRecon # [timing] SUM:55.763004, Prep:0.006000,Rect:1.802000,BBox:1.156000,Depth:35.823002,Filter:1.875000,Insert:7.806000,Update:2.838000,CB:4.456000,Floor:0.001000,Boundary:0.000000,NearObj:0.000000,Room1:0.000000,Room2:0.000000
08-13 10:34:42.915  1513  1784 I         : MeshRecon # [cur update] chunk num: 16, vtx num: 117, idx num: 372;  [max update] chunk num: 97, vtx num: 4687, idx num: 18291;  [all] chunk num: 52, vtx num: 1184, idx num: 4047
08-13 10:34:42.915  1513  1784 I         : CalculateBBox_QNN            -> min:0.934, max:5.289, avg:1.383 ms, sum:1.91306 s
08-13 10:34:42.915  1513  1784 I         : CalculateDepth               -> min:30.39, max:53.21, avg:35.56 ms, sum:49.1882 s
08-13 10:34:42.915  1513  1784 I         : CalculateDepthStereo_CNN     -> min:15.30, max:31.77, avg:17.24 ms, sum:23.8535 s
08-13 10:34:42.915  1513  1784 I         : CalculateDepthToF_CNN        -> min:12.74, max:30.79, avg:16.45 ms, sum:22.7549 s
08-13 10:34:42.915  1513  1784 I         : CalculateDepthToF_ToFMask    -> min:0.044, max:0.734, avg:0.065 ms, sum:0.09012 s
08-13 10:34:42.915  1513  1784 I         : CallbackBlockUpdateEvent     -> min:2.831, max:9.289, avg:5.140 ms, sum:2.37501 s
08-13 10:34:42.915  1513  1784 I         : DetectFloor                  -> min:0.088, max:1.212, avg:0.246 ms, sum:0.06637 s
08-13 10:34:42.915  1513  1784 I         : DetectNearObj                -> min:0.004, max:1.966, avg:0.314 ms, sum:0.36730 s
08-13 10:34:42.915  1513  1784 I         : FilterDepth                  -> min:0.140, max:7.249, avg:1.197 ms, sum:1.64597 s
08-13 10:34:42.915  1513  1784 I         : InsertData                   -> min:4.666, max:16.54, avg:8.761 ms, sum:12.0463 s
08-13 10:34:42.915  1513  1784 I         : Rectification                -> min:1.342, max:4.023, avg:1.729 ms, sum:2.39227 s
08-13 10:34:42.915  1513  1784 I         : TrackingBBox                 -> min:0.005, max:0.339, avg:0.013 ms, sum:0.01812 s
08-13 10:34:42.915  1513  1784 I         : UpdateMesh                   -> min:1.155, max:40.21, avg:16.63 ms, sum:7.68736 s
08-13 10:34:42.915  1513  1784 I         : 
08-13 10:34:42.931  1513  1783 I         : 2.5.85: [WARNING] SceneDepthProcessOnce InterpolatePose failed! prePose ts 600160982728, nextPose ts 600160982728, avg_ts 600161085622
08-13 10:34:42.931  1513  1777 I         : 2.5.85: [ProcessVisualInertialOnce]: Send SLAM Img[600166537031],latest IMU[600161085622]
08-13 10:34:42.938  1513  1778 I         : SLAM_ALG::pipeline # TrackingOnce long frame: 6.056000,1.684000,4.372000,600161085622
08-13 10:34:42.938  1513  1783 I         : MeshRecon # [timing] IN GenerateDepthMatFromMesh: 0.028000, 0.000000, 0.045000, 1.446000
08-13 10:34:42.938  1513  1783 I         : MeshRecon # [timing] SceneDepthSystem_Process: 7.058000 = 0.570000 + 4.580000 + 0.270000 + 1.565000 + 0.073000
08-13 10:34:42.965  1513  1777 I         : 2.5.85: [ProcessVisualInertialOnce]: Send SLAM Img[600199743750],latest IMU[600194418435]
08-13 10:34:42.970  1513  1783 I         : MeshRecon # [timing] IN GenerateDepthMatFromMesh: 0.021000, 0.000000, 0.037000, 1.297000
08-13 10:34:42.971  1513  1783 I         : MeshRecon # [timing] SceneDepthSystem_Process: 6.278000 = 0.419000 + 4.290000 + 0.090000 + 1.441000 + 0.038000
08-13 10:34:42.973  1513  1778 I         : SLAM_ALG::pipeline # TrackingOnce long frame: 4.043000,0.998000,3.045000,600194418435
08-13 10:34:42.977  1513  5085 D VSTCamera: frameid:3025, frameduration:13887448, delay:21659454, boottime:595797141359, exposure:8333333, gain:551, cameraid:6
08-13 10:34:42.981  1513  6672 I         : SLAM_ALG: mapping [OPT] Insufficient measures data, jump!
08-13 10:34:42.982  1513  2152 I ThermalManager: [npu:48.7][skin:51.1][camera:48.7][gpu:50.0][ddr:50.0][soc:50.0][cpu:115.3%][pss:0KB rss: 0KB][fan1:27:4329][fan2:29:4694]
08-13 10:34:42.982  1513  2152 I FanController: temp: 50.0, threshold met for level upper. (4 -> 5), need rpm: 5000, 1
08-13 10:34:42.982  1513  2152 I FanController: [estimated] set fan1 to 33, fan2 to 36 speed level, 1
08-13 10:34:42.982  1513  2152 D FanController: Set fan1 speed level to 33
08-13 10:34:42.982  1513  2152 D FanController: Set fan2 speed level to 36
08-13 10:34:42.982  1513  6672 I         : SLAM_ALG: mapping UpdateAlignMapTransformInfo t_error: 0.003, r_error: 0.22
08-13 10:34:42.985  1513  6672 I         : SLAM_ALG: mapping Twb_cur_int in pipeline: 600127752797, -0.0863, -0.0071, 0.0260, 0.7035, 0.6839, -0.1198, -0.1516
08-13 10:34:42.985  1513  6672 I         : SLAM_ALG: mapping Twb_cur_ext in pipeline: 600127752797, -0.0731, 0.0034, 0.0004, 0.7016, 0.6854, -0.1139, -0.1581
08-13 10:34:42.985  1513  6672 I         : SLAM_ALG: mapping Merged Maps Num: 9
08-13 10:34:42.985  1513  6672 I         : SLAM_ALG: mapping ---- Map id: 0, frames num: 10, transform: 0 - 0, 0.0000, 0.0000, 0.0000, 0.0000, 0.0000, 0.0000, 1.0000
08-13 10:34:42.985  1513  6672 I         : SLAM_ALG: mapping ---- Map id: 22, frames num: 130, transform: 22 - 0, 0.0126, 0.0330, 0.0198, 0.0234, 0.0026, 0.0016, 0.9997
08-13 10:34:42.985  1513  6672 I         : SLAM_ALG: mapping ---- Map id: 24, frames num: 13, transform: 24 - 0, 0.0504, -0.0102, 0.0125, -0.2222, 0.0022, 0.0004, 0.9750
08-13 10:34:42.985  1513  6672 I         : SLAM_ALG: mapping ---- Map id: 46, frames num: 3, transform: 46 - 0, 0.0507, 0.0502, -0.0933, 0.0136, 0.0046, 0.0029, 0.9999
08-13 10:34:42.985  1513  6672 I         : SLAM_ALG: mapping ---- Map id: 47, frames num: 106, transform: 47 - 0, 0.0354, 0.1158, -0.1375, 0.0709, 0.0069, 0.0053, 0.9974
08-13 10:34:42.985  1513  6672 I         : SLAM_ALG: mapping ---- Map id: 48, frames num: 0, transform: 48 - 0, 0.0102, 0.0466, -0.0616, 0.0634, 0.0051, 0.0024, 0.9980
08-13 10:34:42.985  1513  6672 I         : SLAM_ALG: mapping ---- Map id: 49, frames num: 0, transform: 49 - 0, 0.0042, 0.0279, -0.0583, 0.0046, 0.0108, 0.0036, 0.9999
08-13 10:34:42.985  1513  6672 I         : SLAM_ALG: mapping ---- Map id: 50, frames num: 11, transform: 50 - 0, 0.0122, 0.0149, -0.0618, 0.0178, 0.0155, 0.0045, 0.9997
08-13 10:34:42.985  1513  6672 I         : SLAM_ALG: mapping ---- Map id: 51, frames num: 13, transform: 51 - 0, 0.0159, 0.0108, -0.0294, 0.0095, 0.0033, 0.0011, 0.9999
08-13 10:34:42.985  1513  6672 I         : SLAM_ALG: mapping Mapping Map 0, local anchors num: 0
08-13 10:34:42.985  1513  6672 I         : SLAM_ALG: mapping [MEMORY] kfs num: 286/286, nfs num: 0/0, cams num: 644/644, feats num: 43767/43767, meas num: 42700/42700, mpts num: 7946/7946
08-13 10:34:42.985  1513  6672 I         : SLAM_ALG: mapping [TIME] ProcessKeyFrame: 78.55, 52.02, 12.94, 5.57, 5.06, 0.00, 0.05, 2.91, 600127752797
08-13 10:34:42.991  1513  5085 D VSTCamera: frameid:3025, frameduration:13887448, delay:21453308, boottime:595811031255, exposure:8333333, gain:551, cameraid:7
08-13 10:34:42.998  1513  1777 I         : 2.5.85: [ProcessVisualInertialOnce]: Send SLAM Img[600232950416],latest IMU[600227751260]
08-13 10:34:43.002  1513  1778 I         : SLAM_ALG::pipeline # TrackingOnce long frame: 3.249000,0.818000,2.430000,600227751260
08-13 10:34:43.004  1513  1783 I         : MeshRecon # [timing] IN GenerateDepthMatFromMesh: 0.021000, 0.000000, 0.043000, 1.312000
08-13 10:34:43.004  1513  1783 I         : MeshRecon # [timing] SceneDepthSystem_Process: 6.555000 = 0.407000 + 4.593000 + 0.090000 + 1.417000 + 0.048000
08-13 10:34:43.032  1513  1777 I         : 2.5.85: [ProcessVisualInertialOnce]: Send SLAM Img[600266157083],latest IMU[600261084086]
08-13 10:34:43.036  1513  1778 I         : SLAM_ALG::pipeline # TrackingOnce long frame: 4.093000,0.688000,3.405000,600261084086
08-13 10:34:43.037  1513  1783 I         : MeshRecon # [timing] IN GenerateDepthMatFromMesh: 0.020000, 0.000000, 0.034000, 1.369000
08-13 10:34:43.037  1513  1783 I         : MeshRecon # [timing] SceneDepthSystem_Process: 6.243999 = 0.383000 + 4.246000 + 0.080000 + 1.495000 + 0.040000
08-13 10:34:43.066  1513  5085 I         : 2.5.85: [ProcessVisualInertialOnce]: Send SLAM Img[600301317031],latest IMU[600294416924]
08-13 10:34:43.072  1513  1778 I         : SLAM_ALG::pipeline # TrackingOnce long frame: 5.661000,1.323000,4.338000,600294416924
08-13 10:34:43.074  1513  1783 I         : MeshRecon # [timing] IN GenerateDepthMatFromMesh: 0.019000, 0.000000, 0.037000, 1.436000
08-13 10:34:43.074  1513  1783 I         : MeshRecon # [timing] SceneDepthSystem_Process: 7.316000 = 0.398000 + 5.286000 + 0.083000 + 1.522000 + 0.027000
08-13 10:34:43.115   643   643 I logd    : logdr: UID=2000 GID=2000 PID=6701 b tail=0 logMask=99 pid=0 start=0ns deadline=0ns
08-13 10:34:43.098  1513  1777 I         : 2.5.85: [ProcessVisualInertialOnce]: Send SLAM Img[600332570468],latest IMU[600327749724]
08-13 10:34:43.104  1513  1778 I         : SLAM_ALG::pipeline # TrackingOnce long frame: 5.571000,1.255000,4.316000,600327749724
08-13 10:34:43.104  1513  1784 I         : MeshRecon # DetectNearObj result: xyz (-0.050000, 0.150000, -0.626675), dist 0.535819
