08-13 10:27:14.316  1513  1783 I         : MeshRecon # [timing] IN GenerateDepthMatFromMesh: 0.017000, 0.000000, 0.034000, 1.392000
08-13 10:27:14.316  1513  1783 I         : MeshRecon # [timing] SceneDepthSystem_Process: 6.814000 = 0.417000 + 4.737000 + 0.090000 + 1.542000 + 0.028000
08-13 10:27:14.319  1513  1778 I         : SLAM_ALG::pipeline # TrackingOnce long frame: 8.913000,1.335000,7.578000,151539188878
08-13 10:27:14.322  1513  1784 E MeshTrackingModule: [Spatial] on block update, count: 19
08-13 10:27:14.326  1513  1784 I         : MeshRecon # Callback updated 19 blocks at map_id 47!
08-13 10:27:14.326  1513  1784 I         : MeshRecon # [timing] SUM:58.423996, Prep:0.005000,Rect:1.538000,BBox:1.529000,Depth:36.486000,Filter:0.702000,Insert:8.606000,Update:5.445000,CB:4.111000,Floor:0.001000,Boundary:0.000000,NearObj:0.000000,Room1:0.000000,Room2:0.001000
08-13 10:27:14.326  1513  1784 I         : MeshRecon # [cur update] chunk num: 19, vtx num: 611, idx num: 2265;  [max update] chunk num: 93, vtx num: 3943, idx num: 15324;  [all] chunk num: 83, vtx num: 2900, idx num: 11226
08-13 10:27:14.326  1513  1784 I         : CalculateBBox_QNN            -> min:0.934, max:4.669, avg:1.420 ms, sum:0.70457 s
08-13 10:27:14.326  1513  1784 I         : CalculateDepth               -> min:30.39, max:52.79, avg:35.29 ms, sum:17.5058 s
08-13 10:27:14.326  1513  1784 I         : CalculateDepthStereo_CNN     -> min:15.40, max:28.58, avg:17.03 ms, sum:8.44999 s
08-13 10:27:14.326  1513  1784 I         : CalculateDepthToF_CNN        -> min:12.74, max:30.79, avg:16.48 ms, sum:8.17480 s
08-13 10:27:14.326  1513  1784 I         : CalculateDepthToF_ToFMask    -> min:0.045, max:0.254, avg:0.065 ms, sum:0.03273 s
08-13 10:27:14.326  1513  1784 I         : CallbackBlockUpdateEvent     -> min:2.831, max:9.156, avg:4.796 ms, sum:0.79623 s
08-13 10:27:14.326  1513  1784 I         : DetectFloor                  -> min:0.092, max:1.109, avg:0.239 ms, sum:0.02318 s
08-13 10:27:14.326  1513  1784 I         : DetectNearObj                -> min:0.004, max:1.645, avg:0.319 ms, sum:0.13385 s
08-13 10:27:14.326  1513  1784 I         : FilterDepth                  -> min:0.237, max:7.249, avg:1.248 ms, sum:0.61425 s
08-13 10:27:14.326  1513  1784 I         : InsertData                   -> min:5.354, max:16.54, avg:9.009 ms, sum:4.43275 s
08-13 10:27:14.326  1513  1784 I         : Rectification                -> min:1.357, max:3.991, avg:1.699 ms, sum:0.84273 s
08-13 10:27:14.326  1513  1784 I         : TrackingBBox                 -> min:0.005, max:0.173, avg:0.014 ms, sum:0.00698 s
08-13 10:27:14.326  1513  1784 I         : UpdateMesh                   -> min:2.554, max:34.58, avg:14.37 ms, sum:2.38657 s
08-13 10:27:14.326  1513  1784 I         : 
08-13 10:27:14.327  1513  1784 I         : MeshRecon # DetectNearObj result: xyz (-0.250000, 0.250000, -0.486701), dist 0.526610
08-13 10:27:14.327  1513  1784 I         : MeshRecon # [timing] DetectNearObj: 0.012000 + 0.047000 + 0.226000 = 0.285000
08-13 10:27:14.327  3537  3765 I FOO     : [SystemUX] onNearestObjectUpdate 0.526610
08-13 10:27:14.343  1513  1777 I         : 2.5.85: [ProcessVisualInertialOnce]: Send SLAM Img[151577676927],latest IMU[151572521703]
08-13 10:27:14.351  1513  1783 I         : MeshRecon # [timing] IN GenerateDepthMatFromMesh: 0.024000, 0.000000, 0.068000, 1.360000
08-13 10:27:14.351  1513  1783 I         : MeshRecon # [timing] SceneDepthSystem_Process: 8.778000 = 0.424000 + 6.640000 + 0.171000 + 1.514000 + 0.029000
08-13 10:27:14.352  1513  1778 I         : SLAM_ALG::pipeline # TrackingOnce long frame: 8.711000,1.499000,7.212000,151572521703
08-13 10:27:14.376  1513  1777 I         : 2.5.85: [ProcessVisualInertialOnce]: Send SLAM Img[151610883593],latest IMU[151605854529]
08-13 10:27:14.382  1513  1778 I         : SLAM_ALG::pipeline # TrackingOnce long frame: 5.583000,0.900000,4.683000,151605854529
08-13 10:27:14.383  1513  1783 I         : MeshRecon # [timing] IN GenerateDepthMatFromMesh: 0.033000, 0.000000, 0.045000, 1.481000
08-13 10:27:14.383  1513  1783 I         : MeshRecon # [timing] SceneDepthSystem_Process: 6.733000 = 0.419000 + 4.510000 + 0.130000 + 1.634000 + 0.040000
08-13 10:27:14.410  1513  1777 I         : 2.5.85: [ProcessVisualInertialOnce]: Send SLAM Img[151644090260],latest IMU[151639187367]
08-13 10:27:14.413  1513  1778 I         : SLAM_ALG::pipeline # TrackingOnce long frame: 3.299000,0.829000,2.470000,151639187367
08-13 10:27:14.416  1513  1783 I         : MeshRecon # [timing] IN GenerateDepthMatFromMesh: 0.018000, 0.000000, 0.037000, 1.422000
08-13 10:27:14.416  1513  1783 I         : MeshRecon # [timing] SceneDepthSystem_Process: 6.493000 = 0.453000 + 4.365000 + 0.090000 + 1.543000 + 0.042000
08-13 10:27:14.427  1513  6233 I         : SLAM_ALG: mapping UpdateAlignMapTransformInfo t_error: 0.002, r_error: 0.10
08-13 10:27:14.429  1513  6233 I         : SLAM_ALG: mapping Twb_cur_int in pipeline: 151572521703, -0.0555, 0.0343, 0.0978, 0.6674, 0.7124, -0.0553, -0.2096
08-13 10:27:14.429  1513  6233 I         : SLAM_ALG: mapping Twb_cur_ext in pipeline: 151572521703, -0.0597, 0.0596, 0.0466, 0.6662, 0.7129, -0.0535, -0.2124
08-13 10:27:14.429  1513  6233 I         : SLAM_ALG: mapping Merged Maps Num: 7
08-13 10:27:14.429  1513  6233 I         : SLAM_ALG: mapping ---- Map id: 0, frames num: 10, transform: 0 - 0, 0.0000, 0.0000, 0.0000, 0.0000, 0.0000, 0.0000, 1.0000
08-13 10:27:14.429  1513  6233 I         : SLAM_ALG: mapping ---- Map id: 22, frames num: 130, transform: 22 - 0, 0.0126, 0.0330, 0.0198, 0.0234, 0.0026, 0.0016, 0.9997
08-13 10:27:14.429  1513  6233 I         : SLAM_ALG: mapping ---- Map id: 24, frames num: 13, transform: 24 - 0, 0.0504, -0.0102, 0.0125, -0.2222, 0.0022, 0.0004, 0.9750
08-13 10:27:14.429  1513  6233 I         : SLAM_ALG: mapping ---- Map id: 46, frames num: 3, transform: 46 - 0, 0.0507, 0.0502, -0.0933, 0.0136, 0.0046, 0.0029, 0.9999
08-13 10:27:14.429  1513  6233 I         : SLAM_ALG: mapping ---- Map id: 47, frames num: 106, transform: 47 - 0, 0.0354, 0.1158, -0.1375, 0.0709, 0.0069, 0.0053, 0.9974
08-13 10:27:14.429  1513  6233 I         : SLAM_ALG: mapping ---- Map id: 48, frames num: 11, transform: 48 - 0, 0.0099, 0.0467, -0.0616, 0.0634, 0.0049, 0.0022, 0.9980
08-13 10:27:14.429  1513  6233 I         : SLAM_ALG: mapping ---- Map id: 49, frames num: 11, transform: 49 - 0, -0.0008, 0.0268, -0.0552, 0.0042, 0.0049, 0.0020, 1.0000
08-13 10:27:14.429  1513  6233 I         : SLAM_ALG: mapping Mapping Map 0, local anchors num: 0
08-13 10:27:14.430  1513  6233 I         : SLAM_ALG: mapping [MEMORY] kfs num: 284/284, nfs num: 0/0, cams num: 646/646, feats num: 43982/43982, meas num: 42901/42901, mpts num: 7946/7946
08-13 10:27:14.430  1513  6233 I         : SLAM_ALG: mapping [TIME] ProcessKeyFrame: 76.66, 46.47, 19.27, 5.00, 3.11, 0.00, 0.09, 2.72, 151572521703
08-13 10:27:14.443  1513  5085 I         : 2.5.85: [ProcessVisualInertialOnce]: Send SLAM Img[151677296927],latest IMU[151672520193]
08-13 10:27:14.449  2610  3053 I VstCameraDeviceImpl: calculatePhase, fn:3240 (60 : 60), delay:6584342
08-13 10:27:14.450  1513  1778 I         : SLAM_ALG::pipeline # TrackingOnce long frame: 5.545000,2.064000,3.481000,151672520193
08-13 10:27:14.450  1513  1783 I         : MeshRecon # [timing] IN GenerateDepthMatFromMesh: 0.019000, 0.000000, 0.041000, 1.419000
08-13 10:27:14.450  1513  1783 I         : MeshRecon # [timing] SceneDepthSystem_Process: 6.925000 = 0.720000 + 4.542000 + 0.098000 + 1.522000 + 0.043000
08-13 10:27:14.476  1513  5085 I         : 2.5.85: [ProcessVisualInertialOnce]: Send SLAM Img[151710503593],latest IMU[151705852992]
08-13 10:27:14.480  1513  1778 I         : SLAM_ALG::pipeline # TrackingOnce long frame: 4.324000,1.130000,3.194000,151705852992
08-13 10:27:14.483  1513  1783 I         : MeshRecon # [timing] IN GenerateDepthMatFromMesh: 0.018000, 0.000000, 0.036000, 1.319000
08-13 10:27:14.483  1513  1783 I         : MeshRecon # [timing] SceneDepthSystem_Process: 6.822000 = 0.443000 + 4.797000 + 0.096000 + 1.427000 + 0.059000
08-13 10:27:14.509  1513  1783 I         : 2.5.85: [WARNING] SceneDepthProcessOnce InterpolatePose failed! prePose ts 151739132676, nextPose ts 151739132676, avg_ts 151739185856
08-13 10:27:14.509  1513  1777 I         : 2.5.85: [ProcessVisualInertialOnce]: Send SLAM Img[151743710260],latest IMU[151739185857]
08-13 10:27:14.514  1513  1784 I         : MeshRecon # [timing] SUM:46.726997, Prep:0.004000,Rect:1.816000,BBox:1.377000,Depth:34.091999,Filter:0.878000,Insert:8.559000,Update:0.000000,CB:0.000000,Floor:0.000000,Boundary:0.000000,NearObj:0.001000,Room1:0.000000,Room2:0.000000
08-13 10:27:14.516  1513  1783 I         : MeshRecon # [timing] IN GenerateDepthMatFromMesh: 0.021000, 0.000000, 0.045000, 1.392000
08-13 10:27:14.516  1513  1783 I         : MeshRecon # [timing] SceneDepthSystem_Process: 7.313000 = 0.414000 + 5.235000 + 0.114000 + 1.512000 + 0.038000
08-13 10:27:14.517  1513  1778 I         : SLAM_ALG::pipeline # TrackingOnce long frame: 7.559000,1.140000,6.418000,151739185857
08-13 10:27:14.534  1513  1784 I         : MeshRecon # DetectNearObj result: xyz (-0.250000, 0.250000, -0.486701), dist 0.522283
08-13 10:27:14.535  1513  1784 I         : MeshRecon # [timing] DetectNearObj: 0.030000 + 0.013000 + 0.471000 = 0.514000
08-13 10:27:14.535  3537  3765 I FOO     : [SystemUX] onNearestObjectUpdate 0.522283
08-13 10:27:14.543  1513  5085 I         : 2.5.85: [ProcessVisualInertialOnce]: Send SLAM Img[151777893750],latest IMU[151772518669]
08-13 10:27:14.547  1513  1778 I         : SLAM_ALG::pipeline # TrackingOnce long frame: 3.508000,0.887000,2.621000,151772518669
08-13 10:27:14.549  1513  1783 I         : MeshRecon # [timing] IN GenerateDepthMatFromMesh: 0.023000, 0.000000, 0.040000, 1.348000
08-13 10:27:14.549  1513  1783 I         : MeshRecon # [timing] SceneDepthSystem_Process: 6.291000 = 0.465000 + 4.199000 + 0.132000 + 1.454000 + 0.041000
08-13 10:27:14.576  1513  1777 I         : 2.5.85: [ProcessVisualInertialOnce]: Send SLAM Img[151811100416],latest IMU[151805851521]
08-13 10:27:14.581  1513  1778 I         : SLAM_ALG::pipeline # TrackingOnce long frame: 4.508000,0.821000,3.687000,151805851521
08-13 10:27:14.583  1513  1783 I         : MeshRecon # [timing] IN GenerateDepthMatFromMesh: 0.021000, 0.000000, 0.081000, 1.488000
08-13 10:27:14.583  1513  1783 I         : MeshRecon # [timing] SceneDepthSystem_Process: 6.784000 = 0.474000 + 4.450000 + 0.110000 + 1.666000 + 0.084000
08-13 10:27:14.610  1513  5085 I         : 2.5.85: [ProcessVisualInertialOnce]: Send SLAM Img[151844307083],latest IMU[151839184346]
08-13 10:27:14.616  1513  1778 I         : SLAM_ALG::pipeline # TrackingOnce long frame: 5.856000,2.758000,3.097000,151839184346
08-13 10:27:14.620  1513  1783 I         : MeshRecon # [timing] IN GenerateDepthMatFromMesh: 0.015000, 0.000000, 0.037000, 1.331000
08-13 10:27:14.620  1513  1783 I         : MeshRecon # [timing] SceneDepthSystem_Process: 10.438001 = 4.089000 + 4.782000 + 0.106000 + 1.425000 + 0.036000
08-13 10:27:14.626  3842  6171 I PerfStats.cpp: FPS=72.00/72, Prd=20.79ms, Early=72.00, Stale=0.00, Lat=-1, Fov=0, CPU/GPU=4/5, Free=7410MB, ATW=5.14ms, APP=3.50ms/2.11ms, GD=0.00, CPU%=0.39, GPU%=0.35,ColorSpace:6
08-13 10:27:14.634  1513  1784 I         : MeshRecon # FloorDetector fail since no enough valid point existed
08-13 10:27:14.634  1513  1784 I         : MeshRecon # [ERROR] floor detection failed! successful: 0 value: 999.000000 relative: -999.048706
08-13 10:27:14.634  1513  1784 W MeshTrackingModule: [Spatial] invalid floor level: 999.000000
08-13 10:27:14.634  1513  1784 I         : MeshRecon # [timing] DetectFloor: 0.023000 + 0.088000 + 0.093000 = 0.204000
08-13 10:27:14.642  1513  1783 I         : 2.5.85: [WARNING] SceneDepthProcessOnce InterpolatePose failed! prePose ts 151871959394, nextPose ts 151871959394, avg_ts 151872517184
08-13 10:27:14.643  1513  1777 I         : 2.5.85: [ProcessVisualInertialOnce]: Send SLAM Img[151877513802],latest IMU[151872517172]
08-13 10:27:14.648  1513  1778 I         : SLAM_ALG::pipeline # TrackingOnce long frame: 4.808000,0.877000,3.931000,151872517172
08-13 10:27:14.649  1513  1783 I         : MeshRecon # [timing] IN GenerateDepthMatFromMesh: 0.022000, 0.000000, 0.040000, 1.598000
08-13 10:27:14.649  1513  1783 I         : MeshRecon # [timing] SceneDepthSystem_Process: 6.883000 = 0.470000 + 4.442000 + 0.137000 + 1.783000 + 0.051000
08-13 10:27:14.657  2610  3053 I CompositorMonitor: fps:72.0, prd:21.2 ms, cpu:1.3 ms, gpu:3.8 ms, early:72.0, stale:0.0, max_stale:0.0, sw_mode:0, drr:72.0, lat_mode:-1
08-13 10:27:14.676  1513  1777 I         : 2.5.85: [ProcessVisualInertialOnce]: Send SLAM Img[151910720468],latest IMU[151905850023]
08-13 10:27:14.684  1513  1778 I         : SLAM_ALG::pipeline # TrackingOnce long frame: 7.236000,1.034000,6.202000,151905850023
08-13 10:27:14.684  1513  1783 I         : MeshRecon # [timing] IN GenerateDepthMatFromMesh: 0.021000, 0.000000, 0.041000, 1.274000
08-13 10:27:14.684  1513  1783 I         : MeshRecon # [timing] SceneDepthSystem_Process: 8.457000 = 0.403000 + 6.479000 + 0.142000 + 1.361000 + 0.072000
08-13 10:27:14.710  1513  5085 I         : 2.5.85: [ProcessVisualInertialOnce]: Send SLAM Img[151943927135],latest IMU[151939182836]
08-13 10:27:14.715  1513  1778 I         : SLAM_ALG::pipeline # TrackingOnce long frame: 5.106000,1.094000,4.012000,151939182836
08-13 10:27:14.716  1513  1784 I         : MeshRecon # [timing] SUM:47.847000, Prep:0.005000,Rect:1.488000,BBox:1.176000,Depth:35.834000,Filter:0.699000,Insert:8.644000,Update:0.000000,CB:0.000000,Floor:0.000000,Boundary:0.001000,NearObj:0.000000,Room1:0.000000,Room2:0.000000
08-13 10:27:14.717  1513  1783 I         : MeshRecon # [timing] IN GenerateDepthMatFromMesh: 0.018000, 0.000000, 0.041000, 1.327000
08-13 10:27:14.717  1513  1783 I         : MeshRecon # [timing] SceneDepthSystem_Process: 7.328000 = 0.612000 + 5.152000 + 0.106000 + 1.427000 + 0.031000
08-13 10:27:14.743  1513  5085 I         : 2.5.85: [ProcessVisualInertialOnce]: Send SLAM Img[151977133541],latest IMU[151972515674]
08-13 10:27:14.748  1513  1778 I         : SLAM_ALG::pipeline # TrackingOnce long frame: 4.755000,1.075000,3.680000,151972515674
08-13 10:27:14.751  1513  1783 I         : MeshRecon # [timing] IN GenerateDepthMatFromMesh: 0.039000, 0.000000, 0.065000, 1.565000
08-13 10:27:14.751  1513  1783 I         : MeshRecon # [timing] SceneDepthSystem_Process: 7.955000 = 0.465000 + 5.539000 + 0.137000 + 1.766000 + 0.048000
08-13 10:27:14.767  1513  1784 I         : MeshRecon # DetectNearObj result: xyz (-0.250000, 0.250000, -0.486701), dist 0.523389
08-13 10:27:14.767  1513  1784 I         : MeshRecon # [timing] DetectNearObj: 0.013000 + 0.011000 + 0.244000 = 0.268000
08-13 10:27:14.767  3537  3765 I FOO     : [SystemUX] onNearestObjectUpdate 0.523389
08-13 10:27:14.777  1513  5085 I         : 2.5.85: [ProcessVisualInertialOnce]: Send SLAM Img[152011317031],latest IMU[152005848487]
08-13 10:27:14.783  1513  1778 I         : SLAM_ALG::pipeline # TrackingOnce long frame: 5.577000,1.548000,4.028000,152005848487
08-13 10:27:14.784  1513  1783 I         : MeshRecon # [timing] IN GenerateDepthMatFromMesh: 0.023000, 0.000000, 0.036000, 1.455000
08-13 10:27:14.784  1513  1783 I         : MeshRecon # [timing] SceneDepthSystem_Process: 7.116001 = 0.992000 + 4.400000 + 0.096000 + 1.570000 + 0.058000
08-13 10:27:14.810  1513  1777 I         : 2.5.85: [ProcessVisualInertialOnce]: Send SLAM Img[152044523750],latest IMU[152039181338]
08-13 10:27:14.814  1513  1778 I         : SLAM_ALG::pipeline # TrackingOnce long frame: 3.516000,0.872000,2.644000,152039181338
08-13 10:27:14.815  1513  1783 I         : MeshRecon # [timing] IN GenerateDepthMatFromMesh: 0.017000, 0.001000, 0.035000, 1.306000
08-13 10:27:14.815  1513  1783 I         : MeshRecon # [timing] SceneDepthSystem_Process: 6.057000 = 0.407000 + 4.127000 + 0.099000 + 1.400000 + 0.024000
08-13 10:27:14.829  1513  5085 D VSTCamera: frameid:3267, frameduration:13887448, delay:21450197, boottime:147648550630, exposure:8333333, gain:520, cameraid:6
08-13 10:27:14.843  1513  1777 I         : 2.5.85: [ProcessVisualInertialOnce]: Send SLAM Img[152077730416],latest IMU[152072514151]
08-13 10:27:14.844  1513  5085 D VSTCamera: frameid:3267, frameduration:13887448, delay:23035250, boottime:147662439171, exposure:8333333, gain:520, cameraid:7
08-13 10:27:14.846  2610  2723 W DisplayConfig: vsync delay 1.319734(ms)
08-13 10:27:14.852  1513  1783 I         : MeshRecon # [timing] IN GenerateDepthMatFromMesh: 0.021000, 0.000000, 0.039000, 1.446000
08-13 10:27:14.852  1513  1783 I         : MeshRecon # [timing] SceneDepthSystem_Process: 9.760999 = 0.485000 + 7.526000 + 0.127000 + 1.577000 + 0.046000
08-13 10:27:14.854  1513  1778 I         : SLAM_ALG::pipeline # TrackingOnce long frame: 9.787000,3.400000,6.387000,152072514151
08-13 10:27:14.876  1513  1777 I         : 2.5.85: [ProcessVisualInertialOnce]: Send SLAM Img[152110937135],latest IMU[152105846950]
08-13 10:27:14.883  1513  1778 I         : SLAM_ALG::pipeline # TrackingOnce long frame: 6.068000,0.933000,5.135000,152105846950
08-13 10:27:14.883  1513  1783 I         : MeshRecon # [timing] IN GenerateDepthMatFromMesh: 0.022000, 0.000000, 0.076000, 1.436000
08-13 10:27:14.883  1513  1783 I         : MeshRecon # [timing] SceneDepthSystem_Process: 7.420000 = 0.411000 + 4.940000 + 0.466000 + 1.562000 + 0.041000
08-13 10:27:14.909  1513  5085 I         : 2.5.85: [ProcessVisualInertialOnce]: Send SLAM Img[152144143802],latest IMU[152139179815]
08-13 10:27:14.914  1513  1778 I         : SLAM_ALG::pipeline # TrackingOnce long frame: 4.880000,1.041000,3.839000,152139179815
08-13 10:27:14.918  1513  1783 I         : MeshRecon # [timing] IN GenerateDepthMatFromMesh: 0.064000, 0.000000, 0.042000, 1.392000
08-13 10:27:14.918  1513  1783 I         : MeshRecon # [timing] SceneDepthSystem_Process: 8.344001 = 1.419000 + 5.221000 + 0.127000 + 1.548000 + 0.029000
08-13 10:27:14.931  1513  1784 E MeshTrackingModule: [Spatial] on block update, count: 26
08-13 10:27:14.936  1513  1784 I         : MeshRecon # Callback updated 26 blocks at map_id 47!
08-13 10:27:14.936  1513  1784 I         : MeshRecon # [timing] SUM:67.819000, Prep:0.006000,Rect:1.402000,BBox:1.320000,Depth:34.735001,Filter:0.688000,Insert:6.713000,Update:18.443001,CB:4.511000,Floor:0.001000,Boundary:0.000000,NearObj:0.000000,Room1:0.000000,Room2:0.000000
08-13 10:27:14.936  1513  1784 I         : MeshRecon # [cur update] chunk num: 26, vtx num: 760, idx num: 2766;  [max update] chunk num: 93, vtx num: 3943, idx num: 15324;  [all] chunk num: 83, vtx num: 2904, idx num: 11238
08-13 10:27:14.936  1513  1784 I         : CalculateBBox_QNN            -> min:0.934, max:4.669, avg:1.419 ms, sum:0.70845 s
08-13 10:27:14.936  1513  1784 I         : CalculateDepth               -> min:30.39, max:52.79, avg:35.29 ms, sum:17.6105 s
08-13 10:27:14.936  1513  1784 I         : CalculateDepthStereo_CNN     -> min:15.40, max:28.58, avg:17.03 ms, sum:8.49975 s
08-13 10:27:14.936  1513  1784 I         : CalculateDepthToF_CNN        -> min:12.74, max:30.79, avg:16.48 ms, sum:8.22465 s
08-13 10:27:14.936  1513  1784 I         : CalculateDepthToF_ToFMask    -> min:0.045, max:0.254, avg:0.065 ms, sum:0.03290 s
08-13 10:27:14.936  1513  1784 I         : CallbackBlockUpdateEvent     -> min:2.831, max:9.156, avg:4.794 ms, sum:0.80074 s
08-13 10:27:14.936  1513  1784 I         : DetectFloor                  -> min:0.092, max:1.109, avg:0.238 ms, sum:0.02339 s
08-13 10:27:14.936  1513  1784 I         : DetectNearObj                -> min:0.004, max:1.645, avg:0.319 ms, sum:0.13492 s
08-13 10:27:14.936  1513  1784 I         : FilterDepth                  -> min:0.237, max:7.249, avg:1.245 ms, sum:0.61652 s
08-13 10:27:14.936  1513  1784 I         : InsertData                   -> min:5.354, max:16.54, avg:9.003 ms, sum:4.45667 s
08-13 10:27:14.936  1513  1784 I         : Rectification                -> min:1.357, max:3.991, avg:1.698 ms, sum:0.84744 s
08-13 10:27:14.936  1513  1784 I         : TrackingBBox                 -> min:0.005, max:0.173, avg:0.014 ms, sum:0.00701 s
08-13 10:27:14.936  1513  1784 I         : UpdateMesh                   -> min:2.554, max:34.58, avg:14.40 ms, sum:2.40501 s
08-13 10:27:14.936  1513  1784 I         : 
08-13 10:27:14.942  1513  1783 I         : 2.5.85: [WARNING] SceneDepthProcessOnce InterpolatePose failed! prePose ts 152171795853, nextPose ts 152171795853, avg_ts 152172512628
08-13 10:27:14.943  1513  1777 I         : 2.5.85: [ProcessVisualInertialOnce]: Send SLAM Img[152177350260],latest IMU[152172512628]
08-13 10:27:14.947  1513  1778 I         : SLAM_ALG::pipeline # TrackingOnce long frame: 3.743000,1.381000,2.362000,152172512628
08-13 10:27:14.949  1513  1783 I         : MeshRecon # [timing] IN GenerateDepthMatFromMesh: 0.017000, 0.000000, 0.035000, 1.550000
08-13 10:27:14.949  1513  1783 I         : MeshRecon # [timing] SceneDepthSystem_Process: 6.688000 = 0.483000 + 4.384000 + 0.144000 + 1.646000 + 0.031000
08-13 10:27:14.961  1513  6233 I         : SLAM_ALG: mapping UpdateAlignMapTransformInfo t_error: 0.002, r_error: 0.11
08-13 10:27:14.963  1513  6233 I         : SLAM_ALG: mapping Twb_cur_int in pipeline: 152105846950, -0.0464, 0.0332, 0.0981, 0.6653, 0.7200, -0.0333, -0.1947
08-13 10:27:14.963  1513  6233 I         : SLAM_ALG: mapping Twb_cur_ext in pipeline: 152105846950, -0.0509, 0.0585, 0.0471, 0.6641, 0.7204, -0.0314, -0.1976
08-13 10:27:14.963  1513  6233 I         : SLAM_ALG: mapping Merged Maps Num: 7
08-13 10:27:14.963  1513  6233 I         : SLAM_ALG: mapping ---- Map id: 0, frames num: 10, transform: 0 - 0, 0.0000, 0.0000, 0.0000, 0.0000, 0.0000, 0.0000, 1.0000
08-13 10:27:14.963  1513  6233 I         : SLAM_ALG: mapping ---- Map id: 22, frames num: 130, transform: 22 - 0, 0.0126, 0.0330, 0.0198, 0.0234, 0.0026, 0.0016, 0.9997
08-13 10:27:14.963  1513  6233 I         : SLAM_ALG: mapping ---- Map id: 24, frames num: 13, transform: 24 - 0, 0.0504, -0.0102, 0.0125, -0.2222, 0.0022, 0.0004, 0.9750
08-13 10:27:14.963  1513  6233 I         : SLAM_ALG: mapping ---- Map id: 46, frames num: 3, transform: 46 - 0, 0.0507, 0.0502, -0.0933, 0.0136, 0.0046, 0.0029, 0.9999
08-13 10:27:14.963  1513  6233 I         : SLAM_ALG: mapping ---- Map id: 47, frames num: 106, transform: 47 - 0, 0.0354, 0.1158, -0.1375, 0.0709, 0.0069, 0.0053, 0.9974
08-13 10:27:14.963  1513  6233 I         : SLAM_ALG: mapping ---- Map id: 48, frames num: 11, transform: 48 - 0, 0.0099, 0.0467, -0.0616, 0.0634, 0.0049, 0.0022, 0.9980
08-13 10:27:14.963  1513  6233 I         : SLAM_ALG: mapping ---- Map id: 49, frames num: 12, transform: 49 - 0, -0.0008, 0.0268, -0.0552, 0.0042, 0.0049, 0.0020, 1.0000
08-13 10:27:14.963  1513  6233 I         : SLAM_ALG: mapping Mapping Map 0, local anchors num: 0
08-13 10:27:14.963  1513  6233 I         : SLAM_ALG: mapping [MEMORY] kfs num: 285/285, nfs num: 0/0, cams num: 650/650, feats num: 44119/44119, meas num: 43037/43037, mpts num: 7946/7946
08-13 10:27:14.963  1513  6233 I         : SLAM_ALG: mapping [TIME] ProcessKeyFrame: 79.80, 53.12, 14.38, 6.10, 3.81, 0.00, 0.08, 2.30, 152105846950
08-13 10:27:14.976  1513  5085 I         : 2.5.85: [ProcessVisualInertialOnce]: Send SLAM Img[152210556927],latest IMU[152205845466]
08-13 10:27:14.981  1513  1778 I         : SLAM_ALG::pipeline # TrackingOnce long frame: 4.754000,1.105000,3.649000,152205845466
08-13 10:27:14.983  1513  1783 I         : MeshRecon # [timing] IN GenerateDepthMatFromMesh: 0.024000, 0.000000, 0.046000, 1.696000
08-13 10:27:14.983  1513  1783 I         : MeshRecon # [timing] SceneDepthSystem_Process: 6.861001 = 0.461000 + 4.452000 + 0.110000 + 1.813000 + 0.025000
08-13 10:27:15.001  1513  1784 I         : MeshRecon # DetectNearObj result: xyz (-0.250000, 0.250000, -0.487409), dist 0.528101
08-13 10:27:15.001  1513  1784 I         : MeshRecon # [timing] DetectNearObj: 0.016000 + 0.010000 + 0.381000 = 0.407000
08-13 10:27:15.001  3537  3765 I FOO     : [SystemUX] onNearestObjectUpdate 0.528101
08-13 10:27:15.009  1513  1777 I         : 2.5.85: [ProcessVisualInertialOnce]: Send SLAM Img[152243763645],latest IMU[152239178305]
08-13 10:27:15.015  1513  1778 I         : SLAM_ALG::pipeline # TrackingOnce long frame: 5.211000,1.164000,4.047000,152239178305
08-13 10:27:15.017  1513  1783 I         : MeshRecon # [timing] IN GenerateDepthMatFromMesh: 0.021000, 0.000000, 0.036000, 1.240000
08-13 10:27:15.017  1513  1783 I         : MeshRecon # [timing] SceneDepthSystem_Process: 7.933000 = 0.519000 + 5.921000 + 0.125000 + 1.331000 + 0.037000
08-13 10:27:15.043  1513  5085 I         : 2.5.85: [ProcessVisualInertialOnce]: Send SLAM Img[152277947135],latest IMU[152272511130]
08-13 10:27:15.050  1513  1783 I         : MeshRecon # [timing] IN GenerateDepthMatFromMesh: 0.019000, 0.000000, 0.080000, 1.613000
08-13 10:27:15.050  1513  1778 I         : SLAM_ALG::pipeline # TrackingOnce long frame: 6.341000,0.981000,5.360000,152272511130
08-13 10:27:15.050  1513  1783 I         : MeshRecon # [timing] SceneDepthSystem_Process: 6.862000 = 0.467000 + 4.459000 + 0.118000 + 1.783000 + 0.035000
08-13 10:27:15.077  1513  1777 I         : 2.5.85: [ProcessVisualInertialOnce]: Send SLAM Img[152311153541],latest IMU[152305843982]
08-13 10:27:15.080  1513  1778 I         : SLAM_ALG::pipeline # TrackingOnce long frame: 3.384000,0.865000,2.519000,152305843982
08-13 10:27:15.084  1513  1783 I         : MeshRecon # [timing] IN GenerateDepthMatFromMesh: 0.026000, 0.000000, 0.165000, 1.701000
08-13 10:27:15.084  1513  1783 I         : MeshRecon # [timing] SceneDepthSystem_Process: 7.853000 = 0.577000 + 5.039000 + 0.219000 + 1.965000 + 0.053000
08-13 10:27:15.100  1513  5085 D TOFCamera3Device: frameid:1331, frameduration:33332760, delay:24269741, boottime:147917493118, exposure:1130000, gain:0, cameraid:10
08-13 10:27:15.110  1513  5085 I         : 2.5.85: [ProcessVisualInertialOnce]: Send SLAM Img[152345337083],latest IMU[152339176794]
08-13 10:27:15.116  1513  1778 I         : SLAM_ALG::pipeline # TrackingOnce long frame: 4.543000,0.868000,3.675000,152339176794
08-13 10:27:15.118  1513  1783 I         : MeshRecon # [timing] IN GenerateDepthMatFromMesh: 0.058000, 0.000000, 0.061000, 1.416000
08-13 10:27:15.118  1513  1783 I         : MeshRecon # [timing] SceneDepthSystem_Process: 7.507000 = 0.715000 + 5.063000 + 0.105000 + 1.586000 + 0.038000
08-13 10:27:15.118  1513  1784 I         : MeshRecon # [timing] SUM:48.908001, Prep:0.008000,Rect:1.777000,BBox:1.065000,Depth:35.407001,Filter:1.186000,Insert:9.464000,Update:0.000000,CB:0.000000,Floor:0.000000,Boundary:0.001000,NearObj:0.000000,Room1:0.000000,Room2:0.000000
08-13 10:27:15.143  1513  5085 I         : 2.5.85: [ProcessVisualInertialOnce]: Send SLAM Img[152377566979],latest IMU[152372509646]
08-13 10:27:15.147  1513  1778 I         : SLAM_ALG::pipeline # TrackingOnce long frame: 3.873000,0.943000,2.930000,152372509646
08-13 10:27:15.149  1513  1783 I         : MeshRecon # [timing] IN GenerateDepthMatFromMesh: 0.017000, 0.000000, 0.034000, 1.532000
08-13 10:27:15.150  1513  1783 I         : MeshRecon # [timing] SceneDepthSystem_Process: 6.477000 = 0.433000 + 4.294000 + 0.091000 + 1.634000 + 0.025000
08-13 10:27:15.155  1513  5085 D TrackingMultiCamera: frameid:2662, frameduration:16665364, delay:3366831, boottime:147992929048, exposure:6000, gain:49, cameraid:1
08-13 10:27:15.155  1513  5085 D TrackingMultiCamera: frameid:2662, frameduration:16665364, delay:3716988, boottime:147992929048, exposure:6000, gain:49, cameraid:2
08-13 10:27:15.155  1513  5085 D TrackingMultiCamera: frameid:2662, frameduration:16665364, delay:3841988, boottime:147992929048, exposure:6000, gain:49, cameraid:3
08-13 10:27:15.155  1513  5085 D TrackingMultiCamera: frameid:2662, frameduration:16665416, delay:3951154, boottime:147992929048, exposure:6000, gain:49, cameraid:0
08-13 10:27:15.176  1513  1777 I         : 2.5.85: [ProcessVisualInertialOnce]: Send SLAM Img[152410773697],latest IMU[152405842445]
08-13 10:27:15.184  1513  1778 I         : SLAM_ALG::pipeline # TrackingOnce long frame: 7.014000,1.752000,5.262000,152405842445
08-13 10:27:15.184  1513  1783 I         : MeshRecon # [timing] IN GenerateDepthMatFromMesh: 0.031000, 0.000000, 0.059000, 1.774000
08-13 10:27:15.184  1513  1783 I         : MeshRecon # [timing] SceneDepthSystem_Process: 8.026999 = 0.389000 + 5.595000 + 0.111000 + 1.888000 + 0.044000
08-13 10:27:15.185  2610  3053 E VSTDisplayManager: VST FPS:73
08-13 10:27:15.209  1513  1777 I         : 2.5.85: [ProcessVisualInertialOnce]: Send SLAM Img[152443980364],latest IMU[152439175284]
08-13 10:27:15.215  1513  1778 I         : SLAM_ALG::pipeline # TrackingOnce long frame: 5.345000,0.890000,4.454000,152439175284
08-13 10:27:15.216  1513  1783 I         : MeshRecon # [timing] IN GenerateDepthMatFromMesh: 0.029000, 0.000000, 0.042000, 1.514000
08-13 10:27:15.216  1513  1783 I         : MeshRecon # [timing] SceneDepthSystem_Process: 6.608000 = 0.438000 + 4.368000 + 0.137000 + 1.623000 + 0.042000
08-13 10:27:15.222  1513  5085 D TrackingAuxMultiCamera: frameid:2662, frameduration:16665416, delay:3879800, boottime:148059594725, exposure:6000, gain:49, cameraid:5
08-13 10:27:15.222  1513  5085 D TrackingAuxMultiCamera: frameid:2662, frameduration:16665416, delay:4122821, boottime:148059594725, exposure:6000, gain:49, cameraid:4
08-13 10:27:15.237  1513  1784 I         : MeshRecon # DetectNearObj result: xyz (-0.250000, 0.250000, -0.487409), dist 0.513603
08-13 10:27:15.238  1513  1784 I         : MeshRecon # [timing] DetectNearObj: 0.023000 + 0.104000 + 0.478000 = 0.605000
08-13 10:27:15.240  3537  3765 I FOO     : [SystemUX] onNearestObjectUpdate 0.513603
08-13 10:27:15.243  1513  5085 I         : 2.5.85: [ProcessVisualInertialOnce]: Send SLAM Img[152477187083],latest IMU[152472508109]
08-13 10:27:15.248  1513  1778 I         : SLAM_ALG::pipeline # TrackingOnce long frame: 4.511000,0.854000,3.656000,152472508109
08-13 10:27:15.249  1513  1783 I         : MeshRecon # [timing] IN GenerateDepthMatFromMesh: 0.019000, 0.000000, 0.036000, 1.263000
08-13 10:27:15.249  1513  1783 I         : MeshRecon # [timing] SceneDepthSystem_Process: 6.118000 = 0.447000 + 4.119000 + 0.089000 + 1.418000 + 0.045000
08-13 10:27:15.272  1513  5085 D ETMultiCamera: frameid:3993, frameduration:11164271, delay:2660655, boottime:148110468714, exposure:975000, gain:98, cameraid:8
08-13 10:27:15.272  1513  5085 D ETMultiCamera: frameid:3993, frameduration:11164271, delay:2809353, boottime:148110476683, exposure:975000, gain:98, cameraid:9
08-13 10:27:15.275  1513  1783 I         : 2.5.85: [WARNING] SceneDepthProcessOnce InterpolatePose failed! prePose ts 152505815905, nextPose ts 152505815905, avg_ts 152505840908
08-13 10:27:15.276  1513  1777 I         : 2.5.85: [ProcessVisualInertialOnce]: Send SLAM Img[152510393802],latest IMU[152505840909]
08-13 10:27:15.281  1513  1778 I         : SLAM_ALG::pipeline # TrackingOnce long frame: 4.360000,1.826000,2.534000,152505840909
08-13 10:27:15.283  1513  1783 I         : MeshRecon # [timing] IN GenerateDepthMatFromMesh: 0.015000, 0.000000, 0.031000, 1.195000
08-13 10:27:15.283  1513  1783 I         : MeshRecon # [timing] SceneDepthSystem_Process: 7.302000 = 0.404000 + 5.491000 + 0.089000 + 1.284000 + 0.034000
08-13 10:27:15.309  1513  1783 I         : 2.5.85: [WARNING] SceneDepthProcessOnce InterpolatePose failed! prePose ts 152539022623, nextPose ts 152539022623, avg_ts 152539173772
08-13 10:27:15.310  1513  1777 I         : 2.5.85: [ProcessVisualInertialOnce]: Send SLAM Img[152544577031],latest IMU[152539173773]
08-13 10:27:15.315  1513  1778 I         : SLAM_ALG::pipeline # TrackingOnce long frame: 4.564000,1.119000,3.445000,152539173773
08-13 10:27:15.316  1513  1783 I         : MeshRecon # [timing] IN GenerateDepthMatFromMesh: 0.017000, 0.000000, 0.037000, 1.707000
08-13 10:27:15.316  1513  1783 I         : MeshRecon # [timing] SceneDepthSystem_Process: 7.357000 = 0.534000 + 4.879000 + 0.115000 + 1.803000 + 0.026000
08-13 10:27:15.317  1513  1784 I         : MeshRecon # [timing] SUM:49.552002, Prep:0.004000,Rect:1.423000,BBox:1.284000,Depth:37.234001,Filter:0.686000,Insert:8.921000,Update:0.000000,CB:0.000000,Floor:0.000000,Boundary:0.000000,NearObj:0.000000,Room1:0.000000,Room2:0.000000
08-13 10:27:15.342  1513  1783 I         : 2.5.85: [WARNING] SceneDepthProcessOnce InterpolatePose failed! prePose ts 152572229342, nextPose ts 152572229342, avg_ts 152572506586
08-13 10:27:15.343  1513  1777 I         : 2.5.85: [ProcessVisualInertialOnce]: Send SLAM Img[152577783750],latest IMU[152572506586]
08-13 10:27:15.350  1513  1783 I         : MeshRecon # [timing] IN GenerateDepthMatFromMesh: 0.031000, 0.000000, 0.062000, 1.690000
08-13 10:27:15.350  1513  1783 I         : MeshRecon # [timing] SceneDepthSystem_Process: 7.831000 = 0.423000 + 5.365000 + 0.117000 + 1.862000 + 0.064000
08-13 10:27:15.350  1513  1778 I         : SLAM_ALG::pipeline # TrackingOnce long frame: 5.888000,1.779000,4.109000,152572506586
08-13 10:27:15.376  1513  5085 I         : 2.5.85: [ProcessVisualInertialOnce]: Send SLAM Img[152610990468],latest IMU[152605839424]
08-13 10:27:15.382  1513  1778 I         : SLAM_ALG::pipeline # TrackingOnce long frame: 5.787000,0.867000,4.919000,152605839424
08-13 10:27:15.382  1513  1783 I         : MeshRecon # [timing] IN GenerateDepthMatFromMesh: 0.033000, 0.000000, 0.041000, 1.379000
08-13 10:27:15.382  1513  1783 I         : MeshRecon # [timing] SceneDepthSystem_Process: 6.408000 = 0.443000 + 4.217000 + 0.142000 + 1.568000 + 0.038000
08-13 10:27:15.384  4318  4679 D NetworkService: TotalRxSpeed : 291B/s  /  TotalTxSpeed : 223B/s
08-13 10:27:15.384  4318  4679 D NetworkService: SystemRxSpeed : 39B/s  /  SystemTxSpeed : 59B/s
08-13 10:27:15.410  1513  1777 I         : 2.5.85: [ProcessVisualInertialOnce]: Send SLAM Img[152644196927],latest IMU[152639172263]
08-13 10:27:15.416  1513  1778 I         : SLAM_ALG::pipeline # TrackingOnce long frame: 5.708000,0.836000,4.872000,152639172263
08-13 10:27:15.416  1513  1783 I         : MeshRecon # [timing] IN GenerateDepthMatFromMesh: 0.019000, 0.000000, 0.040000, 1.439000
08-13 10:27:15.416  1513  1783 I         : MeshRecon # [timing] SceneDepthSystem_Process: 6.492000 = 0.424000 + 4.357000 + 0.114000 + 1.540000 + 0.057000
08-13 10:27:15.444  1513  5085 I         : 2.5.85: [ProcessVisualInertialOnce]: Send SLAM Img[152678380416],latest IMU[152672505075]
08-13 10:27:15.451  1513  1778 I         : SLAM_ALG::pipeline # TrackingOnce long frame: 5.539000,1.387000,4.152000,152672505075
08-13 10:27:15.451  1513  1783 I         : MeshRecon # [timing] IN GenerateDepthMatFromMesh: 0.016000, 0.000000, 0.034000, 1.777000
08-13 10:27:15.451  1513  1783 I         : MeshRecon # [timing] SceneDepthSystem_Process: 6.883000 = 0.674000 + 4.231000 + 0.091000 + 1.858000 + 0.029000
08-13 10:27:15.476  1513  1777 I         : 2.5.85: [ProcessVisualInertialOnce]: Send SLAM Img[152710610364],latest IMU[152705837940]
08-13 10:27:15.480  1513  1778 I         : SLAM_ALG::pipeline # TrackingOnce long frame: 3.682000,0.806000,2.876000,152705837940
08-13 10:27:15.482  1513  1783 I         : MeshRecon # [timing] IN GenerateDepthMatFromMesh: 0.018000, 0.000000, 0.034000, 1.474000
08-13 10:27:15.482  1513  1783 I         : MeshRecon # [timing] SceneDepthSystem_Process: 6.912000 = 0.463000 + 4.740000 + 0.085000 + 1.598000 + 0.026000
08-13 10:27:15.496  1513  6233 I         : SLAM_ALG: mapping Map update transform: 48, -0.0108, -0.0384, 0.0670, -0.0634, -0.0050, -0.0022, 0.9980
08-13 10:27:15.496  1513  6233 I         : SLAM_ALG: mapping Map update transform: 49, -0.0009, -0.0265, 0.0559, -0.0043, -0.0059, -0.0023, 1.0000
08-13 10:27:15.497  1513  6233 I         : SLAM_ALG: mapping UpdateAlignMapTransformInfo t_error: 0.001, r_error: 0.06
08-13 10:27:15.497  1513  6233 I         : SLAM_ALG: mapping UpdateOptMapTransformInfo to map: 0-48 (1)
08-13 10:27:15.497  1513  6233 I         : SLAM_ALG: mapping UpdateOptMapTransformInfo to map: 0-49 (1)
08-13 10:27:15.502  1513  6233 I         : SLAM_ALG: mapping Twb_cur_int in pipeline: 152639172263, -0.0680, 0.0155, 0.0749, 0.6944, 0.6916, -0.0810, -0.1815
08-13 10:27:15.502  1513  6233 I         : SLAM_ALG: mapping Twb_cur_ext in pipeline: 152639172263, -0.0713, 0.0408, 0.0236, 0.6927, 0.6924, -0.0797, -0.1854
08-13 10:27:15.502  1513  6233 I         : SLAM_ALG: mapping Merged Maps Num: 7
08-13 10:27:15.502  1513  6233 I         : SLAM_ALG: mapping ---- Map id: 0, frames num: 10, transform: 0 - 0, 0.0000, 0.0000, 0.0000, 0.0000, 0.0000, 0.0000, 1.0000
08-13 10:27:15.502  1513  6233 I         : SLAM_ALG: mapping ---- Map id: 22, frames num: 130, transform: 22 - 0, 0.0126, 0.0330, 0.0198, 0.0234, 0.0026, 0.0016, 0.9997
08-13 10:27:15.502  1513  6233 I         : SLAM_ALG: mapping ---- Map id: 24, frames num: 13, transform: 24 - 0, 0.0504, -0.0102, 0.0125, -0.2222, 0.0022, 0.0004, 0.9750
08-13 10:27:15.502  1513  6233 I         : SLAM_ALG: mapping ---- Map id: 46, frames num: 3, transform: 46 - 0, 0.0507, 0.0502, -0.0933, 0.0136, 0.0046, 0.0029, 0.9999
08-13 10:27:15.502  1513  6233 I         : SLAM_ALG: mapping ---- Map id: 47, frames num: 106, transform: 47 - 0, 0.0354, 0.1158, -0.1375, 0.0709, 0.0069, 0.0053, 0.9974
08-13 10:27:15.502  1513  6233 I         : SLAM_ALG: mapping ---- Map id: 48, frames num: 11, transform: 48 - 0, 0.0100, 0.0467, -0.0617, 0.0634, 0.0050, 0.0022, 0.9980
08-13 10:27:15.502  1513  6233 I         : SLAM_ALG: mapping ---- Map id: 49, frames num: 11, transform: 49 - 0, 0.0001, 0.0270, -0.0557, 0.0043, 0.0059, 0.0023, 1.0000
08-13 10:27:15.502  1513  6233 I         : SLAM_ALG: mapping Mapping Map 0, local anchors num: 0
08-13 10:27:15.503  1513  6233 I         : SLAM_ALG: mapping [MEMORY] kfs num: 284/284, nfs num: 0/0, cams num: 644/644, feats num: 43981/43981, meas num: 42902/42902, mpts num: 7946/7946
08-13 10:27:15.503  1513  6233 I         : SLAM_ALG: mapping [TIME] ProcessKeyFrame: 85.93, 49.01, 15.10, 9.41, 6.27, 0.00, 0.09, 6.06, 152639172263
08-13 10:27:15.503  1513  6233 I         : SLAM_ALG: mapping SyncMapTransformCallback(UPDATE) to map(mapping): 0, map(6dof): 48, type: 1
08-13 10:27:15.503  1513  6233 I         : 2.5.85: [GlobalMapTransformInfoArray] [WRITE] Store MapTransform[48 0] -0.010808 -0.038449 0.066975 
08-13 10:27:15.503  1513  6233 I SlamTrackingModule: headsetSlamMapTransformListener mappingId:0, mapId:48, eventType: update
08-13 10:27:15.503  1513  6233 I         : SLAM_ALG: mapping SyncMapTransformCallback(UPDATE) to map(mapping): 0, map(6dof): 49, type: 1
08-13 10:27:15.503  1513  6233 I         : 2.5.85: [GlobalMapTransformInfoArray] [WRITE] Store MapTransform[49 0] -0.000879 -0.026543 0.055915 
08-13 10:27:15.503  1513  6233 I SlamTrackingModule: headsetSlamMapTransformListener mappingId:0, mapId:49, eventType: update
08-13 10:27:15.503  2749  2808 I .spatialservice: [Spatial] onMapTransform: mappingId: 0, mapId: 48, transform: {"position":{"x":-0.010807567276060582,"y":-0.038448721170425418,"z":0.06697521358728409},"orientation":{"x":-0.06339354068040848,"y":-0.004972978960722685,"z":-0.0021687231492251159,"w":0.9979738593101502}}, type: update
08-13 10:27:15.509  1513  1777 I         : 2.5.85: [ProcessVisualInertialOnce]: Send SLAM Img[152743817031],latest IMU[152739170753]
08-13 10:27:15.515  1513  1778 I         : SLAM_ALG::pipeline # TrackingOnce long frame: 5.363000,0.972000,4.391000,152739170753
08-13 10:27:15.516  1513  1783 I         : MeshRecon # [timing] IN GenerateDepthMatFromMesh: 0.017000, 0.000000, 0.063000, 1.235000
08-13 10:27:15.516  1513  1783 I         : MeshRecon # [timing] SceneDepthSystem_Process: 6.949000 = 0.403000 + 5.060000 + 0.094000 + 1.362000 + 0.030000
08-13 10:27:15.516  2749  2808 I SpatialDatabase.cpp: [Spatial] update map success
08-13 10:27:15.516  2749  2808 I .spatialservice: [Spatial] onMapTransform: mappingId: 0, mapId: 49, transform: {"position":{"x":-0.0008789422572590411,"y":-0.026542922481894494,"z":0.05591485649347305},"orientation":{"x":-0.004297949373722076,"y":-0.005943369586020708,"z":-0.0022627082653343679,"w":0.999970555305481}}, type: update
08-13 10:27:15.518  2749  2808 I SpatialDatabase.cpp: [Spatial] update map success
08-13 10:27:15.522  1513  1784 E MeshTrackingModule: [Spatial] on block update, count: 29
08-13 10:27:15.525  1513  1784 I         : MeshRecon # Callback updated 29 blocks at map_id 47!
08-13 10:27:15.525  1513  1784 I         : MeshRecon # DetectNearObj result: xyz (-0.250000, 0.250000, -0.487742), dist 0.499338
08-13 10:27:15.526  1513  1784 I         : MeshRecon # [timing] DetectNearObj: 0.014000 + 0.081000 + 0.161000 = 0.256000
08-13 10:27:15.526  1513  1784 I         : MeshRecon # [timing] SUM:57.806000, Prep:0.004000,Rect:1.735000,BBox:1.419000,Depth:33.862999,Filter:0.800000,Insert:9.428000,Update:6.871000,CB:3.414000,Floor:0.001000,Boundary:0.000000,NearObj:0.270000,Room1:0.000000,Room2:0.001000
08-13 10:27:15.526  1513  1784 I         : MeshRecon # [cur update] chunk num: 29, vtx num: 794, idx num: 2832;  [max update] chunk num: 93, vtx num: 3943, idx num: 15324;  [all] chunk num: 83, vtx num: 2935, idx num: 11331
08-13 10:27:15.526  1513  1784 I         : CalculateBBox_QNN            -> min:0.934, max:4.669, avg:1.418 ms, sum:0.71222 s
08-13 10:27:15.526  1513  1784 I         : CalculateDepth               -> min:30.39, max:52.79, avg:35.29 ms, sum:17.7170 s
08-13 10:27:15.526  1513  1784 I         : CalculateDepthStereo_CNN     -> min:15.40, max:28.58, avg:17.03 ms, sum:8.55105 s
08-13 10:27:15.526  1513  1784 I         : CalculateDepthToF_CNN        -> min:12.74, max:30.79, avg:16.48 ms, sum:8.27461 s
08-13 10:27:15.526  1513  1784 I         : CalculateDepthToF_ToFMask    -> min:0.045, max:0.254, avg:0.065 ms, sum:0.03308 s
08-13 10:27:15.526  1513  1784 I         : CallbackBlockUpdateEvent     -> min:2.831, max:9.156, avg:4.786 ms, sum:0.80416 s
08-13 10:27:15.526  1513  1784 I         : DetectFloor                  -> min:0.092, max:1.109, avg:0.238 ms, sum:0.02339 s
08-13 10:27:15.526  1513  1784 I         : DetectNearObj                -> min:0.004, max:1.645, avg:0.320 ms, sum:0.13619 s
08-13 10:27:15.526  1513  1784 I         : FilterDepth                  -> min:0.237, max:7.249, avg:1.243 ms, sum:0.61919 s
08-13 10:27:15.526  1513  1784 I         : InsertData                   -> min:5.354, max:16.54, avg:9.005 ms, sum:4.48449 s
08-13 10:27:15.526  1513  1784 I         : Rectification                -> min:1.357, max:3.991, avg:1.698 ms, sum:0.85242 s
08-13 10:27:15.526  1513  1784 I         : TrackingBBox                 -> min:0.005, max:0.173, avg:0.014 ms, sum:0.00704 s
08-13 10:27:15.526  1513  1784 I         : UpdateMesh                   -> min:2.554, max:34.58, avg:14.35 ms, sum:2.41189 s
08-13 10:27:15.526  1513  1784 I         : 
08-13 10:27:15.526  1513  1784 I         : 2.5.85: [GlobalMapTransformInfoArray] [READ] Send MapTransform[48 0] -0.010808 -0.038449 0.066975 
08-13 10:27:15.526  1513  1784 I         : 2.5.85: [GlobalMapTransformInfoArray] [READ] Send MapTransform[49 0] -0.000879 -0.026543 0.055915 
08-13 10:27:15.526  3537  3765 I FOO     : [SystemUX] onNearestObjectUpdate 0.499338
08-13 10:27:15.542  2610  2625 I LayerState: XR submitFrame:6100 [minV=1 curV=11403], client:3842, type:1 layer_count:4
08-13 10:27:15.543  1513  5085 I         : 2.5.85: [ProcessVisualInertialOnce]: Send SLAM Img[152778000312],latest IMU[152772503578]
08-13 10:27:15.547  1513  1778 I         : SLAM_ALG::pipeline # TrackingOnce long frame: 3.443000,0.900000,2.542000,152772503578
08-13 10:27:15.550  1513  1783 I         : MeshRecon # [timing] IN GenerateDepthMatFromMesh: 0.018000, 0.000000, 0.034000, 1.146000
08-13 10:27:15.550  1513  1783 I         : MeshRecon # [timing] SceneDepthSystem_Process: 6.970000 = 1.278000 + 4.253000 + 0.154000 + 1.255000 + 0.030000
08-13 10:27:15.577  1513  1777 I         : 2.5.85: [ProcessVisualInertialOnce]: Send SLAM Img[152811207031],latest IMU[152805836404]
08-13 10:27:15.585  1513  1783 I         : MeshRecon # [timing] IN GenerateDepthMatFromMesh: 0.027000, 0.000000, 0.040000, 1.629000
08-13 10:27:15.585  1513  1783 I         : MeshRecon # [timing] SceneDepthSystem_Process: 8.490000 = 0.474000 + 5.937000 + 0.132000 + 1.917000 + 0.030000
08-13 10:27:15.586  1513  1778 I         : SLAM_ALG::pipeline # TrackingOnce long frame: 8.703000,1.241000,7.461000,152805836404
08-13 10:27:15.613  1513  5085 I         : 2.5.85: [ProcessVisualInertialOnce]: Send SLAM Img[152847343593],latest IMU[152839169242]
08-13 10:27:15.618  1513  1778 I         : SLAM_ALG::pipeline # TrackingOnce long frame: 4.127000,1.168000,2.958000,152839169242
08-13 10:27:15.620  1513  1783 I         : MeshRecon # [timing] IN GenerateDepthMatFromMesh: 0.019000, 0.000000, 0.059000, 1.255000
08-13 10:27:15.620  1513  1783 I         : MeshRecon # [timing] SceneDepthSystem_Process: 7.175000 = 0.769000 + 4.912000 + 0.095000 + 1.371000 + 0.028000
08-13 10:27:15.640  3842  6171 I PerfStats.cpp: FPS=72.00/72, Prd=21.25ms, Early=72.00, Stale=0.00, Lat=-1, Fov=0, CPU/GPU=4/5, Free=7394MB, ATW=5.09ms, APP=3.60ms/1.86ms, GD=0.00, CPU%=0.42, GPU%=0.35,ColorSpace:6
08-13 10:27:15.643  1513  1777 I         : 2.5.85: [ProcessVisualInertialOnce]: Send SLAM Img[152877620208],latest IMU[152872502068]
08-13 10:27:15.647  1513  1778 I         : SLAM_ALG::pipeline # TrackingOnce long frame: 4.452000,0.830000,3.622000,152872502068
08-13 10:27:15.648  1513  1783 I         : MeshRecon # [timing] IN GenerateDepthMatFromMesh: 0.016000, 0.001000, 0.038000, 1.374000
08-13 10:27:15.649  1513  1783 I         : MeshRecon # [timing] SceneDepthSystem_Process: 6.429999 = 0.437000 + 4.401000 + 0.101000 + 1.463000 + 0.028000
08-13 10:27:15.671  2610  3053 I CompositorMonitor: fps:72.0, prd:21.0 ms, cpu:1.3 ms, gpu:3.8 ms, early:72.0, stale:0.0, max_stale:0.0, sw_mode:0, drr:72.0, lat_mode:-1
08-13 10:27:15.676  1513  1777 I         : 2.5.85: [ProcessVisualInertialOnce]: Send SLAM Img[152910826927],latest IMU[152905834867]
08-13 10:27:15.681  1513  1778 I         : SLAM_ALG::pipeline # TrackingOnce long frame: 4.757000,1.130000,3.627000,152905834867
08-13 10:27:15.683  1513  1783 I         : MeshRecon # [timing] IN GenerateDepthMatFromMesh: 0.020000, 0.000000, 0.040000, 1.335000
08-13 10:27:15.683  1513  1783 I         : MeshRecon # [timing] SceneDepthSystem_Process: 7.426001 = 0.413000 + 5.388000 + 0.117000 + 1.451000 + 0.057000
08-13 10:27:15.710  1513  5085 I         : 2.5.85: [ProcessVisualInertialOnce]: Send SLAM Img[152944033645],latest IMU[152939167732]
08-13 10:27:15.715  1513  1778 I         : SLAM_ALG::pipeline # TrackingOnce long frame: 5.146000,1.254000,3.892000,152939167732
08-13 10:27:15.717  1513  1783 I         : MeshRecon # [timing] IN GenerateDepthMatFromMesh: 0.015000, 0.000000, 0.033000, 1.205000
08-13 10:27:15.717  1513  1783 I         : MeshRecon # [timing] SceneDepthSystem_Process: 7.257000 = 1.561000 + 4.295000 + 0.091000 + 1.286000 + 0.024000
08-13 10:27:15.719  1513  1784 I         : MeshRecon # FloorDetector fail since no enough valid point existed
08-13 10:27:15.719  1513  1784 I         : MeshRecon # [ERROR] floor detection failed! successful: 0 value: 999.000000 relative: -999.062500
08-13 10:27:15.719  1513  1784 W MeshTrackingModule: [Spatial] invalid floor level: 999.000000
08-13 10:27:15.720  1513  1784 I         : MeshRecon # [timing] DetectFloor: 0.021000 + 0.070000 + 0.119000 = 0.210000
08-13 10:27:15.720  1513  1784 I         : MeshRecon # [timing] SUM:49.243000, Prep:0.006000,Rect:1.748000,BBox:1.417000,Depth:38.785000,Filter:0.618000,Insert:6.443000,Update:0.000000,CB:0.000000,Floor:0.225000,Boundary:0.000000,NearObj:0.001000,Room1:0.000000,Room2:0.000000
08-13 10:27:15.720  1513  1784 I         : MeshRecon # DetectNearObj result: xyz (-0.250000, 0.250000, -0.487742), dist 0.495484
08-13 10:27:15.720  1513  1784 I         : MeshRecon # [timing] DetectNearObj: 0.008000 + 0.007000 + 0.248000 = 0.263000
08-13 10:27:15.720  3537  3765 I FOO     : [SystemUX] onNearestObjectUpdate 0.495484
08-13 10:27:15.743  1513  5085 I         : 2.5.85: [ProcessVisualInertialOnce]: Send SLAM Img[152977240364],latest IMU[152972500544]
08-13 10:27:15.749  1513  1778 I         : SLAM_ALG::pipeline # TrackingOnce long frame: 6.294000,1.240000,5.054000,152972500544
08-13 10:27:15.750  1513  1783 I         : MeshRecon # [timing] IN GenerateDepthMatFromMesh: 0.038000, 0.000000, 0.053000, 1.495000
08-13 10:27:15.750  1513  1783 I         : MeshRecon # [timing] SceneDepthSystem_Process: 7.533000 = 0.414000 + 5.095000 + 0.246000 + 1.644000 + 0.134000
08-13 10:27:15.777  1513  5085 I         : 2.5.85: [ProcessVisualInertialOnce]: Send SLAM Img[153011423645],latest IMU[153005833383]
08-13 10:27:15.785  1513  1783 I         : MeshRecon # [timing] IN GenerateDepthMatFromMesh: 0.019000, 0.000000, 0.040000, 1.406000
08-13 10:27:15.785  1513  1783 I         : MeshRecon # [timing] SceneDepthSystem_Process: 7.705000 = 0.792000 + 5.183000 + 0.113000 + 1.572000 + 0.045000
08-13 10:27:15.786  1513  1778 I         : SLAM_ALG::pipeline # TrackingOnce long frame: 7.795000,3.051000,4.744000,153005833383
08-13 10:27:15.832    57    57 I [kworke][0xaf24ca93][02:27:15.807419] kiwi_v2: [57:I:PMO] pmo_core_enable_wow_in_fw: drv wow is enabled
08-13 10:27:15.809  1513  1783 I         : 2.5.85: [WARNING] SceneDepthProcessOnce InterpolatePose failed! prePose ts 153039075957, nextPose ts 153039075957, avg_ts 153039166220
08-13 10:27:15.810  1513  1777 I         : 2.5.85: [ProcessVisualInertialOnce]: Send SLAM Img[153044630364],latest IMU[153039166221]
08-13 10:27:15.814  1513  1778 I         : SLAM_ALG::pipeline # TrackingOnce long frame: 3.460000,1.031000,2.429000,153039166221
08-13 10:27:15.815  1513  1783 I         : MeshRecon # [timing] IN GenerateDepthMatFromMesh: 0.018000, 0.000000, 0.041000, 1.398000
