--------- beginning of main
08-13 10:27:11.176  1513  1783 I         : 2.5.85: [WARNING] SceneDepthProcessOnce InterpolatePose failed! prePose ts 148405769238, nextPose ts 148405769238, avg_ts 148405902810
08-13 10:27:11.177  1513  1777 I         : 2.5.85: [ProcessVisualInertialOnce]: Send SLAM Img[148411323593],latest IMU[148405902797]
08-13 10:27:11.183  1513  1783 I         : MeshRecon # [timing] IN GenerateDepthMatFromMesh: 0.022000, 0.000000, 0.042000, 1.381000
08-13 10:27:11.183  1513  1783 I         : MeshRecon # [timing] SceneDepthSystem_Process: 7.014000 = 0.434000 + 4.955000 + 0.113000 + 1.481000 + 0.031000
08-13 10:27:11.183  1513  1778 I         : SLAM_ALG::pipeline # TrackingOnce long frame: 6.058000,1.216000,4.842000,148405902796
08-13 10:27:11.188  1513  5085 D TrackingAuxMultiCamera: frameid:2420, frameduration:16665469, delay:3422665, boottime:144026322278, exposure:6000, gain:49, cameraid:4
08-13 10:27:11.189  1513  5085 D TrackingAuxMultiCamera: frameid:2420, frameduration:16665416, delay:3737666, boottime:144026322225, exposure:6000, gain:49, cameraid:5
08-13 10:27:11.210  1513  1777 I         : 2.5.85: [ProcessVisualInertialOnce]: Send SLAM Img[148444530416],latest IMU[148439235648]
08-13 10:27:11.213  1513  1778 I         : SLAM_ALG::pipeline # TrackingOnce long frame: 3.150000,0.863000,2.287000,148439235648
08-13 10:27:11.216  1513  1783 I         : MeshRecon # [timing] IN GenerateDepthMatFromMesh: 0.035000, 0.000000, 0.079000, 1.434000
08-13 10:27:11.216  1513  1783 I         : MeshRecon # [timing] SceneDepthSystem_Process: 6.457000 = 0.413000 + 4.283000 + 0.121000 + 1.611000 + 0.029000
08-13 10:27:11.219  1513  5085 D ETMultiCamera: frameid:3630, frameduration:11164271, delay:2643053, boottime:144057838401, exposure:975000, gain:98, cameraid:8
08-13 10:27:11.219  1513  5085 D ETMultiCamera: frameid:3630, frameduration:11164219, delay:2810084, boottime:144057846370, exposure:975000, gain:98, cameraid:9
08-13 10:27:11.224  1513  6233 I         : SLAM_ALG: mapping UpdateAlignMapTransformInfo t_error: 0.002, r_error: 0.10
08-13 10:27:11.225  1513  6233 I         : SLAM_ALG: mapping Twb_cur_int in pipeline: 148372569971, -0.0400, 0.0445, 0.1020, 0.6847, 0.6908, 0.0233, -0.2311
08-13 10:27:11.225  1513  6233 I         : SLAM_ALG: mapping Twb_cur_ext in pipeline: 148372569971, -0.0445, 0.0688, 0.0504, 0.6834, 0.6909, 0.0253, -0.2343
08-13 10:27:11.225  1513  6233 I         : SLAM_ALG: mapping Merged Maps Num: 7
08-13 10:27:11.225  1513  6233 I         : SLAM_ALG: mapping ---- Map id: 0, frames num: 10, transform: 0 - 0, 0.0000, 0.0000, 0.0000, 0.0000, 0.0000, 0.0000, 1.0000
08-13 10:27:11.225  1513  6233 I         : SLAM_ALG: mapping ---- Map id: 22, frames num: 130, transform: 22 - 0, 0.0126, 0.0330, 0.0198, 0.0234, 0.0026, 0.0016, 0.9997
08-13 10:27:11.225  1513  6233 I         : SLAM_ALG: mapping ---- Map id: 24, frames num: 13, transform: 24 - 0, 0.0504, -0.0102, 0.0125, -0.2222, 0.0022, 0.0004, 0.9750
08-13 10:27:11.225  1513  6233 I         : SLAM_ALG: mapping ---- Map id: 46, frames num: 3, transform: 46 - 0, 0.0507, 0.0502, -0.0933, 0.0136, 0.0046, 0.0029, 0.9999
08-13 10:27:11.225  1513  6233 I         : SLAM_ALG: mapping ---- Map id: 47, frames num: 106, transform: 47 - 0, 0.0354, 0.1158, -0.1375, 0.0709, 0.0069, 0.0053, 0.9974
08-13 10:27:11.225  1513  6233 I         : SLAM_ALG: mapping ---- Map id: 48, frames num: 11, transform: 48 - 0, 0.0099, 0.0467, -0.0616, 0.0634, 0.0049, 0.0022, 0.9980
08-13 10:27:11.225  1513  6233 I         : SLAM_ALG: mapping ---- Map id: 49, frames num: 12, transform: 49 - 0, -0.0008, 0.0268, -0.0552, 0.0042, 0.0049, 0.0020, 1.0000
08-13 10:27:11.225  1513  6233 I         : SLAM_ALG: mapping Mapping Map 0, local anchors num: 0
08-13 10:27:11.226  1513  6233 I         : SLAM_ALG: mapping [MEMORY] kfs num: 285/285, nfs num: 0/0, cams num: 649/649, feats num: 44140/44140, meas num: 43065/43065, mpts num: 7946/7946
08-13 10:27:11.226  1513  6233 I         : SLAM_ALG: mapping [TIME] ProcessKeyFrame: 75.24, 48.76, 13.57, 6.14, 4.69, 0.00, 0.09, 1.99, 148372569971
08-13 10:27:11.243  1513  1777 I         : 2.5.85: [ProcessVisualInertialOnce]: Send SLAM Img[148477736979],latest IMU[148472568461]
08-13 10:27:11.248  1513  1778 I         : SLAM_ALG::pipeline # TrackingOnce long frame: 4.414000,0.817000,3.597000,148472568461
08-13 10:27:11.249  1513  1783 I         : MeshRecon # [timing] IN GenerateDepthMatFromMesh: 0.025000, 0.000000, 0.047000, 1.429000
08-13 10:27:11.249  1513  1783 I         : MeshRecon # [timing] SceneDepthSystem_Process: 6.496000 = 0.401000 + 4.350000 + 0.103000 + 1.579000 + 0.063000
08-13 10:27:11.273  1513  2151 I FanController: [tuned] speed tuned to target speed: 4700 with level 29, 1
08-13 10:27:11.277  1513  1777 I         : 2.5.85: [ProcessVisualInertialOnce]: Send SLAM Img[148510943750],latest IMU[148505901299]
08-13 10:27:11.281  1513  1778 I         : SLAM_ALG::pipeline # TrackingOnce long frame: 4.201000,1.731000,2.470000,148505901299
08-13 10:27:11.284  1513  1783 I         : MeshRecon # [timing] IN GenerateDepthMatFromMesh: 0.018000, 0.000000, 0.039000, 1.360000
08-13 10:27:11.284  1513  1783 I         : MeshRecon # [timing] SceneDepthSystem_Process: 7.737000 = 0.669000 + 5.445000 + 0.107000 + 1.470000 + 0.046000
08-13 10:27:11.310  1513  1777 I         : 2.5.85: [ProcessVisualInertialOnce]: Send SLAM Img[148544150312],latest IMU[148539234138]
08-13 10:27:11.317  1513  1778 I         : SLAM_ALG::pipeline # TrackingOnce long frame: 6.463000,1.035000,5.428000,148539234138
08-13 10:27:11.318  1513  1783 I         : MeshRecon # [timing] IN GenerateDepthMatFromMesh: 0.024000, 0.000000, 0.055000, 1.544000
08-13 10:27:11.318  1513  1783 I         : MeshRecon # [timing] SceneDepthSystem_Process: 8.292999 = 0.612000 + 4.713000 + 1.257000 + 1.672000 + 0.039000
08-13 10:27:11.325  1513  1784 E MeshTrackingModule: [Spatial] on block update, count: 33
08-13 10:27:11.329  1513  1784 I         : MeshRecon # Callback updated 33 blocks at map_id 47!
08-13 10:27:11.329  1513  1784 I         : MeshRecon # DetectNearObj result: xyz (-0.250000, 0.250000, -0.486191), dist 0.538212
08-13 10:27:11.330  1513  1784 I         : MeshRecon # [timing] DetectNearObj: 0.017000 + 0.008000 + 0.158000 = 0.183000
08-13 10:27:11.330  1513  1784 I         : MeshRecon # [timing] SUM:62.118999, Prep:0.004000,Rect:1.518000,BBox:1.234000,Depth:36.643002,Filter:0.662000,Insert:9.469000,Update:8.370000,CB:4.018000,Floor:0.001000,Boundary:0.001000,NearObj:0.198000,Room1:0.000000,Room2:0.001000
08-13 10:27:11.330  1513  1784 I         : MeshRecon # [cur update] chunk num: 33, vtx num: 797, idx num: 2832;  [max update] chunk num: 93, vtx num: 3943, idx num: 15324;  [all] chunk num: 83, vtx num: 2822, idx num: 10929
08-13 10:27:11.330  1513  1784 I         : CalculateBBox_QNN            -> min:0.934, max:4.669, avg:1.424 ms, sum:0.68536 s
08-13 10:27:11.330  1513  1784 I         : CalculateDepth               -> min:30.39, max:52.79, avg:35.28 ms, sum:16.9706 s
08-13 10:27:11.330  1513  1784 I         : CalculateDepthStereo_CNN     -> min:15.40, max:28.58, avg:17.02 ms, sum:8.19036 s
08-13 10:27:11.330  1513  1784 I         : CalculateDepthToF_CNN        -> min:12.74, max:30.79, avg:16.47 ms, sum:7.92651 s
08-13 10:27:11.330  1513  1784 I         : CalculateDepthToF_ToFMask    -> min:0.045, max:0.254, avg:0.066 ms, sum:0.03182 s
08-13 10:27:11.330  1513  1784 I         : CallbackBlockUpdateEvent     -> min:2.831, max:9.156, avg:4.822 ms, sum:0.77644 s
08-13 10:27:11.330  1513  1784 I         : DetectFloor                  -> min:0.092, max:1.109, avg:0.236 ms, sum:0.02223 s
08-13 10:27:11.330  1513  1784 I         : DetectNearObj                -> min:0.004, max:1.645, avg:0.316 ms, sum:0.12899 s
08-13 10:27:11.330  1513  1784 I         : FilterDepth                  -> min:0.237, max:7.249, avg:1.258 ms, sum:0.60024 s
08-13 10:27:11.330  1513  1784 I         : InsertData                   -> min:5.354, max:16.54, avg:9.029 ms, sum:4.30724 s
08-13 10:27:11.330  1513  1784 I         : Rectification                -> min:1.357, max:3.991, avg:1.699 ms, sum:0.81763 s
08-13 10:27:11.330  1513  1784 I         : TrackingBBox                 -> min:0.005, max:0.173, avg:0.014 ms, sum:0.00683 s
08-13 10:27:11.330  1513  1784 I         : UpdateMesh                   -> min:2.554, max:34.58, avg:14.65 ms, sum:2.35957 s
08-13 10:27:11.330  1513  1784 I         : 
08-13 10:27:11.330  3537  3765 I FOO     : [SystemUX] onNearestObjectUpdate 0.538212
08-13 10:27:11.343  1513  1777 I         : 2.5.85: [ProcessVisualInertialOnce]: Send SLAM Img[148577357135],latest IMU[148572566950]
08-13 10:27:11.347  2610  2723 W DisplayConfig: vsync delay 2.365360(ms)
08-13 10:27:11.347  2610  2723 W DisplayConfig: vsync period is not stable, cur_prd_ns:0.000112(ms) abs_diff:13.888777(ms), current drr: 72.000000 target drr: 72.000000 ts_ns[144186.345000(ms)] state_ts_ns[144186.344888(ms)]
08-13 10:27:11.351  1513  1778 I         : SLAM_ALG::pipeline # TrackingOnce long frame: 8.539000,3.877000,4.662000,148572566950
08-13 10:27:11.354  1513  1783 I         : MeshRecon # [timing] IN GenerateDepthMatFromMesh: 0.020000, 0.000000, 0.043000, 1.530000
08-13 10:27:11.355  1513  1783 I         : MeshRecon # [timing] SceneDepthSystem_Process: 12.566001 = 0.373000 + 10.241000 + 0.218000 + 1.703000 + 0.031000
08-13 10:27:11.375  2610  2628 I LayerState: XR submitFrame:5800 [minV=1 curV=11103], client:3842, type:1 layer_count:4
08-13 10:27:11.376  1513  1777 I         : 2.5.85: [ProcessVisualInertialOnce]: Send SLAM Img[148610563645],latest IMU[148605899802]
08-13 10:27:11.380  4318  4679 D NetworkService: TotalRxSpeed : 124B/s  /  TotalTxSpeed : 59B/s
08-13 10:27:11.380  4318  4679 D NetworkService: SystemRxSpeed : 39B/s  /  SystemTxSpeed : 59B/s
08-13 10:27:11.381  1513  1778 I         : SLAM_ALG::pipeline # TrackingOnce long frame: 4.743000,0.982000,3.761000,148605899802
08-13 10:27:11.382  1513  1783 I         : MeshRecon # [timing] IN GenerateDepthMatFromMesh: 0.027000, 0.000000, 0.047000, 1.349000
08-13 10:27:11.383  1513  1783 I         : MeshRecon # [timing] SceneDepthSystem_Process: 6.625000 = 0.424000 + 4.516000 + 0.122000 + 1.478000 + 0.085000
08-13 10:27:11.409  1513  5085 I         : 2.5.85: [ProcessVisualInertialOnce]: Send SLAM Img[148643770468],latest IMU[148639232628]
08-13 10:27:11.413  1513  1778 I         : SLAM_ALG::pipeline # TrackingOnce long frame: 3.410000,1.060000,2.350000,148639232628
08-13 10:27:11.417  1513  1783 I         : MeshRecon # [timing] IN GenerateDepthMatFromMesh: 0.028000, 0.000000, 0.042000, 1.380000
08-13 10:27:11.417  1513  1783 I         : MeshRecon # [timing] SceneDepthSystem_Process: 7.545000 = 1.502000 + 4.352000 + 0.133000 + 1.518000 + 0.040000
08-13 10:27:11.444  1513  5085 I         : 2.5.85: [ProcessVisualInertialOnce]: Send SLAM Img[148677953541],latest IMU[148672565479]
08-13 10:27:11.451  1513  1783 I         : MeshRecon # [timing] IN GenerateDepthMatFromMesh: 0.016000, 0.000000, 0.037000, 1.432000
08-13 10:27:11.451  1513  1783 I         : MeshRecon # [timing] SceneDepthSystem_Process: 7.158000 = 1.041000 + 4.406000 + 0.102000 + 1.576000 + 0.033000
08-13 10:27:11.451  1513  1778 I         : SLAM_ALG::pipeline # TrackingOnce long frame: 5.718000,1.960000,3.758000,148672565479
08-13 10:27:11.468  1513  5085 D VSTCamera: frameid:3025, frameduration:13887448, delay:16230773, boottime:144292871202, exposure:3000000, gain:1600, cameraid:6
08-13 10:27:11.476  1513  1783 I         : 2.5.85: [WARNING] SceneDepthProcessOnce InterpolatePose failed! prePose ts 148705605957, nextPose ts 148705605957, avg_ts 148705898278
08-13 10:27:11.477  1513  1777 I         : 2.5.85: [ProcessVisualInertialOnce]: Send SLAM Img[148711160364],latest IMU[148705898292]
08-13 10:27:11.482  1513  5085 D VSTCamera: frameid:3025, frameduration:13887448, delay:16270616, boottime:144306759744, exposure:3000000, gain:1600, cameraid:7
08-13 10:27:11.483  1513  1778 I         : SLAM_ALG::pipeline # TrackingOnce long frame: 5.705000,1.038000,4.667000,148705898292
08-13 10:27:11.484  1513  1783 I         : MeshRecon # [timing] IN GenerateDepthMatFromMesh: 0.022000, 0.000000, 0.073000, 2.866000
08-13 10:27:11.484  1513  1783 I         : MeshRecon # [timing] SceneDepthSystem_Process: 8.609000 = 0.425000 + 4.981000 + 0.098000 + 3.027000 + 0.078000
08-13 10:27:11.510  1513  1777 I         : 2.5.85: [ProcessVisualInertialOnce]: Send SLAM Img[148744366927],latest IMU[148739231117]
08-13 10:27:11.515  1513  1784 I         : MeshRecon # [timing] SUM:47.349003, Prep:0.022000,Rect:1.616000,BBox:1.478000,Depth:33.966000,Filter:0.852000,Insert:9.415000,Update:0.000000,CB:0.000000,Floor:0.000000,Boundary:0.000000,NearObj:0.000000,Room1:0.000000,Room2:0.000000
08-13 10:27:11.515  1513  1784 I         : MeshRecon # DetectNearObj result: xyz (-0.250000, 0.250000, -0.486191), dist 0.533373
08-13 10:27:11.515  1513  1784 I         : MeshRecon # [timing] DetectNearObj: 0.011000 + 0.007000 + 0.186000 = 0.204000
08-13 10:27:11.515  3537  3765 I FOO     : [SystemUX] onNearestObjectUpdate 0.533373
08-13 10:27:11.516  1513  1778 I         : SLAM_ALG::pipeline # TrackingOnce long frame: 5.633000,0.974000,4.659000,148739231117
08-13 10:27:11.516  1513  1783 I         : MeshRecon # [timing] IN GenerateDepthMatFromMesh: 0.018000, 0.000000, 0.068000, 1.311000
08-13 10:27:11.516  1513  1783 I         : MeshRecon # [timing] SceneDepthSystem_Process: 7.116000 = 0.357000 + 5.169000 + 0.098000 + 1.423000 + 0.069000
08-13 10:27:11.534  1513  1784 I         : MeshRecon # FloorDetector fail since no enough valid point existed
08-13 10:27:11.534  1513  1784 I         : MeshRecon # [ERROR] floor detection failed! successful: 0 value: 999.000000 relative: -999.032837
08-13 10:27:11.534  1513  1784 W MeshTrackingModule: [Spatial] invalid floor level: 999.000000
08-13 10:27:11.534  1513  1784 I         : MeshRecon # [timing] DetectFloor: 0.079000 + 0.140000 + 0.139000 = 0.358000
08-13 10:27:11.543  1513  1777 I         : 2.5.85: [ProcessVisualInertialOnce]: Send SLAM Img[148777573750],latest IMU[148772563956]
08-13 10:27:11.547  1513  1778 I         : SLAM_ALG::pipeline # TrackingOnce long frame: 3.416000,0.958000,2.458000,148772563956
08-13 10:27:11.549  1513  1783 I         : MeshRecon # [timing] IN GenerateDepthMatFromMesh: 0.031000, 0.000000, 0.037000, 1.349000
08-13 10:27:11.549  1513  1783 I         : MeshRecon # [timing] SceneDepthSystem_Process: 6.547999 = 0.411000 + 4.492000 + 0.161000 + 1.451000 + 0.033000
08-13 10:27:11.576  1513  1777 I         : 2.5.85: [ProcessVisualInertialOnce]: Send SLAM Img[148810780312],latest IMU[148805896781]
08-13 10:27:11.581  1513  1778 I         : SLAM_ALG::pipeline # TrackingOnce long frame: 4.300000,0.926000,3.374000,148805896781
08-13 10:27:11.583  1513  1783 I         : MeshRecon # [timing] IN GenerateDepthMatFromMesh: 0.077000, 0.000000, 0.050000, 1.436000
08-13 10:27:11.583  1513  1783 I         : MeshRecon # [timing] SceneDepthSystem_Process: 7.013000 = 0.484000 + 4.727000 + 0.130000 + 1.634000 + 0.038000
08-13 10:27:11.598  3842  6171 I PerfStats.cpp: FPS=72.00/72, Prd=21.09ms, Early=72.00, Stale=0.00, Lat=-1, Fov=0, CPU/GPU=4/5, Free=7409MB, ATW=5.11ms, APP=3.64ms/1.93ms, GD=0.00, CPU%=0.40, GPU%=0.35,ColorSpace:6
08-13 10:27:11.610  1513  5085 I         : 2.5.85: [ProcessVisualInertialOnce]: Send SLAM Img[148843987083],latest IMU[148839229607]
08-13 10:27:11.615  1513  1778 I         : SLAM_ALG::pipeline # TrackingOnce long frame: 3.549000,1.014000,2.535000,148839229607
08-13 10:27:11.617  1513  1783 I         : MeshRecon # [timing] IN GenerateDepthMatFromMesh: 0.016000, 0.000000, 0.039000, 1.360000
08-13 10:27:11.617  1513  1783 I         : MeshRecon # [timing] SceneDepthSystem_Process: 7.213000 = 1.008000 + 4.565000 + 0.102000 + 1.495000 + 0.043000
08-13 10:27:11.643  1513  1777 I         : 2.5.85: [ProcessVisualInertialOnce]: Send SLAM Img[148877193645],latest IMU[148872562432]
08-13 10:27:11.643  2610  3053 I CompositorMonitor: fps:72.0, prd:21.1 ms, cpu:1.3 ms, gpu:3.8 ms, early:72.0, stale:0.0, max_stale:0.0, sw_mode:0, drr:72.0, lat_mode:-1
08-13 10:27:11.649  1513  1778 I         : SLAM_ALG::pipeline # TrackingOnce long frame: 6.370000,1.161000,5.209000,148872562432
08-13 10:27:11.651  1513  1783 I         : MeshRecon # [timing] IN GenerateDepthMatFromMesh: 0.020000, 0.000000, 0.038000, 1.378000
08-13 10:27:11.651  1513  1783 I         : MeshRecon # [timing] SceneDepthSystem_Process: 8.827000 = 0.517000 + 6.666000 + 0.101000 + 1.498000 + 0.045000
08-13 10:27:11.676  1513  5085 I         : 2.5.85: [ProcessVisualInertialOnce]: Send SLAM Img[148910400208],latest IMU[148905895284]
08-13 10:27:11.676  1513  1783 I         : 2.5.85: [WARNING] SceneDepthProcessOnce InterpolatePose failed! prePose ts 148905822623, nextPose ts 148905822623, avg_ts 148905895284
08-13 10:27:11.684  1513  1783 I         : MeshRecon # [timing] IN GenerateDepthMatFromMesh: 0.021000, 0.000000, 0.048000, 1.359000
08-13 10:27:11.684  1513  1783 I         : MeshRecon # [timing] SceneDepthSystem_Process: 7.788000 = 0.393000 + 5.749000 + 0.107000 + 1.497000 + 0.042000
08-13 10:27:11.684  1513  1778 I         : SLAM_ALG::pipeline # TrackingOnce long frame: 7.292000,1.367000,5.925000,148905895284
08-13 10:27:11.709  1513  1783 I         : 2.5.85: [WARNING] SceneDepthProcessOnce InterpolatePose failed! prePose ts 148939029186, nextPose ts 148939029186, avg_ts 148939228096
08-13 10:27:11.710  1513  1777 I         : 2.5.85: [ProcessVisualInertialOnce]: Send SLAM Img[148944583593],latest IMU[148939228096]
08-13 10:27:11.716  1513  1778 I         : SLAM_ALG::pipeline # TrackingOnce long frame: 5.380000,1.083000,4.297000,148939228096
08-13 10:27:11.717  1513  1783 I         : MeshRecon # [timing] IN GenerateDepthMatFromMesh: 0.020000, 0.000000, 0.061000, 1.414000
08-13 10:27:11.717  1513  1783 I         : MeshRecon # [timing] SceneDepthSystem_Process: 7.167000 = 0.404000 + 5.085000 + 0.109000 + 1.533000 + 0.036000
08-13 10:27:11.717  1513  1784 I         : MeshRecon # [timing] SUM:47.852001, Prep:0.006000,Rect:1.541000,BBox:1.062000,Depth:34.525002,Filter:1.225000,Insert:9.493000,Update:0.000000,CB:0.000000,Floor:0.000000,Boundary:0.000000,NearObj:0.000000,Room1:0.000000,Room2:0.000000
08-13 10:27:11.735  1513  1784 I         : MeshRecon # DetectNearObj result: xyz (-0.250000, 0.150000, -0.500354), dist 0.529824
08-13 10:27:11.735  1513  1784 I         : MeshRecon # [timing] DetectNearObj: 0.017000 + 0.007000 + 0.393000 = 0.417000
08-13 10:27:11.735  3537  3765 I FOO     : [SystemUX] onNearestObjectUpdate 0.529824
08-13 10:27:11.743  1513  1777 I         : 2.5.85: [ProcessVisualInertialOnce]: Send SLAM Img[148977790416],latest IMU[148972560909]
08-13 10:27:11.747  1513  1778 I         : SLAM_ALG::pipeline # TrackingOnce long frame: 3.590000,1.249000,2.341000,148972560909
08-13 10:27:11.750  1513  1783 I         : MeshRecon # [timing] IN GenerateDepthMatFromMesh: 0.023000, 0.000000, 0.040000, 1.324000
08-13 10:27:11.750  1513  1783 I         : MeshRecon # [timing] SceneDepthSystem_Process: 6.562000 = 0.381000 + 4.565000 + 0.116000 + 1.450000 + 0.050000
08-13 10:27:11.761  1513  6233 I         : SLAM_ALG: mapping UpdateAlignMapTransformInfo t_error: 0.002, r_error: 0.09
08-13 10:27:11.770  1513  6233 I         : SLAM_ALG: mapping Twb_cur_int in pipeline: 148905895284, -0.0529, 0.0042, 0.1023, 0.7421, 0.6410, -0.0707, -0.1829
08-13 10:27:11.770  1513  6233 I         : SLAM_ALG: mapping Twb_cur_ext in pipeline: 148905895284, -0.0571, 0.0289, 0.0503, 0.7409, 0.6416, -0.0689, -0.1861
08-13 10:27:11.770  1513  6233 I         : SLAM_ALG: mapping Merged Maps Num: 7
08-13 10:27:11.770  1513  6233 I         : SLAM_ALG: mapping ---- Map id: 0, frames num: 10, transform: 0 - 0, 0.0000, 0.0000, 0.0000, 0.0000, 0.0000, 0.0000, 1.0000
08-13 10:27:11.770  1513  6233 I         : SLAM_ALG: mapping ---- Map id: 22, frames num: 130, transform: 22 - 0, 0.0126, 0.0330, 0.0198, 0.0234, 0.0026, 0.0016, 0.9997
08-13 10:27:11.770  1513  6233 I         : SLAM_ALG: mapping ---- Map id: 24, frames num: 13, transform: 24 - 0, 0.0504, -0.0102, 0.0125, -0.2222, 0.0022, 0.0004, 0.9750
08-13 10:27:11.770  1513  6233 I         : SLAM_ALG: mapping ---- Map id: 46, frames num: 3, transform: 46 - 0, 0.0507, 0.0502, -0.0933, 0.0136, 0.0046, 0.0029, 0.9999
08-13 10:27:11.770  1513  6233 I         : SLAM_ALG: mapping ---- Map id: 47, frames num: 106, transform: 47 - 0, 0.0354, 0.1158, -0.1375, 0.0709, 0.0069, 0.0053, 0.9974
08-13 10:27:11.770  1513  6233 I         : SLAM_ALG: mapping ---- Map id: 48, frames num: 11, transform: 48 - 0, 0.0099, 0.0467, -0.0616, 0.0634, 0.0049, 0.0022, 0.9980
08-13 10:27:11.770  1513  6233 I         : SLAM_ALG: mapping ---- Map id: 49, frames num: 9, transform: 49 - 0, -0.0008, 0.0268, -0.0552, 0.0042, 0.0049, 0.0020, 1.0000
08-13 10:27:11.770  1513  6233 I         : SLAM_ALG: mapping Mapping Map 0, local anchors num: 0
08-13 10:27:11.771  1513  6233 I         : SLAM_ALG: mapping [MEMORY] kfs num: 282/282, nfs num: 0/0, cams num: 641/641, feats num: 43882/43882, meas num: 42808/42808, mpts num: 7946/7946
08-13 10:27:11.771  1513  6233 I         : SLAM_ALG: mapping [TIME] ProcessKeyFrame: 86.05, 52.91, 13.69, 6.26, 3.24, 0.00, 0.11, 9.84, 148905895284
08-13 10:27:11.775  1513  1783 I         : 2.5.85: [WARNING] SceneDepthProcessOnce InterpolatePose failed! prePose ts 149005442571, nextPose ts 149005442571, avg_ts 149005893772
08-13 10:27:11.777  1513  1777 I         : 2.5.85: [ProcessVisualInertialOnce]: Send SLAM Img[149010996979],latest IMU[149005893773]
08-13 10:27:11.782  1513  1778 I         : SLAM_ALG::pipeline # TrackingOnce long frame: 5.203000,1.614000,3.589000,149005893773
08-13 10:27:11.782  1513  1783 I         : MeshRecon # [timing] IN GenerateDepthMatFromMesh: 0.017000, 0.000000, 0.035000, 1.181000
08-13 10:27:11.782  1513  1783 I         : MeshRecon # [timing] SceneDepthSystem_Process: 6.491000 = 0.639000 + 4.419000 + 0.093000 + 1.289000 + 0.051000
08-13 10:27:11.809  1513  1777 I         : 2.5.85: [ProcessVisualInertialOnce]: Send SLAM Img[149044203802],latest IMU[149039226586]
08-13 10:27:11.813  1513  1778 I         : SLAM_ALG::pipeline # TrackingOnce long frame: 3.657000,0.802000,2.854000,149039226586
08-13 10:27:11.815  1513  1783 I         : MeshRecon # [timing] IN GenerateDepthMatFromMesh: 0.017000, 0.000000, 0.038000, 1.384000
08-13 10:27:11.815  1513  1783 I         : MeshRecon # [timing] SceneDepthSystem_Process: 6.359000 = 0.399000 + 4.325000 + 0.104000 + 1.496000 + 0.035000
08-13 10:27:11.843  1513  1777 I         : 2.5.85: [ProcessVisualInertialOnce]: Send SLAM Img[149077410364],latest IMU[149072559437]
08-13 10:27:11.849  1513  1783 I         : MeshRecon # [timing] IN GenerateDepthMatFromMesh: 0.017000, 0.000000, 0.034000, 1.166000
08-13 10:27:11.850  1513  1783 I         : MeshRecon # [timing] SceneDepthSystem_Process: 7.114000 = 0.405000 + 5.312000 + 0.099000 + 1.269000 + 0.029000
08-13 10:27:11.851  1513  1778 I         : SLAM_ALG::pipeline # TrackingOnce long frame: 7.453000,0.856000,6.597000,149072559437
08-13 10:27:11.876  1513  1777 I         : 2.5.85: [ProcessVisualInertialOnce]: Send SLAM Img[149110616927],latest IMU[149105892263]
08-13 10:27:11.880  1513  1778 I         : SLAM_ALG::pipeline # TrackingOnce long frame: 3.495000,0.966000,2.529000,149105892263
08-13 10:27:11.883  1513  1783 I         : MeshRecon # [timing] IN GenerateDepthMatFromMesh: 0.020000, 0.000000, 0.044000, 1.323000
08-13 10:27:11.883  1513  1783 I         : MeshRecon # [timing] SceneDepthSystem_Process: 7.156000 = 0.416000 + 5.155000 + 0.123000 + 1.429000 + 0.033000
08-13 10:27:11.909  1513  1777 I         : 2.5.85: [ProcessVisualInertialOnce]: Send SLAM Img[149143823750],latest IMU[149139225088]
08-13 10:27:11.915  1513  1778 I         : SLAM_ALG::pipeline # TrackingOnce long frame: 5.296000,1.314000,3.982000,149139225088
08-13 10:27:11.917  1513  1783 I         : MeshRecon # [timing] IN GenerateDepthMatFromMesh: 0.026000, 0.000000, 0.051000, 1.455000
08-13 10:27:11.917  1513  1783 I         : MeshRecon # [timing] SceneDepthSystem_Process: 7.334000 = 0.600000 + 4.891000 + 0.179000 + 1.600000 + 0.064000
08-13 10:27:11.924  1513  1784 E MeshTrackingModule: [Spatial] on block update, count: 30
08-13 10:27:11.927  1513  1784 I         : MeshRecon # Callback updated 30 blocks at map_id 47!
08-13 10:27:11.927  1513  1784 I         : MeshRecon # [timing] SUM:59.282993, Prep:0.010000,Rect:1.576000,BBox:1.227000,Depth:34.750999,Filter:0.801000,Insert:9.281000,Update:8.015000,CB:3.619000,Floor:0.001000,Boundary:0.000000,NearObj:0.001000,Room1:0.000000,Room2:0.001000
08-13 10:27:11.927  1513  1784 I         : MeshRecon # [cur update] chunk num: 30, vtx num: 708, idx num: 2538;  [max update] chunk num: 93, vtx num: 3943, idx num: 15324;  [all] chunk num: 83, vtx num: 2820, idx num: 10929
08-13 10:27:11.927  1513  1784 I         : CalculateBBox_QNN            -> min:0.934, max:4.669, avg:1.423 ms, sum:0.68913 s
08-13 10:27:11.927  1513  1784 I         : CalculateDepth               -> min:30.39, max:52.79, avg:35.27 ms, sum:17.0738 s
08-13 10:27:11.927  1513  1784 I         : CalculateDepthStereo_CNN     -> min:15.40, max:28.58, avg:17.02 ms, sum:8.24003 s
08-13 10:27:11.927  1513  1784 I         : CalculateDepthToF_CNN        -> min:12.74, max:30.79, avg:16.47 ms, sum:7.97631 s
08-13 10:27:11.927  1513  1784 I         : CalculateDepthToF_ToFMask    -> min:0.045, max:0.254, avg:0.066 ms, sum:0.03202 s
08-13 10:27:11.927  1513  1784 I         : CallbackBlockUpdateEvent     -> min:2.831, max:9.156, avg:4.815 ms, sum:0.78006 s
08-13 10:27:11.927  1513  1784 I         : DetectFloor                  -> min:0.092, max:1.109, avg:0.237 ms, sum:0.02259 s
08-13 10:27:11.927  1513  1784 I         : DetectNearObj                -> min:0.004, max:1.645, avg:0.316 ms, sum:0.12961 s
08-13 10:27:11.927  1513  1784 I         : FilterDepth                  -> min:0.237, max:7.249, avg:1.256 ms, sum:0.60313 s
08-13 10:27:11.927  1513  1784 I         : InsertData                   -> min:5.354, max:16.54, avg:9.032 ms, sum:4.33544 s
08-13 10:27:11.928  1513  1784 I         : Rectification                -> min:1.357, max:3.991, avg:1.699 ms, sum:0.82237 s
08-13 10:27:11.928  1513  1784 I         : TrackingBBox                 -> min:0.005, max:0.173, avg:0.014 ms, sum:0.00685 s
08-13 10:27:11.928  1513  1784 I         : UpdateMesh                   -> min:2.554, max:34.58, avg:14.61 ms, sum:2.36758 s
08-13 10:27:11.928  1513  1784 I         : 
08-13 10:27:11.943  1513  1777 I         : 2.5.85: [ProcessVisualInertialOnce]: Send SLAM Img[149178007083],latest IMU[149172557940]
08-13 10:27:11.948  1513  1778 I         : SLAM_ALG::pipeline # TrackingOnce long frame: 4.525000,1.963000,2.562000,149172557940
08-13 10:27:11.950  1513  1783 I         : MeshRecon # [timing] IN GenerateDepthMatFromMesh: 0.026000, 0.000000, 0.048000, 1.319000
08-13 10:27:11.950  1513  1783 I         : MeshRecon # [timing] SceneDepthSystem_Process: 6.979000 = 0.554000 + 4.726000 + 0.153000 + 1.490000 + 0.056000
08-13 10:27:11.967  1513  1784 I         : MeshRecon # DetectNearObj result: xyz (-0.250000, 0.150000, -0.500753), dist 0.513020
08-13 10:27:11.968  1513  1784 I         : MeshRecon # [timing] DetectNearObj: 0.019000 + 0.008000 + 0.896000 = 0.923000
08-13 10:27:11.968  3537  3765 I FOO     : [SystemUX] onNearestObjectUpdate 0.513020
08-13 10:27:11.976  1513  1777 I         : 2.5.85: [ProcessVisualInertialOnce]: Send SLAM Img[149211213645],latest IMU[149205890753]
08-13 10:27:11.981  1513  1778 I         : SLAM_ALG::pipeline # TrackingOnce long frame: 4.683000,0.827000,3.856000,149205890753
08-13 10:27:11.982  1513  1783 I         : MeshRecon # [timing] IN GenerateDepthMatFromMesh: 0.017000, 0.000000, 0.037000, 1.300000
08-13 10:27:11.982  1513  1783 I         : MeshRecon # [timing] SceneDepthSystem_Process: 6.133000 = 0.404000 + 4.196000 + 0.092000 + 1.401000 + 0.040000
08-13 10:27:12.010  1513  1777 I         : 2.5.85: [ProcessVisualInertialOnce]: Send SLAM Img[149244420260],latest IMU[149239223604]
08-13 10:27:12.017  1513  1778 I         : SLAM_ALG::pipeline # TrackingOnce long frame: 7.137000,1.179000,5.958000,149239223604
08-13 10:27:12.018  1513  1783 I         : MeshRecon # [timing] IN GenerateDepthMatFromMesh: 0.017000, 0.000000, 0.040000, 1.330000
08-13 10:27:12.018  1513  1783 I         : MeshRecon # [timing] SceneDepthSystem_Process: 8.243000 = 0.412000 + 6.243000 + 0.112000 + 1.426000 + 0.050000
08-13 10:27:12.043  1513  1777 I         : 2.5.85: [ProcessVisualInertialOnce]: Send SLAM Img[149277627083],latest IMU[149272556404]
08-13 10:27:12.049  1513  1778 I         : SLAM_ALG::pipeline # TrackingOnce long frame: 5.121000,0.904000,4.217000,149272556404
08-13 10:27:12.049  1513  1783 I         : MeshRecon # [timing] IN GenerateDepthMatFromMesh: 0.023000, 0.001000, 0.040000, 1.336000
08-13 10:27:12.049  1513  1783 I         : MeshRecon # [timing] SceneDepthSystem_Process: 6.384000 = 0.464000 + 4.278000 + 0.161000 + 1.438000 + 0.043000
08-13 10:27:12.076  1513  1777 I         : 2.5.85: [ProcessVisualInertialOnce]: Send SLAM Img[149310833645],latest IMU[149305889255]
08-13 10:27:12.080  1513  1778 I         : SLAM_ALG::pipeline # TrackingOnce long frame: 3.578000,0.882000,2.696000,149305889255
08-13 10:27:12.083  1513  1783 I         : MeshRecon # [timing] IN GenerateDepthMatFromMesh: 0.044000, 0.000000, 0.045000, 1.464000
08-13 10:27:12.084  1513  1783 I         : MeshRecon # [timing] SceneDepthSystem_Process: 7.407000 = 0.433000 + 5.119000 + 0.125000 + 1.649000 + 0.081000
08-13 10:27:12.110  1513  1777 I         : 2.5.85: [ProcessVisualInertialOnce]: Send SLAM Img[149344040260],latest IMU[149339222081]
08-13 10:27:12.116  1513  1778 I         : SLAM_ALG::pipeline # TrackingOnce long frame: 4.773000,1.163000,3.610000,149339222081
08-13 10:27:12.117  1513  1784 I         : MeshRecon # [timing] SUM:46.942001, Prep:0.007000,Rect:2.066000,BBox:1.238000,Depth:34.629002,Filter:0.541000,Insert:8.461000,Update:0.000000,CB:0.000000,Floor:0.000000,Boundary:0.000000,NearObj:0.000000,Room1:0.000000,Room2:0.000000
08-13 10:27:12.117  1513  1783 I         : MeshRecon # [timing] IN GenerateDepthMatFromMesh: 0.020000, 0.000000, 0.041000, 1.507000
08-13 10:27:12.117  1513  1783 I         : MeshRecon # [timing] SceneDepthSystem_Process: 7.380000 = 0.575000 + 5.027000 + 0.093000 + 1.636000 + 0.049000
08-13 10:27:12.143  1513  5085 I         : 2.5.85: [ProcessVisualInertialOnce]: Send SLAM Img[149377247083],latest IMU[149372554880]
08-13 10:27:12.144  2610  3053 E VSTDisplayManager: VST FPS:73
08-13 10:27:12.147  1513  1778 I         : SLAM_ALG::pipeline # TrackingOnce long frame: 3.751000,0.977000,2.774000,149372554880
08-13 10:27:12.149  1513  1783 I         : MeshRecon # [timing] IN GenerateDepthMatFromMesh: 0.017000, 0.000000, 0.041000, 1.505000
08-13 10:27:12.150  1513  1783 I         : MeshRecon # [timing] SceneDepthSystem_Process: 6.402000 = 0.421000 + 4.242000 + 0.091000 + 1.606000 + 0.042000
08-13 10:27:12.176  1513  5085 I         : 2.5.85: [ProcessVisualInertialOnce]: Send SLAM Img[149410453645],latest IMU[149405887732]
08-13 10:27:12.176  1513  1783 I         : 2.5.85: [WARNING] SceneDepthProcessOnce InterpolatePose failed! prePose ts 149405876061, nextPose ts 149405876061, avg_ts 149405887732
08-13 10:27:12.184  1513  1783 I         : MeshRecon # [timing] IN GenerateDepthMatFromMesh: 0.018000, 0.000000, 0.041000, 1.322000
08-13 10:27:12.184  1513  1783 I         : MeshRecon # [timing] SceneDepthSystem_Process: 8.356999 = 0.461000 + 6.325000 + 0.100000 + 1.441000 + 0.030000
08-13 10:27:12.185  1513  1778 I         : SLAM_ALG::pipeline # TrackingOnce long frame: 8.731000,1.710000,7.021000,149405887732
08-13 10:27:12.201  1513  1784 I         : MeshRecon # DetectNearObj result: xyz (-0.250000, 0.150000, -0.500753), dist 0.507918
08-13 10:27:12.201  1513  1784 I         : MeshRecon # [timing] DetectNearObj: 0.052000 + 0.012000 + 0.295000 = 0.359000
08-13 10:27:12.202  3537  3765 I FOO     : [SystemUX] onNearestObjectUpdate 0.507918
08-13 10:27:12.210  1513  1777 I         : 2.5.85: [ProcessVisualInertialOnce]: Send SLAM Img[149444637031],latest IMU[149439220544]
08-13 10:27:12.216  1513  1783 I         : MeshRecon # [timing] IN GenerateDepthMatFromMesh: 0.020000, 0.000000, 0.041000, 1.527000
08-13 10:27:12.216  1513  1783 I         : MeshRecon # [timing] SceneDepthSystem_Process: 6.770000 = 0.423000 + 4.542000 + 0.118000 + 1.648000 + 0.039000
08-13 10:27:12.216  1513  1778 I         : SLAM_ALG::pipeline # TrackingOnce long frame: 5.734000,0.818000,4.916000,149439220544
08-13 10:27:12.243  1513  1777 I         : 2.5.85: [ProcessVisualInertialOnce]: Send SLAM Img[149477843593],latest IMU[149472553396]
08-13 10:27:12.248  1513  1778 I         : SLAM_ALG::pipeline # TrackingOnce long frame: 4.474000,0.937000,3.537000,149472553396
08-13 10:27:12.250  1513  1783 I         : MeshRecon # [timing] IN GenerateDepthMatFromMesh: 0.027000, 0.000000, 0.047000, 1.645000
08-13 10:27:12.250  1513  1783 I         : MeshRecon # [timing] SceneDepthSystem_Process: 7.056000 = 0.413000 + 4.653000 + 0.112000 + 1.829000 + 0.049000
08-13 10:27:12.271  1513  6203 I VrlinkDataSource: timeSync.ts:149507179376, offset:6875
08-13 10:27:12.277  1513  1777 I         : 2.5.85: [ProcessVisualInertialOnce]: Send SLAM Img[149511050416],latest IMU[149505886221]
08-13 10:27:12.281  1513  1778 I         : SLAM_ALG::pipeline # TrackingOnce long frame: 4.185000,1.410000,2.775000,149505886221
08-13 10:27:12.283  1513  1783 I         : MeshRecon # [timing] IN GenerateDepthMatFromMesh: 0.017000, 0.000000, 0.036000, 1.374000
08-13 10:27:12.284  1513  1783 I         : MeshRecon # [timing] SceneDepthSystem_Process: 7.409999 = 0.528000 + 5.239000 + 0.097000 + 1.510000 + 0.036000
08-13 10:27:12.287  1513  6233 I         : SLAM_ALG: mapping UpdateAlignMapTransformInfo t_error: 0.002, r_error: 0.09
08-13 10:27:12.292  1513  6233 I         : SLAM_ALG: mapping Twb_cur_int in pipeline: 149439220544, -0.0735, -0.0445, 0.0964, 0.6330, 0.7162, -0.2862, -0.0668
08-13 10:27:12.292  1513  6233 I         : SLAM_ALG: mapping Twb_cur_ext in pipeline: 149439220544, -0.0777, -0.0197, 0.0453, 0.6319, 0.7179, -0.2838, -0.0696
08-13 10:27:12.292  1513  6233 I         : SLAM_ALG: mapping Merged Maps Num: 7
08-13 10:27:12.292  1513  6233 I         : SLAM_ALG: mapping ---- Map id: 0, frames num: 10, transform: 0 - 0, 0.0000, 0.0000, 0.0000, 0.0000, 0.0000, 0.0000, 1.0000
08-13 10:27:12.292  1513  6233 I         : SLAM_ALG: mapping ---- Map id: 22, frames num: 130, transform: 22 - 0, 0.0126, 0.0330, 0.0198, 0.0234, 0.0026, 0.0016, 0.9997
08-13 10:27:12.292  1513  6233 I         : SLAM_ALG: mapping ---- Map id: 24, frames num: 13, transform: 24 - 0, 0.0504, -0.0102, 0.0125, -0.2222, 0.0022, 0.0004, 0.9750
08-13 10:27:12.292  1513  6233 I         : SLAM_ALG: mapping ---- Map id: 46, frames num: 3, transform: 46 - 0, 0.0507, 0.0502, -0.0933, 0.0136, 0.0046, 0.0029, 0.9999
08-13 10:27:12.292  1513  6233 I         : SLAM_ALG: mapping ---- Map id: 47, frames num: 106, transform: 47 - 0, 0.0354, 0.1158, -0.1375, 0.0709, 0.0069, 0.0053, 0.9974
08-13 10:27:12.292  1513  6233 I         : SLAM_ALG: mapping ---- Map id: 48, frames num: 11, transform: 48 - 0, 0.0099, 0.0467, -0.0616, 0.0634, 0.0049, 0.0022, 0.9980
08-13 10:27:12.292  1513  6233 I         : SLAM_ALG: mapping ---- Map id: 49, frames num: 10, transform: 49 - 0, -0.0008, 0.0268, -0.0552, 0.0042, 0.0049, 0.0020, 1.0000
08-13 10:27:12.292  1513  6233 I         : SLAM_ALG: mapping Mapping Map 0, local anchors num: 0
08-13 10:27:12.293  1513  6233 I         : SLAM_ALG: mapping [MEMORY] kfs num: 283/283, nfs num: 0/0, cams num: 645/645, feats num: 43968/43968, meas num: 42890/42890, mpts num: 7946/7946
08-13 10:27:12.293  1513  6233 I         : SLAM_ALG: mapping [TIME] ProcessKeyFrame: 76.35, 47.62, 14.10, 5.40, 3.46, 0.00, 0.06, 5.71, 149439220544
08-13 10:27:12.310  1513  5085 I         : 2.5.85: [ProcessVisualInertialOnce]: Send SLAM Img[149544257031],latest IMU[149539219047]
08-13 10:27:12.315  1513  1778 I         : SLAM_ALG::pipeline # TrackingOnce long frame: 4.681000,1.161000,3.520000,149539219047
08-13 10:27:12.317  1513  1784 I         : MeshRecon # [timing] SUM:49.572998, Prep:0.005000,Rect:1.756000,BBox:1.494000,Depth:37.270000,Filter:0.877000,Insert:8.171000,Update:0.000000,CB:0.000000,Floor:0.000000,Boundary:0.000000,NearObj:0.000000,Room1:0.000000,Room2:0.000000
08-13 10:27:12.318  1513  1783 I         : MeshRecon # [timing] IN GenerateDepthMatFromMesh: 0.021000, 0.000000, 0.039000, 1.307000
08-13 10:27:12.318  1513  1783 I         : MeshRecon # [timing] SceneDepthSystem_Process: 8.123000 = 0.495000 + 6.026000 + 0.168000 + 1.404000 + 0.030000
08-13 10:27:12.343  1513  1777 I         : 2.5.85: [ProcessVisualInertialOnce]: Send SLAM Img[149577463593],latest IMU[149572551898]
08-13 10:27:12.349  1513  1778 I         : SLAM_ALG::pipeline # TrackingOnce long frame: 5.609000,1.261000,4.348000,149572551898
08-13 10:27:12.351  1513  1783 I         : MeshRecon # [timing] IN GenerateDepthMatFromMesh: 0.031000, 0.000000, 0.053000, 1.386000
08-13 10:27:12.351  1513  1783 I         : MeshRecon # [timing] SceneDepthSystem_Process: 8.358000 = 0.509000 + 6.090000 + 0.111000 + 1.599000 + 0.049000
08-13 10:27:12.376  1513  1777 I         : 2.5.85: [ProcessVisualInertialOnce]: Send SLAM Img[149610670468],latest IMU[149605884711]
08-13 10:27:12.382  1513  1783 I         : MeshRecon # [timing] IN GenerateDepthMatFromMesh: 0.022000, 0.000000, 0.036000, 1.186000
08-13 10:27:12.382  1513  1783 I         : MeshRecon # [timing] SceneDepthSystem_Process: 6.408000 = 0.502000 + 4.447000 + 0.119000 + 1.311000 + 0.029000
08-13 10:27:12.383  1513  1778 I         : SLAM_ALG::pipeline # TrackingOnce long frame: 6.630000,0.855000,5.775000,149605884711
08-13 10:27:12.409  1513  1777 I         : 2.5.85: [ProcessVisualInertialOnce]: Send SLAM Img[149643877031],latest IMU[149639217575]
08-13 10:27:12.413  1513  1778 I         : SLAM_ALG::pipeline # TrackingOnce long frame: 3.102000,0.850000,2.252000,149639217575
08-13 10:27:12.416  1513  1783 I         : MeshRecon # [timing] IN GenerateDepthMatFromMesh: 0.019000, 0.000000, 0.068000, 1.372000
08-13 10:27:12.416  1513  1783 I         : MeshRecon # [timing] SceneDepthSystem_Process: 6.389999 = 0.429000 + 4.278000 + 0.105000 + 1.529000 + 0.049000
08-13 10:27:12.434  1513  1784 I         : MeshRecon # DetectNearObj result: xyz (-0.250000, 0.150000, -0.500753), dist 0.510173
08-13 10:27:12.434  1513  1784 I         : MeshRecon # [timing] DetectNearObj: 0.015000 + 0.008000 + 0.218000 = 0.241000
08-13 10:27:12.434  3537  3765 I FOO     : [SystemUX] onNearestObjectUpdate 0.510173
08-13 10:27:12.443  1513  5085 I         : 2.5.85: [ProcessVisualInertialOnce]: Send SLAM Img[149678060416],latest IMU[149672550388]
08-13 10:27:12.443  1513  1783 I         : 2.5.85: [WARNING] SceneDepthProcessOnce InterpolatePose failed! prePose ts 149672506009, nextPose ts 149672506009, avg_ts 149672550388
08-13 10:27:12.449  1513  1778 I         : SLAM_ALG::pipeline # TrackingOnce long frame: 5.640000,2.219000,3.420000,149672550388
08-13 10:27:12.450  1513  1783 I         : MeshRecon # [timing] IN GenerateDepthMatFromMesh: 0.016000, 0.000000, 0.056000, 1.410000
08-13 10:27:12.450  1513  1783 I         : MeshRecon # [timing] SceneDepthSystem_Process: 7.171000 = 0.659000 + 4.809000 + 0.101000 + 1.553000 + 0.049000
08-13 10:27:12.477  1513  1777 I         : 2.5.85: [ProcessVisualInertialOnce]: Send SLAM Img[149711267031],latest IMU[149705883200]
08-13 10:27:12.480  1513  1778 I         : SLAM_ALG::pipeline # TrackingOnce long frame: 3.630000,0.896000,2.734000,149705883200
08-13 10:27:12.483  1513  1783 I         : MeshRecon # [timing] IN GenerateDepthMatFromMesh: 0.023000, 0.000000, 0.041000, 1.330000
08-13 10:27:12.483  1513  1783 I         : MeshRecon # [timing] SceneDepthSystem_Process: 7.151999 = 0.420000 + 5.108000 + 0.107000 + 1.468000 + 0.049000
08-13 10:27:12.509  1513  1783 I         : 2.5.85: [WARNING] SceneDepthProcessOnce InterpolatePose failed! prePose ts 149738919238, nextPose ts 149738919238, avg_ts 149739216038
08-13 10:27:12.510  1513  1777 I         : 2.5.85: [ProcessVisualInertialOnce]: Send SLAM Img[149744473593],latest IMU[149739216052]
08-13 10:27:12.517  1513  1778 I         : SLAM_ALG::pipeline # TrackingOnce long frame: 6.036000,1.240000,4.796000,149739216052
08-13 10:27:12.518  1513  1783 I         : MeshRecon # [timing] IN GenerateDepthMatFromMesh: 0.020000, 0.000000, 0.041000, 1.322000
08-13 10:27:12.518  1513  1783 I         : MeshRecon # [timing] SceneDepthSystem_Process: 8.513000 = 0.440000 + 6.488000 + 0.108000 + 1.436000 + 0.041000
08-13 10:27:12.520  1513  1784 E MeshTrackingModule: [Spatial] on block update, count: 19
08-13 10:27:12.524  1513  1784 I         : MeshRecon # Callback updated 19 blocks at map_id 47!
08-13 10:27:12.524  1513  1784 I         : MeshRecon # [timing] SUM:56.271996, Prep:0.005000,Rect:1.628000,BBox:1.612000,Depth:36.181000,Filter:0.703000,Insert:8.311000,Update:4.203000,CB:3.628000,Floor:0.001000,Boundary:0.000000,NearObj:0.000000,Room1:0.000000,Room2:0.000000
08-13 10:27:12.524  1513  1784 I         : MeshRecon # [cur update] chunk num: 19, vtx num: 396, idx num: 1293;  [max update] chunk num: 93, vtx num: 3943, idx num: 15324;  [all] chunk num: 83, vtx num: 2865, idx num: 11088
08-13 10:27:12.524  1513  1784 I         : CalculateBBox_QNN            -> min:0.934, max:4.669, avg:1.423 ms, sum:0.69347 s
08-13 10:27:12.524  1513  1784 I         : CalculateDepth               -> min:30.39, max:52.79, avg:35.28 ms, sum:17.1819 s
08-13 10:27:12.524  1513  1784 I         : CalculateDepthStereo_CNN     -> min:15.40, max:28.58, avg:17.02 ms, sum:8.29274 s
08-13 10:27:12.524  1513  1784 I         : CalculateDepthToF_CNN        -> min:12.74, max:30.79, avg:16.48 ms, sum:8.02583 s
08-13 10:27:12.524  1513  1784 I         : CalculateDepthToF_ToFMask    -> min:0.045, max:0.254, avg:0.066 ms, sum:0.03219 s
08-13 10:27:12.524  1513  1784 I         : CallbackBlockUpdateEvent     -> min:2.831, max:9.156, avg:4.807 ms, sum:0.78369 s
08-13 10:27:12.524  1513  1784 I         : DetectFloor                  -> min:0.092, max:1.109, avg:0.237 ms, sum:0.02259 s
08-13 10:27:12.524  1513  1784 I         : DetectNearObj                -> min:0.004, max:1.645, avg:0.318 ms, sum:0.13114 s
08-13 10:27:12.524  1513  1784 I         : FilterDepth                  -> min:0.237, max:7.249, avg:1.253 ms, sum:0.60525 s
08-13 10:27:12.524  1513  1784 I         : InsertData                   -> min:5.354, max:16.54, avg:9.027 ms, sum:4.36040 s
08-13 10:27:12.524  1513  1784 I         : Rectification                -> min:1.357, max:3.991, avg:1.699 ms, sum:0.82783 s
08-13 10:27:12.524  1513  1784 I         : TrackingBBox                 -> min:0.005, max:0.173, avg:0.014 ms, sum:0.00688 s
08-13 10:27:12.524  1513  1784 I         : UpdateMesh                   -> min:2.554, max:34.58, avg:14.55 ms, sum:2.37179 s
08-13 10:27:12.524  1513  1784 I         : 
08-13 10:27:12.543  1513  5085 I         : 2.5.85: [ProcessVisualInertialOnce]: Send SLAM Img[149777680468],latest IMU[149772548851]
08-13 10:27:12.549  1513  1778 I         : SLAM_ALG::pipeline # TrackingOnce long frame: 5.401000,0.890000,4.511000,149772548851
08-13 10:27:12.551  1513  1783 I         : MeshRecon # [timing] IN GenerateDepthMatFromMesh: 0.017000, 0.000000, 0.039000, 1.334000
08-13 10:27:12.551  1513  1783 I         : MeshRecon # [timing] SceneDepthSystem_Process: 7.472000 = 1.353000 + 4.473000 + 0.128000 + 1.475000 + 0.043000
08-13 10:27:12.568  1513  1784 I         : MeshRecon # FloorDetector fail since no enough valid point existed
08-13 10:27:12.568  1513  1784 I         : MeshRecon # [ERROR] floor detection failed! successful: 0 value: 999.000000 relative: -999.070984
08-13 10:27:12.568  1513  1784 W MeshTrackingModule: [Spatial] invalid floor level: 999.000000
08-13 10:27:12.568  1513  1784 I         : MeshRecon # [timing] DetectFloor: 0.030000 + 0.192000 + 0.180000 = 0.402000
08-13 10:27:12.570  1513  5085 D ETMultiCamera: frameid:3751, frameduration:11164271, delay:2738886, boottime:145408715172, exposure:975000, gain:98, cameraid:8
08-13 10:27:12.570  1513  5085 D ETMultiCamera: frameid:3751, frameduration:11164271, delay:2922062, boottime:145408723141, exposure:975000, gain:98, cameraid:9
08-13 10:27:12.576  1513  1777 I         : 2.5.85: [ProcessVisualInertialOnce]: Send SLAM Img[149810887031],latest IMU[149805881703]
08-13 10:27:12.581  1513  1778 I         : SLAM_ALG::pipeline # TrackingOnce long frame: 4.624000,0.904000,3.720000,149805881703
08-13 10:27:12.583  1513  1783 I         : MeshRecon # [timing] IN GenerateDepthMatFromMesh: 0.172000, 0.000000, 0.221000, 1.797000
08-13 10:27:12.583  1513  1783 I         : MeshRecon # [timing] SceneDepthSystem_Process: 7.335000 = 0.475000 + 4.427000 + 0.132000 + 2.254000 + 0.047000
08-13 10:27:12.599  3842  6171 I PerfStats.cpp: FPS=72.00/72, Prd=21.09ms, Early=72.00, Stale=0.00, Lat=-1, Fov=0, CPU/GPU=4/5, Free=7409MB, ATW=5.12ms, APP=3.59ms/1.73ms, GD=0.00, CPU%=0.40, GPU%=0.35,ColorSpace:6
08-13 10:27:12.610  1513  5085 I         : 2.5.85: [ProcessVisualInertialOnce]: Send SLAM Img[149844093645],latest IMU[149839214529]
08-13 10:27:12.614  1513  1778 I         : SLAM_ALG::pipeline # TrackingOnce long frame: 3.281000,1.027000,2.254000,149839214529
08-13 10:27:12.616  1513  1783 I         : MeshRecon # [timing] IN GenerateDepthMatFromMesh: 0.018000, 0.000000, 0.049000, 1.148000
08-13 10:27:12.617  1513  1783 I         : MeshRecon # [timing] SceneDepthSystem_Process: 6.804000 = 0.741000 + 4.617000 + 0.095000 + 1.304000 + 0.047000
08-13 10:27:12.643  1513  1777 I         : 2.5.85: [ProcessVisualInertialOnce]: Send SLAM Img[149877300260],latest IMU[149872547367]
08-13 10:27:12.643  2610  3053 I CompositorMonitor: fps:72.0, prd:20.8 ms, cpu:1.3 ms, gpu:3.8 ms, early:72.0, stale:0.0, max_stale:0.0, sw_mode:0, drr:72.0, lat_mode:-1
08-13 10:27:12.647  1513  1778 I         : SLAM_ALG::pipeline # TrackingOnce long frame: 4.397000,0.806000,3.591000,149872547367
08-13 10:27:12.649  1513  1783 I         : MeshRecon # [timing] IN GenerateDepthMatFromMesh: 0.019000, 0.000000, 0.040000, 1.559000
08-13 10:27:12.649  1513  1783 I         : MeshRecon # [timing] SceneDepthSystem_Process: 6.445000 = 0.443000 + 4.192000 + 0.106000 + 1.673000 + 0.031000
08-13 10:27:12.676  1513  1777 I         : 2.5.85: [ProcessVisualInertialOnce]: Send SLAM Img[149910507083],latest IMU[149905880193]
08-13 10:27:12.681  1513  1778 I         : SLAM_ALG::pipeline # TrackingOnce long frame: 4.944000,1.066000,3.878000,149905880193
08-13 10:27:12.683  1513  1783 I         : MeshRecon # [timing] IN GenerateDepthMatFromMesh: 0.043000, 0.000000, 0.043000, 1.287000
08-13 10:27:12.683  1513  1783 I         : MeshRecon # [timing] SceneDepthSystem_Process: 7.279000 = 0.403000 + 5.265000 + 0.150000 + 1.422000 + 0.039000
08-13 10:27:12.712  1513  5085 I         : 2.5.85: [ProcessVisualInertialOnce]: Send SLAM Img[149945667031],latest IMU[149939213018]
08-13 10:27:12.715  2610  3053 I VstCameraDeviceImpl: calculatePhase, fn:3115 (60 : 85), delay:8924551
08-13 10:27:12.718  1513  1783 I         : MeshRecon # [timing] IN GenerateDepthMatFromMesh: 0.023000, 0.000000, 0.036000, 1.186000
08-13 10:27:12.718  1513  1783 I         : MeshRecon # [timing] SceneDepthSystem_Process: 6.450000 = 0.563000 + 4.433000 + 0.108000 + 1.318000 + 0.028000
08-13 10:27:12.720  1513  1778 I         : SLAM_ALG::pipeline # TrackingOnce long frame: 7.518000,0.861000,6.657000,149939213018
08-13 10:27:12.722  1513  1784 I         : MeshRecon # DetectNearObj result: xyz (-0.250000, 0.150000, -0.501528), dist 0.516041
08-13 10:27:12.722  1513  1784 I         : MeshRecon # [timing] DetectNearObj: 0.038000 + 0.020000 + 0.373000 = 0.431000
08-13 10:27:12.722  1513  1784 I         : MeshRecon # [timing] SUM:53.900002, Prep:0.005000,Rect:1.602000,BBox:1.227000,Depth:40.498001,Filter:1.642000,Insert:8.441000,Update:0.000000,CB:0.000000,Floor:0.000000,Boundary:0.000000,NearObj:0.485000,Room1:0.000000,Room2:0.000000
08-13 10:27:12.722  3537  3765 I FOO     : [SystemUX] onNearestObjectUpdate 0.516041
08-13 10:27:12.723  4283  4423 D PerformanceService: printCpuStat -- CPU%= [0.40, 0.47, 0.53, 0.43, 0.37, 0.29, 0.28]
08-13 10:27:12.742  1513  1783 I         : 2.5.85: [WARNING] SceneDepthProcessOnce InterpolatePose failed! prePose ts 149972342676, nextPose ts 149972342676, avg_ts 149972545856
08-13 10:27:12.743  1513  1777 I         : 2.5.85: [ProcessVisualInertialOnce]: Send SLAM Img[149977897083],latest IMU[149972545857]
08-13 10:27:12.751  1513  1783 I         : MeshRecon # [timing] IN GenerateDepthMatFromMesh: 0.037000, 0.000000, 0.061000, 2.286000
08-13 10:27:12.751  1513  1783 I         : MeshRecon # [timing] SceneDepthSystem_Process: 8.383999 = 0.430000 + 5.279000 + 0.115000 + 2.501000 + 0.059000
08-13 10:27:12.751  1513  1778 I         : SLAM_ALG::pipeline # TrackingOnce long frame: 7.593000,0.984000,6.609000,149972545857
08-13 10:27:12.763  2610  2628 I LayerState: XR submitFrame:5900 [minV=1 curV=11203], client:3842, type:1 layer_count:4
08-13 10:27:12.776  1513  1783 I         : 2.5.85: [WARNING] SceneDepthProcessOnce InterpolatePose failed! prePose ts 150005549290, nextPose ts 150005549290, avg_ts 150005878668
08-13 10:27:12.777  1513  1777 I         : 2.5.85: [ProcessVisualInertialOnce]: Send SLAM Img[150011103697],latest IMU[150005878669]
08-13 10:27:12.782  1513  1778 I         : SLAM_ALG::pipeline # TrackingOnce long frame: 4.935000,1.337000,3.598000,150005878669
08-13 10:27:12.783  1513  1783 I         : MeshRecon # [timing] IN GenerateDepthMatFromMesh: 0.018000, 0.000000, 0.038000, 1.738000
