08-13 10:27:21.116  1513  1778 I         : SLAM_ALG::pipeline # TrackingOnce long frame: 4.526000,1.054000,3.472000,158339086013
08-13 10:27:21.117  1513  1784 I         : MeshRecon # DetectNearObj result: xyz (-0.250000, 0.150000, -0.501423), dist 0.495906
08-13 10:27:21.117  1513  1784 I         : MeshRecon # [timing] DetectNearObj: 0.022000 + 0.012000 + 0.299000 = 0.333000
08-13 10:27:21.117  3537  3765 I FOO     : [SystemUX] onNearestObjectUpdate 0.495906
08-13 10:27:21.117  1513  1784 I         : MeshRecon # [timing] SUM:48.064003, Prep:0.009000,Rect:2.077000,BBox:1.079000,Depth:34.803001,Filter:0.796000,Insert:8.925000,Update:0.000000,CB:0.000000,Floor:0.000000,Boundary:0.000000,NearObj:0.375000,Room1:0.000000,Room2:0.000000
08-13 10:27:21.117  1513  1783 I         : MeshRecon # [timing] IN GenerateDepthMatFromMesh: 0.018000, 0.000000, 0.033000, 1.300000
08-13 10:27:21.117  1513  1783 I         : MeshRecon # [timing] SceneDepthSystem_Process: 7.230999 = 0.968000 + 4.687000 + 0.112000 + 1.382000 + 0.082000
08-13 10:27:21.143  1513  5085 I         : 2.5.85: [ProcessVisualInertialOnce]: Send SLAM Img[158377230260],latest IMU[158372418825]
08-13 10:27:21.147  1513  1778 I         : SLAM_ALG::pipeline # TrackingOnce long frame: 3.952000,1.317000,2.635000,158372418825
08-13 10:27:21.150  1513  1783 I         : MeshRecon # [timing] IN GenerateDepthMatFromMesh: 0.020000, 0.000000, 0.037000, 1.362000
08-13 10:27:21.150  1513  1783 I         : MeshRecon # [timing] SceneDepthSystem_Process: 6.539999 = 0.384000 + 4.514000 + 0.133000 + 1.468000 + 0.041000
08-13 10:27:21.173     5     5 I sd 0    : 0:0:0: [sda] Synchronizing SCSI cache
08-13 10:27:21.176  1513  1777 I         : 2.5.85: [ProcessVisualInertialOnce]: Send SLAM Img[158410436979],latest IMU[158405751690]
08-13 10:27:21.184  1513  1778 I         : SLAM_ALG::pipeline # TrackingOnce long frame: 7.366000,2.011000,5.354000,158405751690
08-13 10:27:21.184  1513  1783 I         : MeshRecon # [timing] IN GenerateDepthMatFromMesh: 0.030000, 0.000000, 0.041000, 1.319000
08-13 10:27:21.184  1513  1783 I         : MeshRecon # [timing] SceneDepthSystem_Process: 8.271000 = 0.435000 + 6.266000 + 0.112000 + 1.416000 + 0.042000
08-13 10:27:21.208  1513  5085 D TrackingMultiCamera: frameid:3025, frameduration:16667396, delay:6988287, boottime:154042838528, exposure:3541000, gain:52, cameraid:1
08-13 10:27:21.209  1513  5085 D TrackingMultiCamera: frameid:3025, frameduration:16667448, delay:7208547, boottime:154042838528, exposure:3541000, gain:52, cameraid:3
08-13 10:27:21.209  1513  5085 D TrackingMultiCamera: frameid:3025, frameduration:16667396, delay:7771724, boottime:154042838528, exposure:3541000, gain:52, cameraid:0
08-13 10:27:21.209  1513  5085 I         : 2.5.85: [ProcessVisualInertialOnce]: Send SLAM Img[158443643645],latest IMU[158439084503]
08-13 10:27:21.210  1513  5085 D TrackingMultiCamera: frameid:3025, frameduration:16667396, delay:7907610, boottime:154042838528, exposure:3541000, gain:52, cameraid:2
08-13 10:27:21.214  1513  1778 I         : SLAM_ALG::pipeline # TrackingOnce long frame: 3.596000,1.053000,2.543000,158439084503
08-13 10:27:21.216  1513  1783 I         : MeshRecon # [timing] IN GenerateDepthMatFromMesh: 0.020000, 0.000000, 0.066000, 1.300000
08-13 10:27:21.216  1513  1783 I         : MeshRecon # [timing] SceneDepthSystem_Process: 6.617000 = 0.547000 + 4.456000 + 0.147000 + 1.424000 + 0.043000
08-13 10:27:21.227  2610  3053 E VSTDisplayManager: VST FPS:72
08-13 10:27:21.243  1513  1777 I         : 2.5.85: [ProcessVisualInertialOnce]: Send SLAM Img[158477826875],latest IMU[158472417341]
08-13 10:27:21.249  1513  1783 I         : MeshRecon # [timing] IN GenerateDepthMatFromMesh: 0.033000, 0.000000, 0.054000, 1.556000
08-13 10:27:21.250  1513  1783 I         : MeshRecon # [timing] SceneDepthSystem_Process: 6.819000 = 0.447000 + 4.347000 + 0.180000 + 1.751000 + 0.094000
08-13 10:27:21.250  1513  1778 I         : SLAM_ALG::pipeline # TrackingOnce long frame: 6.419000,0.839000,5.580000,158472417341
08-13 10:27:21.275  1513  5085 D TrackingAuxMultiCamera: frameid:3025, frameduration:16667396, delay:7128860, boottime:154109504205, exposure:3541000, gain:52, cameraid:5
08-13 10:27:21.276  1513  5085 D TrackingAuxMultiCamera: frameid:3025, frameduration:16667396, delay:7464172, boottime:154109504153, exposure:3541000, gain:52, cameraid:4
08-13 10:27:21.277  1513  1777 I         : 2.5.85: [ProcessVisualInertialOnce]: Send SLAM Img[158511033593],latest IMU[158505750154]
08-13 10:27:21.284  1513  1778 I         : SLAM_ALG::pipeline # TrackingOnce long frame: 6.219000,1.725000,4.493000,158505750154
08-13 10:27:21.284  1513  1783 I         : MeshRecon # [timing] IN GenerateDepthMatFromMesh: 0.018000, 0.000000, 0.068000, 1.369000
08-13 10:27:21.284  1513  1783 I         : MeshRecon # [timing] SceneDepthSystem_Process: 7.786000 = 0.797000 + 5.337000 + 0.105000 + 1.514000 + 0.033000
08-13 10:27:21.310  1513  1777 I         : 2.5.85: [ProcessVisualInertialOnce]: Send SLAM Img[158544240260],latest IMU[158539082992]
08-13 10:27:21.315  1513  1783 I         : MeshRecon # [timing] IN GenerateDepthMatFromMesh: 0.036000, 0.000000, 0.035000, 1.310000
08-13 10:27:21.316  1513  1783 I         : MeshRecon # [timing] SceneDepthSystem_Process: 6.556000 = 0.361000 + 4.649000 + 0.088000 + 1.433000 + 0.025000
08-13 10:27:21.316  1513  1778 I         : SLAM_ALG::pipeline # TrackingOnce long frame: 5.837000,1.069000,4.768000,158539082992
08-13 10:27:21.316  1513  1784 I         : MeshRecon # [timing] SUM:48.298000, Prep:0.004000,Rect:1.435000,BBox:1.541000,Depth:36.167999,Filter:0.719000,Insert:8.431000,Update:0.000000,CB:0.000000,Floor:0.000000,Boundary:0.000000,NearObj:0.000000,Room1:0.000000,Room2:0.000000
08-13 10:27:21.316  1513  1784 I         : MeshRecon # DetectNearObj result: xyz (-0.250000, 0.150000, -0.501423), dist 0.495778
08-13 10:27:21.316  1513  1784 I         : MeshRecon # [timing] DetectNearObj: 0.014000 + 0.009000 + 0.201000 = 0.224000
08-13 10:27:21.317  3537  3765 I FOO     : [SystemUX] onNearestObjectUpdate 0.495778
08-13 10:27:21.343  1513  1777 I         : 2.5.85: [ProcessVisualInertialOnce]: Send SLAM Img[158577446979],latest IMU[158572415818]
08-13 10:27:21.349  2610  2723 W DisplayConfig: vsync delay 4.063002(ms)
08-13 10:27:21.349  2610  2723 W DisplayConfig: vsync period is not stable, cur_prd_ns:0.000112(ms) abs_diff:13.888777(ms), current drr: 72.000000 target drr: 72.000000 ts_ns[154186.346000(ms)] state_ts_ns[154186.345888(ms)]
08-13 10:27:21.352  1513  1778 I         : SLAM_ALG::pipeline # TrackingOnce long frame: 8.715000,3.508000,5.206000,158572415818
08-13 10:27:21.354  1513  1783 I         : MeshRecon # [timing] IN GenerateDepthMatFromMesh: 0.016000, 0.001000, 0.043000, 1.304000
08-13 10:27:21.354  1513  1783 I         : MeshRecon # [timing] SceneDepthSystem_Process: 11.682000 = 0.432000 + 9.707000 + 0.098000 + 1.416000 + 0.029000
08-13 10:27:21.354  2610  3053 I VstCameraDeviceImpl: calculatePhase, fn:3737 (60 : 80), delay:8769027
08-13 10:27:21.376  1513  5085 I         : 2.5.85: [ProcessVisualInertialOnce]: Send SLAM Img[158610653697],latest IMU[158605748630]
08-13 10:27:21.381  1513  1778 I         : SLAM_ALG::pipeline # TrackingOnce long frame: 4.385000,0.951000,3.434000,158605748630
08-13 10:27:21.383  1513  1783 I         : MeshRecon # [timing] IN GenerateDepthMatFromMesh: 0.022000, 0.000000, 0.059000, 1.362000
08-13 10:27:21.383  1513  1783 I         : MeshRecon # [timing] SceneDepthSystem_Process: 6.600000 = 0.549000 + 4.402000 + 0.115000 + 1.491000 + 0.043000
08-13 10:27:21.389  4318  4679 D NetworkService: TotalRxSpeed : 39B/s  /  TotalTxSpeed : 59B/s
08-13 10:27:21.389  4318  4679 D NetworkService: SystemRxSpeed : 39B/s  /  SystemTxSpeed : 59B/s
08-13 10:27:21.409  1513  1777 I         : 2.5.85: [ProcessVisualInertialOnce]: Send SLAM Img[158643860416],latest IMU[158639081482]
08-13 10:27:21.413  1513  1778 I         : SLAM_ALG::pipeline # TrackingOnce long frame: 3.197000,0.800000,2.397000,158639081482
08-13 10:27:21.416  1513  1783 I         : MeshRecon # [timing] IN GenerateDepthMatFromMesh: 0.016000, 0.000000, 0.037000, 1.420000
08-13 10:27:21.416  1513  1783 I         : MeshRecon # [timing] SceneDepthSystem_Process: 6.776000 = 0.481000 + 4.541000 + 0.130000 + 1.558000 + 0.066000
08-13 10:27:21.445  1513  5085 I         : 2.5.85: [ProcessVisualInertialOnce]: Send SLAM Img[158678043645],latest IMU[158672414294]
08-13 10:27:21.452  1513  1783 I         : MeshRecon # [timing] IN GenerateDepthMatFromMesh: 0.018000, 0.001000, 0.038000, 1.271000
08-13 10:27:21.452  1513  1783 I         : MeshRecon # [timing] SceneDepthSystem_Process: 7.096000 = 0.759000 + 4.795000 + 0.118000 + 1.390000 + 0.034000
08-13 10:27:21.453  1513  1778 I         : SLAM_ALG::pipeline # TrackingOnce long frame: 7.681000,2.459000,5.221000,158672414294
08-13 10:27:21.475  1513  1783 I         : 2.5.85: [WARNING] SceneDepthProcessOnce InterpolatePose failed! prePose ts 158705695905, nextPose ts 158705695905, avg_ts 158705747158
08-13 10:27:21.476  1513  1777 I         : 2.5.85: [ProcessVisualInertialOnce]: Send SLAM Img[158710273802],latest IMU[158705747159]
08-13 10:27:21.480  1513  1778 I         : SLAM_ALG::pipeline # TrackingOnce long frame: 4.107000,1.281000,2.826000,158705747159
08-13 10:27:21.482  1513  1783 I         : MeshRecon # [timing] IN GenerateDepthMatFromMesh: 0.015000, 0.000000, 0.054000, 1.205000
08-13 10:27:21.482  1513  1783 I         : MeshRecon # [timing] SceneDepthSystem_Process: 6.795000 = 0.548000 + 4.805000 + 0.088000 + 1.323000 + 0.031000
08-13 10:27:21.509  1513  1783 I         : 2.5.85: [WARNING] SceneDepthProcessOnce InterpolatePose failed! prePose ts 158738902623, nextPose ts 158738902623, avg_ts 158739079944
08-13 10:27:21.510  1513  1777 I         : 2.5.85: [ProcessVisualInertialOnce]: Send SLAM Img[158744457031],latest IMU[158739079958]
08-13 10:27:21.516  1513  1778 I         : SLAM_ALG::pipeline # TrackingOnce long frame: 5.626000,0.995000,4.631000,158739079958
08-13 10:27:21.516  1513  1783 I         : MeshRecon # [timing] IN GenerateDepthMatFromMesh: 0.017000, 0.001000, 0.040000, 1.371000
08-13 10:27:21.517  1513  1783 I         : MeshRecon # [timing] SceneDepthSystem_Process: 7.949000 = 0.403000 + 5.932000 + 0.099000 + 1.472000 + 0.043000
08-13 10:27:21.519  1513  1784 E MeshTrackingModule: [Spatial] on block update, count: 14
08-13 10:27:21.523  1513  1784 I         : MeshRecon # Callback updated 14 blocks at map_id 47!
08-13 10:27:21.523  1513  1784 I         : MeshRecon # [timing] SUM:55.910995, Prep:0.005000,Rect:1.754000,BBox:1.685000,Depth:34.821999,Filter:0.683000,Insert:9.153000,Update:3.617000,CB:4.190000,Floor:0.001000,Boundary:0.000000,NearObj:0.001000,Room1:0.000000,Room2:0.000000
08-13 10:27:21.523  1513  1784 I         : MeshRecon # [cur update] chunk num: 14, vtx num: 367, idx num: 1215;  [max update] chunk num: 93, vtx num: 3943, idx num: 15324;  [all] chunk num: 84, vtx num: 2930, idx num: 11322
08-13 10:27:21.523  1513  1784 I         : CalculateBBox_QNN            -> min:0.934, max:4.669, avg:1.418 ms, sum:0.75472 s
08-13 10:27:21.523  1513  1784 I         : CalculateDepth               -> min:30.39, max:52.79, avg:35.31 ms, sum:18.7878 s
08-13 10:27:21.523  1513  1784 I         : CalculateDepthStereo_CNN     -> min:15.40, max:28.58, avg:17.03 ms, sum:9.06318 s
08-13 10:27:21.523  1513  1784 I         : CalculateDepthToF_CNN        -> min:12.74, max:30.79, avg:16.48 ms, sum:8.77245 s
08-13 10:27:21.523  1513  1784 I         : CalculateDepthToF_ToFMask    -> min:0.045, max:0.254, avg:0.065 ms, sum:0.03490 s
08-13 10:27:21.524  1513  1784 I         : CallbackBlockUpdateEvent     -> min:2.831, max:9.156, avg:4.742 ms, sum:0.84407 s
08-13 10:27:21.524  1513  1784 I         : DetectFloor                  -> min:0.092, max:1.109, avg:0.240 ms, sum:0.02498 s
08-13 10:27:21.524  1513  1784 I         : DetectNearObj                -> min:0.004, max:1.645, avg:0.325 ms, sum:0.14634 s
08-13 10:27:21.524  1513  1784 I         : FilterDepth                  -> min:0.237, max:7.249, avg:1.221 ms, sum:0.64509 s
08-13 10:27:21.524  1513  1784 I         : InsertData                   -> min:5.354, max:16.54, avg:8.974 ms, sum:4.73863 s
08-13 10:27:21.524  1513  1784 I         : Rectification                -> min:1.357, max:3.991, avg:1.697 ms, sum:0.90306 s
08-13 10:27:21.524  1513  1784 I         : TrackingBBox                 -> min:0.005, max:0.339, avg:0.014 ms, sum:0.00772 s
08-13 10:27:21.524  1513  1784 I         : UpdateMesh                   -> min:2.554, max:34.58, avg:13.74 ms, sum:2.44695 s
08-13 10:27:21.524  1513  1784 I         : 
08-13 10:27:21.534  1513  1784 I         : MeshRecon # DetectNearObj result: xyz (-0.250000, 0.150000, -0.501423), dist 0.495615
08-13 10:27:21.534  1513  1784 I         : MeshRecon # [timing] DetectNearObj: 0.023000 + 0.011000 + 0.369000 = 0.403000
08-13 10:27:21.534  3537  3765 I FOO     : [SystemUX] onNearestObjectUpdate 0.495615
08-13 10:27:21.543  1513  5085 I         : 2.5.85: [ProcessVisualInertialOnce]: Send SLAM Img[158777663750],latest IMU[158772412784]
08-13 10:27:21.546  1513  1778 I         : SLAM_ALG::pipeline # TrackingOnce long frame: 2.994000,0.920000,2.074000,158772412784
08-13 10:27:21.549  1513  1783 I         : MeshRecon # [timing] IN GenerateDepthMatFromMesh: 0.020000, 0.000000, 0.042000, 1.366000
08-13 10:27:21.549  1513  1783 I         : MeshRecon # [timing] SceneDepthSystem_Process: 6.487000 = 0.420000 + 4.337000 + 0.207000 + 1.487000 + 0.036000
08-13 10:27:21.551  1513  5085 D VSTCamera: frameid:3751, frameduration:13887448, delay:21508476, boottime:154370827557, exposure:8333333, gain:490, cameraid:6
08-13 10:27:21.565  1513  5085 D VSTCamera: frameid:3751, frameduration:13887447, delay:21476654, boottime:154384716098, exposure:8333333, gain:490, cameraid:7
08-13 10:27:21.576  1513  1777 I         : 2.5.85: [ProcessVisualInertialOnce]: Send SLAM Img[158810870468],latest IMU[158805745609]
08-13 10:27:21.581  1513  1778 I         : SLAM_ALG::pipeline # TrackingOnce long frame: 4.111000,0.843000,3.268000,158805745609
08-13 10:27:21.583  1513  1783 I         : MeshRecon # [timing] IN GenerateDepthMatFromMesh: 0.025000, 0.000000, 0.213000, 1.445000
08-13 10:27:21.583  1513  1783 I         : MeshRecon # [timing] SceneDepthSystem_Process: 7.042000 = 0.409000 + 4.757000 + 0.101000 + 1.738000 + 0.037000
08-13 10:27:21.611  1513  5085 I         : 2.5.85: [ProcessVisualInertialOnce]: Send SLAM Img[158845053697],latest IMU[158839078422]
08-13 10:27:21.619  1513  1778 I         : SLAM_ALG::pipeline # TrackingOnce long frame: 8.087000,3.199000,4.888000,158839078422
08-13 10:27:21.621  1513  1783 I         : MeshRecon # [timing] IN GenerateDepthMatFromMesh: 0.018000, 0.000000, 0.040000, 1.249000
08-13 10:27:21.621  1513  1783 I         : MeshRecon # [timing] SceneDepthSystem_Process: 10.385000 = 4.467000 + 4.285000 + 0.092000 + 1.508000 + 0.033000
08-13 10:27:21.643  1513  1777 I         : 2.5.85: [ProcessVisualInertialOnce]: Send SLAM Img[158877283645],latest IMU[158872411273]
08-13 10:27:21.648  1513  1778 I         : SLAM_ALG::pipeline # TrackingOnce long frame: 4.769000,0.848000,3.921000,158872411273
08-13 10:27:21.648  1513  1783 I         : MeshRecon # [timing] IN GenerateDepthMatFromMesh: 0.016000, 0.000000, 0.035000, 1.191000
08-13 10:27:21.648  1513  1783 I         : MeshRecon # [timing] SceneDepthSystem_Process: 6.216000 = 0.421000 + 4.379000 + 0.091000 + 1.293000 + 0.032000
08-13 10:27:21.676  1513  1777 I         : 2.5.85: [ProcessVisualInertialOnce]: Send SLAM Img[158910490364],latest IMU[158905744086]
08-13 10:27:21.682  1513  1778 I         : SLAM_ALG::pipeline # TrackingOnce long frame: 4.822000,0.894000,3.928000,158905744086
08-13 10:27:21.683  3842  6171 I PerfStats.cpp: FPS=72.00/72, Prd=21.06ms, Early=72.00, Stale=0.00, Lat=-1, Fov=0, CPU/GPU=4/5, Free=7389MB, ATW=5.13ms, APP=3.61ms/2.11ms, GD=0.00, CPU%=0.41, GPU%=0.35,ColorSpace:6
08-13 10:27:21.684  1513  1783 I         : MeshRecon # [timing] IN GenerateDepthMatFromMesh: 0.025000, 0.000000, 0.104000, 1.388000
08-13 10:27:21.684  1513  1783 I         : MeshRecon # [timing] SceneDepthSystem_Process: 8.453000 = 0.407000 + 6.320000 + 0.106000 + 1.562000 + 0.058000
08-13 10:27:21.685  2610  3053 I CompositorMonitor: fps:72.0, prd:21.2 ms, cpu:1.3 ms, gpu:3.8 ms, early:72.0, stale:0.0, max_stale:0.0, sw_mode:0, drr:72.0, lat_mode:-1
08-13 10:27:21.711  1513  5085 I         : 2.5.85: [ProcessVisualInertialOnce]: Send SLAM Img[158945650416],latest IMU[158939076937]
08-13 10:27:21.715  2610  3053 I VstCameraDeviceImpl: calculatePhase, fn:3763 (60 : 85), delay:8824808
08-13 10:27:21.716  1513  1778 I         : SLAM_ALG::pipeline # TrackingOnce long frame: 4.972000,1.461000,3.511000,158939076937
08-13 10:27:21.718  1513  1783 I         : MeshRecon # [timing] IN GenerateDepthMatFromMesh: 0.015000, 0.000000, 0.037000, 1.349000
08-13 10:27:21.718  1513  1783 I         : MeshRecon # [timing] SceneDepthSystem_Process: 6.578000 = 0.547000 + 4.350000 + 0.185000 + 1.435000 + 0.061000
08-13 10:27:21.722  1513  1784 I         : MeshRecon # [timing] SUM:53.475998, Prep:0.004000,Rect:1.522000,BBox:1.124000,Depth:40.251999,Filter:2.045000,Insert:8.529000,Update:0.000000,CB:0.000000,Floor:0.000000,Boundary:0.000000,NearObj:0.000000,Room1:0.000000,Room2:0.000000
08-13 10:27:21.742  1513  1783 I         : 2.5.85: [WARNING] SceneDepthProcessOnce InterpolatePose failed! prePose ts 158972325905, nextPose ts 158972325905, avg_ts 158972409762
08-13 10:27:21.744  1513  1777 I         : 2.5.85: [ProcessVisualInertialOnce]: Send SLAM Img[158977880312],latest IMU[158972409763]
08-13 10:27:21.748  1513  1778 I         : SLAM_ALG::pipeline # TrackingOnce long frame: 4.286000,0.952000,3.334000,158972409763
08-13 10:27:21.751  1513  1783 I         : MeshRecon # [timing] IN GenerateDepthMatFromMesh: 0.042000, 0.000000, 0.054000, 1.534000
08-13 10:27:21.751  1513  1783 I         : MeshRecon # [timing] SceneDepthSystem_Process: 8.637000 = 0.523000 + 6.232000 + 0.168000 + 1.685000 + 0.029000
08-13 10:27:21.767  1513  1784 I         : MeshRecon # DetectNearObj result: xyz (-0.250000, 0.150000, -0.501423), dist 0.495697
08-13 10:27:21.767  1513  1784 I         : MeshRecon # [timing] DetectNearObj: 0.014000 + 0.010000 + 0.236000 = 0.260000
08-13 10:27:21.767  3537  3765 I FOO     : [SystemUX] onNearestObjectUpdate 0.495697
08-13 10:27:21.777  1513  1777 I         : 2.5.85: [ProcessVisualInertialOnce]: Send SLAM Img[159011087031],latest IMU[159005742575]
08-13 10:27:21.783  1513  1783 I         : MeshRecon # [timing] IN GenerateDepthMatFromMesh: 0.020000, 0.000000, 0.041000, 1.364000
08-13 10:27:21.783  1513  1783 I         : MeshRecon # [timing] SceneDepthSystem_Process: 7.018000 = 0.599000 + 4.770000 + 0.100000 + 1.496000 + 0.053000
08-13 10:27:21.784  1513  1778 I         : SLAM_ALG::pipeline # TrackingOnce long frame: 7.130000,1.722000,5.407000,159005742575
08-13 10:27:21.810  1513  1777 I         : 2.5.85: [ProcessVisualInertialOnce]: Send SLAM Img[159044293750],latest IMU[159039075414]
08-13 10:27:21.815  1513  1783 I         : MeshRecon # [timing] IN GenerateDepthMatFromMesh: 0.016000, 0.000000, 0.035000, 1.431000
08-13 10:27:21.815  1513  1783 I         : MeshRecon # [timing] SceneDepthSystem_Process: 6.285000 = 0.426000 + 4.207000 + 0.094000 + 1.531000 + 0.027000
08-13 10:27:21.817  1513  1778 I         : SLAM_ALG::pipeline # TrackingOnce long frame: 6.765000,0.866000,5.899000,159039075414
08-13 10:27:21.843  1513  1777 I         : 2.5.85: [ProcessVisualInertialOnce]: Send SLAM Img[159077500468],latest IMU[159072408239]
08-13 10:27:21.850  1513  1778 I         : SLAM_ALG::pipeline # TrackingOnce long frame: 6.104000,1.499000,4.605000,159072408239
08-13 10:27:21.850  1513  1783 I         : MeshRecon # [timing] IN GenerateDepthMatFromMesh: 0.023000, 0.000000, 0.044000, 1.421000
08-13 10:27:21.850  1513  1783 I         : MeshRecon # [timing] SceneDepthSystem_Process: 7.539000 = 0.448000 + 5.389000 + 0.109000 + 1.545000 + 0.048000
08-13 10:27:21.877  1513  1777 I         : 2.5.85: [ProcessVisualInertialOnce]: Send SLAM Img[159110706927],latest IMU[159105741065]
08-13 10:27:21.880  1513  1778 I         : SLAM_ALG::pipeline # TrackingOnce long frame: 3.250000,1.010000,2.240000,159105741065
08-13 10:27:21.884  1513  1783 I         : MeshRecon # [timing] IN GenerateDepthMatFromMesh: 0.017000, 0.000000, 0.035000, 1.207000
08-13 10:27:21.884  1513  1783 I         : MeshRecon # [timing] SceneDepthSystem_Process: 7.340000 = 0.522000 + 5.391000 + 0.096000 + 1.303000 + 0.028000
08-13 10:27:21.910  1513  1777 I         : 2.5.85: [ProcessVisualInertialOnce]: Send SLAM Img[159143913645],latest IMU[159139073878]
08-13 10:27:21.914  1513  1778 I         : SLAM_ALG::pipeline # TrackingOnce long frame: 3.865000,0.804000,3.061000,159139073878
08-13 10:27:21.915  1513  1784 I         : MeshRecon # FloorDetector fail since no enough valid point existed
08-13 10:27:21.915  1513  1784 I         : MeshRecon # [ERROR] floor detection failed! successful: 0 value: 999.000000 relative: -999.062805
08-13 10:27:21.915  1513  1784 W MeshTrackingModule: [Spatial] invalid floor level: 999.000000
08-13 10:27:21.916  1513  1784 I         : MeshRecon # [timing] DetectFloor: 0.031000 + 0.305000 + 0.137000 = 0.473000
08-13 10:27:21.916  1513  1784 I         : MeshRecon # [timing] SUM:47.792000, Prep:0.006000,Rect:1.431000,BBox:1.413000,Depth:35.493000,Filter:0.626000,Insert:8.331000,Update:0.000000,CB:0.000000,Floor:0.491000,Boundary:0.000000,NearObj:0.001000,Room1:0.000000,Room2:0.000000
08-13 10:27:21.916  1513  1783 I         : MeshRecon # [timing] IN GenerateDepthMatFromMesh: 0.038000, 0.000000, 0.036000, 1.720000
08-13 10:27:21.916  1513  1783 I         : MeshRecon # [timing] SceneDepthSystem_Process: 7.418000 = 0.473000 + 4.943000 + 0.143000 + 1.829000 + 0.030000
08-13 10:27:21.943  1513  5085 I         : 2.5.85: [ProcessVisualInertialOnce]: Send SLAM Img[159177120364],latest IMU[159172406716]
08-13 10:27:21.948  1513  1778 I         : SLAM_ALG::pipeline # TrackingOnce long frame: 4.337000,1.839000,2.498000,159172406716
08-13 10:27:21.949  2610  3053 I VstCameraDeviceImpl: calculatePhase, fn:3780 (60 : 65), delay:6616058
08-13 10:27:21.950  1513  1783 I         : MeshRecon # [timing] IN GenerateDepthMatFromMesh: 0.024000, 0.000000, 0.038000, 1.281000
08-13 10:27:21.950  1513  1783 I         : MeshRecon # [timing] SceneDepthSystem_Process: 7.106000 = 0.686000 + 4.814000 + 0.120000 + 1.399000 + 0.087000
08-13 10:27:21.976  1513  5085 I         : 2.5.85: [ProcessVisualInertialOnce]: Send SLAM Img[159210327083],latest IMU[159205739555]
08-13 10:27:21.982  1513  1778 I         : SLAM_ALG::pipeline # TrackingOnce long frame: 5.637000,0.862000,4.775000,159205739555
08-13 10:27:21.983  1513  1783 I         : MeshRecon # [timing] IN GenerateDepthMatFromMesh: 0.016000, 0.000000, 0.038000, 2.055000
08-13 10:27:21.983  1513  1783 I         : MeshRecon # [timing] SceneDepthSystem_Process: 6.955000 = 0.458000 + 4.226000 + 0.099000 + 2.142000 + 0.030000
08-13 10:27:22.001  1513  1784 I         : MeshRecon # DetectNearObj result: xyz (-0.250000, 0.150000, -0.501423), dist 0.495664
08-13 10:27:22.001  1513  1784 I         : MeshRecon # [timing] DetectNearObj: 0.016000 + 0.009000 + 0.250000 = 0.275000
08-13 10:27:22.001  3537  3765 I FOO     : [SystemUX] onNearestObjectUpdate 0.495664
08-13 10:27:22.010  1513  1777 I         : 2.5.85: [ProcessVisualInertialOnce]: Send SLAM Img[159244510364],latest IMU[159239072367]
08-13 10:27:22.016  1513  1778 I         : SLAM_ALG::pipeline # TrackingOnce long frame: 5.730000,1.602000,4.128000,159239072367
08-13 10:27:22.017  1513  1783 I         : MeshRecon # [timing] IN GenerateDepthMatFromMesh: 0.046000, 0.000000, 0.043000, 1.223000
08-13 10:27:22.017  1513  1783 I         : MeshRecon # [timing] SceneDepthSystem_Process: 7.354000 = 0.417000 + 5.256000 + 0.292000 + 1.357000 + 0.032000
08-13 10:27:22.026  1513  5085 D ETMultiCamera: frameid:4598, frameduration:11164271, delay:2839507, boottime:154864852568, exposure:975000, gain:98, cameraid:8
08-13 10:27:22.027  1513  5085 D ETMultiCamera: frameid:4598, frameduration:11164219, delay:3109975, boottime:154864860537, exposure:975000, gain:98, cameraid:9
08-13 10:27:22.043  1513  5085 I         : 2.5.85: [ProcessVisualInertialOnce]: Send SLAM Img[159277717083],latest IMU[159272405219]
08-13 10:27:22.048  1513  1778 I         : SLAM_ALG::pipeline # TrackingOnce long frame: 4.839000,0.984000,3.855000,159272405219
08-13 10:27:22.049  1513  1783 I         : MeshRecon # [timing] IN GenerateDepthMatFromMesh: 0.019000, 0.000000, 0.039000, 1.457000
08-13 10:27:22.050  1513  1783 I         : MeshRecon # [timing] SceneDepthSystem_Process: 6.583000 = 0.541000 + 4.351000 + 0.105000 + 1.554000 + 0.032000
08-13 10:27:22.076  1513  1777 I         : 2.5.85: [ProcessVisualInertialOnce]: Send SLAM Img[159310923541],latest IMU[159305738031]
08-13 10:27:22.080  1513  1778 I         : SLAM_ALG::pipeline # TrackingOnce long frame: 2.978000,0.843000,2.135000,159305738031
08-13 10:27:22.083  1513  1783 I         : MeshRecon # [timing] IN GenerateDepthMatFromMesh: 0.020000, 0.000000, 0.039000, 1.610000
08-13 10:27:22.083  1513  1783 I         : MeshRecon # [timing] SceneDepthSystem_Process: 7.116000 = 0.475000 + 4.717000 + 0.093000 + 1.744000 + 0.087000
08-13 10:27:22.110  1513  5085 I         : 2.5.85: [ProcessVisualInertialOnce]: Send SLAM Img[159344130260],latest IMU[159339070870]
08-13 10:27:22.116  1513  1778 I         : SLAM_ALG::pipeline # TrackingOnce long frame: 5.456000,1.894000,3.562000,159339070870
08-13 10:27:22.117  1513  1783 I         : MeshRecon # [timing] IN GenerateDepthMatFromMesh: 0.021000, 0.000000, 0.037000, 1.460000
08-13 10:27:22.117  1513  1783 I         : MeshRecon # [timing] SceneDepthSystem_Process: 7.051000 = 0.851000 + 4.478000 + 0.117000 + 1.577000 + 0.028000
08-13 10:27:22.124  1513  1784 E MeshTrackingModule: [Spatial] on block update, count: 13
08-13 10:27:22.128  1513  1784 I         : MeshRecon # Callback updated 13 blocks at map_id 47!
08-13 10:27:22.128  1513  1784 I         : MeshRecon # [timing] SUM:54.978996, Prep:0.006000,Rect:1.811000,BBox:1.164000,Depth:36.082001,Filter:0.743000,Insert:7.117000,Update:3.807000,CB:4.246000,Floor:0.001000,Boundary:0.000000,NearObj:0.001000,Room1:0.000000,Room2:0.001000
08-13 10:27:22.128  1513  1784 I         : MeshRecon # [cur update] chunk num: 13, vtx num: 343, idx num: 1149;  [max update] chunk num: 93, vtx num: 3943, idx num: 15324;  [all] chunk num: 84, vtx num: 2930, idx num: 11322
08-13 10:27:22.128  1513  1784 I         : CalculateBBox_QNN            -> min:0.934, max:4.669, avg:1.417 ms, sum:0.75842 s
08-13 10:27:22.128  1513  1784 I         : CalculateDepth               -> min:30.39, max:52.79, avg:35.32 ms, sum:18.8996 s
08-13 10:27:22.128  1513  1784 I         : CalculateDepthStereo_CNN     -> min:15.40, max:28.58, avg:17.03 ms, sum:9.11510 s
08-13 10:27:22.128  1513  1784 I         : CalculateDepthToF_CNN        -> min:12.74, max:30.79, avg:16.49 ms, sum:8.82231 s
08-13 10:27:22.128  1513  1784 I         : CalculateDepthToF_ToFMask    -> min:0.045, max:0.254, avg:0.065 ms, sum:0.03509 s
08-13 10:27:22.128  1513  1784 I         : CallbackBlockUpdateEvent     -> min:2.831, max:9.156, avg:4.739 ms, sum:0.84832 s
08-13 10:27:22.128  1513  1784 I         : DetectFloor                  -> min:0.092, max:1.109, avg:0.242 ms, sum:0.02545 s
08-13 10:27:22.128  1513  1784 I         : DetectNearObj                -> min:0.004, max:1.645, avg:0.325 ms, sum:0.14728 s
08-13 10:27:22.128  1513  1784 I         : FilterDepth                  -> min:0.237, max:7.249, avg:1.224 ms, sum:0.65010 s
08-13 10:27:22.128  1513  1784 I         : InsertData                   -> min:5.354, max:16.54, avg:8.969 ms, sum:4.76262 s
08-13 10:27:22.128  1513  1784 I         : Rectification                -> min:1.357, max:3.991, avg:1.696 ms, sum:0.90783 s
08-13 10:27:22.128  1513  1784 I         : TrackingBBox                 -> min:0.005, max:0.339, avg:0.014 ms, sum:0.00775 s
08-13 10:27:22.128  1513  1784 I         : UpdateMesh                   -> min:2.554, max:34.58, avg:13.69 ms, sum:2.45076 s
08-13 10:27:22.128  1513  1784 I         : 
08-13 10:27:22.143  1513  1777 I         : 2.5.85: [ProcessVisualInertialOnce]: Send SLAM Img[159377336979],latest IMU[159372403682]
08-13 10:27:22.148  1513  1778 I         : SLAM_ALG::pipeline # TrackingOnce long frame: 4.769000,0.789000,3.980000,159372403682
08-13 10:27:22.149  1513  1783 I         : MeshRecon # [timing] IN GenerateDepthMatFromMesh: 0.018000, 0.000000, 0.039000, 1.401000
08-13 10:27:22.149  1513  1783 I         : MeshRecon # [timing] SceneDepthSystem_Process: 6.396000 = 0.430000 + 4.287000 + 0.121000 + 1.507000 + 0.051000
08-13 10:27:22.176  1513  5085 I         : 2.5.85: [ProcessVisualInertialOnce]: Send SLAM Img[159410543750],latest IMU[159405736521]
08-13 10:27:22.180  2610  2723 W DisplayConfig: vsync delay 1.967033(ms)
08-13 10:27:22.180  2610  2723 W DisplayConfig: vsync period is not stable, cur_prd_ns:0.000112(ms) abs_diff:13.888777(ms), current drr: 72.000000 target drr: 72.000000 ts_ns[155019.679000(ms)] state_ts_ns[155019.678888(ms)]
08-13 10:27:22.186  1513  1778 I         : SLAM_ALG::pipeline # TrackingOnce long frame: 8.595000,3.972000,4.623000,159405736521
08-13 10:27:22.187  1513  1783 I         : MeshRecon # [timing] IN GenerateDepthMatFromMesh: 0.021000, 0.000000, 0.033000, 1.411000
08-13 10:27:22.187  1513  1783 I         : MeshRecon # [timing] SceneDepthSystem_Process: 10.387000 = 0.784000 + 7.957000 + 0.091000 + 1.512000 + 0.043000
08-13 10:27:22.187  2610  3053 I VstCameraDeviceImpl: calculatePhase, fn:3797 (60 : 85), delay:8897933
08-13 10:27:22.209  1513  5085 I         : 2.5.85: [ProcessVisualInertialOnce]: Send SLAM Img[159443750468],latest IMU[159439069346]
08-13 10:27:22.213  1513  1778 I         : SLAM_ALG::pipeline # TrackingOnce long frame: 3.270000,1.109000,2.161000,159439069346
08-13 10:27:22.213  1513  1710 I DataMonitor: (cam_dl):[dur: avg:16.57, min:16.67, max:16.67)] [lat: avg:5.52, min:3.23, max:10.02], miss(0) total:180
08-13 10:27:22.213  1513  1710 I DataMonitor: (cam_ul):[dur: avg:16.57, min:16.67, max:16.67)] [lat: avg:5.45, min:3.23, max:11.07], miss(0) total:180
08-13 10:27:22.213  1513  1710 I DataMonitor: (cam_ur):[dur: avg:16.57, min:16.67, max:16.67)] [lat: avg:5.60, min:3.23, max:9.93], miss(0) total:180
08-13 10:27:22.213  1513  1710 I DataMonitor: (cam_dr):[dur: avg:16.57, min:16.67, max:16.67)] [lat: avg:5.55, min:3.28, max:11.53], miss(0) total:180
08-13 10:27:22.213  1513  1710 I DataMonitor: (cam_auxl):[dur: avg:16.57, min:16.67, max:16.67)] [lat: avg:5.59, min:3.26, max:11.40], miss(0) total:180
08-13 10:27:22.213  1513  1710 I DataMonitor: (cam_auxr):[dur: avg:16.57, min:16.67, max:16.67)] [lat: avg:5.59, min:3.23, max:10.71], miss(0) total:180
08-13 10:27:22.213  1513  1710 I DataMonitor: (cam_lvst):[dur: avg:13.82, min:13.89, max:14.14)] [lat: avg:11.17, min:10.99, max:12.73], miss(0) total:216
08-13 10:27:22.213  1513  1710 I DataMonitor: (cam_rvst):[dur: avg:13.82, min:13.89, max:14.14)] [lat: avg:11.15, min:10.99, max:13.13], miss(0) total:216
08-13 10:27:22.213  1513  1710 I DataMonitor: (cam_let):[dur: avg:11.12, min:11.16, max:11.16)] [lat: avg:2.85, min:2.62, max:6.96], miss(0) total:269
08-13 10:27:22.213  1513  1710 I DataMonitor: (cam_ret):[dur: avg:11.12, min:11.16, max:11.16)] [lat: avg:2.91, min:2.62, max:6.68], miss(0) total:269
08-13 10:27:22.213  1513  1710 I DataMonitor: (cam_tof):[dur: avg:32.96, min:33.33, max:33.33)] [lat: avg:24.63, min:23.88, max:27.29], miss(0) total:90
08-13 10:27:22.213  1513  1710 I DataMonitor: (imu_hmd):[dur: avg:0.98, min:0.98, max:0.98)] [lat: avg:0.70, min:0.49, max:1.19], miss(0) total:3072
08-13 10:27:22.213  1513  1710 I DataMonitor: (slam):[lat: avg:4.96, min:4.19, max:5.75], [ql: 0 0.000000] total:3072
08-13 10:27:22.213  1513  1710 I DataMonitor: (eye_pose):[lat: avg:6.33, min:5.28, max:14.92], [ql: 0 0.000000] total:269
08-13 10:27:22.216  1513  1783 I         : MeshRecon # [timing] IN GenerateDepthMatFromMesh: 0.026000, 0.000000, 0.040000, 1.368000
08-13 10:27:22.216  1513  1783 I         : MeshRecon # [timing] SceneDepthSystem_Process: 6.490000 = 0.438000 + 4.337000 + 0.195000 + 1.486000 + 0.034000
08-13 10:27:22.234  1513  1784 I         : MeshRecon # DetectNearObj result: xyz (-0.250000, 0.150000, -0.501423), dist 0.495275
08-13 10:27:22.235  1513  1784 I         : MeshRecon # [timing] DetectNearObj: 0.017000 + 0.009000 + 0.728000 = 0.754000
08-13 10:27:22.236  3537  3765 I FOO     : [SystemUX] onNearestObjectUpdate 0.495275
08-13 10:27:22.241  2610  3053 E VSTDisplayManager: VST FPS:73
08-13 10:27:22.243  1513  5085 I         : 2.5.85: [ProcessVisualInertialOnce]: Send SLAM Img[159476956927],latest IMU[159472402159]
08-13 10:27:22.247  1513  1778 I         : SLAM_ALG::pipeline # TrackingOnce long frame: 4.182000,0.882000,3.300000,159472402159
08-13 10:27:22.249  1513  1783 I         : MeshRecon # [timing] IN GenerateDepthMatFromMesh: 0.024000, 0.000000, 0.070000, 1.364000
08-13 10:27:22.249  1513  1783 I         : MeshRecon # [timing] SceneDepthSystem_Process: 6.512000 = 0.465000 + 4.337000 + 0.103000 + 1.553000 + 0.054000
08-13 10:27:22.273  1513  6203 I VrlinkDataSource: timeSync.ts:159508512393, offset:7292
08-13 10:27:22.279  1513  5085 I         : 2.5.85: [ProcessVisualInertialOnce]: Send SLAM Img[159513093802],latest IMU[159505735023]
08-13 10:27:22.283  1513  1778 I         : SLAM_ALG::pipeline # TrackingOnce long frame: 3.121000,1.027000,2.094000,159505735023
08-13 10:27:22.286  1513  1783 I         : MeshRecon # [timing] IN GenerateDepthMatFromMesh: 0.023000, 0.000000, 0.041000, 1.519000
08-13 10:27:22.286  1513  1783 I         : MeshRecon # [timing] SceneDepthSystem_Process: 7.263000 = 0.473000 + 4.996000 + 0.116000 + 1.640000 + 0.038000
08-13 10:27:22.286  1513  2152 I ThermalManager: [npu:48.0][skin:49.4][camera:47.0][gpu:48.0][ddr:48.3][soc:48.5][cpu:107.4%][pss:0KB rss: 0KB][fan1:27:4291][fan2:29:4622]
08-13 10:27:22.309  1513  1783 I         : 2.5.85: [WARNING] SceneDepthProcessOnce InterpolatePose failed! prePose ts 159538792519, nextPose ts 159538792519, avg_ts 159539067836
08-13 10:27:22.310  1513  1777 I         : 2.5.85: [ProcessVisualInertialOnce]: Send SLAM Img[159544346927],latest IMU[159539067836]
08-13 10:27:22.316  1513  1778 I         : SLAM_ALG::pipeline # TrackingOnce long frame: 6.114000,1.206000,4.908000,159539067836
08-13 10:27:22.317  1513  1783 I         : MeshRecon # [timing] IN GenerateDepthMatFromMesh: 0.018000, 0.000000, 0.038000, 3.088000
08-13 10:27:22.317  1513  1784 I         : MeshRecon # [timing] SUM:50.025993, Prep:0.005000,Rect:1.492000,BBox:1.402000,Depth:35.301998,Filter:1.044000,Insert:10.780000,Update:0.000000,CB:0.000000,Floor:0.000000,Boundary:0.000000,NearObj:0.001000,Room1:0.000000,Room2:0.000000
08-13 10:27:22.317  1513  1783 I         : MeshRecon # [timing] SceneDepthSystem_Process: 8.680000 = 0.523000 + 4.800000 + 0.115000 + 3.197000 + 0.045000
08-13 10:27:22.343  1513  1777 I         : 2.5.85: [ProcessVisualInertialOnce]: Send SLAM Img[159577553697],latest IMU[159572400674]
08-13 10:27:22.352  1513  1783 I         : MeshRecon # [timing] IN GenerateDepthMatFromMesh: 0.018000, 0.000000, 0.038000, 1.297000
08-13 10:27:22.353  1513  1783 I         : MeshRecon # [timing] SceneDepthSystem_Process: 10.329000 = 0.435000 + 8.326000 + 0.121000 + 1.408000 + 0.039000
08-13 10:27:22.354  1513  1778 I         : SLAM_ALG::pipeline # TrackingOnce long frame: 10.374000,3.402000,6.972000,159572400674
08-13 10:27:22.354  2610  3053 I VstCameraDeviceImpl: calculatePhase, fn:3809 (60 : 80), delay:8627829
08-13 10:27:22.376  1513  1777 I         : 2.5.85: [ProcessVisualInertialOnce]: Send SLAM Img[159610760416],latest IMU[159605733487]
08-13 10:27:22.381  1513  1778 I         : SLAM_ALG::pipeline # TrackingOnce long frame: 4.438000,0.929000,3.509000,159605733487
08-13 10:27:22.382  1513  1783 I         : MeshRecon # [timing] IN GenerateDepthMatFromMesh: 0.025000, 0.000000, 0.039000, 1.305000
08-13 10:27:22.382  1513  1783 I         : MeshRecon # [timing] SceneDepthSystem_Process: 6.269001 = 0.453000 + 4.209000 + 0.166000 + 1.411000 + 0.030000
08-13 10:27:22.410  1513  1777 I         : 2.5.85: [ProcessVisualInertialOnce]: Send SLAM Img[159643966927],latest IMU[159639066312]
08-13 10:27:22.413  1513  1778 I         : SLAM_ALG::pipeline # TrackingOnce long frame: 2.922000,0.848000,2.074000,159639066312
08-13 10:27:22.415  1513  1783 I         : MeshRecon # [timing] IN GenerateDepthMatFromMesh: 0.017000, 0.000000, 0.033000, 1.334000
08-13 10:27:22.416  1513  1783 I         : MeshRecon # [timing] SceneDepthSystem_Process: 6.241000 = 0.472000 + 4.161000 + 0.092000 + 1.473000 + 0.043000
08-13 10:27:22.446  1513  5085 I         : 2.5.85: [ProcessVisualInertialOnce]: Send SLAM Img[159680103802],latest IMU[159672399138]
08-13 10:27:22.452  1513  1778 I         : SLAM_ALG::pipeline # TrackingOnce long frame: 4.742000,0.826000,3.916000,159672399138
08-13 10:27:22.453  1513  1783 I         : MeshRecon # [timing] IN GenerateDepthMatFromMesh: 0.015000, 0.000000, 0.040000, 1.309000
08-13 10:27:22.453  1513  1783 I         : MeshRecon # [timing] SceneDepthSystem_Process: 7.032000 = 0.778000 + 4.710000 + 0.098000 + 1.411000 + 0.035000
08-13 10:27:22.476  1513  1777 I         : 2.5.85: [ProcessVisualInertialOnce]: Send SLAM Img[159710380364],latest IMU[159705731950]
08-13 10:27:22.480  1513  1778 I         : SLAM_ALG::pipeline # TrackingOnce long frame: 3.831000,1.062000,2.769000,159705731950
08-13 10:27:22.482  1513  1783 I         : MeshRecon # [timing] IN GenerateDepthMatFromMesh: 0.016000, 0.000000, 0.035000, 1.258000
08-13 10:27:22.482  1513  1783 I         : MeshRecon # [timing] SceneDepthSystem_Process: 6.777000 = 0.471000 + 4.810000 + 0.092000 + 1.371000 + 0.033000
08-13 10:27:22.485  2610  2625 I LayerState: XR submitFrame:6600 [minV=1 curV=11903], client:3842, type:1 layer_count:4
08-13 10:27:22.509  1513  1783 I         : 2.5.85: [WARNING] SceneDepthProcessOnce InterpolatePose failed! prePose ts 159739009238, nextPose ts 159739009238, avg_ts 159739064814
08-13 10:27:22.509  1513  1777 I         : 2.5.85: [ProcessVisualInertialOnce]: Send SLAM Img[159743587135],latest IMU[159739064815]
08-13 10:27:22.514  1513  1784 I         : MeshRecon # DetectNearObj result: xyz (-0.250000, 0.150000, -0.501423), dist 0.495177
08-13 10:27:22.514  1513  1784 I         : MeshRecon # [timing] DetectNearObj: 0.013000 + 0.009000 + 0.241000 = 0.263000
08-13 10:27:22.514  1513  1784 I         : MeshRecon # [timing] SUM:47.190998, Prep:0.004000,Rect:1.519000,BBox:1.284000,Depth:34.348000,Filter:0.754000,Insert:8.993000,Update:0.000000,CB:0.000000,Floor:0.001000,Boundary:0.000000,NearObj:0.288000,Room1:0.000000,Room2:0.000000
08-13 10:27:22.515  3537  3765 I FOO     : [SystemUX] onNearestObjectUpdate 0.495177
08-13 10:27:22.516  1513  1783 I         : MeshRecon # [timing] IN GenerateDepthMatFromMesh: 0.017000, 0.000000, 0.036000, 1.182000
08-13 10:27:22.516  1513  1783 I         : MeshRecon # [timing] SceneDepthSystem_Process: 6.787000 = 0.397000 + 4.989000 + 0.090000 + 1.279000 + 0.032000
08-13 10:27:22.516  1513  1778 I         : SLAM_ALG::pipeline # TrackingOnce long frame: 6.447000,0.972000,5.475000,159739064815
08-13 10:27:22.543  1513  1777 I         : 2.5.85: [ProcessVisualInertialOnce]: Send SLAM Img[159777770416],latest IMU[159772397628]
08-13 10:27:22.546  1513  1778 I         : SLAM_ALG::pipeline # TrackingOnce long frame: 3.075000,0.889000,2.186000,159772397628
08-13 10:27:22.549  1513  1783 I         : MeshRecon # [timing] IN GenerateDepthMatFromMesh: 0.020000, 0.000000, 0.044000, 1.368000
08-13 10:27:22.549  1513  1783 I         : MeshRecon # [timing] SceneDepthSystem_Process: 6.385000 = 0.439000 + 4.309000 + 0.119000 + 1.480000 + 0.038000
08-13 10:27:22.576  1513  1777 I         : 2.5.85: [ProcessVisualInertialOnce]: Send SLAM Img[159810976927],latest IMU[159805730466]
08-13 10:27:22.581  1513  1778 I         : SLAM_ALG::pipeline # TrackingOnce long frame: 4.568000,0.924000,3.644000,159805730466
08-13 10:27:22.583  1513  1783 I         : MeshRecon # [timing] IN GenerateDepthMatFromMesh: 0.033000, 0.000000, 0.062000, 1.595000
08-13 10:27:22.583  1513  1783 I         : MeshRecon # [timing] SceneDepthSystem_Process: 6.960000 = 0.457000 + 4.606000 + 0.114000 + 1.746000 + 0.037000
08-13 10:27:22.613  1513  5085 I         : 2.5.85: [ProcessVisualInertialOnce]: Send SLAM Img[159847113802],latest IMU[159839063292]
08-13 10:27:22.618  1513  1778 I         : SLAM_ALG::pipeline # TrackingOnce long frame: 3.943000,1.177000,2.766000,159839063292
08-13 10:27:22.621  1513  1783 I         : MeshRecon # [timing] IN GenerateDepthMatFromMesh: 0.014000, 0.000000, 0.033000, 1.201000
08-13 10:27:22.621  1513  1783 I         : MeshRecon # [timing] SceneDepthSystem_Process: 7.464000 = 0.746000 + 5.303000 + 0.089000 + 1.296000 + 0.030000
08-13 10:27:22.643  1513  1777 I         : 2.5.85: [ProcessVisualInertialOnce]: Send SLAM Img[159877390416],latest IMU[159872396117]
08-13 10:27:22.647  1513  1778 I         : SLAM_ALG::pipeline # TrackingOnce long frame: 4.565000,0.903000,3.662000,159872396117
08-13 10:27:22.648  1513  1783 I         : MeshRecon # [timing] IN GenerateDepthMatFromMesh: 0.016000, 0.000000, 0.036000, 1.261000
08-13 10:27:22.648  1513  1783 I         : MeshRecon # [timing] SceneDepthSystem_Process: 6.226000 = 0.582000 + 4.172000 + 0.092000 + 1.350000 + 0.030000
08-13 10:27:22.675  1513  1783 I         : 2.5.85: [WARNING] SceneDepthProcessOnce InterpolatePose failed! prePose ts 159905042467, nextPose ts 159905042467, avg_ts 159905728956
08-13 10:27:22.675  1513  1777 I         : 2.5.85: [ProcessVisualInertialOnce]: Send SLAM Img[159910596927],latest IMU[159905728943]
08-13 10:27:22.682  1513  1778 I         : SLAM_ALG::pipeline # TrackingOnce long frame: 6.288000,1.141000,5.147000,159905728943
08-13 10:27:22.683  1513  1783 I         : MeshRecon # [timing] IN GenerateDepthMatFromMesh: 0.017000, 0.000000, 0.038000, 1.342000
08-13 10:27:22.683  1513  1783 I         : MeshRecon # [timing] SceneDepthSystem_Process: 7.460001 = 0.367000 + 5.501000 + 0.102000 + 1.439000 + 0.051000
08-13 10:27:22.696  3842  6171 I PerfStats.cpp: FPS=72.00/72, Prd=21.25ms, Early=72.00, Stale=0.00, Lat=-1, Fov=0, CPU/GPU=4/5, Free=7389MB, ATW=5.12ms, APP=3.74ms/1.94ms, GD=0.00, CPU%=0.41, GPU%=0.35,ColorSpace:6
08-13 10:27:22.699  2610  3053 I CompositorMonitor: fps:72.0, prd:21.1 ms, cpu:1.4 ms, gpu:3.8 ms, early:72.0, stale:0.0, max_stale:0.0, sw_mode:0, drr:72.0, lat_mode:-1
08-13 10:27:22.709  1513  5085 I         : 2.5.85: [ProcessVisualInertialOnce]: Send SLAM Img[159943803645],latest IMU[159939061755]
08-13 10:27:22.714  1513  1778 I         : SLAM_ALG::pipeline # TrackingOnce long frame: 4.245000,1.205000,3.040000,159939061755
08-13 10:27:22.717  1513  1783 I         : MeshRecon # [timing] IN GenerateDepthMatFromMesh: 0.015000, 0.000000, 0.033000, 1.138000
08-13 10:27:22.717  1513  1783 I         : MeshRecon # [timing] SceneDepthSystem_Process: 7.560000 = 1.667000 + 4.555000 + 0.088000 + 1.223000 + 0.027000
08-13 10:27:22.723  1513  1784 E MeshTrackingModule: [Spatial] on block update, count: 13
08-13 10:27:22.726  1513  1784 I         : MeshRecon # Callback updated 13 blocks at map_id 47!
08-13 10:27:22.726  1513  1784 I         : MeshRecon # [timing] SUM:55.726997, Prep:0.006000,Rect:1.805000,BBox:1.321000,Depth:35.970001,Filter:2.503000,Insert:7.619000,Update:3.353000,CB:3.148000,Floor:0.001000,Boundary:0.000000,NearObj:0.000000,Room1:0.000000,Room2:0.001000
08-13 10:27:22.726  1513  1784 I         : MeshRecon # [cur update] chunk num: 13, vtx num: 343, idx num: 1149;  [max update] chunk num: 93, vtx num: 3943, idx num: 15324;  [all] chunk num: 84, vtx num: 2930, idx num: 11322
08-13 10:27:22.726  1513  1784 I         : CalculateBBox_QNN            -> min:0.934, max:4.669, avg:1.417 ms, sum:0.76244 s
08-13 10:27:22.726  1513  1784 I         : CalculateDepth               -> min:30.39, max:52.79, avg:35.32 ms, sum:19.0052 s
08-13 10:27:22.726  1513  1784 I         : CalculateDepthStereo_CNN     -> min:15.40, max:28.58, avg:17.03 ms, sum:9.16555 s
08-13 10:27:22.726  1513  1784 I         : CalculateDepthToF_CNN        -> min:12.74, max:30.79, avg:16.49 ms, sum:8.87204 s
08-13 10:27:22.726  1513  1784 I         : CalculateDepthToF_ToFMask    -> min:0.045, max:0.254, avg:0.065 ms, sum:0.03525 s
08-13 10:27:22.726  1513  1784 I         : CallbackBlockUpdateEvent     -> min:2.831, max:9.156, avg:4.730 ms, sum:0.85148 s
08-13 10:27:22.726  1513  1784 I         : DetectFloor                  -> min:0.092, max:1.109, avg:0.242 ms, sum:0.02545 s
08-13 10:27:22.726  1513  1784 I         : DetectNearObj                -> min:0.004, max:1.645, avg:0.325 ms, sum:0.14832 s
08-13 10:27:22.726  1513  1784 I         : FilterDepth                  -> min:0.237, max:7.249, avg:1.225 ms, sum:0.65441 s
08-13 10:27:22.726  1513  1784 I         : InsertData                   -> min:5.354, max:16.54, avg:8.970 ms, sum:4.79002 s
08-13 10:27:22.726  1513  1784 I         : Rectification                -> min:1.357, max:3.991, avg:1.696 ms, sum:0.91265 s
08-13 10:27:22.726  1513  1784 I         : TrackingBBox                 -> min:0.005, max:0.339, avg:0.014 ms, sum:0.00777 s
08-13 10:27:22.726  1513  1784 I         : UpdateMesh                   -> min:2.554, max:34.58, avg:13.63 ms, sum:2.45412 s
08-13 10:27:22.726  1513  1784 I         : 
08-13 10:27:22.726  1513  1784 I         : MeshRecon # DetectNearObj result: xyz (-0.250000, 0.150000, -0.501423), dist 0.495439
08-13 10:27:22.726  1513  1784 I         : MeshRecon # [timing] DetectNearObj: 0.009000 + 0.009000 + 0.156000 = 0.174000
08-13 10:27:22.726  3537  3765 I FOO     : [SystemUX] onNearestObjectUpdate 0.495439
08-13 10:27:22.743  1513  5085 I         : 2.5.85: [ProcessVisualInertialOnce]: Send SLAM Img[159977010416],latest IMU[159972394607]
08-13 10:27:22.747  1513  1778 I         : SLAM_ALG::pipeline # TrackingOnce long frame: 3.619000,1.006000,2.613000,159972394607
08-13 10:27:22.750  1513  1783 I         : MeshRecon # [timing] IN GenerateDepthMatFromMesh: 0.035000, 0.000000, 0.132000, 1.548000
08-13 10:27:22.750  1513  1783 I         : MeshRecon # [timing] SceneDepthSystem_Process: 7.546000 = 0.549000 + 4.975000 + 0.139000 + 1.795000 + 0.088000
08-13 10:27:22.777  1513  5085 I         : 2.5.85: [ProcessVisualInertialOnce]: Send SLAM Img[160011193697],latest IMU[160005727419]
08-13 10:27:22.785  1513  1778 I         : SLAM_ALG::pipeline # TrackingOnce long frame: 7.650000,3.162000,4.488000,160005727419
08-13 10:27:22.787  1513  1783 I         : MeshRecon # [timing] IN GenerateDepthMatFromMesh: 0.016000, 0.000000, 0.035000, 1.301000
08-13 10:27:22.787  1513  1783 I         : MeshRecon # [timing] SceneDepthSystem_Process: 10.037000 = 3.538000 + 4.970000 + 0.092000 + 1.404000 + 0.033000
08-13 10:27:22.809  1513  1783 I         : 2.5.85: [WARNING] SceneDepthProcessOnce InterpolatePose failed! prePose ts 160038846061, nextPose ts 160038846061, avg_ts 160039060284
08-13 10:27:22.810  1513  1777 I         : 2.5.85: [ProcessVisualInertialOnce]: Send SLAM Img[160044400468],latest IMU[160039060284]
08-13 10:27:22.813  1513  1778 I         : SLAM_ALG::pipeline # TrackingOnce long frame: 3.468000,0.870000,2.598000,160039060284
08-13 10:27:22.815  1513  1783 I         : MeshRecon # [timing] IN GenerateDepthMatFromMesh: 0.016000, 0.000000, 0.036000, 1.210000
08-13 10:27:22.815  1513  1783 I         : MeshRecon # [timing] SceneDepthSystem_Process: 6.098000 = 0.390000 + 4.254000 + 0.090000 + 1.310000 + 0.054000
08-13 10:27:22.842  1513  1783 I         : 2.5.85: [WARNING] SceneDepthProcessOnce InterpolatePose failed! prePose ts 160072052571, nextPose ts 160072052571, avg_ts 160072393070
08-13 10:27:22.843  1513  1777 I         : 2.5.85: [ProcessVisualInertialOnce]: Send SLAM Img[160077606979],latest IMU[160072393083]
08-13 10:27:22.849  1513  1783 I         : MeshRecon # [timing] IN GenerateDepthMatFromMesh: 0.019000, 0.000000, 0.044000, 1.384000
08-13 10:27:22.849  1513  1783 I         : MeshRecon # [timing] SceneDepthSystem_Process: 6.915000 = 0.466000 + 4.798000 + 0.103000 + 1.510000 + 0.038000
08-13 10:27:22.850  1513  1778 I         : SLAM_ALG::pipeline # TrackingOnce long frame: 6.171000,1.029000,5.142000,160072393083
08-13 10:27:22.876  1513  5085 I         : 2.5.85: [ProcessVisualInertialOnce]: Send SLAM Img[160110813697],latest IMU[160105725909]
08-13 10:27:22.883  1513  1778 I         : SLAM_ALG::pipeline # TrackingOnce long frame: 5.691000,0.946000,4.745000,160105725909
08-13 10:27:22.883  1513  1783 I         : MeshRecon # [timing] IN GenerateDepthMatFromMesh: 0.021000, 0.000000, 0.042000, 1.342000
08-13 10:27:22.883  1513  1783 I         : MeshRecon # [timing] SceneDepthSystem_Process: 7.250000 = 0.469000 + 5.195000 + 0.104000 + 1.440000 + 0.042000
08-13 10:27:22.910  1513  5085 I         : 2.5.85: [ProcessVisualInertialOnce]: Send SLAM Img[160144020208],latest IMU[160139058747]
08-13 10:27:22.914  1513  1784 I         : MeshRecon # [timing] SUM:46.650002, Prep:0.007000,Rect:1.499000,BBox:0.999000,Depth:34.962002,Filter:0.779000,Insert:8.404000,Update:0.000000,CB:0.000000,Floor:0.000000,Boundary:0.000000,NearObj:0.000000,Room1:0.000000,Room2:0.000000
08-13 10:27:22.915  1513  1784 I         : MeshRecon # FloorDetector fail since no enough valid point existed
08-13 10:27:22.915  1513  1784 I         : MeshRecon # [ERROR] floor detection failed! successful: 0 value: 999.000000 relative: -999.063171
08-13 10:27:22.915  1513  1784 W MeshTrackingModule: [Spatial] invalid floor level: 999.000000
