08-13 10:34:49.180  6685  6685 I CAM_INFO: CAM-CSIPHY: cam_csiphy_core_cfg: 1992 Opcode received: 264
08-13 10:34:49.180  6685  6685 I CAM_INFO: CAM-CSIPHY: cam_csiphy_core_cfg: 1992 Opcode received: 264
08-13 10:34:49.180  6685  6685 I CAM_WARN: CAM-CORE: cam_context_handle_flush_dev: 547 No flush device in dev 9240834, state 4
08-13 10:34:49.180  2138  2138 I CAM_INFO: CAM-ISP: cam_ife_mgr_release_hw: 11421 2:34:49.155 Release HW success ctx id: 2
08-13 10:34:49.180  6685  6685 I CAM_WARN: CAM-CORE: cam_context_handle_flush_dev: 547 No flush device in dev 10289414, state 4
08-13 10:34:49.180  6685  6685 I CAM_INFO: CAM-CSIPHY: cam_csiphy_core_cfg: 1992 Opcode received: 264
08-13 10:34:49.156  2243  2322 D PowerManagerService: acquireWakeLockInternal: lock=266379179, flags=0x1, tag="com.yvr.bizctrl:partial_lock", ws=null, uid=1000, pid=4072
08-13 10:34:49.180  6685  6685 I CAM_INFO: CAM-CSIPHY: cam_csiphy_core_cfg: 1992 Opcode received: 264
08-13 10:34:49.181  2138  2138 I CAM_INFO: CAM-SENSOR: cam_sensor_driver_cmd: 1365 2:34:49.156 CAM_STOP_DEV Success for oc0ta1b sensor_id:0xc756,sensor_slave_addr:0xc0
08-13 10:34:49.181  2138  2138 I CAM_INFO: CAM-CSIPHY: cam_csiphy_core_cfg: 1992 Opcode received: 260
08-13 10:34:49.181  2138  2138 I CAM_INFO: CAM-CSIPHY: cam_csiphy_core_cfg: 2212 CAM_STOP_PHYDEV: 5, Type: DPHY, dev_cnt: 1, slot: 0, Datarate: 480000000, Settletime: 2800000000
08-13 10:34:49.157  3547  3547 D VrSystemUIService: screen:false,ready:true
08-13 10:34:49.181  2138  2138 I CAM_INFO: CAM-ISP: cam_ife_mgr_release_hw: 11421 2:34:49.156 Release HW success ctx id: 5
08-13 10:34:49.183  6685  6685 I CAM_INFO: CAM-SENSOR: cam_sensor_driver_cmd: 1365 2:34:49.158 CAM_STOP_DEV Success for imx616 sensor_id:0x616,sensor_slave_addr:0x34
08-13 10:34:49.183  6685  6685 I CAM_INFO: CAM-CSIPHY: cam_csiphy_core_cfg: 1992 Opcode received: 260
08-13 10:34:49.183  2138  2138 I CAM_INFO: CAM-CSIPHY: cam_csiphy_core_cfg: 1992 Opcode received: 262
08-13 10:34:49.184  6685  6685 I CAM_INFO: CAM-CSIPHY: cam_csiphy_core_cfg: 2255 CAM_STOP_PHYDEV: 2, Type: DPHY, slot: 0, Datarate: 2137500000, Settletime: 3400000000
08-13 10:34:49.159  2566  2702 D ControlsListingControllerImpl: Subscribing callback, service count: 0
08-13 10:34:49.160  3870  3870 I MediaCaptureService: action:android.intent.action.SCREEN_OFF
08-13 10:34:49.161  4027  4027 D ToBService: onReceive -- action: android.intent.action.SCREEN_OFF
08-13 10:34:49.161  4027  4027 D ToBService: onReceive -- true, 0
08-13 10:34:49.184  6685  6685 I CAM_INFO: CAM-ISP: cam_ife_mgr_release_hw: 11421 2:34:49.159 Release HW success ctx id: 11
08-13 10:34:49.186  6685  6685 I CAM_INFO: CAM-SENSOR: cam_sensor_driver_cmd: 1365 2:34:49.161 CAM_STOP_DEV Success for imx616 sensor_id:0x616,sensor_slave_addr:0x34
08-13 10:34:49.162  4072  4072 D BizCtrl_Service: ACTION_SCREEN_OFF
08-13 10:34:49.187  6685  6685 I CAM_INFO: CAM-CSIPHY: cam_csiphy_core_cfg: 1992 Opcode received: 260
08-13 10:34:49.187  6685  6685 I CAM_INFO: CAM-CSIPHY: cam_csiphy_core_cfg: 2255 CAM_STOP_PHYDEV: 4, Type: DPHY, slot: 0, Datarate: 2137500000, Settletime: 3400000000
08-13 10:34:49.163  2243  3058 D YvrWindowMgr: handleMessage com.yvr.internal.IWindowLayoutObserver$Stub$Proxy@4597eb4, 0, 1
08-13 10:34:49.163  2243  3058 D WindowManagerAdapter: YVR_FOCUS_CHANGE getFocusedWindowTokenAndOwnerInfoForDefaultDisplay focusedWindow packageName = : com.android.systemui
08-13 10:34:49.163  2243  3058 D YvrWindowMgr: handleMessage windowTokenAndOwnerInfo: com.android.server.wm.WindowManagerAdapter$WindowTokenAndOwnerInfo@8aa4f37
08-13 10:34:49.163  2243  3058 I YvrCommonUtil: getDisplayTopRunningPackageName=com.yvr.main, displayId=0
08-13 10:34:49.163  2243  3058 D WindowManagerAdapter: YVR_FOCUS_CHANGE getFocusedWindowTokenInfoForTargetDisplay focusedWindow packageName : com.android.systemui
08-13 10:34:49.163  2243  3058 D YvrWindowMgr: WINDOW_CHANGED_DEFAULT_DISPLAY_MSG displayId = 0 currentPackageName = com.android.systemui lastFocusPkgNameForDefaultDisplay = com.yvr.main
08-13 10:34:49.163  2243  3710 D YvrWindowMgr: handleMessage com.yvr.internal.IWindowLayoutObserver$Stub$Proxy@59e6967, 0, 1
08-13 10:34:49.163  2243  3710 D WindowManagerAdapter: YVR_FOCUS_CHANGE getFocusedWindowTokenAndOwnerInfoForDefaultDisplay focusedWindow packageName = : com.android.systemui
08-13 10:34:49.163  2243  3710 D YvrWindowMgr: handleMessage windowTokenAndOwnerInfo: com.android.server.wm.WindowManagerAdapter$WindowTokenAndOwnerInfo@30aca4
08-13 10:34:49.163  2243  3710 I YvrCommonUtil: getDisplayTopRunningPackageName=com.yvr.main, displayId=0
08-13 10:34:49.164  2243  3710 D WindowManagerAdapter: YVR_FOCUS_CHANGE getFocusedWindowTokenInfoForTargetDisplay focusedWindow packageName : com.android.systemui
08-13 10:34:49.164  2243  3710 D YvrWindowMgr: WINDOW_CHANGED_DEFAULT_DISPLAY_MSG displayId = 0 currentPackageName = com.android.systemui lastFocusPkgNameForDefaultDisplay = com.yvr.main
08-13 10:34:49.164  2243  6042 D PowerManagerService: acquireWakeLockInternal: lock=69970445, flags=0x1, tag="BizCtrl::Heartbeat", ws=null, uid=1000, pid=4072
08-13 10:34:49.164  2243  4590 D YvrWindowMgr: handleMessage com.yvr.internal.IWindowLayoutObserver$Stub$Proxy@5fcd384, 0, 1
08-13 10:34:49.164  2243  4590 D WindowManagerAdapter: YVR_FOCUS_CHANGE getFocusedWindowTokenAndOwnerInfoForDefaultDisplay focusedWindow packageName = : com.android.systemui
08-13 10:34:49.164  2243  4590 D YvrWindowMgr: handleMessage windowTokenAndOwnerInfo: com.android.server.wm.WindowManagerAdapter$WindowTokenAndOwnerInfo@7758dc2
08-13 10:34:49.164  2243  4590 I YvrCommonUtil: getDisplayTopRunningPackageName=com.yvr.main, displayId=0
08-13 10:34:49.164  2243  4590 D WindowManagerAdapter: YVR_FOCUS_CHANGE getFocusedWindowTokenInfoForTargetDisplay focusedWindow packageName : com.android.systemui
08-13 10:34:49.165  2243  4590 D YvrWindowMgr: WINDOW_CHANGED_DEFAULT_DISPLAY_MSG displayId = 0 currentPackageName = com.android.systemui lastFocusPkgNameForDefaultDisplay = com.yvr.main
08-13 10:34:49.165  1513  1777 I         : 2.5.85: [ProcessVisualInertialOnce]: Send SLAM Img[606399623541],latest IMU[606394323161]
08-13 10:34:49.165  4283  4283 D HeartBeatService: onReceive -- action: android.intent.action.SCREEN_OFF
08-13 10:34:49.165  4198  4198 D ToBServiceHelper: onReceive android.intent.action.SCREEN_OFF
08-13 10:34:49.165  4283  4283 D HeartBeatService: updateDelay -1- delay: 270000
08-13 10:34:49.166  2243  2272 I WifiService: acquireWifiLock uid=1000 lockMode=3
08-13 10:34:49.166  4713  4713 D FactoryService: action:android.intent.action.SCREEN_OFF
08-13 10:34:49.166  4713  4713 D FactoryService: enable:1
08-13 10:34:49.166  4713  4713 D FactoryService: cameraStart:0
08-13 10:34:49.166  4072  4072 D BizCtrl_Service: Receiver ACTION_ALARM_WAKEUP
08-13 10:34:49.187  6685  6685 I CAM_INFO: CAM-ISP: cam_ife_mgr_release_hw: 11421 2:34:49.162 Release HW success ctx id: 4
08-13 10:34:49.167  2243  3749 D YvrWindowMgr: handleMessage com.yvr.internal.IWindowLayoutObserver$Stub$Proxy@94bac5e, 0, 1
08-13 10:34:49.167  2243  3749 D WindowManagerAdapter: YVR_FOCUS_CHANGE getFocusedWindowTokenAndOwnerInfoForDefaultDisplay focusedWindow packageName = : com.android.systemui
08-13 10:34:49.167  2243  3749 D YvrWindowMgr: handleMessage windowTokenAndOwnerInfo: com.android.server.wm.WindowManagerAdapter$WindowTokenAndOwnerInfo@44aa7d3
08-13 10:34:49.167  2243  3749 I YvrCommonUtil: getDisplayTopRunningPackageName=com.yvr.main, displayId=0
08-13 10:34:49.167  2610  2628 D AppProcessInfo: isOssPlashApp packageName: com.android.systemui, result: false
08-13 10:34:49.167  2610  2628 D AppProcessInfo: isPassThroughPlashApp packageName: com.android.systemui, result: 0
08-13 10:34:49.168  2243  3749 D WindowManagerAdapter: YVR_FOCUS_CHANGE getFocusedWindowTokenInfoForTargetDisplay focusedWindow packageName : com.android.systemui
08-13 10:34:49.168  2243  3749 D YvrWindowMgr: WINDOW_CHANGED_DEFAULT_DISPLAY_MSG displayId = 0 currentPackageName = com.android.systemui lastFocusPkgNameForDefaultDisplay = com.yvr.main
08-13 10:34:49.168  2610  2756 D ClientMgr: [RtLifecycle] client focus[2566]
08-13 10:34:49.192  6685  6685 I CAM_INFO: CAM-CSIPHY: cam_csiphy_core_cfg: 1992 Opcode received: 262
08-13 10:34:49.194   243   243 E init    : ro.debuggable: read  0
08-13 10:34:49.168  2610  2756 D AppProcessInfo: junjia shouldAppPosVisible packageName: com.android.systemui, metadata: null, result: false
08-13 10:34:49.168  2243  4313 D YvrWindowMgr: handleMessage com.yvr.internal.IWindowLayoutObserver$Stub$Proxy@8d7a13, -100, 4
08-13 10:34:49.169  2610  2756 I ClientMgr: [Focus] mLastFocusedPid:3636, mFocusedPid(2566), focusChanged:(1) null
08-13 10:34:49.169  2610  2756 D ClientMgr: client[3842] try lock drr[72.000000]
08-13 10:34:49.169  2610  2756 W DisplayConfig: lock display mode id[2] already
08-13 10:34:49.169  1513  1778 I         : SLAM_ALG::pipeline # TrackingOnce long frame: 3.917000,0.912000,3.005000,606394323161
08-13 10:34:49.168  2243  4313 D WindowManagerAdapter: YVR_FOCUS_CHANGE getFocusedWindowInfoForTopDisplay focusedWindow packageName : com.android.systemui
08-13 10:34:49.194   243   243 E init    : ro.debuggable: read  0
08-13 10:34:49.170  2243  6042 D PowerManagerService: acquireWakeLockInternal: lock=111393460, flags=0x1, tag="com.yvr.boxmanager:partial_lock", ws=null, uid=1000, pid=4151
08-13 10:34:49.170  1513  1783 I         : MeshRecon # [timing] IN GenerateDepthMatFromMesh: 0.015000, 0.000000, 0.034000, 1.344000
08-13 10:34:49.170  1513  1783 I         : MeshRecon # [timing] SceneDepthSystem_Process: 5.974000 = 0.377000 + 4.049000 + 0.080000 + 1.441000 + 0.027000
08-13 10:34:49.170  2243  6042 D PowerManagerService: acquireWakeLockInternal: lock=152817184, flags=0x1, tag="com.yvr.datamanager:partial_lock", ws=null, uid=1000, pid=4198
08-13 10:34:49.171  2243  4313 D YvrWindowMgr: WINDOW_CHANGED_RUNNING_APP_MSG currentRunningPkg =  currentRunningAppType =  lastRunningPkg = com.yvr.spatialhome lastRunningAppType = HOME_2D
08-13 10:34:49.171  2243  2243 D DeviceIdleController: updateInteractivityLocked -- true, 0
08-13 10:34:49.171  2243  2243 D DeviceIdleController: becomeInactiveIfAppropriateLocked mDozeDelayEnable: false
08-13 10:34:49.171  4151  4151 D BoxService: onReceive android.intent.action.SCREEN_OFF
08-13 10:34:49.171  4151  4265 D BleStore: getToBondDeviceSn:
08-13 10:34:49.171  4151  4265 D BleStore: getBondedDeviceSn:
08-13 10:34:49.171  4151  4265 D BleConnectionHelper: sendMessage -- toBondSn: , bondedSn: 
08-13 10:34:49.172  3558  4573 I DialogUIService: processName=== com.android.systemui canAcceptePermissionRequset= false
08-13 10:34:49.172  4151  4265 D BoxService: D3: bleClientConnect: false, scan:N, filterType:, boxBondMode: 0, screenOn: false, box_idle_2025-08-13 10:25:15:153, ble_disconnect_2025-08-13 10:25:15:153, p2p_disconnect_2025-08-13 10:25:15:143, dp_inactive_2025-08-13 10:25:15:150, hdmi_inactive_2025-08-13 10:25:15:153, cast_window_not_show_2025-08-13 10:25:15:146, dp_not_stream_2025-08-13 10:25:15:144, hdmi_not_stream_2025-08-13 10:25:15:145
08-13 10:34:49.195  2138  2138 I CAM_INFO: CAM-SENSOR: cam_sensor_driver_cmd: 1244 CAM_RELEASE_DEV Success for oc0ta1b sensor_id:0xc756, slave_addr:0xc0
08-13 10:34:49.173  2610  2756 I PowerLevel: lockGpuFreq to 730000000 succeeded
08-13 10:34:49.173  3537  4823 D WearingDetectionProcessor: uid: 10059, packageName: android.uid.systemui:10059, pid: 2566, processName: com.android.systemui
08-13 10:34:49.198  2138  2138 I CAM_INFO: CAM-CSIPHY: cam_csiphy_core_cfg: 1992 Opcode received: 262
08-13 10:34:49.199   243   243 E init    : ro.debuggable: read  0
08-13 10:34:49.174  2243  2378 D PowerManagerService: acquireWakeLockInternal: lock=59627349, flags=0x1, tag="WifiSuspend", ws=null, uid=1000, pid=2243
08-13 10:34:49.174  2243  6042 D PowerManagerService: acquireWakeLockInternal: lock=107262937, flags=0x1, tag="com.yvr.wpevent:battery_monitor", ws=null, uid=1000, pid=4283
08-13 10:34:49.175  4283  4283 D BatteryMonitor: onReceive android.intent.action.SCREEN_OFF, screenOffAbnormalCount: 0, preLevel: 0, preTimestamp: 0, bugreportUploaded: false, isCharging: false, sScreenOffAbnormalCountMax: 10
08-13 10:34:49.175  4283  4283 D BatteryMonitor: onReceive android.intent.action.SCREEN_OFF, isTestMode: false, isGuiderDone: true, debug: false
08-13 10:34:49.175  4283  4445 D BatteryMonitor: enableFullWakeHistory -- 1
08-13 10:34:49.175  2243  6042 D PowerManagerService: releaseWakeLockInternal: lock=107262937 [com.yvr.wpevent:battery_monitor], flags=0x0, mOwnerUid:1000, mOwnerPid:4283
08-13 10:34:49.177  2610  2756 I ClientMgr: who(3842) : main(4031:38:10) inheritsched:0
08-13 10:34:49.177  2959  2959 I wpa_hmdlib: Recv DRIVER command: SETSUSPENDMODE 1
08-13 10:34:49.177  2243  2378 D PowerManagerService: releaseWakeLockInternal: lock=59627349 [WifiSuspend], flags=0x0, mOwnerUid:1000, mOwnerPid:2243
08-13 10:34:49.177  2610  2756 I ClientMgr: who(3842) : render(5167:38:48) inheritsched:0
08-13 10:34:49.177  2610  2756 I VSTController.cpp: vstUpdateReason[[default off]:[presentedClient(com.yvr.spatialhome)open][SCREEN_OFF close]<out_visible:0>]
08-13 10:34:49.178  2610  2756 I rruntimeservice: boundaryUpdateReason guardianServiceClient mode:1
08-13 10:34:49.178  2610  2756 I rruntimeservice: boundaryUpdateReason[[default off]:{vstVisible:0}[presentedClient isSystemApp]<out_visible:0>]
08-13 10:34:49.184  3547  4652 I VrSystemUI: EndSession
08-13 10:34:49.184  3547  4652 D oxr_session.cpp: [Focus] session request exiting,  tansfer to -> synchronized state
08-13 10:34:49.184  3547  4652 D oxr_session.cpp: [Focus] session request exiting,  tansfer to -> stopping state
08-13 10:34:49.186  3547  4652 I VrRuntimeClient: delete PhaseSync
08-13 10:34:49.204  6685  6685 I CAM_INFO: CAM-SENSOR: cam_sensor_driver_cmd: 1244 CAM_RELEASE_DEV Success for imx616 sensor_id:0x616, slave_addr:0x34
08-13 10:34:49.186  3547  4652 I .yvr.vrsystemui: PhaseSync stop
08-13 10:34:49.186  3547  4652 D LockMonitorThread.cpp: PhaseSync_monitor stop!
08-13 10:34:49.186  3547  6616 I LockMonitorThread.cpp: PhaseSync_monitor exit
08-13 10:34:49.187  3547  6613 D FenceChecker.cpp: FenceChecker mainLoop exit.
08-13 10:34:49.187  3547  4652 D FenceChecker.cpp: FenceChecker thread stop.
08-13 10:34:49.187  3547  4652 D .yvr.vrsystemui:  unlockAllSlot()
08-13 10:34:49.188  3547  4652 D .yvr.vrsystemui: ~ModuleCreator
08-13 10:34:49.188  3547  4652 D FenceChecker.cpp: destruction
08-13 10:34:49.188  3547  4652 D LockMonitorThread.cpp: destruction
08-13 10:34:49.188  3547  4652 D EGLEnvironment.cpp: destruction
08-13 10:34:49.188  3547  4652 D .yvr.vrsystemui: destruction
08-13 10:34:49.188  3547  4652 D .yvr.vrsystemui: client destroyRetireShm
08-13 10:34:49.188  3547  4652 D .yvr.vrsystemui: PhaseRetireShmC:clientPid[3547] Cleanup
08-13 10:34:49.188  3547  4652 D .yvr.vrsystemui: ~PhaseRetireShmC
08-13 10:34:49.188  3547  4652 D .yvr.vrsystemui: destruction pid=3547 mRole[0]
08-13 10:34:49.188  3547  4652 D .yvr.vrsystemui: destruction
08-13 10:34:49.188  3547  4652 I PhasePaddings.cpp: destruction
08-13 10:34:49.188  3547  4652 D VSyncObserver.cpp: destruction
08-13 10:34:49.188  2610  2625 I VrRuntimeNativeManager: LeaveVRMode pid:3547
08-13 10:34:49.188  2610  2756 I ClientMgr: MSG_LAYER_STATE_CHANGED
08-13 10:34:49.188  2610  2756 I VSTController.cpp: vstUpdateReason[[default off]:[presentedClient(com.yvr.spatialhome)open][SCREEN_OFF close]<out_visible:0>]
08-13 10:34:49.188  2610  2756 I rruntimeservice: boundaryUpdateReason guardianServiceClient mode:1
08-13 10:34:49.188  2610  2756 I rruntimeservice: boundaryUpdateReason[[default off]:{vstVisible:0}[presentedClient isSystemApp]<out_visible:0>]
08-13 10:34:49.188  3547  4652 D oxr_session.cpp: [Focus] session end, tansfer to -> idle state
08-13 10:34:49.188  3547  4652 D oxr_session.cpp: [Focus] session exiting, tansfer to -> exiting -> idle state
08-13 10:34:49.191  1513  2138 I CamX    : [CORE_CFG][HAL    ] camxchi.cpp:3168 ChiCloseCachedSensorHandles() Releasing resources for Logical CameraID: 14, PhysicalID: 3
08-13 10:34:49.191  1513  2138 I CamX    : [CORE_CFG][HAL    ] camxchi.cpp:3168 ChiCloseCachedSensorHandles() Releasing resources for Logical CameraID: 14, PhysicalID: 4
08-13 10:34:49.191  1513  2138 I CamX    : [CORE_CFG][HAL    ] camxhal3.cpp:892 close() HalOp: End CLOSE, logicalCameraId: 14, cameraId: 3
08-13 10:34:49.191  1513  2138 I CamX    : [CORE_CFG][HAL    ] camxthermalmanager.cpp:183 UnregisterHALDevice() Unregistered pHALDevice=0xb40000718f42e940 CameraId=14
08-13 10:34:49.191  1513  2138 I ETMultiCamera: stopCamera
08-13 10:34:49.191  1513  2138 I ETMultiCamera: destroy camera
08-13 10:34:49.191  1513  2138 I CameraModule: close camera, type:eyetracking
08-13 10:34:49.191  1513  2138 I CameraUtils: setEyeTrackingIRLedSwitch 0
08-13 10:34:49.210  2138  2138 I CAM_INFO: CAM-SENSOR: cam_sensor_driver_cmd: 1244 CAM_RELEASE_DEV Success for oc0ta1b sensor_id:0xc756, slave_addr:0xc0
08-13 10:34:49.217  2138  2138 I pam2841-driver soc: pam2841: pmxr2230_irleds_enable_store: irled debug: status=1
08-13 10:34:49.217  2138  2138 I pam2841-driver soc: pam2841: flash_gpio_req_tbl_size 2
08-13 10:34:49.217  2138  2138 I pam2841-driver soc: pam2841: gpio_get_value 0
08-13 10:34:49.217  2138  2138 I pam2841-driver soc: pam2841: gpio_get_value 0
08-13 10:34:49.193  4283  4445 D BatteryMonitor: enableFullWakeHistory -- 2
08-13 10:34:49.218  6685  6685 I CAM_INFO: CAM-CSIPHY: cam_csiphy_core_cfg: 1992 Opcode received: 262
08-13 10:34:49.198  1513  1777 I         : 2.5.85: [ProcessVisualInertialOnce]: Send SLAM Img[606432830364],latest IMU[606427655961]
08-13 10:34:49.201  1513  1778 I         : SLAM_ALG::pipeline # TrackingOnce long frame: 2.594000,0.693000,1.901000,606427655961
08-13 10:34:49.225  6685  6685 I CAM_INFO: CAM-SENSOR: cam_sensor_driver_cmd: 1244 CAM_RELEASE_DEV Success for imx616 sensor_id:0x616, slave_addr:0x34
08-13 10:34:49.228  2138  2138 I pam2841-driver soc: pam2841: pmxr2230_irleds_enable_store: irleds_ctrl_gpio set value0
08-13 10:34:49.203  1513  1783 I         : MeshRecon # [timing] IN GenerateDepthMatFromMesh: 0.017000, 0.000000, 0.032000, 1.293000
08-13 10:34:49.203  1513  1783 I         : MeshRecon # [timing] SceneDepthSystem_Process: 5.960000 = 0.412000 + 4.031000 + 0.083000 + 1.392000 + 0.042000
08-13 10:34:49.203  1513  6645 I TobiiRT : [XR501-3946763130] [ThreadID=19f5] subscription_functionality.cpp(181) "Device unsubscribed from PRP_COMPOUND_STREAM_ENUM_WEARABLE_ADVANCED" in function "unsubscribe"
08-13 10:34:49.203  1513  6645 I TobiiRT : [XR501-3946763130] [ThreadID=19f5] compound_stream_stop.h(52) "Client 44039 successfully unsubscribed to stream PRP_COMPOUND_STREAM_ENUM_WEARABLE_ADVANCED" in function "command_handler_device"
08-13 10:34:49.203  4283  4423 D PerformanceService: handleMessage - isLow: false, lowMemForLmk: false
08-13 10:34:49.204  1513  6645 I TobiiRT : [XR501-3946763130] [ThreadID=19f5] subscription_functionality.cpp(181) "Device unsubscribed from PRP_STREAM_ENUM_WEARABLE_FOVEATED" in function "unsubscribe"
08-13 10:34:49.204  1513  6645 I TobiiRT : [XR501-3946763130] [ThreadID=19f5] stream_stop.h(48) "Client 44039 successfully unsubscribed to stream PRP_STREAM_ENUM_WEARABLE_FOVEATED" in function "command_handler_device"
08-13 10:34:49.206  2243  6042 D PowerManagerService: releaseWakeLockInternal: lock=107161732 [Scrims], flags=0x0, mOwnerUid:10059, mOwnerPid:2566
08-13 10:34:49.214  2243  6042 D PowerManagerService: releaseWakeLockInternal: lock=203865716 [Doze], flags=0x0, mOwnerUid:10059, mOwnerPid:2566
08-13 10:34:49.221  1513  6685 I CamX    : [CORE_CFG][HAL    ] camxchi.cpp:3168 ChiCloseCachedSensorHandles() Releasing resources for Logical CameraID: 11, PhysicalID: 5
08-13 10:34:49.221  1513  6685 I CamX    : [CORE_CFG][HAL    ] camxchi.cpp:3168 ChiCloseCachedSensorHandles() Releasing resources for Logical CameraID: 11, PhysicalID: 6
08-13 10:34:49.221  1513  6685 I CamX    : [CORE_CFG][HAL    ] camxhal3.cpp:892 close() HalOp: End CLOSE, logicalCameraId: 11, cameraId: 0
08-13 10:34:49.221  1513  6685 I CamX    : [CORE_CFG][HAL    ] camxthermalmanager.cpp:183 UnregisterHALDevice() Unregistered pHALDevice=0xb4000071909bf7a0 CameraId=11
08-13 10:34:49.221  1513  6685 I VSTMultiCamera3Device: stopCamera
08-13 10:34:49.221  1513  6685 I VSTMultiCamera3Device: destroy vst camera device
08-13 10:34:49.221  1513  6685 I CameraModule: close camera, type:vst
08-13 10:34:49.221  1513  6685 I CameraClientManager: set camera listen flag:0
08-13 10:34:49.221  1513  6685 I CameraClientManager: stop camera :2
08-13 10:34:49.226  2610  2760 I VstCameraDeviceImpl: stop vst camera
08-13 10:34:49.226  2610  2756 D VSTController.cpp: vst state changed[paused]
08-13 10:34:49.226  2610  2756 I VSTController.cpp: vstUpdateReason[[default off]:[presentedClient(com.yvr.spatialhome)open][SCREEN_OFF close]<out_visible:0>]
08-13 10:34:49.226  2610  2756 I rruntimeservice: boundaryUpdateReason guardianServiceClient mode:1
08-13 10:34:49.226  2610  2756 I rruntimeservice: boundaryUpdateReason[[default off]:{vstVisible:0}[presentedClient isSystemApp]<out_visible:0>]
08-13 10:34:49.226  2610  2760 D CameraManager: Camera stopped
08-13 10:34:49.227  1513  6685 I CameraClientManager: setParameter, name:update_screen_state
08-13 10:34:49.231  1513  1777 I         : 2.5.85: [ProcessVisualInertialOnce]: Send SLAM Img[606466036927],latest IMU[606460988786]
08-13 10:34:49.235  1513  6651 I TOBII_XR: tobii_xr_processing_callbacks.cpp(58) : processing_thread_func : Exiting processing thread.
08-13 10:34:49.236  1513  1778 I         : SLAM_ALG::pipeline # TrackingOnce long frame: 4.017000,0.828000,3.188000,606460988786
08-13 10:34:49.236  1513  6645 I TobiiRT : [XR501-3946763130] [ThreadID=19f5] device.cpp(125) "Client disconnected (id:44039)" in function "device_process_commands"
08-13 10:34:49.236  1513  2138 I TobiiRT : [PMM] [ThreadID=85a] pmm.cpp(464) "Stopping all IPC servers" in function "pmm_stop"
08-13 10:34:49.237  1513  6647 I TobiiRT : [XR501-3946763130] [ThreadID=19f7] server.cpp(603) "Process incoming data thread stopped" in function "process_incoming_data_proc"
08-13 10:34:49.237  1513  6648 I TobiiRT : [XR501-3946763130] [ThreadID=19f8] server.cpp(618) "Send command thread shutting down" in function "send_command_proc"
08-13 10:34:49.237  1513  1783 I         : MeshRecon # [timing] IN GenerateDepthMatFromMesh: 0.016000, 0.000000, 0.037000, 1.382000
08-13 10:34:49.237  1513  6649 I TobiiRT : [XR501-3946763130] [ThreadID=19f9] server.cpp(633) "Send subscription thread shutting down" in function "send_subscription_proc"
08-13 10:34:49.237  1513  1783 I         : MeshRecon # [timing] SceneDepthSystem_Process: 6.192000 = 0.374000 + 4.186000 + 0.089000 + 1.486000 + 0.057000
08-13 10:34:49.237  1513  6646 I TobiiRT : [XR501-3946763130] [ThreadID=19f6] request_processor.cpp(45) "subscription processor thread shutting down" in function "request_processor_thread_func"
08-13 10:34:49.237  1513  6645 I TobiiRT : [XR501-3946763130] [ThreadID=19f5] request_processor.cpp(45) "commands processor thread shutting down" in function "request_processor_thread_func"
08-13 10:34:49.238  1513  2138 D TobiiRT : [PLATMOD] [ThreadID=85a] pmm.cpp(363) "platform_module_xr5.cpp(500): "platmod xr5 stopped" in function "platmod_stop"" in function "operator()"
08-13 10:34:49.238  1513  6644 I TobiiRT : [MODULE] [ThreadID=19f4] module.cpp(278) "Device manager thread shutting down" in function "device_changes_processing_thread_proc"
08-13 10:34:49.239  1513  2138 I TobiiRT : [XR501-3946763130] [ThreadID=85a] server.cpp(1416) "Server shut down" in function "server_shutdown"
08-13 10:34:49.241  1513  2138 I trackingservice: vendor/qcom/proprietary/adsprpc/src/fastrpc_apps_user.c:1578: remote_handle_close: closed handle 0x2ad4ce80
08-13 10:34:49.241  1513  2138 I trackingservice: vendor/qcom/proprietary/adsprpc/src/fastrpc_apps_user.c:1617: remote_handle64_close: closed handle 0xb400007225e77390
08-13 10:34:49.241  1513  2138 D trackingservice: external/hexagon_sdk_v66/ipc/fastrpc/rpcmem/src/rpcmem_android.c:42:dummy call to rpcmem_deinit, rpcmem APIs will be used from libxdsprpc
08-13 10:34:49.241  1513  2138 I InputDeviceManager: update eyetracking state, screen: 0, tracking: 1
08-13 10:34:49.241  1513  2138 I InputDeviceManager: [HAND] AM_Handle tracking:1 hand_switch:0 LController(0:0) RController(0:0), ButtonTouch(0:0), controller_tracking:0, hand_tracking:0, force controller tracking: -1, support hand tracking: 1
08-13 10:34:49.242  1513  2138 I TrackingManagerService: switch inputDevice 0, mCurrentInputDevice 7
08-13 10:34:49.242  1513  2138 I ControllerTrackingModule: stop controller tracking
08-13 10:34:49.242  1513  2138 I ControllerTrackingModule: setTrackingState: 3, enable: 0
08-13 10:34:49.242  1513  2138 I DataSetModule: SPAIRING [vrlink] stop controller imu
08-13 10:34:49.242  1513  2138 I HandTrackingModule: [hand] stop hand tracking, id: 0x301
08-13 10:34:49.245  1513  1713 I DataSetModule: mcu log: [log_level:1 msg:controller imu xfer flag: 0]
08-13 10:34:49.252  2243  2355 D YvrRuntimeService: handleMessage - GET_SCREEN_OFF, sMount: true, pSensorEnable: true
08-13 10:34:49.253  2243  2355 D YvrRuntimeService: sendMessageGotoSleep sBootCompleted: true, screenOffTime: 10000, isScreenOn: false
08-13 10:34:49.253  2243  2355 D YvrRuntimeService: sendMessageGotoSleep screenOffTime: 1000
08-13 10:34:49.264  1513  1710 I DataMonitor: (cam_dl):[dur: avg:16.57, min:16.66, max:16.67)] [lat: avg:5.69, min:3.24, max:9.31], miss(0) total:181
08-13 10:34:49.264  1513  1710 I DataMonitor: (cam_ul):[dur: avg:16.57, min:16.66, max:16.67)] [lat: avg:5.70, min:3.22, max:9.57], miss(0) total:181
08-13 10:34:49.264  1513  1710 I DataMonitor: (cam_ur):[dur: avg:16.57, min:16.66, max:16.67)] [lat: avg:5.74, min:3.23, max:10.65], miss(0) total:181
08-13 10:34:49.264  1513  1710 I DataMonitor: (cam_dr):[dur: avg:16.57, min:16.66, max:16.67)] [lat: avg:5.78, min:3.25, max:9.95], miss(0) total:181
08-13 10:34:49.264  1513  1710 I DataMonitor: (cam_auxl):[dur: avg:16.57, min:16.67, max:16.67)] [lat: avg:5.36, min:3.29, max:7.75], miss(0) total:180
08-13 10:34:49.264  1513  1710 I DataMonitor: (cam_auxr):[dur: avg:16.57, min:16.67, max:16.67)] [lat: avg:5.37, min:3.27, max:8.14], miss(0) total:180
08-13 10:34:49.264  1513  1710 I DataMonitor: (cam_lvst):[dur: avg:13.82, min:13.89, max:14.14)] [lat: avg:11.15, min:10.99, max:12.22], miss(0) total:208
08-13 10:34:49.264  1513  1710 I DataMonitor: (cam_rvst):[dur: avg:13.82, min:13.89, max:14.14)] [lat: avg:11.14, min:10.98, max:12.15], miss(0) total:208
08-13 10:34:49.264  1513  1710 I DataMonitor: (cam_let):[dur: avg:11.12, min:11.16, max:11.16)] [lat: avg:2.84, min:2.62, max:7.21], miss(0) total:258
08-13 10:34:49.264  1513  1710 I DataMonitor: (cam_ret):[dur: avg:11.12, min:11.16, max:11.16)] [lat: avg:2.91, min:2.63, max:7.62], miss(0) total:258
08-13 10:34:49.264  1513  1710 I DataMonitor: (cam_tof):[dur: avg:32.96, min:33.33, max:33.33)] [lat: avg:24.75, min:23.87, max:28.12], miss(0) total:90
08-13 10:34:49.265  1513  1710 I DataMonitor: (imu_hmd):[dur: avg:0.98, min:0.98, max:0.98)] [lat: avg:0.70, min:0.23, max:1.65], miss(0) total:3072
08-13 10:34:49.265  1513  1710 I DataMonitor: (slam):[lat: avg:4.96, min:3.92, max:5.68], [ql: 0 0.000000] total:3072
08-13 10:34:49.265  1513  1710 I DataMonitor: (eye_pose):[lat: avg:6.70, min:5.22, max:20.64], [ql: 0 0.000000] total:258
08-13 10:34:49.265  1186  6720 I sensors-hal: handle_indication_realtime:467,  SCHED_FIFO(10) for qmi_cbk
08-13 10:34:49.265  1513  1777 I         : 2.5.85: [ProcessVisualInertialOnce]: Send SLAM Img[606499243750],latest IMU[606494321612]
08-13 10:34:49.270  1513  1778 I         : SLAM_ALG::pipeline # TrackingOnce long frame: 5.161000,1.020000,4.141000,606494321612
08-13 10:34:49.271  1513  1783 I         : MeshRecon # [timing] IN GenerateDepthMatFromMesh: 0.020000, 0.000000, 0.041000, 1.385000
08-13 10:34:49.271  1513  1783 I         : MeshRecon # [timing] SceneDepthSystem_Process: 7.059000 = 0.404000 + 4.992000 + 0.114000 + 1.500000 + 0.049000
08-13 10:34:49.298  1513  1777 I         : 2.5.85: [ProcessVisualInertialOnce]: Send SLAM Img[606532450312],latest IMU[606527654424]
08-13 10:34:49.303  1513  1784 I         : MeshRecon # [timing] SUM:46.546001, Prep:0.007000,Rect:1.733000,BBox:1.197000,Depth:35.705002,Filter:0.551000,Insert:7.353000,Update:0.000000,CB:0.000000,Floor:0.000000,Boundary:0.000000,NearObj:0.000000,Room1:0.000000,Room2:0.000000
08-13 10:34:49.303  1513  1784 I         : MeshRecon # FloorDetector fail since no enough valid point existed
08-13 10:34:49.303  1513  1784 I         : MeshRecon # [ERROR] floor detection failed! successful: 0 value: 999.000000 relative: -999.069153
08-13 10:34:49.303  1513  1784 W MeshTrackingModule: [Spatial] invalid floor level: 999.000000
08-13 10:34:49.303  1513  1784 I         : MeshRecon # [timing] DetectFloor: 0.018000 + 0.035000 + 0.088000 = 0.141000
08-13 10:34:49.304  1513  1778 I         : SLAM_ALG::pipeline # TrackingOnce long frame: 6.312000,0.996000,5.316000,606527654423
08-13 10:34:49.304  1513  1783 I         : MeshRecon # [timing] IN GenerateDepthMatFromMesh: 0.018000, 0.001000, 0.040000, 1.324000
08-13 10:34:49.304  1513  1783 I         : MeshRecon # [timing] SceneDepthSystem_Process: 6.712000 = 0.479000 + 4.693000 + 0.092000 + 1.408000 + 0.040000
08-13 10:34:49.331  1513  5085 I         : 2.5.85: [ProcessVisualInertialOnce]: Send SLAM Img[606565656927],latest IMU[606560987250]
08-13 10:34:49.336  1513  1778 I         : SLAM_ALG::pipeline # TrackingOnce long frame: 3.696000,1.272000,2.424000,606560987250
08-13 10:34:49.338  1513  1783 I         : MeshRecon # [timing] IN GenerateDepthMatFromMesh: 0.020000, 0.000000, 0.035000, 1.295000
08-13 10:34:49.338  1513  1783 I         : MeshRecon # [timing] SceneDepthSystem_Process: 6.605000 = 0.492000 + 4.593000 + 0.099000 + 1.392000 + 0.029000
08-13 10:34:49.356  1513  1784 I         : MeshRecon # DetectNearObj result: xyz (-0.050000, 0.150000, -0.626675), dist 0.542222
08-13 10:34:49.356  1513  1784 I         : MeshRecon # [timing] DetectNearObj: 0.015000 + 0.006000 + 0.340000 = 0.361000
08-13 10:34:49.357  3537  3765 I FOO     : [SystemUX] onNearestObjectUpdate 0.542222
08-13 10:34:49.364  1513  1783 I         : 2.5.85: [WARNING] SceneDepthProcessOnce InterpolatePose failed! prePose ts 606594286009, nextPose ts 606594286009, avg_ts 606594320074
08-13 10:34:49.364  1513  1777 I         : 2.5.85: [ProcessVisualInertialOnce]: Send SLAM Img[606598863697],latest IMU[606594320075]
08-13 10:34:49.369  1513  1778 I         : SLAM_ALG::pipeline # TrackingOnce long frame: 4.248000,1.000000,3.248000,606594320075
08-13 10:34:49.370  1513  1783 I         : MeshRecon # [timing] IN GenerateDepthMatFromMesh: 0.017000, 0.000000, 0.033000, 1.441000
08-13 10:34:49.370  1513  1783 I         : MeshRecon # [timing] SceneDepthSystem_Process: 6.248000 = 0.418000 + 4.169000 + 0.080000 + 1.529000 + 0.052000
08-13 10:34:49.373  1513  6672 I         : SLAM_ALG: mapping UpdateAlignMapTransformInfo t_error: 0.003, r_error: 0.22
08-13 10:34:49.376  1513  6672 I         : SLAM_ALG: mapping Twb_cur_int in pipeline: 606527654423, -0.0780, 0.0028, 0.0318, 0.6940, 0.6957, -0.0948, -0.1593
08-13 10:34:49.376  1513  6672 I         : SLAM_ALG: mapping Twb_cur_ext in pipeline: 606527654423, -0.0649, 0.0130, 0.0061, 0.6919, 0.6971, -0.0885, -0.1657
08-13 10:34:49.376  1513  6672 I         : SLAM_ALG: mapping Merged Maps Num: 9
08-13 10:34:49.376  1513  6672 I         : SLAM_ALG: mapping ---- Map id: 0, frames num: 10, transform: 0 - 0, 0.0000, 0.0000, 0.0000, 0.0000, 0.0000, 0.0000, 1.0000
08-13 10:34:49.376  1513  6672 I         : SLAM_ALG: mapping ---- Map id: 22, frames num: 130, transform: 22 - 0, 0.0126, 0.0330, 0.0198, 0.0234, 0.0026, 0.0016, 0.9997
08-13 10:34:49.376  1513  6672 I         : SLAM_ALG: mapping ---- Map id: 24, frames num: 13, transform: 24 - 0, 0.0504, -0.0102, 0.0125, -0.2222, 0.0022, 0.0004, 0.9750
08-13 10:34:49.376  1513  6672 I         : SLAM_ALG: mapping ---- Map id: 46, frames num: 3, transform: 46 - 0, 0.0507, 0.0502, -0.0933, 0.0136, 0.0046, 0.0029, 0.9999
08-13 10:34:49.376  1513  6672 I         : SLAM_ALG: mapping ---- Map id: 47, frames num: 106, transform: 47 - 0, 0.0354, 0.1158, -0.1375, 0.0709, 0.0069, 0.0053, 0.9974
08-13 10:34:49.376  1513  6672 I         : SLAM_ALG: mapping ---- Map id: 48, frames num: 0, transform: 48 - 0, 0.0102, 0.0466, -0.0616, 0.0634, 0.0051, 0.0024, 0.9980
08-13 10:34:49.376  1513  6672 I         : SLAM_ALG: mapping ---- Map id: 49, frames num: 0, transform: 49 - 0, 0.0042, 0.0279, -0.0583, 0.0046, 0.0108, 0.0036, 0.9999
08-13 10:34:49.376  1513  6672 I         : SLAM_ALG: mapping ---- Map id: 50, frames num: 11, transform: 50 - 0, 0.0128, 0.0150, -0.0621, 0.0179, 0.0161, 0.0048, 0.9997
08-13 10:34:49.376  1513  6672 I         : SLAM_ALG: mapping ---- Map id: 51, frames num: 13, transform: 51 - 0, 0.0174, 0.0110, -0.0302, 0.0097, 0.0049, 0.0016, 0.9999
08-13 10:34:49.376  1513  6672 I         : SLAM_ALG: mapping Mapping Map 0, local anchors num: 0
08-13 10:34:49.376  1513  6672 I         : SLAM_ALG: mapping [MEMORY] kfs num: 286/286, nfs num: 0/0, cams num: 644/644, feats num: 43812/43812, meas num: 42741/42741, mpts num: 7946/7946
08-13 10:34:49.376  1513  6672 I         : SLAM_ALG: mapping [TIME] ProcessKeyFrame: 71.12, 47.23, 11.13, 7.07, 2.79, 0.00, 0.06, 2.83, 606527654423
08-13 10:34:49.397  1513  1783 I         : 2.5.85: [WARNING] SceneDepthProcessOnce InterpolatePose failed! prePose ts 606627492571, nextPose ts 606627492571, avg_ts 606627652914
08-13 10:34:49.398  1513  1777 I         : 2.5.85: [ProcessVisualInertialOnce]: Send SLAM Img[606633046927],latest IMU[606627652901]
08-13 10:34:49.401  1513  1778 I         : SLAM_ALG::pipeline # TrackingOnce long frame: 3.172000,0.881000,2.291000,606627652901
08-13 10:34:49.404  1513  1783 I         : MeshRecon # [timing] IN GenerateDepthMatFromMesh: 0.024000, 0.000000, 0.048000, 1.377000
08-13 10:34:49.404  1513  1783 I         : MeshRecon # [timing] SceneDepthSystem_Process: 6.557000 = 0.441000 + 4.262000 + 0.097000 + 1.664000 + 0.093000
08-13 10:34:49.432  1513  1777 I         : 2.5.85: [ProcessVisualInertialOnce]: Send SLAM Img[606666253750],latest IMU[606660985713]
08-13 10:34:49.437  1513  1778 I         : SLAM_ALG::pipeline # TrackingOnce long frame: 5.360000,1.475000,3.884000,606660985713
08-13 10:34:49.438  1513  1783 I         : MeshRecon # [timing] IN GenerateDepthMatFromMesh: 0.028000, 0.000000, 0.083000, 1.419000
08-13 10:34:49.438  1513  1783 I         : MeshRecon # [timing] SceneDepthSystem_Process: 7.050000 = 0.488000 + 4.748000 + 0.096000 + 1.606000 + 0.112000
08-13 10:34:49.459  1513  1784 I         : MeshRecon # Object [1] is completely outside image bounds, skipping
08-13 10:34:49.464  1513  5085 I         : 2.5.85: [ProcessVisualInertialOnce]: Send SLAM Img[606699460312],latest IMU[606694318539]
08-13 10:34:49.471  1513  1778 I         : SLAM_ALG::pipeline # TrackingOnce long frame: 5.894000,1.482000,4.412000,606694318539
08-13 10:34:49.472  1513  1783 I         : MeshRecon # [timing] IN GenerateDepthMatFromMesh: 0.022000, 0.000000, 0.039000, 1.417000
08-13 10:34:49.472  1513  1783 I         : MeshRecon # [timing] SceneDepthSystem_Process: 7.271000 = 0.525000 + 5.055000 + 0.092000 + 1.538000 + 0.061000
08-13 10:34:49.472  2243  2243 D YvrRuntimeService: onSensorChanged - sMount: true, pSensorEnable: true, vrWakeUpEnable: true distance: 0.0 mProximityThreshold:1.0
08-13 10:34:49.472  2243  2243 D WPEvent_Framework: log 40, PSensor, mount, vrWakeUpEnable: true, distance: 0.0, mProximityThreshold: 1.0, pSensorEnable: true
08-13 10:34:49.473  2243  2243 D WPEvent_Framework: check com.yvr.wpevent.service.IWPEvent$Stub$Proxy@89313a7
08-13 10:34:49.473  4198  4198 I MyDataService: Psensor status=true
08-13 10:34:49.473  2610  2610 I rruntimeservice: Mount state changed to (1)
08-13 10:34:49.474  3537  3760 D VrGuardianService: onMountStatusChange: true
08-13 10:34:49.474  2243  6042 D PowerManagerService: releaseWakeLockInternal: lock=111393460 [com.yvr.boxmanager:partial_lock], flags=0x0, mOwnerUid:1000, mOwnerPid:4151
08-13 10:34:49.474  4027  4027 D ToBServiceBinder: onReceive com.yvr.intent.action.MOUNT_STATE_CHANGED
08-13 10:34:49.474  4027  4027 D ToBServiceBinder: onReceive -- isDeviceMounted: true
08-13 10:34:49.475  2243  6042 D PowerManagerService: acquireWakeLockInternal: lock=111393460, flags=0x1, tag="com.yvr.boxmanager:partial_lock", ws=null, uid=1000, pid=4151
08-13 10:34:49.475  4151  4151 D BoxService: onReceive com.yvr.intent.action.MOUNT_STATE_CHANGED
08-13 10:34:49.498  1513  1777 I         : 2.5.85: [ProcessVisualInertialOnce]: Send SLAM Img[606732667135],latest IMU[606727651351]
08-13 10:34:49.502  1513  1778 I         : SLAM_ALG::pipeline # TrackingOnce long frame: 4.136000,0.886000,3.250000,606727651351
08-13 10:34:49.503  1513  1784 E MeshTrackingModule: [Spatial] on block update, count: 15
08-13 10:34:49.504  1513  1783 I         : MeshRecon # [timing] IN GenerateDepthMatFromMesh: 0.020000, 0.000000, 0.042000, 1.345000
08-13 10:34:49.504  1513  1783 I         : MeshRecon # [timing] SceneDepthSystem_Process: 6.892999 = 0.516000 + 4.732000 + 0.108000 + 1.477000 + 0.060000
08-13 10:34:49.508  1513  1784 I         : MeshRecon # Callback updated 15 blocks at map_id 47!
08-13 10:34:49.508  1513  1784 I         : MeshRecon # [timing] SUM:51.549999, Prep:0.005000,Rect:1.766000,BBox:1.322000,Depth:33.430000,Filter:0.586000,Insert:5.249000,Update:4.170000,CB:5.018000,Floor:0.001000,Boundary:0.001000,NearObj:0.001000,Room1:0.000000,Room2:0.001000
08-13 10:34:49.508  1513  1784 I         : MeshRecon # [cur update] chunk num: 15, vtx num: 180, idx num: 552;  [max update] chunk num: 97, vtx num: 4687, idx num: 18291;  [all] chunk num: 52, vtx num: 1205, idx num: 4107
08-13 10:34:49.508  1513  1784 I         : CalculateBBox_QNN            -> min:0.934, max:5.289, avg:1.381 ms, sum:1.95579 s
08-13 10:34:49.508  1513  1784 I         : CalculateDepth               -> min:30.39, max:53.21, avg:35.58 ms, sum:50.3924 s
08-13 10:34:49.508  1513  1784 I         : CalculateDepthStereo_CNN     -> min:15.30, max:31.77, avg:17.26 ms, sum:24.4440 s
08-13 10:34:49.508  1513  1784 I         : CalculateDepthToF_CNN        -> min:12.74, max:30.79, avg:16.45 ms, sum:23.3050 s
08-13 10:34:49.508  1513  1784 I         : CalculateDepthToF_ToFMask    -> min:0.044, max:0.734, avg:0.065 ms, sum:0.09210 s
08-13 10:34:49.508  1513  1784 I         : CallbackBlockUpdateEvent     -> min:2.831, max:9.289, avg:5.118 ms, sum:2.42114 s
08-13 10:34:49.508  1513  1784 I         : DetectFloor                  -> min:0.088, max:1.212, avg:0.245 ms, sum:0.06788 s
08-13 10:34:49.508  1513  1784 I         : DetectNearObj                -> min:0.004, max:3.782, avg:0.317 ms, sum:0.38030 s
08-13 10:34:49.508  1513  1784 I         : FilterDepth                  -> min:0.140, max:7.249, avg:1.184 ms, sum:1.66832 s
08-13 10:34:49.508  1513  1784 I         : InsertData                   -> min:4.666, max:16.54, avg:8.744 ms, sum:12.3119 s
08-13 10:34:49.508  1513  1784 I         : Rectification                -> min:1.342, max:4.288, avg:1.730 ms, sum:2.44992 s
08-13 10:34:49.508  1513  1784 I         : TrackingBBox                 -> min:0.005, max:0.339, avg:0.013 ms, sum:0.01876 s
08-13 10:34:49.508  1513  1784 I         : UpdateMesh                   -> min:1.155, max:40.21, avg:16.33 ms, sum:7.72496 s
08-13 10:34:49.508  1513  1784 I         : 
08-13 10:34:49.532  1513  5085 I         : 2.5.85: [ProcessVisualInertialOnce]: Send SLAM Img[606765873697],latest IMU[606760984177]
08-13 10:34:49.536  1513  1778 I         : SLAM_ALG::pipeline # TrackingOnce long frame: 4.579000,1.737000,2.842000,606760984177
08-13 10:34:49.538  1513  1783 I         : MeshRecon # [timing] IN GenerateDepthMatFromMesh: 0.038000, 0.000000, 0.071000, 1.428000
08-13 10:34:49.539  1513  1783 I         : MeshRecon # [timing] SceneDepthSystem_Process: 7.118001 = 0.564000 + 4.603000 + 0.097000 + 1.695000 + 0.159000
08-13 10:34:49.565  1513  1777 I         : 2.5.85: [ProcessVisualInertialOnce]: Send SLAM Img[606799080312],latest IMU[606794317003]
08-13 10:34:49.569  1513  1778 I         : SLAM_ALG::pipeline # TrackingOnce long frame: 4.365000,1.065000,3.300000,606794317003
08-13 10:34:49.571  1513  1783 I         : MeshRecon # [timing] IN GenerateDepthMatFromMesh: 0.028000, 0.000000, 0.052000, 1.422000
08-13 10:34:49.571  1513  1783 I         : MeshRecon # [timing] SceneDepthSystem_Process: 6.556000 = 0.482000 + 4.366000 + 0.096000 + 1.548000 + 0.064000
08-13 10:34:49.589  1513  1784 I         : MeshRecon # DetectNearObj result: xyz (-0.050000, 0.150000, -0.626675), dist 0.532141
08-13 10:34:49.590  1513  1784 I         : MeshRecon # [timing] DetectNearObj: 0.016000 + 0.006000 + 0.360000 = 0.382000
08-13 10:34:49.591  3537  3765 I FOO     : [SystemUX] onNearestObjectUpdate 0.532141
08-13 10:34:49.598  1513  1777 I         : 2.5.85: [ProcessVisualInertialOnce]: Send SLAM Img[606832287135],latest IMU[606827649841]
08-13 10:34:49.601  1513  1778 I         : SLAM_ALG::pipeline # TrackingOnce long frame: 3.039000,0.865000,2.174000,606827649841
08-13 10:34:49.604  1513  1783 I         : MeshRecon # [timing] IN GenerateDepthMatFromMesh: 0.019000, 0.000000, 0.038000, 1.304000
08-13 10:34:49.604  1513  1783 I         : MeshRecon # [timing] SceneDepthSystem_Process: 6.214000 = 0.479000 + 4.217000 + 0.090000 + 1.400000 + 0.028000
08-13 10:34:49.631  1513  5085 I         : 2.5.85: [ProcessVisualInertialOnce]: Send SLAM Img[606865493697],latest IMU[606860982628]
08-13 10:34:49.637  1513  1783 I         : MeshRecon # [timing] IN GenerateDepthMatFromMesh: 0.021000, 0.000000, 0.036000, 1.253000
08-13 10:34:49.638  1513  1783 I         : MeshRecon # [timing] SceneDepthSystem_Process: 6.299000 = 0.438000 + 4.306000 + 0.093000 + 1.380000 + 0.082000
08-13 10:34:49.638  1513  1778 I         : SLAM_ALG::pipeline # TrackingOnce long frame: 6.487000,1.025000,5.461000,606860982628
08-13 10:34:49.664  1513  1783 I         : 2.5.85: [WARNING] SceneDepthProcessOnce InterpolatePose failed! prePose ts 606894122571, nextPose ts 606894122571, avg_ts 606894315440
08-13 10:34:49.665  1513  1777 I         : 2.5.85: [ProcessVisualInertialOnce]: Send SLAM Img[606899676875],latest IMU[606894315466]
08-13 10:34:49.668  1513  1778 I         : SLAM_ALG::pipeline # TrackingOnce long frame: 3.074000,0.808000,2.265000,606894315466
08-13 10:34:49.671  1513  1783 I         : MeshRecon # [timing] IN GenerateDepthMatFromMesh: 0.025000, 0.000000, 0.043000, 1.343000
08-13 10:34:49.671  1513  1783 I         : MeshRecon # [timing] SceneDepthSystem_Process: 6.854000 = 0.409000 + 4.864000 + 0.093000 + 1.453000 + 0.035000
08-13 10:34:49.699  1513  1777 I         : 2.5.85: [ProcessVisualInertialOnce]: Send SLAM Img[606932883750],latest IMU[606927648279]
08-13 10:34:49.702  1513  1784 I         : MeshRecon # [timing] SUM:44.716000, Prep:0.006000,Rect:1.703000,BBox:1.047000,Depth:34.203999,Filter:0.619000,Insert:7.136000,Update:0.000000,CB:0.000000,Floor:0.000000,Boundary:0.000000,NearObj:0.001000,Room1:0.000000,Room2:0.000000
08-13 10:34:49.703  1513  1778 I         : SLAM_ALG::pipeline # TrackingOnce long frame: 4.248000,0.925000,3.322000,606927648279
08-13 10:34:49.704  1513  1783 I         : MeshRecon # [timing] IN GenerateDepthMatFromMesh: 0.022000, 0.000000, 0.038000, 1.320000
08-13 10:34:49.705  1513  1783 I         : MeshRecon # [timing] SceneDepthSystem_Process: 6.755001 = 0.433000 + 4.774000 + 0.092000 + 1.419000 + 0.037000
08-13 10:34:49.732  1513  1777 I         : 2.5.85: [ProcessVisualInertialOnce]: Send SLAM Img[606966090312],latest IMU[606960865104]
08-13 10:34:49.736  1513  1778 I         : SLAM_ALG::pipeline # TrackingOnce long frame: 4.275000,1.215000,3.059000,606960865104
08-13 10:34:49.738  1513  1783 I         : MeshRecon # [timing] IN GenerateDepthMatFromMesh: 0.034000, 0.000000, 0.058000, 1.392000
08-13 10:34:49.738  1513  1783 I         : MeshRecon # [timing] SceneDepthSystem_Process: 7.228000 = 0.515000 + 4.870000 + 0.112000 + 1.610000 + 0.121000
08-13 10:34:49.765  1513  1777 I         : 2.5.85: [ProcessVisualInertialOnce]: Send SLAM Img[606999297135],latest IMU[606994147406]
08-13 10:34:49.770  1513  1778 I         : SLAM_ALG::pipeline # TrackingOnce long frame: 4.825000,1.529000,3.296000,606994147406
08-13 10:34:49.771  1513  1783 I         : MeshRecon # [timing] IN GenerateDepthMatFromMesh: 0.020000, 0.001000, 0.039000, 1.433000
08-13 10:34:49.771  1513  1783 I         : MeshRecon # [timing] SceneDepthSystem_Process: 6.746000 = 0.552000 + 4.460000 + 0.097000 + 1.556000 + 0.081000
08-13 10:34:49.793  1513  6643 I VrlinkDataSource: timeSync.ts:607028482171, offset:7968
08-13 10:34:49.798  1513  5085 I         : 2.5.85: [ProcessVisualInertialOnce]: Send SLAM Img[607032503750],latest IMU[607027530742]
08-13 10:34:49.804  1513  1778 I         : SLAM_ALG::pipeline # TrackingOnce long frame: 5.543000,1.283000,4.260000,607027530742
08-13 10:34:49.805  1513  1783 I         : MeshRecon # [timing] IN GenerateDepthMatFromMesh: 0.025000, 0.000000, 0.045000, 1.339000
08-13 10:34:49.805  1513  1783 I         : MeshRecon # [timing] SceneDepthSystem_Process: 6.638000 = 0.527000 + 4.470000 + 0.096000 + 1.459000 + 0.086000
08-13 10:34:49.823  1513  1784 I         : MeshRecon # DetectNearObj result: xyz (-0.050000, 0.150000, -0.626675), dist 0.533861
08-13 10:34:49.823  1513  1784 I         : MeshRecon # [timing] DetectNearObj: 0.017000 + 0.006000 + 0.289000 = 0.312000
08-13 10:34:49.824  3537  3765 I FOO     : [SystemUX] onNearestObjectUpdate 0.533861
08-13 10:34:49.827  1269  1888 D audioserver: FGS Logger Transaction failed
08-13 10:34:49.827  1269  1888 D audioserver: -129
08-13 10:34:49.831  1513  1777 I         : 2.5.85: [ProcessVisualInertialOnce]: Send SLAM Img[607065710312],latest IMU[607060863568]
08-13 10:34:49.837  1513  1783 I         : MeshRecon # [timing] IN GenerateDepthMatFromMesh: 0.017000, 0.000000, 0.036000, 1.240000
08-13 10:34:49.837  1513  1783 I         : MeshRecon # [timing] SceneDepthSystem_Process: 6.008000 = 0.434000 + 4.120000 + 0.085000 + 1.344000 + 0.025000
08-13 10:34:49.837  1513  1778 I         : SLAM_ALG::pipeline # TrackingOnce long frame: 6.143000,0.758000,5.385000,607060863568
08-13 10:34:49.856  1176  1304 D AHAL: AudioStream: out_update_source_metadata_v7: 1070: track count is 0 for usecase(1: low-latency-playback)
08-13 10:34:49.864  1513  5085 I         : 2.5.85: [ProcessVisualInertialOnce]: Send SLAM Img[607098917135],latest IMU[607094196393]
08-13 10:34:49.868  1513  1778 I         : SLAM_ALG::pipeline # TrackingOnce long frame: 3.789000,1.078000,2.711000,607094196393
08-13 10:34:49.871  1513  1783 I         : MeshRecon # [timing] IN GenerateDepthMatFromMesh: 0.019000, 0.000000, 0.037000, 1.234000
08-13 10:34:49.871  1513  1783 I         : MeshRecon # [timing] SceneDepthSystem_Process: 6.793000 = 0.488000 + 4.842000 + 0.092000 + 1.338000 + 0.033000
08-13 10:34:49.879  2243  2648 D PowerManagerService: releaseWakeLockInternal: lock=74390690 [Doze:KeyguardIndication], flags=0x0, mOwnerUid:10059, mOwnerPid:2566
08-13 10:34:49.898  1513  5085 I         : 2.5.85: [ProcessVisualInertialOnce]: Send SLAM Img[607132123697],latest IMU[607127529206]
08-13 10:34:49.903  1513  1778 I         : SLAM_ALG::pipeline # TrackingOnce long frame: 4.396000,0.994000,3.402000,607127529206
08-13 10:34:49.905  1513  1783 I         : MeshRecon # [timing] IN GenerateDepthMatFromMesh: 0.026000, 0.000000, 0.066000, 1.329000
08-13 10:34:49.905  1513  1783 I         : MeshRecon # [timing] SceneDepthSystem_Process: 7.084000 = 0.418000 + 5.030000 + 0.095000 + 1.489000 + 0.052000
08-13 10:34:49.907  1513  1784 I         : MeshRecon # [timing] SUM:51.255997, Prep:0.004000,Rect:1.716000,BBox:1.030000,Depth:38.980000,Filter:1.550000,Insert:7.975000,Update:0.000000,CB:0.000000,Floor:0.001000,Boundary:0.000000,NearObj:0.000000,Room1:0.000000,Room2:0.000000
08-13 10:34:49.923  1513  6672 I         : SLAM_ALG: mapping UpdateAlignMapTransformInfo t_error: 0.004, r_error: 0.23
08-13 10:34:49.926  1513  6672 I         : SLAM_ALG: mapping Twb_cur_int in pipeline: 607060863568, -0.0716, -0.0098, 0.0251, 0.6905, 0.7044, -0.1128, -0.1194
08-13 10:34:49.926  1513  6672 I         : SLAM_ALG: mapping Twb_cur_ext in pipeline: 607060863568, -0.0586, 0.0001, -0.0006, 0.6888, 0.7060, -0.1062, -0.1258
08-13 10:34:49.926  1513  6672 I         : SLAM_ALG: mapping Merged Maps Num: 9
08-13 10:34:49.926  1513  6672 I         : SLAM_ALG: mapping ---- Map id: 0, frames num: 10, transform: 0 - 0, 0.0000, 0.0000, 0.0000, 0.0000, 0.0000, 0.0000, 1.0000
08-13 10:34:49.926  1513  6672 I         : SLAM_ALG: mapping ---- Map id: 22, frames num: 130, transform: 22 - 0, 0.0126, 0.0330, 0.0198, 0.0234, 0.0026, 0.0016, 0.9997
08-13 10:34:49.926  1513  6672 I         : SLAM_ALG: mapping ---- Map id: 24, frames num: 13, transform: 24 - 0, 0.0504, -0.0102, 0.0125, -0.2222, 0.0022, 0.0004, 0.9750
08-13 10:34:49.926  1513  6672 I         : SLAM_ALG: mapping ---- Map id: 46, frames num: 3, transform: 46 - 0, 0.0507, 0.0502, -0.0933, 0.0136, 0.0046, 0.0029, 0.9999
08-13 10:34:49.926  1513  6672 I         : SLAM_ALG: mapping ---- Map id: 47, frames num: 106, transform: 47 - 0, 0.0354, 0.1158, -0.1375, 0.0709, 0.0069, 0.0053, 0.9974
08-13 10:34:49.926  1513  6672 I         : SLAM_ALG: mapping ---- Map id: 48, frames num: 0, transform: 48 - 0, 0.0102, 0.0466, -0.0616, 0.0634, 0.0051, 0.0024, 0.9980
08-13 10:34:49.926  1513  6672 I         : SLAM_ALG: mapping ---- Map id: 49, frames num: 0, transform: 49 - 0, 0.0042, 0.0279, -0.0583, 0.0046, 0.0108, 0.0036, 0.9999
