08-13 10:34:46.472  1513  1783 I         : MeshRecon # [timing] IN GenerateDepthMatFromMesh: 0.021000, 0.000000, 0.043000, 1.341000
08-13 10:34:46.472  1513  1783 I         : MeshRecon # [timing] SceneDepthSystem_Process: 7.079000 = 0.496000 + 5.011000 + 0.088000 + 1.442000 + 0.042000
08-13 10:34:46.486  1513  2150 D FanController: Set fan1 speed level to 31
08-13 10:34:46.487  1513  2151 D FanController: Set fan2 speed level to 34
08-13 10:34:46.498  1513  1777 I         : 2.5.85: [ProcessVisualInertialOnce]: Send SLAM Img[603732346875],latest IMU[603727697497]
08-13 10:34:46.503  1513  1778 I         : SLAM_ALG::pipeline # TrackingOnce long frame: 4.456000,0.925000,3.531000,603727697497
08-13 10:34:46.504  1513  1783 I         : MeshRecon # [timing] IN GenerateDepthMatFromMesh: 0.015000, 0.000000, 0.031000, 1.137000
08-13 10:34:46.505  1513  1783 I         : MeshRecon # [timing] SceneDepthSystem_Process: 6.701000 = 0.515000 + 4.865000 + 0.076000 + 1.221000 + 0.024000
08-13 10:34:46.507  1513  1784 E MeshTrackingModule: [Spatial] on block update, count: 16
08-13 10:34:46.511  1513  1784 I         : MeshRecon # Callback updated 16 blocks at map_id 47!
08-13 10:34:46.512  1513  1784 I         : MeshRecon # [timing] SUM:55.417999, Prep:0.004000,Rect:1.520000,BBox:1.228000,Depth:35.828999,Filter:0.601000,Insert:9.705000,Update:2.384000,CB:4.146000,Floor:0.001000,Boundary:0.000000,NearObj:0.000000,Room1:0.000000,Room2:0.000000
08-13 10:34:46.512  1513  1784 I         : MeshRecon # [cur update] chunk num: 16, vtx num: 157, idx num: 486;  [max update] chunk num: 97, vtx num: 4687, idx num: 18291;  [all] chunk num: 52, vtx num: 1224, idx num: 4161
08-13 10:34:46.512  1513  1784 I         : CalculateBBox_QNN            -> min:0.934, max:5.289, avg:1.381 ms, sum:1.93612 s
08-13 10:34:46.512  1513  1784 I         : CalculateDepth               -> min:30.39, max:53.21, avg:35.56 ms, sum:49.8297 s
08-13 10:34:46.512  1513  1784 I         : CalculateDepthStereo_CNN     -> min:15.30, max:31.77, avg:17.24 ms, sum:24.1633 s
08-13 10:34:46.512  1513  1784 I         : CalculateDepthToF_CNN        -> min:12.74, max:30.79, avg:16.45 ms, sum:23.0546 s
08-13 10:34:46.512  1513  1784 I         : CalculateDepthToF_ToFMask    -> min:0.044, max:0.734, avg:0.065 ms, sum:0.09119 s
08-13 10:34:46.512  1513  1784 I         : CallbackBlockUpdateEvent     -> min:2.831, max:9.289, avg:5.125 ms, sum:2.39859 s
08-13 10:34:46.512  1513  1784 I         : DetectFloor                  -> min:0.088, max:1.212, avg:0.246 ms, sum:0.06739 s
08-13 10:34:46.512  1513  1784 I         : DetectNearObj                -> min:0.004, max:3.782, avg:0.316 ms, sum:0.37497 s
08-13 10:34:46.512  1513  1784 I         : FilterDepth                  -> min:0.140, max:7.249, avg:1.190 ms, sum:1.65792 s
08-13 10:34:46.512  1513  1784 I         : InsertData                   -> min:4.666, max:16.54, avg:8.750 ms, sum:12.1893 s
08-13 10:34:46.512  1513  1784 I         : Rectification                -> min:1.342, max:4.023, avg:1.729 ms, sum:2.42285 s
08-13 10:34:46.512  1513  1784 I         : TrackingBBox                 -> min:0.005, max:0.339, avg:0.013 ms, sum:0.01833 s
08-13 10:34:46.512  1513  1784 I         : UpdateMesh                   -> min:1.155, max:40.21, avg:16.46 ms, sum:7.70535 s
08-13 10:34:46.512  1513  1784 I         : 
08-13 10:34:46.522  2610  4747 I LayerState: XR submitFrame:18200 [minV=1 curV=43874], client:3842, type:1 layer_count:4
08-13 10:34:46.531  1513  1783 I         : 2.5.85: [WARNING] SceneDepthProcessOnce InterpolatePose failed! prePose ts 603760975957, nextPose ts 603760975957, avg_ts 603761030336
08-13 10:34:46.531  1513  1777 I         : 2.5.85: [ProcessVisualInertialOnce]: Send SLAM Img[603765553645],latest IMU[603761030323]
08-13 10:34:46.538  1513  1778 I         : SLAM_ALG::pipeline # TrackingOnce long frame: 6.284000,1.777000,4.506000,603761030323
08-13 10:34:46.541  1513  1783 I         : MeshRecon # [timing] IN GenerateDepthMatFromMesh: 0.020000, 0.000000, 0.037000, 1.566000
08-13 10:34:46.541  1513  1783 I         : MeshRecon # [timing] SceneDepthSystem_Process: 10.047000 = 0.689000 + 7.565000 + 0.106000 + 1.661000 + 0.026000
08-13 10:34:46.555  1513  1784 I         : MeshRecon # DetectNearObj result: xyz (-0.050000, 0.150000, -0.626675), dist 0.537730
08-13 10:34:46.556  1513  1784 I         : MeshRecon # [timing] DetectNearObj: 0.012000 + 0.005000 + 0.215000 = 0.232000
08-13 10:34:46.556  3537  3765 I FOO     : [SystemUX] onNearestObjectUpdate 0.537730
08-13 10:34:46.566  1513  1777 I         : 2.5.85: [ProcessVisualInertialOnce]: Send SLAM Img[603799737083],latest IMU[603794363122]
08-13 10:34:46.570  1513  1778 I         : SLAM_ALG::pipeline # TrackingOnce long frame: 4.544000,1.106000,3.438000,603794363122
08-13 10:34:46.572  1513  1783 I         : MeshRecon # [timing] IN GenerateDepthMatFromMesh: 0.023000, 0.000000, 0.038000, 1.409000
08-13 10:34:46.572  1513  1783 I         : MeshRecon # [timing] SceneDepthSystem_Process: 6.378000 = 0.514000 + 4.199000 + 0.090000 + 1.527000 + 0.048000
08-13 10:34:46.612   200   200 I sd 0    : 0:0:0: [sda] Synchronizing SCSI cache
08-13 10:34:46.597  1513  1783 I         : 2.5.85: [WARNING] SceneDepthProcessOnce InterpolatePose failed! prePose ts 603827389238, nextPose ts 603827389238, avg_ts 603827695960
08-13 10:34:46.599  1513  1777 I         : 2.5.85: [ProcessVisualInertialOnce]: Send SLAM Img[603832943593],latest IMU[603827695961]
08-13 10:34:46.603  1513  1783 I         : MeshRecon # [timing] IN GenerateDepthMatFromMesh: 0.016000, 0.000000, 0.036000, 1.246000
08-13 10:34:46.604  1513  1783 I         : MeshRecon # [timing] SceneDepthSystem_Process: 6.191000 = 0.454000 + 4.241000 + 0.081000 + 1.384000 + 0.031000
08-13 10:34:46.605  1513  1778 I         : SLAM_ALG::pipeline # TrackingOnce long frame: 6.766000,1.225000,5.541000,603827695961
08-13 10:34:46.634  1513  5085 I         : 2.5.85: [ProcessVisualInertialOnce]: Send SLAM Img[603869080208],latest IMU[603861028786]
08-13 10:34:46.642  1513  1783 I         : MeshRecon # [timing] IN GenerateDepthMatFromMesh: 0.020000, 0.000000, 0.043000, 1.949000
08-13 10:34:46.642  1513  1783 I         : MeshRecon # [timing] SceneDepthSystem_Process: 7.451000 = 0.933000 + 4.288000 + 0.094000 + 2.078000 + 0.058000
08-13 10:34:46.643  1513  1778 I         : SLAM_ALG::pipeline # TrackingOnce long frame: 7.184000,1.053000,6.131000,603861028786
08-13 10:34:46.655  1513  5085 D TOFCamera3Device: frameid:1331, frameduration:33332864, delay:24307798, boottime:599472511503, exposure:1130000, gain:0, cameraid:10
08-13 10:34:46.665  1513  1777 I         : 2.5.85: [ProcessVisualInertialOnce]: Send SLAM Img[603899357083],latest IMU[603894361599]
08-13 10:34:46.669  1513  1778 I         : SLAM_ALG::pipeline # TrackingOnce long frame: 4.064000,1.004000,3.060000,603894361599
08-13 10:34:46.672  1513  1783 I         : MeshRecon # [timing] IN GenerateDepthMatFromMesh: 0.017000, 0.000000, 0.038000, 1.346000
08-13 10:34:46.672  1513  1783 I         : MeshRecon # [timing] SceneDepthSystem_Process: 7.750999 = 0.530000 + 5.547000 + 0.153000 + 1.488000 + 0.033000
08-13 10:34:46.677  1513  5085 D TrackingMultiCamera: frameid:2662, frameduration:16663906, delay:3594680, boottime:599514614517, exposure:6000, gain:49, cameraid:0
08-13 10:34:46.697  1513  5085 D TrackingMultiCamera: frameid:2662, frameduration:16668958, delay:7267388, boottime:599531283475, exposure:3871000, gain:52, cameraid:2
08-13 10:34:46.697  1513  5085 D TrackingMultiCamera: frameid:2662, frameduration:16668906, delay:7450461, boottime:599531283423, exposure:3871000, gain:52, cameraid:3
08-13 10:34:46.698  1513  5085 D TrackingMultiCamera: frameid:2662, frameduration:16668906, delay:7669993, boottime:599531283475, exposure:3871000, gain:52, cameraid:1
08-13 10:34:46.698  1513  1777 I         : 2.5.85: [ProcessVisualInertialOnce]: Send SLAM Img[603932563645],latest IMU[603927694424]
08-13 10:34:46.704  1513  1778 I         : SLAM_ALG::pipeline # TrackingOnce long frame: 5.768000,1.037000,4.731000,603927694424
08-13 10:34:46.706  1513  1783 I         : MeshRecon # [timing] IN GenerateDepthMatFromMesh: 0.033000, 0.000000, 0.086000, 1.422000
08-13 10:34:46.706  1513  1783 I         : MeshRecon # [timing] SceneDepthSystem_Process: 8.485000 = 0.502000 + 6.177000 + 0.106000 + 1.628000 + 0.072000
08-13 10:34:46.715  1513  1784 I         : MeshRecon # [timing] SUM:58.377003, Prep:0.005000,Rect:1.572000,BBox:1.192000,Depth:48.756001,Filter:0.660000,Insert:6.192000,Update:0.000000,CB:0.000000,Floor:0.000000,Boundary:0.000000,NearObj:0.000000,Room1:0.000000,Room2:0.000000
08-13 10:34:46.731  1513  6672 I         : SLAM_ALG: mapping [OPT] Insufficient measures data, jump!
08-13 10:34:46.731  1513  5085 I         : 2.5.85: [ProcessVisualInertialOnce]: Send SLAM Img[603965770416],latest IMU[603961027237]
08-13 10:34:46.733  1513  6672 I         : SLAM_ALG: mapping UpdateAlignMapTransformInfo t_error: 0.003, r_error: 0.22
08-13 10:34:46.735  1513  1778 I         : SLAM_ALG::pipeline # TrackingOnce long frame: 3.074000,0.838000,2.235000,603961027237
08-13 10:34:46.736  1513  6672 I         : SLAM_ALG: mapping Twb_cur_int in pipeline: 603861028786, -0.0841, -0.0199, 0.0313, 0.6960, 0.6911, -0.1516, -0.1229
08-13 10:34:46.736  1513  6672 I         : SLAM_ALG: mapping Twb_cur_ext in pipeline: 603861028786, -0.0712, -0.0098, 0.0050, 0.6943, 0.6929, -0.1455, -0.1290
08-13 10:34:46.736  1513  6672 I         : SLAM_ALG: mapping Merged Maps Num: 9
08-13 10:34:46.736  1513  6672 I         : SLAM_ALG: mapping ---- Map id: 0, frames num: 10, transform: 0 - 0, 0.0000, 0.0000, 0.0000, 0.0000, 0.0000, 0.0000, 1.0000
08-13 10:34:46.736  1513  6672 I         : SLAM_ALG: mapping ---- Map id: 22, frames num: 130, transform: 22 - 0, 0.0126, 0.0330, 0.0198, 0.0234, 0.0026, 0.0016, 0.9997
08-13 10:34:46.736  1513  6672 I         : SLAM_ALG: mapping ---- Map id: 24, frames num: 13, transform: 24 - 0, 0.0504, -0.0102, 0.0125, -0.2222, 0.0022, 0.0004, 0.9750
08-13 10:34:46.736  1513  6672 I         : SLAM_ALG: mapping ---- Map id: 46, frames num: 3, transform: 46 - 0, 0.0507, 0.0502, -0.0933, 0.0136, 0.0046, 0.0029, 0.9999
08-13 10:34:46.736  1513  6672 I         : SLAM_ALG: mapping ---- Map id: 47, frames num: 106, transform: 47 - 0, 0.0354, 0.1158, -0.1375, 0.0709, 0.0069, 0.0053, 0.9974
08-13 10:34:46.736  1513  6672 I         : SLAM_ALG: mapping ---- Map id: 48, frames num: 0, transform: 48 - 0, 0.0102, 0.0466, -0.0616, 0.0634, 0.0051, 0.0024, 0.9980
08-13 10:34:46.736  1513  6672 I         : SLAM_ALG: mapping ---- Map id: 49, frames num: 0, transform: 49 - 0, 0.0042, 0.0279, -0.0583, 0.0046, 0.0108, 0.0036, 0.9999
08-13 10:34:46.736  1513  6672 I         : SLAM_ALG: mapping ---- Map id: 50, frames num: 11, transform: 50 - 0, 0.0122, 0.0149, -0.0618, 0.0178, 0.0155, 0.0045, 0.9997
08-13 10:34:46.736  1513  6672 I         : SLAM_ALG: mapping ---- Map id: 51, frames num: 13, transform: 51 - 0, 0.0159, 0.0108, -0.0294, 0.0095, 0.0033, 0.0011, 0.9999
08-13 10:34:46.736  1513  6672 I         : SLAM_ALG: mapping Mapping Map 0, local anchors num: 0
08-13 10:34:46.736  1513  6672 I         : SLAM_ALG: mapping [MEMORY] kfs num: 286/286, nfs num: 0/0, cams num: 644/644, feats num: 43750/43750, meas num: 42683/42683, mpts num: 7946/7946
08-13 10:34:46.736  1513  6672 I         : SLAM_ALG: mapping Unprocessed messages num: 3
08-13 10:34:46.736  1513  6672 I         : SLAM_ALG: mapping [TIME] ProcessKeyFrame: 92.63, 66.25, 11.25, 5.30, 6.56, 0.00, 0.17, 3.09, 603861028786
08-13 10:34:46.738  1513  1783 I         : MeshRecon # [timing] IN GenerateDepthMatFromMesh: 0.016000, 0.000000, 0.038000, 1.300000
08-13 10:34:46.738  1513  1783 I         : MeshRecon # [timing] SceneDepthSystem_Process: 6.266000 = 0.463000 + 4.281000 + 0.095000 + 1.401000 + 0.026000
08-13 10:34:46.763  1513  5085 D TrackingAuxMultiCamera: frameid:2662, frameduration:16667396, delay:6761242, boottime:599597947590, exposure:3541000, gain:52, cameraid:5
08-13 10:34:46.764  1513  5085 D TrackingAuxMultiCamera: frameid:2662, frameduration:16667396, delay:6906919, boottime:599597947590, exposure:3541000, gain:52, cameraid:4
08-13 10:34:46.764  2610  3053 E VSTDisplayManager: VST FPS:73
08-13 10:34:46.764  1513  1777 I         : 2.5.85: [ProcessVisualInertialOnce]: Send SLAM Img[603998976927],latest IMU[603994360075]
08-13 10:34:46.770  1513  1783 I         : MeshRecon # [timing] IN GenerateDepthMatFromMesh: 0.017000, 0.000000, 0.033000, 1.232000
08-13 10:34:46.770  1513  1783 I         : MeshRecon # [timing] SceneDepthSystem_Process: 6.277000 = 0.418000 + 4.402000 + 0.080000 + 1.349000 + 0.028000
08-13 10:34:46.770  1513  1778 I         : SLAM_ALG::pipeline # TrackingOnce long frame: 5.916000,1.172000,4.744000,603994360075
08-13 10:34:46.789  1513  1784 I         : MeshRecon # DetectNearObj result: xyz (-0.050000, 0.150000, -0.626675), dist 0.538106
08-13 10:34:46.789  1513  1784 I         : MeshRecon # [timing] DetectNearObj: 0.013000 + 0.005000 + 0.190000 = 0.208000
08-13 10:34:46.789  3537  3765 I FOO     : [SystemUX] onNearestObjectUpdate 0.538106
08-13 10:34:46.799  1513  5085 I         : 2.5.85: [ProcessVisualInertialOnce]: Send SLAM Img[604033160312],latest IMU[604027692875]
08-13 10:34:46.806  1513  1783 I         : MeshRecon # [timing] IN GenerateDepthMatFromMesh: 0.016000, 0.000000, 0.040000, 1.313000
08-13 10:34:46.806  1513  1783 I         : MeshRecon # [timing] SceneDepthSystem_Process: 6.694000 = 0.493000 + 4.641000 + 0.084000 + 1.436000 + 0.040000
08-13 10:34:46.806  1513  1778 I         : SLAM_ALG::pipeline # TrackingOnce long frame: 5.786000,1.796000,3.990000,604027692875
08-13 10:34:46.808  1513  5085 D ETMultiCamera: frameid:3993, frameduration:11164271, delay:2778139, boottime:599646463193, exposure:975000, gain:98, cameraid:8
08-13 10:34:46.808  1513  5085 D ETMultiCamera: frameid:3993, frameduration:11164323, delay:2964649, boottime:599646471214, exposure:975000, gain:98, cameraid:9
08-13 10:34:46.831  1513  1777 I         : 2.5.85: [ProcessVisualInertialOnce]: Send SLAM Img[604066367083],latest IMU[604061025700]
08-13 10:34:46.832  1513  1783 I         : 2.5.85: [WARNING] SceneDepthProcessOnce InterpolatePose failed! prePose ts 604060812728, nextPose ts 604060812728, avg_ts 604061025700
08-13 10:34:46.835  1513  1778 I         : SLAM_ALG::pipeline # TrackingOnce long frame: 4.152000,0.810000,3.342000,604061025700
08-13 10:34:46.838  1513  1783 I         : MeshRecon # [timing] IN GenerateDepthMatFromMesh: 0.018000, 0.000000, 0.035000, 1.141000
08-13 10:34:46.838  1513  1783 I         : MeshRecon # [timing] SceneDepthSystem_Process: 6.158000 = 0.458000 + 4.338000 + 0.080000 + 1.243000 + 0.039000
08-13 10:34:46.865  1513  1777 I         : 2.5.85: [ProcessVisualInertialOnce]: Send SLAM Img[604099573593],latest IMU[604094358526]
08-13 10:34:46.869  1513  1778 I         : SLAM_ALG::pipeline # TrackingOnce long frame: 3.425000,0.896000,2.529000,604094358526
08-13 10:34:46.872  1513  1783 I         : MeshRecon # [timing] IN GenerateDepthMatFromMesh: 0.083000, 0.000000, 0.058000, 1.414000
08-13 10:34:46.872  1513  1783 I         : MeshRecon # [timing] SceneDepthSystem_Process: 7.357000 = 0.386000 + 5.211000 + 0.120000 + 1.602000 + 0.038000
08-13 10:34:46.899  1513  5085 I         : 2.5.85: [ProcessVisualInertialOnce]: Send SLAM Img[604133757031],latest IMU[604127691325]
08-13 10:34:46.904  1513  1778 I         : SLAM_ALG::pipeline # TrackingOnce long frame: 4.607000,1.411000,3.196000,604127691325
08-13 10:34:46.906  1513  1783 I         : MeshRecon # [timing] IN GenerateDepthMatFromMesh: 0.021000, 0.000000, 0.047000, 1.423000
08-13 10:34:46.906  1513  1783 I         : MeshRecon # [timing] SceneDepthSystem_Process: 6.835000 = 0.460000 + 4.692000 + 0.118000 + 1.530000 + 0.035000
08-13 10:34:46.908  1513  1784 I         : MeshRecon # [timing] SUM:47.927002, Prep:0.004000,Rect:1.528000,BBox:1.015000,Depth:38.186001,Filter:0.695000,Insert:6.498000,Update:0.000000,CB:0.000000,Floor:0.000000,Boundary:0.000000,NearObj:0.001000,Room1:0.000000,Room2:0.000000
08-13 10:34:46.931  1513  1777 I         : 2.5.85: [ProcessVisualInertialOnce]: Send SLAM Img[604165986875],latest IMU[604161024164]
08-13 10:34:46.936  1513  1778 I         : SLAM_ALG::pipeline # TrackingOnce long frame: 3.451000,1.164000,2.287000,604161024164
08-13 10:34:46.939  1513  1783 I         : MeshRecon # [timing] IN GenerateDepthMatFromMesh: 0.035000, 0.000000, 0.049000, 1.503000
08-13 10:34:46.939  1513  1783 I         : MeshRecon # [timing] SceneDepthSystem_Process: 7.806000 = 0.446000 + 5.576000 + 0.102000 + 1.648000 + 0.034000
08-13 10:34:46.967  1513  5085 I         : 2.5.85: [ProcessVisualInertialOnce]: Send SLAM Img[604201146927],latest IMU[604194357003]
08-13 10:34:46.975  1513  1783 I         : MeshRecon # [timing] IN GenerateDepthMatFromMesh: 0.017000, 0.000000, 0.039000, 1.591000
08-13 10:34:46.975  1513  1783 I         : MeshRecon # [timing] SceneDepthSystem_Process: 7.586000 = 0.980000 + 4.757000 + 0.093000 + 1.724000 + 0.032000
08-13 10:34:46.977  1513  1778 I         : SLAM_ALG::pipeline # TrackingOnce long frame: 8.174000,2.552000,5.621000,604194357003
08-13 10:34:46.987  1513  2152 I ThermalManager: [npu:48.7][skin:51.3][camera:48.3][gpu:50.4][ddr:50.0][soc:50.3][cpu:116.3%][pss:0KB rss: 0KB][fan1:31:5000][fan2:34:5444]
08-13 10:34:46.988  1513  2150 I FanController: [tuned] speed tuned to target speed: 5000 with level 31, 1
08-13 10:34:46.998  1513  1777 I         : 2.5.85: [ProcessVisualInertialOnce]: Send SLAM Img[604232400416],latest IMU[604227689815]
08-13 10:34:47.001  1513  1778 I         : SLAM_ALG::pipeline # TrackingOnce long frame: 2.749000,0.782000,1.966000,604227689815
08-13 10:34:47.004  1513  1783 I         : MeshRecon # [timing] IN GenerateDepthMatFromMesh: 0.019000, 0.000000, 0.095000, 1.161000
08-13 10:34:47.004  1513  1783 I         : MeshRecon # [timing] SceneDepthSystem_Process: 6.449000 = 0.421000 + 4.583000 + 0.100000 + 1.319000 + 0.026000
08-13 10:34:47.026  1513  1784 I         : MeshRecon # DetectNearObj result: xyz (-0.050000, 0.150000, -0.626675), dist 0.540204
08-13 10:34:47.026  1513  1784 I         : MeshRecon # [timing] DetectNearObj: 0.018000 + 0.007000 + 0.433000 = 0.458000
08-13 10:34:47.027  3537  3765 I FOO     : [SystemUX] onNearestObjectUpdate 0.540204
08-13 10:34:47.031  1513  1777 I         : 2.5.85: [ProcessVisualInertialOnce]: Send SLAM Img[604265606979],latest IMU[604261022628]
08-13 10:34:47.035  1513  1778 I         : SLAM_ALG::pipeline # TrackingOnce long frame: 4.431000,1.191000,3.240000,604261022628
08-13 10:34:47.037  1513  1783 I         : MeshRecon # [timing] IN GenerateDepthMatFromMesh: 0.032000, 0.001000, 0.043000, 1.395000
08-13 10:34:47.038  1513  1783 I         : MeshRecon # [timing] SceneDepthSystem_Process: 6.759000 = 0.397000 + 4.641000 + 0.162000 + 1.522000 + 0.037000
08-13 10:34:47.059  1513  1784 I         : MeshRecon # Object [0] is completely outside image bounds, skipping
08-13 10:34:47.065  1513  1777 I         : 2.5.85: [ProcessVisualInertialOnce]: Send SLAM Img[604299790364],latest IMU[604294355453]
08-13 10:34:47.069  1513  1778 I         : SLAM_ALG::pipeline # TrackingOnce long frame: 3.041000,0.944000,2.097000,604294355453
08-13 10:34:47.073  1513  1783 I         : MeshRecon # [timing] IN GenerateDepthMatFromMesh: 0.020000, 0.000000, 0.039000, 1.350000
08-13 10:34:47.073  1513  1783 I         : MeshRecon # [timing] SceneDepthSystem_Process: 7.399000 = 0.907000 + 4.883000 + 0.116000 + 1.459000 + 0.034000
08-13 10:34:47.099  1513  1777 I         : 2.5.85: [ProcessVisualInertialOnce]: Send SLAM Img[604332996875],latest IMU[604327688266]
08-13 10:34:47.103  1513  1778 I         : SLAM_ALG::pipeline # TrackingOnce long frame: 4.283000,1.046000,3.237000,604327688266
08-13 10:34:47.106  1513  1783 I         : MeshRecon # [timing] IN GenerateDepthMatFromMesh: 0.021000, 0.000000, 0.038000, 1.487000
08-13 10:34:47.107  1513  1783 I         : MeshRecon # [timing] SceneDepthSystem_Process: 8.813000 = 0.519000 + 6.258000 + 0.131000 + 1.639000 + 0.266000
08-13 10:34:47.107  1513  1784 E MeshTrackingModule: [Spatial] on block update, count: 17
08-13 10:34:47.110  1513  1784 I         : MeshRecon # Callback updated 17 blocks at map_id 47!
08-13 10:34:47.110  1513  1784 I         : MeshRecon # [timing] SUM:54.468998, Prep:0.005000,Rect:1.652000,BBox:1.336000,Depth:35.445999,Filter:0.613000,Insert:7.166000,Update:4.868000,CB:3.380000,Floor:0.000000,Boundary:0.001000,NearObj:0.001000,Room1:0.000000,Room2:0.001000
08-13 10:34:47.110  1513  1784 I         : MeshRecon # [cur update] chunk num: 17, vtx num: 158, idx num: 498;  [max update] chunk num: 97, vtx num: 4687, idx num: 18291;  [all] chunk num: 52, vtx num: 1225, idx num: 4173
08-13 10:34:47.110  1513  1784 I         : CalculateBBox_QNN            -> min:0.934, max:5.289, avg:1.381 ms, sum:1.93966 s
08-13 10:34:47.110  1513  1784 I         : CalculateDepth               -> min:30.39, max:53.21, avg:35.57 ms, sum:49.9521 s
08-13 10:34:47.110  1513  1784 I         : CalculateDepthStereo_CNN     -> min:15.30, max:31.77, avg:17.25 ms, sum:24.2280 s
08-13 10:34:47.110  1513  1784 I         : CalculateDepthToF_CNN        -> min:12.74, max:30.79, avg:16.45 ms, sum:23.1047 s
08-13 10:34:47.110  1513  1784 I         : CalculateDepthToF_ToFMask    -> min:0.044, max:0.734, avg:0.065 ms, sum:0.09137 s
08-13 10:34:47.110  1513  1784 I         : CallbackBlockUpdateEvent     -> min:2.831, max:9.289, avg:5.121 ms, sum:2.40197 s
08-13 10:34:47.110  1513  1784 I         : DetectFloor                  -> min:0.088, max:1.212, avg:0.246 ms, sum:0.06739 s
08-13 10:34:47.110  1513  1784 I         : DetectNearObj                -> min:0.004, max:3.782, avg:0.316 ms, sum:0.37587 s
08-13 10:34:47.110  1513  1784 I         : FilterDepth                  -> min:0.140, max:7.249, avg:1.189 ms, sum:1.65989 s
08-13 10:34:47.110  1513  1784 I         : InsertData                   -> min:4.666, max:16.54, avg:8.745 ms, sum:12.2091 s
08-13 10:34:47.110  1513  1784 I         : Rectification                -> min:1.342, max:4.023, avg:1.729 ms, sum:2.42761 s
08-13 10:34:47.110  1513  1784 I         : TrackingBBox                 -> min:0.005, max:0.339, avg:0.013 ms, sum:0.01840 s
08-13 10:34:47.110  1513  1784 I         : UpdateMesh                   -> min:1.155, max:40.21, avg:16.43 ms, sum:7.71022 s
08-13 10:34:47.110  1513  1784 I         : 
08-13 10:34:47.133  1513  5085 I         : 2.5.85: [ProcessVisualInertialOnce]: Send SLAM Img[604368156927],latest IMU[604361021091]
08-13 10:34:47.143  1513  1778 I         : SLAM_ALG::pipeline # TrackingOnce long frame: 9.487000,3.430000,6.056000,604361021091
08-13 10:34:47.147  1513  1783 I         : MeshRecon # [timing] IN GenerateDepthMatFromMesh: 0.016000, 0.000000, 0.037000, 1.363000
08-13 10:34:47.147  1513  1783 I         : MeshRecon # [timing] SceneDepthSystem_Process: 7.366000 = 1.071000 + 4.651000 + 0.101000 + 1.504000 + 0.039000
08-13 10:34:47.164  1513  1783 I         : 2.5.85: [WARNING] SceneDepthProcessOnce InterpolatePose failed! prePose ts 604393855853, nextPose ts 604393855853, avg_ts 604394353904
08-13 10:34:47.165  1513  1777 I         : 2.5.85: [ProcessVisualInertialOnce]: Send SLAM Img[604399410468],latest IMU[604394353904]
08-13 10:34:47.171  1513  1783 I         : MeshRecon # [timing] IN GenerateDepthMatFromMesh: 0.017000, 0.000000, 0.036000, 1.268000
08-13 10:34:47.171  1513  1783 I         : MeshRecon # [timing] SceneDepthSystem_Process: 6.561999 = 0.407000 + 4.615000 + 0.120000 + 1.392000 + 0.028000
08-13 10:34:47.172  1513  1778 I         : SLAM_ALG::pipeline # TrackingOnce long frame: 6.579000,0.807000,5.772000,604394353904
08-13 10:34:47.198  1513  1777 I         : 2.5.85: [ProcessVisualInertialOnce]: Send SLAM Img[604432616979],latest IMU[604427686742]
08-13 10:34:47.202  1513  1778 I         : SLAM_ALG::pipeline # TrackingOnce long frame: 3.804000,1.173000,2.631000,604427686742
08-13 10:34:47.204  1513  1783 I         : MeshRecon # [timing] IN GenerateDepthMatFromMesh: 0.034000, 0.000000, 0.044000, 1.295000
08-13 10:34:47.204  1513  1783 I         : MeshRecon # [timing] SceneDepthSystem_Process: 6.726000 = 0.427000 + 4.714000 + 0.122000 + 1.415000 + 0.048000
08-13 10:34:47.222  1513  1784 I         : MeshRecon # FloorDetector fail since no enough valid point existed
08-13 10:34:47.222  1513  1784 I         : MeshRecon # [ERROR] floor detection failed! successful: 0 value: 999.000000 relative: -999.070618
08-13 10:34:47.222  1513  1784 W MeshTrackingModule: [Spatial] invalid floor level: 999.000000
08-13 10:34:47.222  1513  1784 I         : MeshRecon # [timing] DetectFloor: 0.022000 + 0.076000 + 0.072000 = 0.170000
08-13 10:34:47.231  1513  1777 I         : 2.5.85: [ProcessVisualInertialOnce]: Send SLAM Img[604465823750],latest IMU[604461019542]
08-13 10:34:47.233  3842  6614 I PerfStats.cpp: FPS=72.00/72, Prd=21.12ms, Early=72.00, Stale=0.00, Lat=-1, Fov=0, CPU/GPU=4/5, Free=7344MB, ATW=5.07ms, APP=3.73ms/2.12ms, GD=0.00, CPU%=0.39, GPU%=0.35,ColorSpace:6
08-13 10:34:47.236  1513  1778 I         : SLAM_ALG::pipeline # TrackingOnce long frame: 4.061000,0.855000,3.206000,604461019541
08-13 10:34:47.238  1513  1783 I         : MeshRecon # [timing] IN GenerateDepthMatFromMesh: 0.016000, 0.000000, 0.035000, 1.416000
08-13 10:34:47.238  1513  1783 I         : MeshRecon # [timing] SceneDepthSystem_Process: 6.385000 = 0.417000 + 4.298000 + 0.079000 + 1.540000 + 0.051000
08-13 10:34:47.242  1513  6672 I         : SLAM_ALG: mapping [OPT] Insufficient measures data, jump!
08-13 10:34:47.243  1513  6672 I         : SLAM_ALG: mapping UpdateAlignMapTransformInfo t_error: 0.003, r_error: 0.22
08-13 10:34:47.248  1513  6672 I         : SLAM_ALG: mapping Twb_cur_int in pipeline: 604394353904, -0.0836, 0.0106, 0.0290, 0.7054, 0.6791, -0.0821, -0.1854
08-13 10:34:47.248  1513  6672 I         : SLAM_ALG: mapping Twb_cur_ext in pipeline: 604394353904, -0.0708, 0.0213, 0.0030, 0.7033, 0.6803, -0.0763, -0.1916
08-13 10:34:47.248  1513  6672 I         : SLAM_ALG: mapping Merged Maps Num: 9
08-13 10:34:47.248  1513  6672 I         : SLAM_ALG: mapping ---- Map id: 0, frames num: 10, transform: 0 - 0, 0.0000, 0.0000, 0.0000, 0.0000, 0.0000, 0.0000, 1.0000
08-13 10:34:47.248  1513  6672 I         : SLAM_ALG: mapping ---- Map id: 22, frames num: 130, transform: 22 - 0, 0.0126, 0.0330, 0.0198, 0.0234, 0.0026, 0.0016, 0.9997
08-13 10:34:47.248  1513  6672 I         : SLAM_ALG: mapping ---- Map id: 24, frames num: 13, transform: 24 - 0, 0.0504, -0.0102, 0.0125, -0.2222, 0.0022, 0.0004, 0.9750
08-13 10:34:47.248  1513  6672 I         : SLAM_ALG: mapping ---- Map id: 46, frames num: 3, transform: 46 - 0, 0.0507, 0.0502, -0.0933, 0.0136, 0.0046, 0.0029, 0.9999
08-13 10:34:47.248  1513  6672 I         : SLAM_ALG: mapping ---- Map id: 47, frames num: 106, transform: 47 - 0, 0.0354, 0.1158, -0.1375, 0.0709, 0.0069, 0.0053, 0.9974
08-13 10:34:47.248  1513  6672 I         : SLAM_ALG: mapping ---- Map id: 48, frames num: 0, transform: 48 - 0, 0.0102, 0.0466, -0.0616, 0.0634, 0.0051, 0.0024, 0.9980
08-13 10:34:47.248  1513  6672 I         : SLAM_ALG: mapping ---- Map id: 49, frames num: 0, transform: 49 - 0, 0.0042, 0.0279, -0.0583, 0.0046, 0.0108, 0.0036, 0.9999
08-13 10:34:47.248  1513  6672 I         : SLAM_ALG: mapping ---- Map id: 50, frames num: 11, transform: 50 - 0, 0.0122, 0.0149, -0.0618, 0.0178, 0.0155, 0.0045, 0.9997
08-13 10:34:47.248  1513  6672 I         : SLAM_ALG: mapping ---- Map id: 51, frames num: 13, transform: 51 - 0, 0.0159, 0.0108, -0.0294, 0.0095, 0.0033, 0.0011, 0.9999
08-13 10:34:47.248  1513  6672 I         : SLAM_ALG: mapping Mapping Map 0, local anchors num: 0
08-13 10:34:47.249  1513  6672 I         : SLAM_ALG: mapping [MEMORY] kfs num: 286/286, nfs num: 0/0, cams num: 644/644, feats num: 43756/43756, meas num: 42689/42689, mpts num: 7946/7946
08-13 10:34:47.249  1513  6672 I         : SLAM_ALG: mapping [TIME] ProcessKeyFrame: 76.23, 47.29, 10.65, 7.82, 4.85, 0.00, 0.07, 5.55, 604394353904
08-13 10:34:47.265  1513  1777 I         : 2.5.85: [ProcessVisualInertialOnce]: Send SLAM Img[604499030260],latest IMU[604494352380]
08-13 10:34:47.269  1513  1778 I         : SLAM_ALG::pipeline # TrackingOnce long frame: 4.323000,2.276000,2.047000,604494352380
08-13 10:34:47.272  1513  1783 I         : MeshRecon # [timing] IN GenerateDepthMatFromMesh: 0.023000, 0.000000, 0.039000, 1.342000
08-13 10:34:47.272  1513  1783 I         : MeshRecon # [timing] SceneDepthSystem_Process: 7.981000 = 0.642000 + 5.709000 + 0.087000 + 1.493000 + 0.050000
08-13 10:34:47.292  2610  3053 I CompositorMonitor: fps:72.0, prd:21.4 ms, cpu:1.4 ms, gpu:3.8 ms, early:72.0, stale:0.0, max_stale:0.0, sw_mode:0, drr:72.0, lat_mode:-1
08-13 10:34:47.300  1513  5085 I         : 2.5.85: [ProcessVisualInertialOnce]: Send SLAM Img[604534190312],latest IMU[604527685206]
08-13 10:34:47.306  1513  1784 I         : MeshRecon # DetectNearObj result: xyz (-0.050000, 0.150000, -0.626675), dist 0.543591
08-13 10:34:47.306  1513  1784 I         : MeshRecon # [timing] DetectNearObj: 0.017000 + 0.006000 + 0.282000 = 0.305000
08-13 10:34:47.306  1513  1784 I         : MeshRecon # [timing] SUM:50.659000, Prep:0.004000,Rect:1.756000,BBox:1.448000,Depth:35.743999,Filter:0.547000,Insert:10.828000,Update:0.000000,CB:0.000000,Floor:0.000000,Boundary:0.000000,NearObj:0.332000,Room1:0.000000,Room2:0.000000
08-13 10:34:47.307  3537  3765 I FOO     : [SystemUX] onNearestObjectUpdate 0.543591
08-13 10:34:47.308  1513  1783 I         : MeshRecon # [timing] IN GenerateDepthMatFromMesh: 0.023000, 0.000000, 0.238000, 1.368000
08-13 10:34:47.308  1513  1783 I         : MeshRecon # [timing] SceneDepthSystem_Process: 8.190999 = 0.870000 + 5.501000 + 0.086000 + 1.683000 + 0.051000
08-13 10:34:47.308  1513  1778 I         : SLAM_ALG::pipeline # TrackingOnce long frame: 6.948000,2.288000,4.660000,604527685206
08-13 10:34:47.331  1513  1783 I         : 2.5.85: [WARNING] SceneDepthProcessOnce InterpolatePose failed! prePose ts 604560865853, nextPose ts 604560865853, avg_ts 604561018044
08-13 10:34:47.332  1513  1777 I         : 2.5.85: [ProcessVisualInertialOnce]: Send SLAM Img[604566420468],latest IMU[604561018031]
08-13 10:34:47.338  1513  1778 I         : SLAM_ALG::pipeline # TrackingOnce long frame: 5.441000,0.961000,4.480000,604561018031
08-13 10:34:47.338  1513  1783 I         : MeshRecon # [timing] IN GenerateDepthMatFromMesh: 0.018000, 0.000000, 0.039000, 1.292000
08-13 10:34:47.338  1513  1783 I         : MeshRecon # [timing] SceneDepthSystem_Process: 6.587000 = 0.488000 + 4.608000 + 0.090000 + 1.370000 + 0.031000
08-13 10:34:47.365  1513  5085 I         : 2.5.85: [ProcessVisualInertialOnce]: Send SLAM Img[604599626979],latest IMU[604594350844]
08-13 10:34:47.373  1513  1778 I         : SLAM_ALG::pipeline # TrackingOnce long frame: 6.849000,1.925000,4.924000,604594350844
08-13 10:34:47.374  1513  1783 I         : MeshRecon # [timing] IN GenerateDepthMatFromMesh: 0.018000, 0.000000, 0.041000, 1.447000
08-13 10:34:47.374  1513  1783 I         : MeshRecon # [timing] SceneDepthSystem_Process: 8.969001 = 0.510000 + 6.771000 + 0.093000 + 1.554000 + 0.041000
08-13 10:34:47.399  1513  5085 I         : 2.5.85: [ProcessVisualInertialOnce]: Send SLAM Img[604632833750],latest IMU[604627683669]
08-13 10:34:47.403  1513  1778 I         : SLAM_ALG::pipeline # TrackingOnce long frame: 4.060000,1.853000,2.207000,604627683669
08-13 10:34:47.405  1513  1783 I         : MeshRecon # [timing] IN GenerateDepthMatFromMesh: 0.027000, 0.000000, 0.056000, 1.405000
08-13 10:34:47.406  1513  1783 I         : MeshRecon # [timing] SceneDepthSystem_Process: 6.827001 = 0.579000 + 4.504000 + 0.157000 + 1.544000 + 0.043000
08-13 10:34:47.431  1513  1777 I         : 2.5.85: [ProcessVisualInertialOnce]: Send SLAM Img[604666040312],latest IMU[604661016482]
08-13 10:34:47.436  1513  1778 I         : SLAM_ALG::pipeline # TrackingOnce long frame: 4.595000,1.404000,3.190000,604661016482
08-13 10:34:47.438  1513  1783 I         : MeshRecon # [timing] IN GenerateDepthMatFromMesh: 0.018000, 0.000000, 0.037000, 1.365000
08-13 10:34:47.438  1513  1783 I         : MeshRecon # [timing] SceneDepthSystem_Process: 7.381000 = 0.403000 + 5.378000 + 0.092000 + 1.464000 + 0.044000
08-13 10:34:47.465  1513  5085 I         : 2.5.85: [ProcessVisualInertialOnce]: Send SLAM Img[604699247083],latest IMU[604694349294]
08-13 10:34:47.470  1513  1778 I         : SLAM_ALG::pipeline # TrackingOnce long frame: 4.574000,1.826000,2.748000,604694349294
08-13 10:34:47.472  1513  1783 I         : MeshRecon # [timing] IN GenerateDepthMatFromMesh: 0.027000, 0.000000, 0.047000, 1.371000
08-13 10:34:47.472  1513  1783 I         : MeshRecon # [timing] SceneDepthSystem_Process: 7.415000 = 0.464000 + 5.312000 + 0.098000 + 1.499000 + 0.042000
08-13 10:34:47.489  1513  2151 D FanController: Set fan2 speed level to 33
08-13 10:34:47.498  1513  1777 I         : 2.5.85: [ProcessVisualInertialOnce]: Send SLAM Img[604732453593],latest IMU[604727682120]
08-13 10:34:47.504  1513  1784 I         : MeshRecon # [timing] SUM:47.385002, Prep:0.005000,Rect:1.399000,BBox:1.167000,Depth:35.924000,Filter:0.685000,Insert:8.204000,Update:0.000000,CB:0.000000,Floor:0.000000,Boundary:0.000000,NearObj:0.001000,Room1:0.000000,Room2:0.000000
08-13 10:34:47.504  1513  1784 I         : MeshRecon # DetectNearObj result: xyz (-0.050000, 0.150000, -0.626675), dist 0.542961
08-13 10:34:47.504  1513  1784 I         : MeshRecon # [timing] DetectNearObj: 0.010000 + 0.005000 + 0.176000 = 0.191000
08-13 10:34:47.504  3537  3765 I FOO     : [SystemUX] onNearestObjectUpdate 0.542961
08-13 10:34:47.505  1513  1778 I         : SLAM_ALG::pipeline # TrackingOnce long frame: 6.224000,0.979000,5.245000,604727682120
08-13 10:34:47.505  1513  1783 I         : MeshRecon # [timing] IN GenerateDepthMatFromMesh: 0.016000, 0.000000, 0.034000, 1.265000
08-13 10:34:47.505  1513  1783 I         : MeshRecon # [timing] SceneDepthSystem_Process: 6.998000 = 0.482000 + 5.068000 + 0.084000 + 1.338000 + 0.026000
08-13 10:34:47.531  1513  1777 I         : 2.5.85: [ProcessVisualInertialOnce]: Send SLAM Img[604765660416],latest IMU[604761014932]
08-13 10:34:47.536  1513  1778 I         : SLAM_ALG::pipeline # TrackingOnce long frame: 4.911000,1.381000,3.530000,604761014932
08-13 10:34:47.539  1513  1783 I         : MeshRecon # [timing] IN GenerateDepthMatFromMesh: 0.036000, 0.000000, 0.076000, 1.449000
08-13 10:34:47.539  1513  1783 I         : MeshRecon # [timing] SceneDepthSystem_Process: 7.827000 = 0.424000 + 5.528000 + 0.204000 + 1.629000 + 0.042000
08-13 10:34:47.565  1513  5085 I         : 2.5.85: [ProcessVisualInertialOnce]: Send SLAM Img[604798866927],latest IMU[604794347758]
08-13 10:34:47.571  1513  1778 I         : SLAM_ALG::pipeline # TrackingOnce long frame: 5.392000,1.585000,3.807000,604794347758
08-13 10:34:47.572  1513  1783 I         : MeshRecon # [timing] IN GenerateDepthMatFromMesh: 0.022000, 0.000000, 0.035000, 1.246000
08-13 10:34:47.572  1513  1783 I         : MeshRecon # [timing] SceneDepthSystem_Process: 6.811000 = 0.587000 + 4.729000 + 0.128000 + 1.340000 + 0.027000
08-13 10:34:47.597  1513  1783 I         : 2.5.85: [WARNING] SceneDepthProcessOnce InterpolatePose failed! prePose ts 604827496009, nextPose ts 604827496009, avg_ts 604827680570
08-13 10:34:47.599  1513  1777 I         : 2.5.85: [ProcessVisualInertialOnce]: Send SLAM Img[604833050364],latest IMU[604827680583]
08-13 10:34:47.603  1513  1778 I         : SLAM_ALG::pipeline # TrackingOnce long frame: 4.602000,1.223000,3.379000,604827680583
08-13 10:34:47.604  1513  1783 I         : MeshRecon # [timing] IN GenerateDepthMatFromMesh: 0.017000, 0.000000, 0.035000, 1.485000
08-13 10:34:47.604  1513  1783 I         : MeshRecon # [timing] SceneDepthSystem_Process: 6.361000 = 0.409000 + 4.250000 + 0.087000 + 1.568000 + 0.047000
08-13 10:34:47.632  1513  1777 I         : 2.5.85: [ProcessVisualInertialOnce]: Send SLAM Img[604866257135],latest IMU[604861013409]
08-13 10:34:47.638  1513  1783 I         : MeshRecon # [timing] IN GenerateDepthMatFromMesh: 0.018000, 0.000000, 0.040000, 1.312000
08-13 10:34:47.639  1513  1783 I         : MeshRecon # [timing] SceneDepthSystem_Process: 6.909000 = 0.617000 + 4.688000 + 0.096000 + 1.446000 + 0.062000
08-13 10:34:47.639  1513  1778 I         : SLAM_ALG::pipeline # TrackingOnce long frame: 5.937000,2.224000,3.713000,604861013409
08-13 10:34:47.665  1513  1777 I         : 2.5.85: [ProcessVisualInertialOnce]: Send SLAM Img[604899463645],latest IMU[604894346221]
08-13 10:34:47.671  1513  1778 I         : SLAM_ALG::pipeline # TrackingOnce long frame: 5.799000,1.151000,4.648000,604894346221
08-13 10:34:47.672  1513  1783 I         : MeshRecon # [timing] IN GenerateDepthMatFromMesh: 0.018000, 0.000000, 0.041000, 1.449000
08-13 10:34:47.672  1513  1783 I         : MeshRecon # [timing] SceneDepthSystem_Process: 7.289000 = 0.477000 + 5.148000 + 0.091000 + 1.544000 + 0.029000
08-13 10:34:47.698  1513  1777 I         : 2.5.85: [ProcessVisualInertialOnce]: Send SLAM Img[604932670468],latest IMU[604927679047]
08-13 10:34:47.704  1513  1783 I         : MeshRecon # [timing] IN GenerateDepthMatFromMesh: 0.025000, 0.000000, 0.043000, 1.489000
08-13 10:34:47.705  1513  1784 E MeshTrackingModule: [Spatial] on block update, count: 11
08-13 10:34:47.705  1513  1783 I         : MeshRecon # [timing] SceneDepthSystem_Process: 7.016000 = 0.404000 + 4.756000 + 0.112000 + 1.706000 + 0.038000
08-13 10:34:47.706  1513  1778 I         : SLAM_ALG::pipeline # TrackingOnce long frame: 7.400000,0.865000,6.535000,604927679047
08-13 10:34:47.708  1513  1784 I         : MeshRecon # Callback updated 11 blocks at map_id 47!
08-13 10:34:47.708  1513  1784 I         : MeshRecon # [timing] SUM:51.924999, Prep:0.005000,Rect:1.649000,BBox:1.805000,Depth:33.688999,Filter:0.761000,Insert:7.106000,Update:3.152000,CB:3.756000,Floor:0.001000,Boundary:0.000000,NearObj:0.000000,Room1:0.000000,Room2:0.001000
08-13 10:34:47.708  1513  1784 I         : MeshRecon # [cur update] chunk num: 11, vtx num: 155, idx num: 495;  [max update] chunk num: 97, vtx num: 4687, idx num: 18291;  [all] chunk num: 52, vtx num: 1222, idx num: 4170
08-13 10:34:47.708  1513  1784 I         : CalculateBBox_QNN            -> min:0.934, max:5.289, avg:1.381 ms, sum:1.94409 s
08-13 10:34:47.708  1513  1784 I         : CalculateDepth               -> min:30.39, max:53.21, avg:35.57 ms, sum:50.0574 s
08-13 10:34:47.708  1513  1784 I         : CalculateDepthStereo_CNN     -> min:15.30, max:31.77, avg:17.25 ms, sum:24.2777 s
08-13 10:34:47.708  1513  1784 I         : CalculateDepthToF_CNN        -> min:12.74, max:30.79, avg:16.45 ms, sum:23.1548 s
08-13 10:34:47.708  1513  1784 I         : CalculateDepthToF_ToFMask    -> min:0.044, max:0.734, avg:0.065 ms, sum:0.09152 s
08-13 10:34:47.708  1513  1784 I         : CallbackBlockUpdateEvent     -> min:2.831, max:9.289, avg:5.118 ms, sum:2.40573 s
08-13 10:34:47.708  1513  1784 I         : DetectFloor                  -> min:0.088, max:1.212, avg:0.246 ms, sum:0.06756 s
08-13 10:34:47.708  1513  1784 I         : DetectNearObj                -> min:0.004, max:3.782, avg:0.316 ms, sum:0.37637 s
08-13 10:34:47.708  1513  1784 I         : FilterDepth                  -> min:0.140, max:7.249, avg:1.187 ms, sum:1.66189 s
08-13 10:34:47.708  1513  1784 I         : InsertData                   -> min:4.666, max:16.54, avg:8.745 ms, sum:12.2353 s
08-13 10:34:47.708  1513  1784 I         : Rectification                -> min:1.342, max:4.023, avg:1.728 ms, sum:2.43242 s
08-13 10:34:47.708  1513  1784 I         : TrackingBBox                 -> min:0.005, max:0.339, avg:0.013 ms, sum:0.01848 s
08-13 10:34:47.708  1513  1784 I         : UpdateMesh                   -> min:1.155, max:40.21, avg:16.41 ms, sum:7.71337 s
08-13 10:34:47.708  1513  1784 I         : 
08-13 10:34:47.722  1513  1784 I         : MeshRecon # DetectNearObj result: xyz (-0.050000, 0.150000, -0.626675), dist 0.540214
08-13 10:34:47.722  1513  1784 I         : MeshRecon # [timing] DetectNearObj: 0.011000 + 0.005000 + 0.276000 = 0.292000
08-13 10:34:47.722  3537  3765 I FOO     : [SystemUX] onNearestObjectUpdate 0.540214
08-13 10:34:47.732  1513  5085 I         : 2.5.85: [ProcessVisualInertialOnce]: Send SLAM Img[604965876979],latest IMU[604961011872]
08-13 10:34:47.736  1513  1778 I         : SLAM_ALG::pipeline # TrackingOnce long frame: 4.195000,1.249000,2.946000,604961011872
08-13 10:34:47.738  1513  1783 I         : MeshRecon # [timing] IN GenerateDepthMatFromMesh: 0.019000, 0.000000, 0.040000, 1.383000
08-13 10:34:47.738  1513  1783 I         : MeshRecon # [timing] SceneDepthSystem_Process: 6.801000 = 0.528000 + 4.574000 + 0.105000 + 1.502000 + 0.092000
08-13 10:34:47.764  1513  1777 I         : 2.5.85: [ProcessVisualInertialOnce]: Send SLAM Img[604999083802],latest IMU[604994344698]
08-13 10:34:47.771  1513  1783 I         : MeshRecon # [timing] IN GenerateDepthMatFromMesh: 0.019000, 0.000000, 0.039000, 1.386000
08-13 10:34:47.771  1513  1783 I         : MeshRecon # [timing] SceneDepthSystem_Process: 6.428000 = 0.416000 + 4.359000 + 0.084000 + 1.537000 + 0.032000
08-13 10:34:47.771  1513  1778 I         : SLAM_ALG::pipeline # TrackingOnce long frame: 6.203000,1.238000,4.965000,604994344698
08-13 10:34:47.778  2610  3053 E VSTDisplayManager: VST FPS:73
08-13 10:34:47.783  1513  6672 I         : SLAM_ALG: mapping [OPT] Insufficient measures data, jump!
08-13 10:34:47.784  1513  6672 I         : SLAM_ALG: mapping UpdateAlignMapTransformInfo t_error: 0.003, r_error: 0.22
08-13 10:34:47.788  1513  6672 I         : SLAM_ALG: mapping Twb_cur_int in pipeline: 604927679047, -0.0828, -0.0062, 0.0304, 0.7027, 0.6856, -0.1184, -0.1488
08-13 10:34:47.788  1513  6672 I         : SLAM_ALG: mapping Twb_cur_ext in pipeline: 604927679047, -0.0698, 0.0039, 0.0047, 0.7008, 0.6871, -0.1124, -0.1552
08-13 10:34:47.788  1513  6672 I         : SLAM_ALG: mapping Merged Maps Num: 9
08-13 10:34:47.788  1513  6672 I         : SLAM_ALG: mapping ---- Map id: 0, frames num: 10, transform: 0 - 0, 0.0000, 0.0000, 0.0000, 0.0000, 0.0000, 0.0000, 1.0000
08-13 10:34:47.788  1513  6672 I         : SLAM_ALG: mapping ---- Map id: 22, frames num: 130, transform: 22 - 0, 0.0126, 0.0330, 0.0198, 0.0234, 0.0026, 0.0016, 0.9997
08-13 10:34:47.788  1513  6672 I         : SLAM_ALG: mapping ---- Map id: 24, frames num: 13, transform: 24 - 0, 0.0504, -0.0102, 0.0125, -0.2222, 0.0022, 0.0004, 0.9750
08-13 10:34:47.788  1513  6672 I         : SLAM_ALG: mapping ---- Map id: 46, frames num: 3, transform: 46 - 0, 0.0507, 0.0502, -0.0933, 0.0136, 0.0046, 0.0029, 0.9999
08-13 10:34:47.788  1513  6672 I         : SLAM_ALG: mapping ---- Map id: 47, frames num: 106, transform: 47 - 0, 0.0354, 0.1158, -0.1375, 0.0709, 0.0069, 0.0053, 0.9974
08-13 10:34:47.788  1513  6672 I         : SLAM_ALG: mapping ---- Map id: 48, frames num: 0, transform: 48 - 0, 0.0102, 0.0466, -0.0616, 0.0634, 0.0051, 0.0024, 0.9980
08-13 10:34:47.788  1513  6672 I         : SLAM_ALG: mapping ---- Map id: 49, frames num: 0, transform: 49 - 0, 0.0042, 0.0279, -0.0583, 0.0046, 0.0108, 0.0036, 0.9999
08-13 10:34:47.788  1513  6672 I         : SLAM_ALG: mapping ---- Map id: 50, frames num: 11, transform: 50 - 0, 0.0122, 0.0149, -0.0618, 0.0178, 0.0155, 0.0045, 0.9997
08-13 10:34:47.788  1513  6672 I         : SLAM_ALG: mapping ---- Map id: 51, frames num: 13, transform: 51 - 0, 0.0159, 0.0108, -0.0294, 0.0095, 0.0033, 0.0011, 0.9999
08-13 10:34:47.788  1513  6672 I         : SLAM_ALG: mapping Mapping Map 0, local anchors num: 0
08-13 10:34:47.789  1513  6672 I         : SLAM_ALG: mapping [MEMORY] kfs num: 286/286, nfs num: 0/0, cams num: 644/644, feats num: 43772/43772, meas num: 42705/42705, mpts num: 7946/7946
08-13 10:34:47.789  1513  6672 I         : SLAM_ALG: mapping [TIME] ProcessKeyFrame: 82.16, 47.47, 19.62, 5.41, 4.26, 0.00, 0.07, 5.33, 604927679047
08-13 10:34:47.792  1513  6643 I VrlinkDataSource: timeSync.ts:605028299776, offset:6145
08-13 10:34:47.798  1513  1777 I         : 2.5.85: [ProcessVisualInertialOnce]: Send SLAM Img[605032290312],latest IMU[605027677510]
08-13 10:34:47.802  1513  1778 I         : SLAM_ALG::pipeline # TrackingOnce long frame: 3.616000,0.901000,2.714000,605027677510
08-13 10:34:47.807  1513  1783 I         : MeshRecon # [timing] IN GenerateDepthMatFromMesh: 0.023000, 0.000000, 0.043000, 1.489000
08-13 10:34:47.807  1513  1783 I         : MeshRecon # [timing] SceneDepthSystem_Process: 7.350000 = 0.704000 + 4.847000 + 0.098000 + 1.663000 + 0.038000
08-13 10:34:47.831  1513  1783 I         : 2.5.85: [WARNING] SceneDepthProcessOnce InterpolatePose failed! prePose ts 605060919394, nextPose ts 605060919394, avg_ts 605061010336
08-13 10:34:47.832  1513  1777 I         : 2.5.85: [ProcessVisualInertialOnce]: Send SLAM Img[605066473750],latest IMU[605061010323]
08-13 10:34:47.837  1513  1778 I         : SLAM_ALG::pipeline # TrackingOnce long frame: 4.629000,0.820000,3.809000,605061010323
08-13 10:34:47.838  1513  1783 I         : MeshRecon # [timing] IN GenerateDepthMatFromMesh: 0.018000, 0.000000, 0.056000, 1.384000
08-13 10:34:47.838  1513  1783 I         : MeshRecon # [timing] SceneDepthSystem_Process: 6.879000 = 0.435000 + 4.798000 + 0.086000 + 1.501000 + 0.059000
08-13 10:34:47.865  1513  1777 I         : 2.5.85: [ProcessVisualInertialOnce]: Send SLAM Img[605099680260],latest IMU[605094343161]
08-13 10:34:47.871  1513  1778 I         : SLAM_ALG::pipeline # TrackingOnce long frame: 5.808000,0.808000,5.000000,605094343161
08-13 10:34:47.872  1513  1783 I         : MeshRecon # [timing] IN GenerateDepthMatFromMesh: 0.025000, 0.000000, 0.047000, 1.551000
08-13 10:34:47.872  1513  1783 I         : MeshRecon # [timing] SceneDepthSystem_Process: 7.565000 = 0.403000 + 5.291000 + 0.139000 + 1.678000 + 0.054000
08-13 10:34:47.899  1513  5085 I         : 2.5.85: [ProcessVisualInertialOnce]: Send SLAM Img[605133863697],latest IMU[605127675961]
08-13 10:34:47.904  1513  1778 I         : SLAM_ALG::pipeline # TrackingOnce long frame: 4.611000,1.240000,3.371000,605127675961
08-13 10:34:47.906  1513  1783 I         : MeshRecon # [timing] IN GenerateDepthMatFromMesh: 0.025000, 0.000000, 0.042000, 1.480000
08-13 10:34:47.906  1513  1783 I         : MeshRecon # [timing] SceneDepthSystem_Process: 6.859000 = 0.498000 + 4.611000 + 0.141000 + 1.582000 + 0.027000
08-13 10:34:47.908  1513  1784 I         : MeshRecon # [timing] SUM:49.253002, Prep:0.004000,Rect:1.816000,BBox:1.113000,Depth:37.762001,Filter:0.609000,Insert:7.949000,Update:0.000000,CB:0.000000,Floor:0.000000,Boundary:0.000000,NearObj:0.000000,Room1:0.000000,Room2:0.000000
08-13 10:34:47.912  2610  2625 I LayerState: XR submitFrame:18300 [minV=1 curV=43974], client:3842, type:1 layer_count:4
08-13 10:34:47.931  1513  1777 I         : 2.5.85: [ProcessVisualInertialOnce]: Send SLAM Img[605166093593],latest IMU[605161008799]
08-13 10:34:47.935  1513  1778 I         : SLAM_ALG::pipeline # TrackingOnce long frame: 3.738000,1.455000,2.283000,605161008799
08-13 10:34:47.938  1513  1783 I         : MeshRecon # [timing] IN GenerateDepthMatFromMesh: 0.024000, 0.001000, 0.037000, 1.330000
08-13 10:34:47.938  1513  1783 I         : MeshRecon # [timing] SceneDepthSystem_Process: 6.649000 = 0.414000 + 4.654000 + 0.089000 + 1.440000 + 0.052000
08-13 10:34:47.956  1513  1784 I         : MeshRecon # DetectNearObj result: xyz (-0.050000, 0.150000, -0.626675), dist 0.540307
08-13 10:34:47.956  1513  1784 I         : MeshRecon # [timing] DetectNearObj: 0.013000 + 0.005000 + 0.244000 = 0.262000
08-13 10:34:47.956  3537  3765 I FOO     : [SystemUX] onNearestObjectUpdate 0.540307
08-13 10:34:47.965  1513  5085 I         : 2.5.85: [ProcessVisualInertialOnce]: Send SLAM Img[605199300416],latest IMU[605194341612]
08-13 10:34:47.972  1513  1778 I         : SLAM_ALG::pipeline # TrackingOnce long frame: 5.947000,1.952000,3.995000,605194341612
08-13 10:34:47.973  1513  1783 I         : MeshRecon # [timing] IN GenerateDepthMatFromMesh: 0.016000, 0.000000, 0.040000, 1.314000
08-13 10:34:47.973  1513  1783 I         : MeshRecon # [timing] SceneDepthSystem_Process: 7.506000 = 0.685000 + 5.269000 + 0.088000 + 1.411000 + 0.053000
08-13 10:34:47.991  1513  2151 I FanController: [tuned] speed tuned to target speed: 5300 with level 33, 1
08-13 10:34:47.998  1513  1777 I         : 2.5.85: [ProcessVisualInertialOnce]: Send SLAM Img[605232506927],latest IMU[605227674437]
08-13 10:34:48.001  1513  1778 I         : SLAM_ALG::pipeline # TrackingOnce long frame: 2.963000,0.825000,2.138000,605227674437
08-13 10:34:48.004  1513  1783 I         : MeshRecon # [timing] IN GenerateDepthMatFromMesh: 0.020000, 0.000000, 0.039000, 1.303000
08-13 10:34:48.004  1513  1783 I         : MeshRecon # [timing] SceneDepthSystem_Process: 6.319000 = 0.401000 + 4.387000 + 0.106000 + 1.400000 + 0.025000
08-13 10:34:48.019  1513  5085 D VSTCamera: frameid:3388, frameduration:13887448, delay:16030233, boottime:600844119536, exposure:3000000, gain:1484, cameraid:6
08-13 10:34:48.031  1513  1777 I         : 2.5.85: [ProcessVisualInertialOnce]: Send SLAM Img[605265713750],latest IMU[605261007250]
08-13 10:34:48.033  1513  5085 D VSTCamera: frameid:3388, frameduration:13887447, delay:16105130, boottime:600858009431, exposure:3000000, gain:1484, cameraid:7
08-13 10:34:48.037  1513  1783 I         : MeshRecon # [timing] IN GenerateDepthMatFromMesh: 0.020000, 0.000000, 0.045000, 1.800000
08-13 10:34:48.038  1513  1783 I         : MeshRecon # [timing] SceneDepthSystem_Process: 6.909000 = 0.405000 + 4.370000 + 0.093000 + 1.978000 + 0.063000
08-13 10:34:48.038  1513  1778 I         : SLAM_ALG::pipeline # TrackingOnce long frame: 6.689000,0.771000,5.918000,605261007250
08-13 10:34:48.045  4318  4679 D NetworkService: TotalRxSpeed : 67B/s  /  TotalTxSpeed : 59B/s
08-13 10:34:48.045  4318  4679 D NetworkService: SystemRxSpeed : 39B/s  /  SystemTxSpeed : 59B/s
