08-13 10:27:22.915  1513  1784 I         : MeshRecon # [timing] DetectFloor: 0.081000 + 0.043000 + 0.115000 = 0.239000
08-13 10:27:22.916  1513  1778 I         : SLAM_ALG::pipeline # TrackingOnce long frame: 5.570000,1.197000,4.373000,160139058747
08-13 10:27:22.917  1513  1783 I         : MeshRecon # [timing] IN GenerateDepthMatFromMesh: 0.040000, 0.000000, 0.038000, 1.362000
08-13 10:27:22.917  1513  1783 I         : MeshRecon # [timing] SceneDepthSystem_Process: 7.104000 = 0.481000 + 4.981000 + 0.136000 + 1.465000 + 0.041000
08-13 10:27:22.934  1513  1784 I         : MeshRecon # DetectNearObj result: xyz (-0.250000, 0.150000, -0.501423), dist 0.496120
08-13 10:27:22.934  1513  1784 I         : MeshRecon # [timing] DetectNearObj: 0.014000 + 0.009000 + 0.268000 = 0.291000
08-13 10:27:22.934  3537  3765 I FOO     : [SystemUX] onNearestObjectUpdate 0.496120
08-13 10:27:22.942  1513  5085 I         : 2.5.85: [ProcessVisualInertialOnce]: Send SLAM Img[160177226979],latest IMU[160172391547]
08-13 10:27:22.947  1513  1778 I         : SLAM_ALG::pipeline # TrackingOnce long frame: 4.897000,2.370000,2.527000,160172391547
08-13 10:27:22.949  1513  1783 I         : MeshRecon # [timing] IN GenerateDepthMatFromMesh: 0.019000, 0.000000, 0.041000, 1.323000
08-13 10:27:22.949  1513  1783 I         : MeshRecon # [timing] SceneDepthSystem_Process: 7.016000 = 0.487000 + 4.878000 + 0.163000 + 1.444000 + 0.044000
08-13 10:27:22.958  1513  6233 I         : SLAM_ALG: mapping UpdateAlignMapTransformInfo t_error: 0.003, r_error: 0.12
08-13 10:27:22.960  1513  6233 I         : SLAM_ALG: mapping Twb_cur_int in pipeline: 160105725909, -0.0743, 0.0030, 0.0747, 0.6907, 0.6927, -0.1209, -0.1687
08-13 10:27:22.960  1513  6233 I         : SLAM_ALG: mapping Twb_cur_ext in pipeline: 160105725909, -0.0786, 0.0284, 0.0230, 0.6895, 0.6936, -0.1191, -0.1715
08-13 10:27:22.960  1513  6233 I         : SLAM_ALG: mapping Merged Maps Num: 7
08-13 10:27:22.960  1513  6233 I         : SLAM_ALG: mapping ---- Map id: 0, frames num: 10, transform: 0 - 0, 0.0000, 0.0000, 0.0000, 0.0000, 0.0000, 0.0000, 1.0000
08-13 10:27:22.960  1513  6233 I         : SLAM_ALG: mapping ---- Map id: 22, frames num: 130, transform: 22 - 0, 0.0126, 0.0330, 0.0198, 0.0234, 0.0026, 0.0016, 0.9997
08-13 10:27:22.960  1513  6233 I         : SLAM_ALG: mapping ---- Map id: 24, frames num: 13, transform: 24 - 0, 0.0504, -0.0102, 0.0125, -0.2222, 0.0022, 0.0004, 0.9750
08-13 10:27:22.960  1513  6233 I         : SLAM_ALG: mapping ---- Map id: 46, frames num: 3, transform: 46 - 0, 0.0507, 0.0502, -0.0933, 0.0136, 0.0046, 0.0029, 0.9999
08-13 10:27:22.960  1513  6233 I         : SLAM_ALG: mapping ---- Map id: 47, frames num: 106, transform: 47 - 0, 0.0354, 0.1158, -0.1375, 0.0709, 0.0069, 0.0053, 0.9974
08-13 10:27:22.960  1513  6233 I         : SLAM_ALG: mapping ---- Map id: 48, frames num: 11, transform: 48 - 0, 0.0100, 0.0467, -0.0617, 0.0634, 0.0050, 0.0022, 0.9980
08-13 10:27:22.960  1513  6233 I         : SLAM_ALG: mapping ---- Map id: 49, frames num: 12, transform: 49 - 0, 0.0001, 0.0270, -0.0557, 0.0043, 0.0059, 0.0023, 1.0000
08-13 10:27:22.960  1513  6233 I         : SLAM_ALG: mapping Mapping Map 0, local anchors num: 0
08-13 10:27:22.960  1513  6233 I         : SLAM_ALG: mapping [MEMORY] kfs num: 285/285, nfs num: 0/0, cams num: 648/648, feats num: 44215/44215, meas num: 43137/43137, mpts num: 7946/7946
08-13 10:27:22.961  1513  6233 I         : SLAM_ALG: mapping [TIME] ProcessKeyFrame: 77.14, 49.46, 14.86, 6.12, 4.59, 0.00, 0.08, 2.03, 160105725909
08-13 10:27:22.976  1513  1777 I         : 2.5.85: [ProcessVisualInertialOnce]: Send SLAM Img[160210433750],latest IMU[160205724398]
08-13 10:27:22.981  1513  1778 I         : SLAM_ALG::pipeline # TrackingOnce long frame: 5.309000,1.596000,3.713000,160205724398
08-13 10:27:22.982  1513  1783 I         : MeshRecon # [timing] IN GenerateDepthMatFromMesh: 0.020000, 0.000000, 0.041000, 1.387000
08-13 10:27:22.983  1513  1783 I         : MeshRecon # [timing] SceneDepthSystem_Process: 6.723000 = 0.678000 + 4.344000 + 0.115000 + 1.535000 + 0.051000
08-13 10:27:22.984  4283  4423 D PerformanceService: handleMessage - isLow: false, lowMemForLmk: false
08-13 10:27:23.009  1513  1777 I         : 2.5.85: [ProcessVisualInertialOnce]: Send SLAM Img[160243640260],latest IMU[160239057211]
08-13 10:27:23.015  1513  1778 I         : SLAM_ALG::pipeline # TrackingOnce long frame: 5.479000,1.321000,4.158000,160239057211
08-13 10:27:23.017  1513  1783 I         : MeshRecon # [timing] IN GenerateDepthMatFromMesh: 0.019000, 0.000000, 0.035000, 1.218000
08-13 10:27:23.017  1513  1783 I         : MeshRecon # [timing] SceneDepthSystem_Process: 8.795000 = 0.413000 + 6.923000 + 0.100000 + 1.325000 + 0.034000
08-13 10:27:23.043  1513  1777 I         : 2.5.85: [ProcessVisualInertialOnce]: Send SLAM Img[160277823541],latest IMU[160272390049]
08-13 10:27:23.043  1513  1783 I         : 2.5.85: [WARNING] SceneDepthProcessOnce InterpolatePose failed! prePose ts 160272269186, nextPose ts 160272269186, avg_ts 160272390048
08-13 10:27:23.049  1513  1783 I         : MeshRecon # [timing] IN GenerateDepthMatFromMesh: 0.021000, 0.000000, 0.044000, 1.319000
08-13 10:27:23.050  1513  1783 I         : MeshRecon # [timing] SceneDepthSystem_Process: 6.797999 = 0.717000 + 4.467000 + 0.121000 + 1.458000 + 0.035000
08-13 10:27:23.050  1513  1778 I         : SLAM_ALG::pipeline # TrackingOnce long frame: 5.985000,0.827000,5.158000,160272390049
08-13 10:27:23.076  1513  1777 I         : 2.5.85: [ProcessVisualInertialOnce]: Send SLAM Img[160311030364],latest IMU[160305722888]
08-13 10:27:23.080  1513  1778 I         : SLAM_ALG::pipeline # TrackingOnce long frame: 3.224000,1.046000,2.178000,160305722888
08-13 10:27:23.083  1513  1783 I         : MeshRecon # [timing] IN GenerateDepthMatFromMesh: 0.018000, 0.000000, 0.045000, 1.747000
08-13 10:27:23.083  1513  1783 I         : MeshRecon # [timing] SceneDepthSystem_Process: 7.493000 = 0.581000 + 4.893000 + 0.103000 + 1.880000 + 0.036000
08-13 10:27:23.110  1513  1777 I         : 2.5.85: [ProcessVisualInertialOnce]: Send SLAM Img[160344237083],latest IMU[160339055700]
08-13 10:27:23.115  1513  1778 I         : SLAM_ALG::pipeline # TrackingOnce long frame: 4.887000,1.507000,3.380000,160339055700
08-13 10:27:23.116  1513  1783 I         : MeshRecon # [timing] IN GenerateDepthMatFromMesh: 0.020000, 0.000000, 0.040000, 1.325000
08-13 10:27:23.116  1513  1783 I         : MeshRecon # [timing] SceneDepthSystem_Process: 7.138999 = 0.614000 + 4.965000 + 0.100000 + 1.424000 + 0.036000
08-13 10:27:23.119  1513  1784 I         : MeshRecon # [timing] SUM:47.137001, Prep:0.005000,Rect:1.748000,BBox:1.006000,Depth:34.081001,Filter:1.030000,Insert:9.267000,Update:0.000000,CB:0.000000,Floor:0.000000,Boundary:0.000000,NearObj:0.000000,Room1:0.000000,Room2:0.000000
08-13 10:27:23.143  1513  1777 I         : 2.5.85: [ProcessVisualInertialOnce]: Send SLAM Img[160377443645],latest IMU[160372388539]
08-13 10:27:23.147  1513  1778 I         : SLAM_ALG::pipeline # TrackingOnce long frame: 3.699000,0.986000,2.713000,160372388539
08-13 10:27:23.149  1513  1783 I         : MeshRecon # [timing] IN GenerateDepthMatFromMesh: 0.019000, 0.000000, 0.035000, 1.374000
08-13 10:27:23.149  1513  1783 I         : MeshRecon # [timing] SceneDepthSystem_Process: 6.749000 = 0.450000 + 4.680000 + 0.098000 + 1.486000 + 0.035000
08-13 10:27:23.167  1513  5085 D TOFCamera3Device: frameid:1573, frameduration:33332812, delay:24883488, boottime:155984037701, exposure:1130000, gain:0, cameraid:10
08-13 10:27:23.168  1513  1784 I         : MeshRecon # DetectNearObj result: xyz (-0.250000, 0.150000, -0.501423), dist 0.496781
08-13 10:27:23.168  1513  1784 I         : MeshRecon # [timing] DetectNearObj: 0.014000 + 0.009000 + 0.208000 = 0.231000
08-13 10:27:23.168  3537  3765 I FOO     : [SystemUX] onNearestObjectUpdate 0.496781
08-13 10:27:23.176  1513  1777 I         : 2.5.85: [ProcessVisualInertialOnce]: Send SLAM Img[160410650416],latest IMU[160405721351]
08-13 10:27:23.183  1513  1778 I         : SLAM_ALG::pipeline # TrackingOnce long frame: 6.852000,1.644000,5.208000,160405721351
08-13 10:27:23.184  1513  1783 I         : MeshRecon # [timing] IN GenerateDepthMatFromMesh: 0.017000, 0.000000, 0.040000, 1.254000
08-13 10:27:23.185  1513  1783 I         : MeshRecon # [timing] SceneDepthSystem_Process: 8.995000 = 0.414000 + 7.105000 + 0.097000 + 1.342000 + 0.037000
08-13 10:27:23.210  1513  1777 I         : 2.5.85: [ProcessVisualInertialOnce]: Send SLAM Img[160443856927],latest IMU[160439054203]
08-13 10:27:23.215  1513  1778 I         : SLAM_ALG::pipeline # TrackingOnce long frame: 4.984000,0.825000,4.158000,160439054203
08-13 10:27:23.216  1513  1783 I         : MeshRecon # [timing] IN GenerateDepthMatFromMesh: 0.027000, 0.000000, 0.041000, 1.404000
08-13 10:27:23.216  1513  1783 I         : MeshRecon # [timing] SceneDepthSystem_Process: 6.569000 = 0.414000 + 4.476000 + 0.138000 + 1.512000 + 0.029000
08-13 10:27:23.221  1513  5085 D TrackingMultiCamera: frameid:3146, frameduration:16665365, delay:3311984, boottime:156059473632, exposure:6000, gain:49, cameraid:3
08-13 10:27:23.222  1513  5085 D TrackingMultiCamera: frameid:3146, frameduration:16665417, delay:3630213, boottime:156059473632, exposure:6000, gain:49, cameraid:0
08-13 10:27:23.222  1513  5085 D TrackingMultiCamera: frameid:3146, frameduration:16665417, delay:3818651, boottime:156059473632, exposure:6000, gain:49, cameraid:2
08-13 10:27:23.222  1513  5085 D TrackingMultiCamera: frameid:3146, frameduration:16665417, delay:4000890, boottime:156059473632, exposure:6000, gain:49, cameraid:1
08-13 10:27:23.231  1513  5085 D VSTCamera: frameid:3872, frameduration:13887448, delay:21467226, boottime:156051459640, exposure:8333333, gain:490, cameraid:6
08-13 10:27:23.241  2610  3053 E VSTDisplayManager: VST FPS:72
08-13 10:27:23.243  1513  1777 I         : 2.5.85: [ProcessVisualInertialOnce]: Send SLAM Img[160477063697],latest IMU[160472387003]
08-13 10:27:23.245  1513  5085 D VSTCamera: frameid:3872, frameduration:13887448, delay:21411080, boottime:156065348182, exposure:8333333, gain:490, cameraid:7
08-13 10:27:23.247  1513  1778 I         : SLAM_ALG::pipeline # TrackingOnce long frame: 4.157000,0.965000,3.192000,160472387003
08-13 10:27:23.249  1513  1783 I         : MeshRecon # [timing] IN GenerateDepthMatFromMesh: 0.018000, 0.000000, 0.038000, 1.445000
08-13 10:27:23.249  1513  1783 I         : MeshRecon # [timing] SceneDepthSystem_Process: 6.928000 = 0.484000 + 4.713000 + 0.090000 + 1.566000 + 0.075000
08-13 10:27:23.274  4283  4453 D MemMonitorService: memCheck -- android.process.media
08-13 10:27:23.276  1513  5085 I         : 2.5.85: [ProcessVisualInertialOnce]: Send SLAM Img[160510270468],latest IMU[160505719854]
08-13 10:27:23.282  1513  1778 I         : SLAM_ALG::pipeline # TrackingOnce long frame: 3.640000,1.132000,2.508000,160505719854
08-13 10:27:23.284  1513  1783 I         : MeshRecon # [timing] IN GenerateDepthMatFromMesh: 0.019000, 0.000000, 0.041000, 1.499000
08-13 10:27:23.284  1513  1783 I         : MeshRecon # [timing] SceneDepthSystem_Process: 7.808000 = 0.777000 + 5.240000 + 0.124000 + 1.622000 + 0.045000
08-13 10:27:23.287  2243  2322 D ActivityManager: freezer override set to true
08-13 10:27:23.288  1513  5085 D TrackingAuxMultiCamera: frameid:3146, frameduration:16665417, delay:3422088, boottime:156126139309, exposure:6000, gain:49, cameraid:5
08-13 10:27:23.288  1513  5085 D TrackingAuxMultiCamera: frameid:3146, frameduration:16665365, delay:3624224, boottime:156126139257, exposure:6000, gain:49, cameraid:4
08-13 10:27:23.302  2243  2340 D ActivityManager: Skipping freeze for process 3314 com.qualcomm.qti.powersavemode curAdj = 999(override)
08-13 10:27:23.302  2243  2340 D ActivityManager: Skipping freeze for process 4375 com.android.externalstorage curAdj = 999(override)
08-13 10:27:23.302  2243  2340 D ActivityManager: Skipping freeze for process 4664 com.qualcomm.timeservice curAdj = 999(override)
08-13 10:27:23.303  2243  2340 D ActivityManager: Skipping freeze for process 4528 com.android.rkpdapp curAdj = 999(override)
08-13 10:27:23.303  2243  2340 D ActivityManager: Skipping freeze for process 4622 org.khronos.openxr.system_runtime_broker curAdj = 995(override)
08-13 10:27:23.303  2243  2340 D ActivityManager: Skipping freeze for process 3678 com.android.printspooler curAdj = 965(override)
08-13 10:27:23.303  2243  2340 D ActivityManager: Skipping freeze for process 5514 com.android.webview:webview_service curAdj = 955(override)
08-13 10:27:23.303  2243  2340 D ActivityManager: Skipping freeze for process 4524 com.android.providers.calendar curAdj = 945(override)
08-13 10:27:23.303  2243  2340 D ActivityManager: Skipping freeze for process 3026 com.android.permissioncontroller curAdj = 925(override)
08-13 10:27:23.303  2243  2340 D ActivityManager: Skipping freeze for process 3078 com.qualcomm.qtil.btdsda curAdj = 905(override)
08-13 10:27:23.304  2243  2340 D ActivityManager: Skipping freeze for process 6043 com.xingin.xhs:longlink curAdj = 925(override)
08-13 10:27:23.304  2243  2322 D ActivityManager: freezer override set to false
08-13 10:27:23.306  4283  4453 D MemMonitorService: memCheck -- 3897, android.process.media, 12433
08-13 10:27:23.306  2243  2340 D ActivityManager: freezing 5356 com.xingin.xhs:pushservice
08-13 10:27:23.307  2243  2340 D ActivityManager: freezing 4790 com.xingin.xhs
08-13 10:27:23.309  1513  1783 I         : 2.5.85: [WARNING] SceneDepthProcessOnce InterpolatePose failed! prePose ts 160538899342, nextPose ts 160538899342, avg_ts 160539052680
08-13 10:27:23.310  1513  1777 I         : 2.5.85: [ProcessVisualInertialOnce]: Send SLAM Img[160544453750],latest IMU[160539052680]
08-13 10:27:23.316  1513  1783 I         : MeshRecon # [timing] IN GenerateDepthMatFromMesh: 0.015000, 0.000000, 0.032000, 1.235000
08-13 10:27:23.316  1513  1783 I         : MeshRecon # [timing] SceneDepthSystem_Process: 6.601000 = 0.361000 + 4.759000 + 0.087000 + 1.366000 + 0.028000
08-13 10:27:23.316  1513  1778 I         : SLAM_ALG::pipeline # TrackingOnce long frame: 5.760000,1.161000,4.599000,160539052680
08-13 10:27:23.318  1513  1784 E MeshTrackingModule: [Spatial] on block update, count: 13
08-13 10:27:23.322  1513  1784 I         : MeshRecon # Callback updated 13 blocks at map_id 47!
08-13 10:27:23.322  1513  1784 I         : MeshRecon # [timing] SUM:54.951996, Prep:0.004000,Rect:1.565000,BBox:1.353000,Depth:34.104000,Filter:0.922000,Insert:9.051000,Update:3.350000,CB:4.601000,Floor:0.001000,Boundary:0.000000,NearObj:0.000000,Room1:0.000000,Room2:0.001000
08-13 10:27:23.322  1513  1784 I         : MeshRecon # [cur update] chunk num: 13, vtx num: 340, idx num: 1137;  [max update] chunk num: 93, vtx num: 3943, idx num: 15324;  [all] chunk num: 84, vtx num: 2927, idx num: 11310
08-13 10:27:23.322  1513  1784 I         : CalculateBBox_QNN            -> min:0.934, max:4.669, avg:1.415 ms, sum:0.76580 s
08-13 10:27:23.322  1513  1784 I         : CalculateDepth               -> min:30.39, max:52.79, avg:35.32 ms, sum:19.1084 s
08-13 10:27:23.322  1513  1784 I         : CalculateDepthStereo_CNN     -> min:15.40, max:28.58, avg:17.03 ms, sum:9.21499 s
08-13 10:27:23.322  1513  1784 I         : CalculateDepthToF_CNN        -> min:12.74, max:30.79, avg:16.49 ms, sum:8.92122 s
08-13 10:27:23.322  1513  1784 I         : CalculateDepthToF_ToFMask    -> min:0.045, max:0.254, avg:0.065 ms, sum:0.03541 s
08-13 10:27:23.322  1513  1784 I         : CallbackBlockUpdateEvent     -> min:2.831, max:9.156, avg:4.729 ms, sum:0.85608 s
08-13 10:27:23.322  1513  1784 I         : DetectFloor                  -> min:0.092, max:1.109, avg:0.242 ms, sum:0.02569 s
08-13 10:27:23.322  1513  1784 I         : DetectNearObj                -> min:0.004, max:1.645, avg:0.325 ms, sum:0.14903 s
08-13 10:27:23.322  1513  1784 I         : FilterDepth                  -> min:0.237, max:7.249, avg:1.223 ms, sum:0.65715 s
08-13 10:27:23.322  1513  1784 I         : InsertData                   -> min:5.354, max:16.54, avg:8.969 ms, sum:4.81675 s
08-13 10:27:23.322  1513  1784 I         : Rectification                -> min:1.357, max:3.991, avg:1.695 ms, sum:0.91747 s
08-13 10:27:23.322  1513  1784 I         : TrackingBBox                 -> min:0.005, max:0.339, avg:0.014 ms, sum:0.00782 s
08-13 10:27:23.323  1513  1784 I         : UpdateMesh                   -> min:2.554, max:34.58, avg:13.57 ms, sum:2.45747 s
08-13 10:27:23.323  1513  1784 I         : 
08-13 10:27:23.342  1513  1783 I         : 2.5.85: [WARNING] SceneDepthProcessOnce InterpolatePose failed! prePose ts 160572105853, nextPose ts 160572105853, avg_ts 160572385492
08-13 10:27:23.343  1513  1777 I         : 2.5.85: [ProcessVisualInertialOnce]: Send SLAM Img[160577660312],latest IMU[160572385492]
08-13 10:27:23.348  1513  1778 I         : SLAM_ALG::pipeline # TrackingOnce long frame: 4.231000,0.917000,3.314000,160572385492
08-13 10:27:23.349  1513  1783 I         : MeshRecon # [timing] IN GenerateDepthMatFromMesh: 0.024000, 0.000000, 0.041000, 1.352000
08-13 10:27:23.349  1513  1783 I         : MeshRecon # [timing] SceneDepthSystem_Process: 6.897000 = 0.397000 + 4.865000 + 0.131000 + 1.466000 + 0.038000
08-13 10:27:23.376  1513  1777 I         : 2.5.85: [ProcessVisualInertialOnce]: Send SLAM Img[160610867083],latest IMU[160605718344]
08-13 10:27:23.377  1513  5085 D ETMultiCamera: frameid:4719, frameduration:11164271, delay:2713829, boottime:156215729339, exposure:975000, gain:98, cameraid:8
08-13 10:27:23.377  1513  5085 D ETMultiCamera: frameid:4719, frameduration:11164323, delay:2906329, boottime:156215737360, exposure:975000, gain:98, cameraid:9
08-13 10:27:23.383  1513  1783 I         : MeshRecon # [timing] IN GenerateDepthMatFromMesh: 0.024000, 0.000000, 0.057000, 1.415000
08-13 10:27:23.383  1513  1783 I         : MeshRecon # [timing] SceneDepthSystem_Process: 6.850000 = 0.443000 + 4.675000 + 0.132000 + 1.568000 + 0.032000
08-13 10:27:23.383  1513  1778 I         : SLAM_ALG::pipeline # TrackingOnce long frame: 6.642000,1.318000,5.324000,160605718344
08-13 10:27:23.392  4318  4679 D NetworkService: TotalRxSpeed : 2.3KB/s  /  TotalTxSpeed : 459B/s
08-13 10:27:23.392  4318  4679 D NetworkService: SystemRxSpeed : 39B/s  /  SystemTxSpeed : 59B/s
08-13 10:27:23.403  1513  1784 I         : MeshRecon # DetectNearObj result: xyz (-0.250000, 0.150000, -0.501423), dist 0.497493
08-13 10:27:23.404  1513  1784 I         : MeshRecon # [timing] DetectNearObj: 0.089000 + 0.011000 + 0.631000 = 0.731000
08-13 10:27:23.407  3537  3765 I FOO     : [SystemUX] onNearestObjectUpdate 0.497493
08-13 10:27:23.409  1513  1777 I         : 2.5.85: [ProcessVisualInertialOnce]: Send SLAM Img[160644073593],latest IMU[160639051143]
08-13 10:27:23.415  1513  1778 I         : SLAM_ALG::pipeline # TrackingOnce long frame: 5.251000,0.858000,4.393000,160639051143
08-13 10:27:23.416  1513  1783 I         : MeshRecon # [timing] IN GenerateDepthMatFromMesh: 0.021000, 0.000000, 0.044000, 1.456000
08-13 10:27:23.416  1513  1783 I         : MeshRecon # [timing] SceneDepthSystem_Process: 6.700000 = 0.477000 + 4.447000 + 0.104000 + 1.600000 + 0.072000
08-13 10:27:23.443  1513  5085 I         : 2.5.85: [ProcessVisualInertialOnce]: Send SLAM Img[160677280364],latest IMU[160672383982]
08-13 10:27:23.450  1513  1778 I         : SLAM_ALG::pipeline # TrackingOnce long frame: 5.234000,1.766000,3.468000,160672383982
08-13 10:27:23.450  1513  1783 I         : MeshRecon # [timing] IN GenerateDepthMatFromMesh: 0.018000, 0.000000, 0.036000, 1.328000
08-13 10:27:23.450  1513  1783 I         : MeshRecon # [timing] SceneDepthSystem_Process: 7.103000 = 0.801000 + 4.701000 + 0.095000 + 1.464000 + 0.042000
08-13 10:27:23.476  1513  1777 I         : 2.5.85: [ProcessVisualInertialOnce]: Send SLAM Img[160710486927],latest IMU[160705716794]
08-13 10:27:23.480  1513  1778 I         : SLAM_ALG::pipeline # TrackingOnce long frame: 3.887000,0.934000,2.953000,160705716794
08-13 10:27:23.482  1513  1783 I         : MeshRecon # [timing] IN GenerateDepthMatFromMesh: 0.019000, 0.000000, 0.081000, 1.384000
08-13 10:27:23.482  1513  1783 I         : MeshRecon # [timing] SceneDepthSystem_Process: 6.824000 = 0.387000 + 4.782000 + 0.099000 + 1.532000 + 0.024000
08-13 10:27:23.493  1513  6233 I         : SLAM_ALG: mapping UpdateAlignMapTransformInfo t_error: 0.003, r_error: 0.11
08-13 10:27:23.497  1513  6233 I         : SLAM_ALG: mapping Twb_cur_int in pipeline: 160639051143, -0.0730, 0.0057, 0.0750, 0.6883, 0.6957, -0.1142, -0.1708
08-13 10:27:23.497  1513  6233 I         : SLAM_ALG: mapping Twb_cur_ext in pipeline: 160639051143, -0.0771, 0.0310, 0.0237, 0.6871, 0.6964, -0.1124, -0.1738
08-13 10:27:23.497  1513  6233 I         : SLAM_ALG: mapping Merged Maps Num: 7
08-13 10:27:23.497  1513  6233 I         : SLAM_ALG: mapping ---- Map id: 0, frames num: 10, transform: 0 - 0, 0.0000, 0.0000, 0.0000, 0.0000, 0.0000, 0.0000, 1.0000
08-13 10:27:23.497  1513  6233 I         : SLAM_ALG: mapping ---- Map id: 22, frames num: 130, transform: 22 - 0, 0.0126, 0.0330, 0.0198, 0.0234, 0.0026, 0.0016, 0.9997
08-13 10:27:23.497  1513  6233 I         : SLAM_ALG: mapping ---- Map id: 24, frames num: 13, transform: 24 - 0, 0.0504, -0.0102, 0.0125, -0.2222, 0.0022, 0.0004, 0.9750
08-13 10:27:23.497  1513  6233 I         : SLAM_ALG: mapping ---- Map id: 46, frames num: 3, transform: 46 - 0, 0.0507, 0.0502, -0.0933, 0.0136, 0.0046, 0.0029, 0.9999
08-13 10:27:23.497  1513  6233 I         : SLAM_ALG: mapping ---- Map id: 47, frames num: 106, transform: 47 - 0, 0.0354, 0.1158, -0.1375, 0.0709, 0.0069, 0.0053, 0.9974
08-13 10:27:23.497  1513  6233 I         : SLAM_ALG: mapping ---- Map id: 48, frames num: 11, transform: 48 - 0, 0.0100, 0.0467, -0.0617, 0.0634, 0.0050, 0.0022, 0.9980
08-13 10:27:23.497  1513  6233 I         : SLAM_ALG: mapping ---- Map id: 49, frames num: 11, transform: 49 - 0, 0.0001, 0.0270, -0.0557, 0.0043, 0.0059, 0.0023, 1.0000
08-13 10:27:23.497  1513  6233 I         : SLAM_ALG: mapping Mapping Map 0, local anchors num: 0
08-13 10:27:23.498  1513  6233 I         : SLAM_ALG: mapping [MEMORY] kfs num: 284/284, nfs num: 0/0, cams num: 643/643, feats num: 44068/44068, meas num: 42990/42990, mpts num: 7946/7946
08-13 10:27:23.498  1513  6233 I         : SLAM_ALG: mapping [TIME] ProcessKeyFrame: 81.08, 48.30, 15.78, 8.87, 3.67, 0.00, 0.09, 4.37, 160639051143
08-13 10:27:23.509  1513  1777 I         : 2.5.85: [ProcessVisualInertialOnce]: Send SLAM Img[160743693697],latest IMU[160739049633]
08-13 10:27:23.514  1513  1784 I         : MeshRecon # [timing] SUM:46.639999, Prep:0.005000,Rect:1.811000,BBox:1.605000,Depth:34.056000,Filter:0.691000,Insert:8.472000,Update:0.000000,CB:0.000000,Floor:0.000000,Boundary:0.000000,NearObj:0.000000,Room1:0.000000,Room2:0.000000
08-13 10:27:23.515  1513  1778 I         : SLAM_ALG::pipeline # TrackingOnce long frame: 5.296000,0.881000,4.415000,160739049633
08-13 10:27:23.516  1513  1783 I         : MeshRecon # [timing] IN GenerateDepthMatFromMesh: 0.020000, 0.000000, 0.042000, 1.350000
08-13 10:27:23.516  1513  1783 I         : MeshRecon # [timing] SceneDepthSystem_Process: 6.981000 = 0.386000 + 4.974000 + 0.115000 + 1.462000 + 0.044000
08-13 10:27:23.543  1513  5085 I         : 2.5.85: [ProcessVisualInertialOnce]: Send SLAM Img[160776900468],latest IMU[160772382471]
08-13 10:27:23.547  1513  1778 I         : SLAM_ALG::pipeline # TrackingOnce long frame: 3.629000,1.009000,2.620000,160772382471
08-13 10:27:23.549  1513  1783 I         : MeshRecon # [timing] IN GenerateDepthMatFromMesh: 0.032000, 0.000000, 0.044000, 1.329000
08-13 10:27:23.549  1513  1783 I         : MeshRecon # [timing] SceneDepthSystem_Process: 6.502000 = 0.418000 + 4.465000 + 0.133000 + 1.450000 + 0.036000
08-13 10:27:23.576  1513  1777 I         : 2.5.85: [ProcessVisualInertialOnce]: Send SLAM Img[160811083802],latest IMU[160805715297]
08-13 10:27:23.582  1513  1778 I         : SLAM_ALG::pipeline # TrackingOnce long frame: 5.901000,0.843000,5.058000,160805715297
08-13 10:27:23.583  1513  1783 I         : MeshRecon # [timing] IN GenerateDepthMatFromMesh: 0.021000, 0.000000, 0.041000, 1.551000
08-13 10:27:23.583  1513  1783 I         : MeshRecon # [timing] SceneDepthSystem_Process: 6.689000 = 0.433000 + 4.232000 + 0.129000 + 1.831000 + 0.064000
08-13 10:27:23.610  1513  5085 I         : 2.5.85: [ProcessVisualInertialOnce]: Send SLAM Img[160844290312],latest IMU[160839048135]
08-13 10:27:23.616  1513  1778 I         : SLAM_ALG::pipeline # TrackingOnce long frame: 4.336000,1.630000,2.706000,160839048135
08-13 10:27:23.617  1513  1783 I         : MeshRecon # [timing] IN GenerateDepthMatFromMesh: 0.019000, 0.000000, 0.034000, 1.259000
08-13 10:27:23.617  1513  1783 I         : MeshRecon # [timing] SceneDepthSystem_Process: 7.081999 = 0.937000 + 4.667000 + 0.094000 + 1.356000 + 0.028000
08-13 10:27:23.634  1513  1784 I         : MeshRecon # DetectNearObj result: xyz (-0.250000, 0.150000, -0.501423), dist 0.498090
08-13 10:27:23.634  1513  1784 I         : MeshRecon # [timing] DetectNearObj: 0.016000 + 0.010000 + 0.245000 = 0.271000
08-13 10:27:23.634  3537  3765 I FOO     : [SystemUX] onNearestObjectUpdate 0.498090
08-13 10:27:23.642  1513  1783 I         : 2.5.85: [WARNING] SceneDepthProcessOnce InterpolatePose failed! prePose ts 160871942728, nextPose ts 160871942728, avg_ts 160872380934
08-13 10:27:23.643  1513  1777 I         : 2.5.85: [ProcessVisualInertialOnce]: Send SLAM Img[160877497135],latest IMU[160872380948]
08-13 10:27:23.648  1513  1778 I         : SLAM_ALG::pipeline # TrackingOnce long frame: 4.590000,0.839000,3.751000,160872380948
08-13 10:27:23.648  1513  1783 I         : MeshRecon # [timing] IN GenerateDepthMatFromMesh: 0.018000, 0.000000, 0.039000, 1.450000
08-13 10:27:23.648  1513  1783 I         : MeshRecon # [timing] SceneDepthSystem_Process: 6.471000 = 0.411000 + 4.372000 + 0.098000 + 1.556000 + 0.034000
08-13 10:27:23.676  1513  1777 I         : 2.5.85: [ProcessVisualInertialOnce]: Send SLAM Img[160910703645],latest IMU[160905713773]
08-13 10:27:23.681  1513  1778 I         : SLAM_ALG::pipeline # TrackingOnce long frame: 5.082000,1.186000,3.896000,160905713773
08-13 10:27:23.683  1513  1783 I         : MeshRecon # [timing] IN GenerateDepthMatFromMesh: 0.021000, 0.000000, 0.043000, 1.304000
08-13 10:27:23.683  1513  1783 I         : MeshRecon # [timing] SceneDepthSystem_Process: 7.313000 = 0.415000 + 5.334000 + 0.116000 + 1.413000 + 0.035000
08-13 10:27:23.711  1513  5085 I         : 2.5.85: [ProcessVisualInertialOnce]: Send SLAM Img[160944886979],latest IMU[160939046599]
08-13 10:27:23.713  3842  6171 I PerfStats.cpp: FPS=72.00/72, Prd=21.12ms, Early=72.00, Stale=0.00, Lat=-1, Fov=0, CPU/GPU=4/5, Free=7388MB, ATW=5.20ms, APP=3.54ms/1.82ms, GD=0.00, CPU%=0.40, GPU%=0.35,ColorSpace:6
08-13 10:27:23.713  2610  3053 I CompositorMonitor: fps:72.0, prd:20.8 ms, cpu:1.3 ms, gpu:3.8 ms, early:72.0, stale:0.0, max_stale:0.0, sw_mode:0, drr:72.0, lat_mode:-1
08-13 10:27:23.717  1513  1778 I         : SLAM_ALG::pipeline # TrackingOnce long frame: 4.504000,0.971000,3.533000,160939046599
08-13 10:27:23.718  1513  1783 I         : MeshRecon # [timing] IN GenerateDepthMatFromMesh: 0.017000, 0.000000, 0.038000, 1.571000
08-13 10:27:23.718  1513  1783 I         : MeshRecon # [timing] SceneDepthSystem_Process: 6.849000 = 0.457000 + 4.606000 + 0.098000 + 1.663000 + 0.025000
08-13 10:27:23.721  1513  1784 I         : MeshRecon # [timing] SUM:52.416000, Prep:0.005000,Rect:1.407000,BBox:1.169000,Depth:40.090000,Filter:2.310000,Insert:7.434000,Update:0.000000,CB:0.000000,Floor:0.000000,Boundary:0.000000,NearObj:0.001000,Room1:0.000000,Room2:0.000000
08-13 10:27:23.742  1513  1777 I         : 2.5.85: [ProcessVisualInertialOnce]: Send SLAM Img[160977116979],latest IMU[160972379437]
08-13 10:27:23.750  1513  1778 I         : SLAM_ALG::pipeline # TrackingOnce long frame: 6.907000,1.052000,5.855000,160972379437
08-13 10:27:23.751  1513  1783 I         : MeshRecon # [timing] IN GenerateDepthMatFromMesh: 0.055000, 0.001000, 0.079000, 1.453000
08-13 10:27:23.751  1513  1783 I         : MeshRecon # [timing] SceneDepthSystem_Process: 8.861000 = 0.542000 + 6.466000 + 0.196000 + 1.626000 + 0.031000
08-13 10:27:23.776  1513  5085 I         : 2.5.85: [ProcessVisualInertialOnce]: Send SLAM Img[161010323750],latest IMU[161005712263]
08-13 10:27:23.783  1513  1783 I         : MeshRecon # [timing] IN GenerateDepthMatFromMesh: 0.020000, 0.000000, 0.035000, 1.270000
08-13 10:27:23.783  1513  1778 I         : SLAM_ALG::pipeline # TrackingOnce long frame: 5.690000,1.649000,4.041000,161005712263
08-13 10:27:23.783  1513  1783 I         : MeshRecon # [timing] SceneDepthSystem_Process: 6.785000 = 0.873000 + 4.336000 + 0.091000 + 1.412000 + 0.073000
08-13 10:27:23.810  1513  1777 I         : 2.5.85: [ProcessVisualInertialOnce]: Send SLAM Img[161044507083],latest IMU[161039045075]
08-13 10:27:23.814  1513  1778 I         : SLAM_ALG::pipeline # TrackingOnce long frame: 3.682000,0.859000,2.823000,161039045075
08-13 10:27:23.815  1513  1783 I         : MeshRecon # [timing] IN GenerateDepthMatFromMesh: 0.016000, 0.000000, 0.037000, 1.450000
08-13 10:27:23.815  1513  1783 I         : MeshRecon # [timing] SceneDepthSystem_Process: 6.522000 = 0.423000 + 4.364000 + 0.093000 + 1.598000 + 0.044000
08-13 10:27:23.842  1513  1783 I         : 2.5.85: [WARNING] SceneDepthProcessOnce InterpolatePose failed! prePose ts 161072159238, nextPose ts 161072159238, avg_ts 161072377940
08-13 10:27:23.842  1513  1777 I         : 2.5.85: [ProcessVisualInertialOnce]: Send SLAM Img[161077713645],latest IMU[161072377940]
08-13 10:27:23.848  1513  1778 I         : SLAM_ALG::pipeline # TrackingOnce long frame: 5.420000,1.002000,4.418000,161072377940
08-13 10:27:23.850  1513  1783 I         : MeshRecon # [timing] IN GenerateDepthMatFromMesh: 0.021000, 0.000000, 0.041000, 1.333000
08-13 10:27:23.850  1513  1783 I         : MeshRecon # [timing] SceneDepthSystem_Process: 7.503000 = 0.429000 + 5.507000 + 0.101000 + 1.432000 + 0.034000
08-13 10:27:23.875  2610  2625 I LayerState: XR submitFrame:6700 [minV=1 curV=12003], client:3842, type:1 layer_count:4
08-13 10:27:23.877  1513  1777 I         : 2.5.85: [ProcessVisualInertialOnce]: Send SLAM Img[161110920416],latest IMU[161105710739]
08-13 10:27:23.880  1513  1778 I         : SLAM_ALG::pipeline # TrackingOnce long frame: 3.439000,0.983000,2.456000,161105710739
08-13 10:27:23.883  1513  1783 I         : MeshRecon # [timing] IN GenerateDepthMatFromMesh: 0.027000, 0.000000, 0.041000, 1.355000
08-13 10:27:23.883  1513  1783 I         : MeshRecon # [timing] SceneDepthSystem_Process: 7.068000 = 0.512000 + 4.888000 + 0.167000 + 1.465000 + 0.036000
08-13 10:27:23.910  1513  1777 I         : 2.5.85: [ProcessVisualInertialOnce]: Send SLAM Img[161144126979],latest IMU[161139043578]
08-13 10:27:23.917  1513  1778 I         : SLAM_ALG::pipeline # TrackingOnce long frame: 6.558000,0.902000,5.656000,161139043578
08-13 10:27:23.917  1513  1783 I         : MeshRecon # [timing] IN GenerateDepthMatFromMesh: 0.021000, 0.000000, 0.041000, 1.548000
08-13 10:27:23.917  1513  1783 I         : MeshRecon # [timing] SceneDepthSystem_Process: 7.258000 = 0.508000 + 4.849000 + 0.183000 + 1.675000 + 0.043000
08-13 10:27:23.918  1513  1784 E MeshTrackingModule: [Spatial] on block update, count: 14
08-13 10:27:23.922  1513  1784 I         : MeshRecon # Callback updated 14 blocks at map_id 47!
08-13 10:27:23.922  1513  1784 I         : MeshRecon # DetectNearObj result: xyz (-0.250000, 0.150000, -0.501423), dist 0.498175
08-13 10:27:23.922  1513  1784 I         : MeshRecon # [timing] DetectNearObj: 0.017000 + 0.022000 + 0.171000 = 0.210000
08-13 10:27:23.922  1513  1784 I         : MeshRecon # [timing] SUM:54.099995, Prep:0.006000,Rect:1.610000,BBox:1.187000,Depth:34.855999,Filter:0.717000,Insert:8.018000,Update:4.079000,CB:3.399000,Floor:0.001000,Boundary:0.000000,NearObj:0.226000,Room1:0.000000,Room2:0.001000
08-13 10:27:23.922  1513  1784 I         : MeshRecon # [cur update] chunk num: 14, vtx num: 364, idx num: 1203;  [max update] chunk num: 93, vtx num: 3943, idx num: 15324;  [all] chunk num: 84, vtx num: 2927, idx num: 11310
08-13 10:27:23.922  1513  1784 I         : CalculateBBox_QNN            -> min:0.934, max:4.669, avg:1.415 ms, sum:0.76976 s
08-13 10:27:23.922  1513  1784 I         : CalculateDepth               -> min:30.39, max:52.79, avg:35.32 ms, sum:19.2174 s
08-13 10:27:23.922  1513  1784 I         : CalculateDepthStereo_CNN     -> min:15.40, max:28.58, avg:17.03 ms, sum:9.26729 s
08-13 10:27:23.922  1513  1784 I         : CalculateDepthToF_CNN        -> min:12.74, max:30.79, avg:16.49 ms, sum:8.97083 s
08-13 10:27:23.922  1513  1784 I         : CalculateDepthToF_ToFMask    -> min:0.045, max:0.254, avg:0.065 ms, sum:0.03561 s
08-13 10:27:23.922  1513  1784 I         : CallbackBlockUpdateEvent     -> min:2.831, max:9.156, avg:4.722 ms, sum:0.85948 s
08-13 10:27:23.922  1513  1784 I         : DetectFloor                  -> min:0.092, max:1.109, avg:0.242 ms, sum:0.02569 s
08-13 10:27:23.922  1513  1784 I         : DetectNearObj                -> min:0.004, max:1.645, avg:0.325 ms, sum:0.15024 s
08-13 10:27:23.922  1513  1784 I         : FilterDepth                  -> min:0.237, max:7.249, avg:1.223 ms, sum:0.66087 s
08-13 10:27:23.922  1513  1784 I         : InsertData                   -> min:5.354, max:16.54, avg:8.964 ms, sum:4.84068 s
08-13 10:27:23.922  1513  1784 I         : Rectification                -> min:1.357, max:3.991, avg:1.695 ms, sum:0.92230 s
08-13 10:27:23.922  1513  1784 I         : TrackingBBox                 -> min:0.005, max:0.339, avg:0.014 ms, sum:0.00784 s
08-13 10:27:23.922  1513  1784 I         : UpdateMesh                   -> min:2.554, max:34.58, avg:13.52 ms, sum:2.46155 s
08-13 10:27:23.922  1513  1784 I         : 
08-13 10:27:23.923  3537  3765 I FOO     : [SystemUX] onNearestObjectUpdate 0.498175
08-13 10:27:23.933  1513  1784 I         : MeshRecon # FloorDetector fail since no enough valid point existed
08-13 10:27:23.933  1513  1784 I         : MeshRecon # [ERROR] floor detection failed! successful: 0 value: 999.000000 relative: -999.061401
08-13 10:27:23.933  1513  1784 W MeshTrackingModule: [Spatial] invalid floor level: 999.000000
08-13 10:27:23.933  1513  1784 I         : MeshRecon # [timing] DetectFloor: 0.026000 + 0.069000 + 0.073000 = 0.168000
08-13 10:27:23.943  1513  1777 I         : 2.5.85: [ProcessVisualInertialOnce]: Send SLAM Img[161177333750],latest IMU[161172376391]
08-13 10:27:23.950  1513  1783 I         : MeshRecon # [timing] IN GenerateDepthMatFromMesh: 0.022000, 0.000000, 0.044000, 1.550000
08-13 10:27:23.950  1513  1783 I         : MeshRecon # [timing] SceneDepthSystem_Process: 7.204000 = 0.688000 + 4.576000 + 0.127000 + 1.714000 + 0.099000
08-13 10:27:23.950  1513  1778 I         : SLAM_ALG::pipeline # TrackingOnce long frame: 6.063000,1.319000,4.744000,161172376391
08-13 10:27:23.976  1513  1777 I         : 2.5.85: [ProcessVisualInertialOnce]: Send SLAM Img[161210540312],latest IMU[161205709229]
08-13 10:27:23.981  1513  1778 I         : SLAM_ALG::pipeline # TrackingOnce long frame: 4.726000,0.829000,3.897000,161205709229
08-13 10:27:23.982  1513  1783 I         : MeshRecon # [timing] IN GenerateDepthMatFromMesh: 0.016000, 0.000000, 0.036000, 1.281000
08-13 10:27:23.982  1513  1783 I         : MeshRecon # [timing] SceneDepthSystem_Process: 6.294000 = 0.450000 + 4.347000 + 0.093000 + 1.371000 + 0.033000
08-13 10:27:24.009  1513  1777 I         : 2.5.85: [ProcessVisualInertialOnce]: Send SLAM Img[161243747135],latest IMU[161239042055]
08-13 10:27:24.015  1513  1778 I         : SLAM_ALG::pipeline # TrackingOnce long frame: 5.380000,1.243000,4.137000,161239042055
08-13 10:27:24.017  1513  1783 I         : MeshRecon # [timing] IN GenerateDepthMatFromMesh: 0.020000, 0.000000, 0.041000, 1.309000
08-13 10:27:24.017  1513  1783 I         : MeshRecon # [timing] SceneDepthSystem_Process: 8.208000 = 0.449000 + 6.217000 + 0.102000 + 1.409000 + 0.031000
08-13 10:27:24.043  1513  1777 I         : 2.5.85: [ProcessVisualInertialOnce]: Send SLAM Img[161276953645],latest IMU[161272374880]
08-13 10:27:24.048  1513  1778 I         : SLAM_ALG::pipeline # TrackingOnce long frame: 4.609000,0.941000,3.668000,161272374880
08-13 10:27:24.049  1513  1783 I         : MeshRecon # [timing] IN GenerateDepthMatFromMesh: 0.025000, 0.000000, 0.045000, 1.400000
08-13 10:27:24.049  1513  1783 I         : MeshRecon # [timing] SceneDepthSystem_Process: 6.789000 = 0.488000 + 4.632000 + 0.124000 + 1.503000 + 0.042000
08-13 10:27:24.075  1513  1783 I         : 2.5.85: [WARNING] SceneDepthProcessOnce InterpolatePose failed! prePose ts 161305582571, nextPose ts 161305582571, avg_ts 161305707732
08-13 10:27:24.077  1513  1777 I         : 2.5.85: [ProcessVisualInertialOnce]: Send SLAM Img[161311137031],latest IMU[161305707732]
08-13 10:27:24.080  1513  1778 I         : SLAM_ALG::pipeline # TrackingOnce long frame: 3.326000,0.963000,2.363000,161305707732
08-13 10:27:24.083  1513  1783 I         : MeshRecon # [timing] IN GenerateDepthMatFromMesh: 0.025000, 0.000000, 0.179000, 1.608000
08-13 10:27:24.083  1513  1783 I         : MeshRecon # [timing] SceneDepthSystem_Process: 7.916000 = 0.701000 + 5.151000 + 0.113000 + 1.889000 + 0.062000
08-13 10:27:24.110  1513  1777 I         : 2.5.85: [ProcessVisualInertialOnce]: Send SLAM Img[161344343802],latest IMU[161339040544]
08-13 10:27:24.116  1513  1784 I         : MeshRecon # [timing] SUM:47.237999, Prep:0.005000,Rect:2.101000,BBox:1.227000,Depth:34.993000,Filter:0.694000,Insert:8.218000,Update:0.000000,CB:0.000000,Floor:0.000000,Boundary:0.000000,NearObj:0.000000,Room1:0.000000,Room2:0.000000
08-13 10:27:24.116  1513  1784 I         : MeshRecon # DetectNearObj result: xyz (-0.250000, 0.150000, -0.501423), dist 0.497861
08-13 10:27:24.116  1513  1784 I         : MeshRecon # [timing] DetectNearObj: 0.016000 + 0.008000 + 0.176000 = 0.200000
08-13 10:27:24.116  3537  3765 I FOO     : [SystemUX] onNearestObjectUpdate 0.497861
08-13 10:27:24.117  1513  1783 I         : MeshRecon # [timing] IN GenerateDepthMatFromMesh: 0.019000, 0.000000, 0.035000, 1.337000
08-13 10:27:24.117  1513  1778 I         : SLAM_ALG::pipeline # TrackingOnce long frame: 6.064000,1.015000,5.049000,161339040544
08-13 10:27:24.117  1513  1783 I         : MeshRecon # [timing] SceneDepthSystem_Process: 7.323999 = 0.930000 + 4.842000 + 0.094000 + 1.429000 + 0.029000
08-13 10:27:24.143  1513  1777 I         : 2.5.85: [ProcessVisualInertialOnce]: Send SLAM Img[161377550364],latest IMU[161372373357]
08-13 10:27:24.147  1513  1778 I         : SLAM_ALG::pipeline # TrackingOnce long frame: 3.431000,0.855000,2.576000,161372373357
08-13 10:27:24.149  1513  1783 I         : MeshRecon # [timing] IN GenerateDepthMatFromMesh: 0.020000, 0.000000, 0.041000, 1.471000
08-13 10:27:24.149  1513  1783 I         : MeshRecon # [timing] SceneDepthSystem_Process: 6.569000 = 0.488000 + 4.327000 + 0.102000 + 1.593000 + 0.059000
08-13 10:27:24.176  1513  5085 I         : 2.5.85: [ProcessVisualInertialOnce]: Send SLAM Img[161410756927],latest IMU[161405706195]
08-13 10:27:24.185  1513  1778 I         : SLAM_ALG::pipeline # TrackingOnce long frame: 9.135000,2.176000,6.959000,161405706195
08-13 10:27:24.189  1513  1783 I         : MeshRecon # [timing] IN GenerateDepthMatFromMesh: 0.016000, 0.000000, 0.034000, 1.247000
08-13 10:27:24.189  1513  1783 I         : MeshRecon # [timing] SceneDepthSystem_Process: 13.235000 = 7.500000 + 4.273000 + 0.090000 + 1.347000 + 0.025000
08-13 10:27:24.194  1452  1452 I CNSS    : /sys/wifi/dump_in_progress doesn't exist
08-13 10:27:24.194  1452  1452 I CNSS    : /sys/wifi/max_chipset_log_size doesn't exist
08-13 10:27:24.209  1513  5085 I         : 2.5.85: [ProcessVisualInertialOnce]: Send SLAM Img[161443963697],latest IMU[161439039021]
08-13 10:27:24.213  1513  1778 I         : SLAM_ALG::pipeline # TrackingOnce long frame: 3.601000,1.194000,2.406000,161439039021
08-13 10:27:24.216  1513  1783 I         : MeshRecon # [timing] IN GenerateDepthMatFromMesh: 0.023000, 0.000000, 0.040000, 1.707000
08-13 10:27:24.216  1513  1783 I         : MeshRecon # [timing] SceneDepthSystem_Process: 6.710000 = 0.389000 + 4.306000 + 0.164000 + 1.816000 + 0.035000
08-13 10:27:24.243  1513  1777 I         : 2.5.85: [ProcessVisualInertialOnce]: Send SLAM Img[161477170260],latest IMU[161472371846]
08-13 10:27:24.247  1513  1778 I         : SLAM_ALG::pipeline # TrackingOnce long frame: 4.231000,0.795000,3.436000,161472371846
08-13 10:27:24.249  1513  1783 I         : MeshRecon # [timing] IN GenerateDepthMatFromMesh: 0.044000, 0.000000, 0.083000, 1.489000
08-13 10:27:24.249  1513  1783 I         : MeshRecon # [timing] SceneDepthSystem_Process: 6.678999 = 0.516000 + 4.310000 + 0.129000 + 1.688000 + 0.036000
08-13 10:27:24.255  2610  3053 E VSTDisplayManager: VST FPS:73
08-13 10:27:24.273  1513  6203 I VrlinkDataSource: timeSync.ts:161508749841, offset:5781
08-13 10:27:24.276  1513  1777 I         : 2.5.85: [ProcessVisualInertialOnce]: Send SLAM Img[161510377083],latest IMU[161505704659]
08-13 10:27:24.282  1513  1778 I         : SLAM_ALG::pipeline # TrackingOnce long frame: 5.943000,1.743000,4.200000,161505704659
08-13 10:27:24.283  1513  1783 I         : MeshRecon # [timing] IN GenerateDepthMatFromMesh: 0.017000, 0.000000, 0.039000, 1.684000
08-13 10:27:24.283  1513  1783 I         : MeshRecon # [timing] SceneDepthSystem_Process: 7.982000 = 0.416000 + 5.623000 + 0.100000 + 1.791000 + 0.052000
08-13 10:27:24.309  1513  5085 I         : 2.5.85: [ProcessVisualInertialOnce]: Send SLAM Img[161543583645],latest IMU[161539037523]
08-13 10:27:24.314  1513  1778 I         : SLAM_ALG::pipeline # TrackingOnce long frame: 4.441000,1.102000,3.339000,161539037523
08-13 10:27:24.316  1513  1784 I         : MeshRecon # [timing] SUM:49.062996, Prep:0.004000,Rect:1.392000,BBox:1.148000,Depth:36.313999,Filter:0.673000,Insert:9.531000,Update:0.000000,CB:0.000000,Floor:0.001000,Boundary:0.000000,NearObj:0.000000,Room1:0.000000,Room2:0.000000
08-13 10:27:24.316  1513  1783 I         : MeshRecon # [timing] IN GenerateDepthMatFromMesh: 0.018000, 0.000000, 0.034000, 1.606000
08-13 10:27:24.316  1513  1783 I         : MeshRecon # [timing] SceneDepthSystem_Process: 7.208000 = 0.415000 + 4.917000 + 0.093000 + 1.750000 + 0.033000
08-13 10:27:24.335  1513  1784 I         : MeshRecon # DetectNearObj result: xyz (-0.250000, 0.150000, -0.501423), dist 0.497628
08-13 10:27:24.336  1513  1784 I         : MeshRecon # [timing] DetectNearObj: 0.014000 + 0.010000 + 0.200000 = 0.224000
08-13 10:27:24.336  3537  3765 I FOO     : [SystemUX] onNearestObjectUpdate 0.497628
08-13 10:27:24.342  1513  1783 I         : 2.5.85: [WARNING] SceneDepthProcessOnce InterpolatePose failed! prePose ts 161572212571, nextPose ts 161572212571, avg_ts 161572370336
08-13 10:27:24.343  1513  1777 I         : 2.5.85: [ProcessVisualInertialOnce]: Send SLAM Img[161577767031],latest IMU[161572370336]
08-13 10:27:24.348  1513  1778 I         : SLAM_ALG::pipeline # TrackingOnce long frame: 4.599000,1.337000,3.262000,161572370336
08-13 10:27:24.349  1513  1783 I         : MeshRecon # [timing] IN GenerateDepthMatFromMesh: 0.030000, 0.000000, 0.047000, 1.530000
08-13 10:27:24.349  1513  1783 I         : MeshRecon # [timing] SceneDepthSystem_Process: 7.331000 = 0.480000 + 5.033000 + 0.111000 + 1.655000 + 0.052000
08-13 10:27:24.376  1513  1777 I         : 2.5.85: [ProcessVisualInertialOnce]: Send SLAM Img[161610973541],latest IMU[161605703187]
08-13 10:27:24.380  1513  1778 I         : SLAM_ALG::pipeline # TrackingOnce long frame: 4.379000,1.295000,3.084000,161605703187
08-13 10:27:24.382  1513  1783 I         : MeshRecon # [timing] IN GenerateDepthMatFromMesh: 0.025000, 0.000000, 0.040000, 1.432000
08-13 10:27:24.382  1513  1783 I         : MeshRecon # [timing] SceneDepthSystem_Process: 6.346000 = 0.472000 + 4.142000 + 0.164000 + 1.545000 + 0.023000
08-13 10:27:24.409  1513  1783 I         : 2.5.85: [WARNING] SceneDepthProcessOnce InterpolatePose failed! prePose ts 161638625957, nextPose ts 161638625957, avg_ts 161639035986
08-13 10:27:24.409  1513  1777 I         : 2.5.85: [ProcessVisualInertialOnce]: Send SLAM Img[161644180416],latest IMU[161639035987]
08-13 10:27:24.413  1513  1778 I         : SLAM_ALG::pipeline # TrackingOnce long frame: 3.468000,1.328000,2.140000,161639035987
08-13 10:27:24.415  1513  1783 I         : MeshRecon # [timing] IN GenerateDepthMatFromMesh: 0.016000, 0.000000, 0.039000, 1.472000
08-13 10:27:24.416  1513  1783 I         : MeshRecon # [timing] SceneDepthSystem_Process: 6.624000 = 0.477000 + 4.301000 + 0.121000 + 1.600000 + 0.125000
08-13 10:27:24.446  1513  5085 I         : 2.5.85: [ProcessVisualInertialOnce]: Send SLAM Img[161680317083],latest IMU[161672368812]
08-13 10:27:24.453  1513  1783 I         : MeshRecon # [timing] IN GenerateDepthMatFromMesh: 0.016000, 0.000000, 0.106000, 1.209000
08-13 10:27:24.453  1513  1783 I         : MeshRecon # [timing] SceneDepthSystem_Process: 7.152000 = 1.048000 + 4.574000 + 0.103000 + 1.396000 + 0.031000
08-13 10:27:24.453  1513  1778 I         : SLAM_ALG::pipeline # TrackingOnce long frame: 5.993000,0.850000,5.143000,161672368812
08-13 10:27:24.476  1513  5085 I         : 2.5.85: [ProcessVisualInertialOnce]: Send SLAM Img[161710593750],latest IMU[161705701638]
08-13 10:27:24.482  1513  1783 I         : MeshRecon # [timing] IN GenerateDepthMatFromMesh: 0.017000, 0.000000, 0.034000, 1.184000
08-13 10:27:24.482  1513  1783 I         : MeshRecon # [timing] SceneDepthSystem_Process: 6.606000 = 0.418000 + 4.737000 + 0.092000 + 1.324000 + 0.035000
08-13 10:27:24.483  1513  1778 I         : SLAM_ALG::pipeline # TrackingOnce long frame: 7.140000,0.981000,6.159000,161705701638
08-13 10:27:24.509  1513  1777 I         : 2.5.85: [ProcessVisualInertialOnce]: Send SLAM Img[161743800364],latest IMU[161739034463]
08-13 10:27:24.516  1513  1778 I         : SLAM_ALG::pipeline # TrackingOnce long frame: 5.493000,1.452000,4.041000,161739034463
08-13 10:27:24.517  1513  1783 I         : MeshRecon # [timing] IN GenerateDepthMatFromMesh: 0.017000, 0.000000, 0.040000, 1.626000
08-13 10:27:24.517  1513  1783 I         : MeshRecon # [timing] SceneDepthSystem_Process: 7.660000 = 0.581000 + 5.226000 + 0.099000 + 1.714000 + 0.040000
08-13 10:27:24.519  1513  1784 E MeshTrackingModule: [Spatial] on block update, count: 13
08-13 10:27:24.524  1513  1784 I         : MeshRecon # Callback updated 13 blocks at map_id 47!
08-13 10:27:24.524  1513  1784 I         : MeshRecon # [timing] SUM:56.098003, Prep:0.005000,Rect:1.744000,BBox:1.617000,Depth:35.941002,Filter:0.712000,Insert:8.560000,Update:2.975000,CB:4.542000,Floor:0.001000,Boundary:0.000000,NearObj:0.000000,Room1:0.000000,Room2:0.001000
08-13 10:27:24.524  1513  1784 I         : MeshRecon # [cur update] chunk num: 13, vtx num: 340, idx num: 1137;  [max update] chunk num: 93, vtx num: 3943, idx num: 15324;  [all] chunk num: 84, vtx num: 2927, idx num: 11310
08-13 10:27:24.524  1513  1784 I         : CalculateBBox_QNN            -> min:0.934, max:4.669, avg:1.414 ms, sum:0.77376 s
08-13 10:27:24.524  1513  1784 I         : CalculateDepth               -> min:30.39, max:52.79, avg:35.32 ms, sum:19.3246 s
08-13 10:27:24.524  1513  1784 I         : CalculateDepthStereo_CNN     -> min:15.40, max:28.58, avg:17.03 ms, sum:9.31770 s
08-13 10:27:24.524  1513  1784 I         : CalculateDepthToF_CNN        -> min:12.74, max:30.79, avg:16.49 ms, sum:9.02086 s
08-13 10:27:24.524  1513  1784 I         : CalculateDepthToF_ToFMask    -> min:0.045, max:0.254, avg:0.065 ms, sum:0.03591 s
08-13 10:27:24.524  1513  1784 I         : CallbackBlockUpdateEvent     -> min:2.831, max:9.156, avg:4.721 ms, sum:0.86403 s
08-13 10:27:24.524  1513  1784 I         : DetectFloor                  -> min:0.092, max:1.109, avg:0.241 ms, sum:0.02586 s
08-13 10:27:24.524  1513  1784 I         : DetectNearObj                -> min:0.004, max:1.645, avg:0.325 ms, sum:0.15067 s
08-13 10:27:24.524  1513  1784 I         : FilterDepth                  -> min:0.237, max:7.249, avg:1.220 ms, sum:0.66295 s
08-13 10:27:24.524  1513  1784 I         : InsertData                   -> min:5.354, max:16.54, avg:8.963 ms, sum:4.86700 s
08-13 10:27:24.524  1513  1784 I         : Rectification                -> min:1.357, max:3.991, avg:1.695 ms, sum:0.92754 s
08-13 10:27:24.524  1513  1784 I         : TrackingBBox                 -> min:0.005, max:0.339, avg:0.014 ms, sum:0.00787 s
08-13 10:27:24.524  1513  1784 I         : UpdateMesh                   -> min:2.554, max:34.58, avg:13.46 ms, sum:2.46453 s
08-13 10:27:24.524  1513  1784 I         : 
08-13 10:27:24.543  1513  5085 I         : 2.5.85: [ProcessVisualInertialOnce]: Send SLAM Img[161777006875],latest IMU[161772367315]
08-13 10:27:24.546  1513  1778 I         : SLAM_ALG::pipeline # TrackingOnce long frame: 3.379000,0.999000,2.380000,161772367315
08-13 10:27:24.549  1513  1783 I         : MeshRecon # [timing] IN GenerateDepthMatFromMesh: 0.017000, 0.000000, 0.039000, 1.173000
08-13 10:27:24.549  1513  1783 I         : MeshRecon # [timing] SceneDepthSystem_Process: 6.129000 = 0.435000 + 4.246000 + 0.150000 + 1.271000 + 0.027000
08-13 10:27:24.568  1513  1784 I         : MeshRecon # DetectNearObj result: xyz (-0.250000, 0.150000, -0.501423), dist 0.497905
08-13 10:27:24.568  1513  1784 I         : MeshRecon # [timing] DetectNearObj: 0.020000 + 0.011000 + 0.462000 = 0.493000
08-13 10:27:24.569  3537  3765 I FOO     : [SystemUX] onNearestObjectUpdate 0.497905
08-13 10:27:24.576  1513  5085 I         : 2.5.85: [ProcessVisualInertialOnce]: Send SLAM Img[161810213750],latest IMU[161805700128]
08-13 10:27:24.581  1513  1778 I         : SLAM_ALG::pipeline # TrackingOnce long frame: 4.954000,1.018000,3.936000,161805700128
