12-30 09:27:14.552  3725  4586 I yvr.spatialhome: SubmitFrame: Frame=[91000], Time[1300.527085 s]
12-30 09:27:14.553  1482  4607 D ETMultiCamera: frameid:113982, frameduration:11164271, delay:4753705, boottime:1300522941266, exposure:3000000, gain:98, cameraid:8
12-30 09:27:14.553  1482  4607 D ETMultiCamera: frameid:113982, frameduration:11164271, delay:4911882, boottime:1300522949287, exposure:3000000, gain:98, cameraid:9
12-30 09:27:14.562  3725  4586 I TimeCalculator.cpp: Sleep[9.316128 ms]  TargetCompositeTime[1300.547002 s(+0.000000ms)],TargetVSyncTime[1300.552064 s(+5.061323ms)]
12-30 09:27:14.721  3725  4635 I PerfStats.cpp: FPS=72.02/72, Prd=27.39ms, Early=72.02, Stale=0.00, Lat=-1, Fov=0, CPU/GPU=4/5, Free=8059MB, ATW=4.58ms, APP=3.84ms/1.07ms, GD=0.00, CPU%=0.50, GPU%=0.29
12-30 09:27:14.750  2123  2206 D ActivityManager: freezing 3531 com.android.printspooler
12-30 09:27:14.756  1482  1747 I trackingservice: [Tobii_ETL]TobiiETLImpl.cpp:230 tobii_etl_process_frames() Successfully processed frame 114000
12-30 09:27:14.822  2488  2732 I YCameraManager: rgb frame miss frame_stream:0, cur_frame:91073, last_frame:91071
12-30 09:27:14.828  1482  4607 D TrackingCamera: frameid:76351, qdelay:6687401, frameduration:16666511, boottime:1300796478872, exposure:3238000,gain:52, cameraid:1
12-30 09:27:14.829  1482  4607 D TrackingCamera: frameid:76351, qdelay:7316255, frameduration:16666459, boottime:1300796478872, exposure:3238000,gain:52, cameraid:0
12-30 09:27:14.829  1482  4607 D TrackingCamera: frameid:76351, qdelay:7748912, frameduration:16666459, boottime:1300796478872, exposure:3238000,gain:52, cameraid:3
12-30 09:27:14.829  1482  4607 D TrackingCamera: frameid:76351, qdelay:7965370, frameduration:16666459, boottime:1300796478872, exposure:3238000,gain:52, cameraid:2
12-30 09:27:14.878  2488  2732 E VSTDisplayManager: VST FPS:73
12-30 09:27:14.913  1482  4607 D TrackingAuxMultiCamera: frameid:76351, frameduration:16666510, delay:8369402, boottime:1300879812236, exposure:3900000, gain:110, cameraid:4
12-30 09:27:14.914  1482  4607 D TrackingAuxMultiCamera: frameid:76351, frameduration:16666458, delay:8645704, boottime:1300879812184, exposure:3900000, gain:110, cameraid:5
12-30 09:27:14.919  2488  2732 I YCameraManager: rgb frame miss frame_stream:0, cur_frame:91080, last_frame:91078
12-30 09:27:14.991  2123  5565 D ActivityManager: freezer override set to true
12-30 09:27:14.991  2123  5565 D ActivityManager: sync unfroze 3531 com.android.printspooler for 19
12-30 09:27:15.002  3853  4013 I ScreencastSinkNative: [0]vid 1s, cap: 0.00[ 60 ] / max: 0, enc: 0.00[ 60 ] / max: 0, bitrate: 30.42M, send connect: 0.00[ 0 ] / max: 0, lost: 0, pkg: 0.00[ 0 ]/ max: 0, msg: 0.12[ 120 ]/ max: 2, dec: 9.39[ 60 ]/ max: 17, play: 1.27[ 60 ]/ max: 4, total: 0.00 / max: 0
12-30 09:27:15.004  3853  4015 I ScreencastSinkNative: [0]aud 1s, cap: 0.00[ 95 ] / max: 0, enc: 0.00[ 95 ] / max: 0, bitrate: 1.48M, send connect: 0.00[ 0 ] / max: 0, lost: 0, pkg: 0.00[ 0 ]/ max: 0, msg: 0.12[ 189 ]/ max: 1, dec: 0.00[ 0 ]/ max: 0, play: 89.09[ 94 ]/ max: 113, total: 0.00 / max: 0
12-30 09:27:15.016  2488  2732 I YCameraManager: rgb frame miss frame_stream:0, cur_frame:91087, last_frame:91085
12-30 09:27:15.017  1482  1736 I HandTrackingModule: [hand] hand FPS:(0:0), ts: 1305023577207
12-30 09:27:15.031  2488  2512 I rruntimeservice: Explicit concurrent copying GC freed 2705(128KB) AllocSpace objects, 1(20KB) LOS objects, 92% free, 2126KB/26MB, paused 19us,16us total 5.395ms
12-30 09:27:15.044  2488  2732 I CompositorMonitor: fps:72.0, prd:27.4 ms, cpu:1.3 ms, gpu:3.3 ms, early:72.0, stale:0.0, max_stale:0.0, sw_mode:0, drr:72.0, lat_mode:-1
12-30 09:27:15.048  2123  5565 D ActivityManager: freezer override set to false
12-30 09:27:15.091  1482  1747 I trackingservice: [Tobii_ETL]TobiiETLImpl.cpp:230 tobii_etl_process_frames() Successfully processed frame 114030
12-30 09:27:15.098  2123  5565 D ActivityManager: freezer override set to true
12-30 09:27:15.099  3853 13064 I ScreencastSinkNative: [0]on audio data received, size:2048
12-30 09:27:15.123  3395 12481 I guardianservice: Explicit concurrent copying GC freed 2694(112KB) AllocSpace objects, 1(20KB) LOS objects, 91% free, 2184KB/26MB, paused 41us,12us total 7.111ms
12-30 09:27:15.138  2123  5565 D ActivityManager: freezer override set to false
12-30 09:27:15.200  2123  2245 D PowerManagerService: acquireWakeLockInternal: lock=9254867, flags=0x1, tag="NetworkStats", ws=null, uid=1000, pid=2123
12-30 09:27:15.201  2123  2245 W BestClock: java.time.DateTimeException: Missing network time fix
12-30 09:27:15.205  3725  3924 I YUnity  : BOX_LOG BoxScreen [DP] Update: FPS=55
12-30 09:27:15.206  2123  2245 W BestClock: java.time.DateTimeException: Missing network time fix
12-30 09:27:15.206  2123  2245 D PowerManagerService: releaseWakeLockInternal: lock=9254867 [NetworkStats], flags=0x0, mOwnerUid:1000, mOwnerPid:2123
12-30 09:27:15.333  3853 13061 I ScreencastSinkNative: [0]on video data received, size:41455
12-30 09:27:15.388  1482  4607 D VSTCamera: frameid:91113, frameduration:13887448, delay:21388716, boottime:1301341893078, exposure:8333333, gain:806, cameraid:7
12-30 09:27:15.388  1482  4607 D VSTCamera: frameid:91113, frameduration:13887448, delay:21553507, boottime:1301341889849, exposure:8333333, gain:806, cameraid:6
12-30 09:27:15.406  1482  1743 I DataMonitor: (cam_dl):[dur: avg:16.57, min:16.67, max:16.67)] [lat: avg:6.93, min:6.48, max:7.85], miss(0) total:180
12-30 09:27:15.406  1482  1743 I DataMonitor: (cam_ul):[dur: avg:16.57, min:16.67, max:16.67)] [lat: avg:6.81, min:6.46, max:7.87], miss(0) total:180
12-30 09:27:15.406  1482  1743 I DataMonitor: (cam_ur):[dur: avg:16.57, min:16.67, max:16.67)] [lat: avg:6.74, min:6.45, max:8.12], miss(0) total:180
12-30 09:27:15.406  1482  1743 I DataMonitor: (cam_dr):[dur: avg:16.57, min:16.67, max:16.67)] [lat: avg:6.97, min:6.51, max:8.25], miss(0) total:180
12-30 09:27:15.406  1482  1743 I DataMonitor: (cam_auxl):[dur: avg:16.57, min:16.66, max:16.67)] [lat: avg:7.86, min:7.22, max:9.26], miss(0) total:180
12-30 09:27:15.406  1482  1743 I DataMonitor: (cam_auxr):[dur: avg:16.57, min:16.66, max:16.67)] [lat: avg:7.84, min:7.24, max:9.33], miss(0) total:180
12-30 09:27:15.406  1482  1743 I DataMonitor: (cam_lvst):[dur: avg:13.93, min:13.89, max:18.69)] [lat: avg:11.33, min:11.00, max:13.98], miss(0) total:215
12-30 09:27:15.406  1482  1743 I DataMonitor: (cam_rvst):[dur: avg:13.93, min:13.89, max:18.69)] [lat: avg:11.35, min:11.02, max:13.04], miss(0) total:215
12-30 09:27:15.406  1482  1743 I DataMonitor: (cam_let):[dur: avg:11.12, min:11.16, max:11.16)] [lat: avg:4.87, min:4.65, max:7.02], miss(0) total:269
12-30 09:27:15.406  1482  1743 I DataMonitor: (cam_ret):[dur: avg:11.12, min:11.16, max:11.16)] [lat: avg:4.95, min:4.65, max:7.15], miss(0) total:269
12-30 09:27:15.406  1482  1743 I DataMonitor: (cam_tof):[dur: avg:32.96, min:33.33, max:33.33)] [lat: avg:25.32, min:24.69, max:26.78], miss(0) total:90
12-30 09:27:15.406  1482  1743 I DataMonitor: (imu_hmd):[dur: avg:0.98, min:0.98, max:0.98)] [lat: avg:0.59, min:0.36, max:0.94], miss(0) total:3071
12-30 09:27:15.406  1482  1743 I DataMonitor: (slam):[lat: avg:4.71, min:3.90, max:5.24], [ql: 0 0.000000] total:3072
12-30 09:27:15.406  1482  1743 I DataMonitor: (eye_pose):[lat: avg:7.90, min:5.85, max:17.57], [ql: 269 1.000000] total:269
12-30 09:27:15.426  1482  1747 I trackingservice: [Tobii_ETL]TobiiETLImpl.cpp:230 tobii_etl_process_frames() Successfully processed frame 114060
12-30 09:27:15.471  1482  4702 I MotionAnalyzer: [Motion] device:2 still in, still_count: 600, still_rate: 1.000000 size:600, stillState:1
12-30 09:27:15.471  1482  2049 I InputDeviceManager: AM_Handle self refresh
12-30 09:27:15.471  1482  2049 I InputDeviceManager: [HAND] AM_Handle tracking:1 hand_switch:1 LController(0:0) RController(1:1), ButtonTouch(0:0), controller_tracking:0, hand_tracking:1, force controller tracking: 0, support hand tracking: 1
12-30 09:27:15.471  1482  2049 I TrackingManagerService: switch inputDevice 4, mCurrentInputDevice 4
12-30 09:27:15.472  2123  5284 D YvrRuntimeService: sendMessageGotoSleep sBootCompleted: true, screenOffTime: 60000, isScreenOn: true
12-30 09:27:15.472  2123  5284 D YvrRuntimeService: sendMessageGotoSleep screenOffTime: 60000
12-30 09:27:15.472  2123  5284 E YvrRuntimeService: motion still status=true msgType =2
12-30 09:27:15.734  3725  4635 I PerfStats.cpp: FPS=72.03/72, Prd=27.37ms, Early=72.03, Stale=0.00, Lat=-1, Fov=0, CPU/GPU=4/5, Free=8061MB, ATW=4.60ms, APP=3.86ms/1.05ms, GD=0.00, CPU%=0.49, GPU%=0.28
12-30 09:27:15.761  1482  1747 I trackingservice: [Tobii_ETL]TobiiETLImpl.cpp:230 tobii_etl_process_frames() Successfully processed frame 114090
12-30 09:27:15.807  1482  4565 I VrlinkDataSource: timeSync.ts:1305824111442, offset:5417
12-30 09:27:15.891  2488  2732 E VSTDisplayManager: VST FPS:73
12-30 09:27:15.904  1482  4607 D ETMultiCamera: frameid:114103, frameduration:11164271, delay:4752454, boottime:1301873818037, exposure:3000000, gain:98, cameraid:8
12-30 09:27:15.904  1482  4607 D ETMultiCamera: frameid:114103, frameduration:11164271, delay:4865006, boottime:1301873826058, exposure:3000000, gain:98, cameraid:9
12-30 09:27:15.963  4162  4396 D NetworkService: TotalRxSpeed : 4.713MB/s  /  TotalTxSpeed : 48.7KB/s
12-30 09:27:15.963  4162  4396 D NetworkService: SystemRxSpeed : 4.713MB/s  /  SystemTxSpeed : 48.7KB/s
12-30 09:27:16.003  3853  4015 I ScreencastSinkNative: [0]aud 1s, cap: 0.00[ 94 ] / max: 0, enc: 0.00[ 94 ] / max: 0, bitrate: 1.47M, send connect: 0.00[ 0 ] / max: 0, lost: 0, pkg: 0.00[ 0 ]/ max: 0, msg: 0.15[ 188 ]/ max: 3, dec: 0.00[ 0 ]/ max: 0, play: 88.83[ 94 ]/ max: 114, total: 0.00 / max: 0
12-30 09:27:16.007  3853  4013 I ScreencastSinkNative: [0]vid 1s, cap: 0.00[ 61 ] / max: 0, enc: 0.00[ 61 ] / max: 0, bitrate: 30.08M, send connect: 0.00[ 0 ] / max: 0, lost: 0, pkg: 0.00[ 0 ]/ max: 0, msg: 0.19[ 121 ]/ max: 2, dec: 9.66[ 60 ]/ max: 18, play: 1.27[ 60 ]/ max: 4, total: 0.00 / max: 0
12-30 09:27:16.020  3725  3924 D TrackingClient: Hand Pose 0 (L:1):(-0.350659:0.763660:-0.350392:0.413627)(-0.486421:1.284883:-0.562094)
12-30 09:27:16.022  1482  1736 I HandTrackingModule: [hand] hand FPS:(14:0), ts: 1306023613728
12-30 09:27:16.058  2488  2732 I CompositorMonitor: fps:72.0, prd:27.5 ms, cpu:1.3 ms, gpu:3.3 ms, early:72.0, stale:0.0, max_stale:0.0, sw_mode:0, drr:72.0, lat_mode:-1
12-30 09:27:16.095  1482  1747 I trackingservice: [Tobii_ETL]TobiiETLImpl.cpp:230 tobii_etl_process_frames() Successfully processed frame 114120
12-30 09:27:16.170  3853 13064 I ScreencastSinkNative: [0]on audio data received, size:2048
12-30 09:27:16.192  2123  5565 D ActivityManager: freezer override set to true
12-30 09:27:16.219  3725  3924 I YUnity  : BOX_LOG BoxScreen [DP] Update: FPS=50
12-30 09:27:16.222  3395  4534 I guardianservice: Explicit concurrent copying GC freed 2694(112KB) AllocSpace objects, 1(20KB) LOS objects, 91% free, 2184KB/26MB, paused 25us,11us total 9.933ms
12-30 09:27:16.323  2123  2314 D ActivityManager: freezer override set to false
12-30 09:27:16.377  1232 13094 I QC2Comp : [hevcD_38] Stats: Pending(1) i/p-done(0) Works: Q: 3936/Done 3936|Work-Rate: Q(60.0/s Avg=60.1/s) Done(59.999/s Avg=60.069/s)| Stream: 75.34fps 39.9Mbps
12-30 09:27:16.377  1232 13094 I QC2Comp : [hevcD_38] Mem-usage:  [In-1D: 4 bufs 33.750 MB] [1D-55: 28 bufs 0.438 MB] [2D-56: 29 bufs 348.227 MB] | Total: 382.414 MB
12-30 09:27:16.431  1482  1747 I trackingservice: [Tobii_ETL]TobiiETLImpl.cpp:230 tobii_etl_process_frames() Successfully processed frame 114150
12-30 09:27:16.560 12423 12423 I sd 0    : 0:0:0: [sda] Synchronizing SCSI cache
12-30 09:27:16.720  2123  2245 D PowerManagerService: acquireWakeLockInternal: lock=9254867, flags=0x1, tag="NetworkStats", ws=null, uid=1000, pid=2123
12-30 09:27:16.722  2123  2245 W BestClock: java.time.DateTimeException: Missing network time fix
12-30 09:27:16.723  2123  2245 W BestClock: java.time.DateTimeException: Missing network time fix
12-30 09:27:16.723  2123  2245 D PowerManagerService: releaseWakeLockInternal: lock=9254867 [NetworkStats], flags=0x0, mOwnerUid:1000, mOwnerPid:2123
12-30 09:27:16.720  1101  1101 I binder:1101_4: type=1400 audit(0.0:638): avc:  denied  { create } for  name="globalAlert" scontext=u:r:netd:s0 tcontext=u:object_r:proc_net:s0 tclass=file permissive=1
12-30 09:27:16.747  3725  4635 I PerfStats.cpp: FPS=72.03/72, Prd=27.52ms, Early=72.03, Stale=0.00, Lat=-1, Fov=0, CPU/GPU=4/5, Free=8061MB, ATW=4.61ms, APP=4.04ms/1.19ms, GD=0.00, CPU%=0.49, GPU%=0.28
12-30 09:27:16.766  1482  1747 I trackingservice: [Tobii_ETL]TobiiETLImpl.cpp:230 tobii_etl_process_frames() Successfully processed frame 114180
12-30 09:27:16.818  2123  2206 D ActivityManager: freezing 2974 com.qualcomm.qtil.btdsda
12-30 09:27:16.844  1482  4607 D TrackingCamera: frameid:76472, qdelay:6308213, frameduration:16666458, boottime:1302813119986, exposure:3051000,gain:52, cameraid:2
12-30 09:27:16.845  1482  4607 D TrackingCamera: frameid:76472, qdelay:6506755, frameduration:16666510, boottime:1302813119986, exposure:3051000,gain:52, cameraid:0
12-30 09:27:16.845  1482  4607 D TrackingCamera: frameid:76472, qdelay:6747015, frameduration:16666510, boottime:1302813119986, exposure:3051000,gain:52, cameraid:3
12-30 09:27:16.845  1482  4607 D TrackingCamera: frameid:76472, qdelay:6980870, frameduration:16666458, boottime:1302813119986, exposure:3051000,gain:52, cameraid:1
12-30 09:27:16.905  2488  2732 E VSTDisplayManager: VST FPS:73
12-30 09:27:16.929  1482  4607 D TrackingAuxMultiCamera: frameid:76472, frameduration:16666458, delay:7362588, boottime:1302896451809, exposure:3786000, gain:110, cameraid:4
12-30 09:27:16.930  1482  4607 D TrackingAuxMultiCamera: frameid:76472, frameduration:16666510, delay:7623317, boottime:1302896451809, exposure:3786000, gain:110, cameraid:5
12-30 09:27:16.997  1482  4607 D TOFCamera3Device: frameid:38236, frameduration:33332916, delay:25546019, boottime:1302946350670, exposure:1130000, gain:0, cameraid:10
12-30 09:27:17.007  3853  4013 I ScreencastSinkNative: [0]vid 1s, cap: 0.00[ 60 ] / max: 0, enc: 0.00[ 60 ] / max: 0, bitrate: 30.02M, send connect: 0.00[ 0 ] / max: 0, lost: 0, pkg: 0.00[ 0 ]/ max: 0, msg: 0.09[ 120 ]/ max: 1, dec: 9.97[ 60 ]/ max: 15, play: 1.66[ 60 ]/ max: 6, total: 0.00 / max: 0
12-30 09:27:17.009  3853  4015 I ScreencastSinkNative: [0]aud 1s, cap: 0.00[ 93 ] / max: 0, enc: 0.00[ 93 ] / max: 0, bitrate: 1.45M, send connect: 0.00[ 0 ] / max: 0, lost: 0, pkg: 0.00[ 0 ]/ max: 0, msg: 0.19[ 187 ]/ max: 2, dec: 0.00[ 0 ]/ max: 0, play: 86.80[ 94 ]/ max: 113, total: 0.00 / max: 0
12-30 09:27:17.021  3853 13061 I ScreencastSinkNative: [0]on video data received, size:31444
12-30 09:27:17.034  1482  1736 I HandTrackingModule: [hand] hand FPS:(61:0), ts: 1307040124770
12-30 09:27:17.066  2123  5565 D ActivityManager: freezer override set to true
12-30 09:27:17.067  2123  5565 D ActivityManager: sync unfroze 2974 com.qualcomm.qtil.btdsda for 19
12-30 09:27:17.071  2488  2732 I CompositorMonitor: fps:72.0, prd:27.8 ms, cpu:1.3 ms, gpu:3.4 ms, early:72.0, stale:0.0, max_stale:0.0, sw_mode:0, drr:72.0, lat_mode:-1
12-30 09:27:17.072  1482  4607 D VSTCamera: frameid:91234, frameduration:13887396, delay:21462204, boottime:1303025952974, exposure:8333333, gain:536, cameraid:6
12-30 09:27:17.073  1482  4607 D VSTCamera: frameid:91234, frameduration:13887448, delay:21596371, boottime:1303025956203, exposure:8333333, gain:536, cameraid:7
12-30 09:27:17.100  2488 11580 I rruntimeservice: Explicit concurrent copying GC freed 2705(128KB) AllocSpace objects, 1(20KB) LOS objects, 92% free, 2126KB/26MB, paused 97us,13us total 6.018ms
12-30 09:27:17.101  1482  1747 I trackingservice: [Tobii_ETL]TobiiETLImpl.cpp:230 tobii_etl_process_frames() Successfully processed frame 114210
12-30 09:27:17.116  2123  5565 D ActivityManager: freezer override set to false
12-30 09:27:17.154  2488  2732 I YCameraManager: rgb frame miss frame_stream:0, cur_frame:91240, last_frame:91238
12-30 09:27:17.229  3853 13092 D BufferPoolAccessor2.0: bufferpool2 0xb400006fe162eec8 : 4(35389440 size) total buffers - 4(35389440 size) used buffers - 1/5 (recycle/alloc) - 4/3988 (fetch/transfer)
12-30 09:27:17.234  3725  3924 I YUnity  : BOX_LOG BoxScreen [DP] Update: FPS=49
12-30 09:27:17.253  3853 13064 I ScreencastSinkNative: [0]on audio data received, size:2048
12-30 09:27:17.254  1482  4607 D ETMultiCamera: frameid:114224, frameduration:11164271, delay:4729693, boottime:1303224694808, exposure:3000000, gain:98, cameraid:8
12-30 09:27:17.255  1482  4607 D ETMultiCamera: frameid:114224, frameduration:11164271, delay:4846308, boottime:1303224702829, exposure:3000000, gain:98, cameraid:9
12-30 09:27:17.291  2123  2708 D ActivityManager: freezer override set to true
12-30 09:27:17.317  3395  3495 I guardianservice: Explicit concurrent copying GC freed 2694(112KB) AllocSpace objects, 1(20KB) LOS objects, 91% free, 2184KB/26MB, paused 29us,14us total 8.363ms
12-30 09:27:17.321  2488  2732 I YCameraManager: rgb frame miss frame_stream:0, cur_frame:91252, last_frame:91250
12-30 09:27:17.327  1482  2078 I ThermalManager: [npu:51.9][skin:53.6][camera:50.6][gpu:51.6][ddr:51.7][soc:54.1][cpu:98.5%][pss:1922592KB rss: 858844KB][fan1:36:5586][fan2:39:6012]
12-30 09:27:17.332  2123  2708 D ActivityManager: freezer override set to false
12-30 09:27:17.391  2488  2732 I YCameraManager: rgb frame miss frame_stream:0, cur_frame:91257, last_frame:91255
12-30 09:27:17.403  4140  4289 D DeviceUtils: isVerityModeDisabled verityMode: enforcing, forceEnableWP: false
12-30 09:27:17.403  4140  4289 D PerformanceService: handleMessage - isLow: false, lowMemForLmk: false
12-30 09:27:17.403  4140  4289 D DeviceUtils: isVerityModeDisabled verityMode: enforcing, forceEnableWP: false
12-30 09:27:17.435  1482  1747 I trackingservice: [Tobii_ETL]TobiiETLImpl.cpp:230 tobii_etl_process_frames() Successfully processed frame 114240
12-30 09:27:17.446  2488  2732 I YCameraManager: rgb frame miss frame_stream:0, cur_frame:91261, last_frame:91259
12-30 09:27:17.748  3725  4635 I PerfStats.cpp: FPS=72.03/72, Prd=27.79ms, Early=72.03, Stale=0.00, Lat=-1, Fov=0, CPU/GPU=4/5, Free=8059MB, ATW=4.72ms, APP=3.90ms/1.04ms, GD=0.00, CPU%=0.53, GPU%=0.29
12-30 09:27:17.770  1482  1747 I trackingservice: [Tobii_ETL]TobiiETLImpl.cpp:230 tobii_etl_process_frames() Successfully processed frame 114270
12-30 09:27:17.807  1482  4565 I VrlinkDataSource: timeSync.ts:1307824404254, offset:5000
12-30 09:27:17.872  4011  4197 D BoxService: D3: bleClientConnect: true, scan:N, filterType:, p2p: true, dp is streaming, hdmi is not streaming, boxBondMode: 0
12-30 09:27:17.872  4011  4197 D BleClient: heartBeat mBluetoothGatt: android.bluetooth.BluetoothGatt@2e71b3f
12-30 09:27:17.873  1162  1162 D vendor.qti.bluetooth@1.1-ibs_handler: SerialClockVote: vote for UART CLK ON
12-30 09:27:17.873  1162  1162 D vendor.qti.bluetooth@1.1-wake_lock: Acquire wakelock is acquired 
12-30 09:27:17.873  1162  1162 I vendor.qti.bluetooth@1.1-ibs_handler: DeviceWakeUp: Writing IBS_WAKE_IND
12-30 09:27:17.877  1162  2963 I vendor.qti.bluetooth@1.1-ibs_handler: ProcessIbsCmd: Received IBS_WAKE_ACK: 0xFC
12-30 09:27:17.877  1162  2963 I vendor.qti.bluetooth@1.1-ibs_handler: ProcessIbsCmd: Signal wack_cond_
12-30 09:27:17.877  1162  1162 D vendor.qti.bluetooth@1.1-ibs_handler: DeviceWakeUp: Unblocked from waiting for FC, pthread_cond_timedwait ret = 0
12-30 09:27:17.908  1162  2963 I vendor.qti.bluetooth@1.1-ibs_handler: ProcessIbsCmd: Received IBS_WAKE_IND: 0xFD
12-30 09:27:17.908  1162  2963 I vendor.qti.bluetooth@1.1-ibs_handler: ProcessIbsCmd: Writing IBS_WAKE_ACK
12-30 09:27:17.918  2488  2732 E VSTDisplayManager: VST FPS:73
12-30 09:27:17.949  1162  2963 I vendor.qti.bluetooth@1.1-ibs_handler: ProcessIbsCmd: Received IBS_SLEEP_IND: 0xFE
12-30 09:27:17.964  4162  4396 D NetworkService: TotalRxSpeed : 4.691MB/s  /  TotalTxSpeed : 49.5KB/s
12-30 09:27:17.964  4162  4396 D NetworkService: SystemRxSpeed : 4.691MB/s  /  SystemTxSpeed : 49.5KB/s
12-30 09:27:18.001  3853  4015 I ScreencastSinkNative: [0]aud 1s, cap: 0.00[ 94 ] / max: 0, enc: 0.00[ 94 ] / max: 0, bitrate: 1.47M, send connect: 0.00[ 0 ] / max: 0, lost: 0, pkg: 0.00[ 0 ]/ max: 0, msg: 0.11[ 187 ]/ max: 1, dec: 0.00[ 0 ]/ max: 0, play: 85.80[ 93 ]/ max: 114, total: 0.00 / max: 0
12-30 09:27:18.002  3853  4013 I ScreencastSinkNative: [0]vid 1s, cap: 0.00[ 59 ] / max: 0, enc: 0.00[ 59 ] / max: 0, bitrate: 28.36M, send connect: 0.00[ 0 ] / max: 0, lost: 0, pkg: 0.00[ 0 ]/ max: 0, msg: 0.15[ 118 ]/ max: 1, dec: 9.53[ 59 ]/ max: 14, play: 1.31[ 59 ]/ max: 4, total: 0.00 / max: 0
12-30 09:27:18.028  1162  2963 I vendor.qti.bluetooth@1.1-ibs_handler: ProcessIbsCmd: Received IBS_WAKE_IND: 0xFD
12-30 09:27:18.028  1162  2963 I vendor.qti.bluetooth@1.1-ibs_handler: ProcessIbsCmd: Writing IBS_WAKE_ACK
12-30 09:27:18.029  2582  2965 I bt_stack: [INFO:gatt_main.cc(1726)] gatt_data_process op_code = 11, msg_len = 9, lcid = 4
12-30 09:27:18.031  2123  2708 D PowerManagerService: acquireWakeLockInternal: lock=21747029, flags=0x1, tag="com.yvr.boxmanager:partial_lock", ws=null, uid=1000, pid=4011
12-30 09:27:18.032  4011  4041 D BleClient: onCharacteristicRead heartbeat 3190, 3190, bleServerConnected: true
12-30 09:27:18.047  1482  1736 I HandTrackingModule: [hand] hand FPS:(3:0), ts: 1308056779353
12-30 09:27:18.069  1162  2963 I vendor.qti.bluetooth@1.1-ibs_handler: ProcessIbsCmd: Received IBS_SLEEP_IND: 0xFE
12-30 09:27:18.085  2488  2732 I CompositorMonitor: fps:72.0, prd:27.4 ms, cpu:1.3 ms, gpu:3.3 ms, early:72.0, stale:0.0, max_stale:0.0, sw_mode:0, drr:72.0, lat_mode:-1
12-30 09:27:18.105  1482  1747 I trackingservice: [Tobii_ETL]TobiiETLImpl.cpp:230 tobii_etl_process_frames() Successfully processed frame 114300
12-30 09:27:18.208  1162  2963 I vendor.qti.bluetooth@1.1-ibs_handler: ProcessIbsCmd: Received IBS_WAKE_IND: 0xFD
12-30 09:27:18.208  1162  2963 I vendor.qti.bluetooth@1.1-ibs_handler: ProcessIbsCmd: Writing IBS_WAKE_ACK
12-30 09:27:18.208  2582  2965 I bt_stack: [INFO:bta_tmap_main.cc(192)] BTTmapCback: bttmap cback
12-30 09:27:18.208  2582  2965 I bt_stack: [INFO:bta_tmap_main.cc(197)] HandleTmapEvent: Tmap handle event: BTA_GATTS_PHY_UPDATE_EVT
12-30 09:27:18.208  2582  2965 I bt_stack: [INFO:bta_tmap_main.cc(274)] HandleTmapEvent: event not matched !!
12-30 09:27:18.208  2582  2965 I bt_stack: [INFO:pacs_client.cc(2773)] pacs_gattc_callback: Event : Unknown Event
12-30 09:27:18.208  2582  2965 I bt_stack: [INFO:ascs_client.cc(1778)] ascs_gattc_callback: Event : Unknown Event
12-30 09:27:18.208  2582  2965 I bt_stack: [INFO:bta_vcp_controller.cc(1122)] vcp_controller_gattc_callback event = Unknown GATT Callback Event
12-30 09:27:18.208  2582  2965 I bt_stack: [INFO:has_client.cc(1817)] GattcCallback: event = 25
12-30 09:27:18.208  2582  2965 I bt_stack: [INFO:bta_mcp_main.cc(895)] HandleMcsEvent   mcs handle event BTA_GATTS_PHY_UPDATE_EVT
12-30 09:27:18.208  2582  2965 I bt_stack: [INFO:bta_mcp_main.cc(1634)] HandleMcsEvent event to media handler MCP_PHY_UPDATE
12-30 09:27:18.208  2582  2965 I bt_stack: [INFO:bta_mcp_main.cc(1645)] MediaStateInactiveHandler handle event MCP_PHY_UPDATE in state MCP_STATE_INACTIVE
12-30 09:27:18.208  2582  2965 I bt_stack: [INFO:bta_mcp_main.cc(1653)] MediaStateInactiveHandler device: 0xb40000703162d500
12-30 09:27:18.208  2582  2965 I bt_stack: [INFO:bta_mcp_main.cc(1654)] MediaStateInactiveHandler inactive mcs handle event MCP_PHY_UPDATE
12-30 09:27:18.208  2582  2965 I bt_stack: [INFO:bta_mcp_main.cc(3234)] DeviceStateConnectionHandler  device connected handle MCP_PHY_UPDATE
12-30 09:27:18.208  2582  2965 I bt_stack: [INFO:bta_mcp_main.cc(1638)] HandleMcsEventfree rsp data
12-30 09:27:18.208  2582  2965 I bt_stack: [INFO:bta_cc_main.cc(1163)] HandleCcsEvent: event: : Unknown bta cc event
12-30 09:27:18.208  2582  2965 I bt_stack: [INFO:bta_cc_main.cc(2323)] CCSHandler: inactive ccs handle event CCS_PHY_UPDATE
12-30 09:27:18.208  2582  2965 I bt_stack: [INFO:bta_cc_main.cc(2608)] CCSHandler: calling device state: 1
12-30 09:27:18.208  2582  2965 I bt_stack: [INFO:bta_cc_main.cc(2086)] DeviceStateConnectionHandler: device connected handle: 150
12-30 09:27:18.208  2582  2965 I bt_stack: [INFO:bta_cc_main.cc(2163)] DeviceStateConnectionHandler: device CCS_PHY_UPDATE update: 150
12-30 09:27:18.208  2582  2965 I bt_stack: [INFO:bta_cc_main.cc(2072)] HandleCcsEventfree rsp data
12-30 09:27:18.208  2582  2836 D BtGatt.GattService: onServerPhyUpdate() - connId=14, status=0
12-30 09:27:18.208  2582  2836 D BtGatt.GattService: onClientPhyUpdate() - connId=16, status=0
12-30 09:27:18.208  3819  4186 D BluetoothGattServer: onPhyUpdate() - device=78:63:84:BD:D0:5A, txPHy=2, rxPHy=1
12-30 09:27:18.208  4011  4041 D BluetoothGatt: onPhyUpdate() - status=0 address=78:63:84:BD:D0:5A txPhy=2 rxPhy=1
12-30 09:27:18.228  2123  2245 D PowerManagerService: acquireWakeLockInternal: lock=9254867, flags=0x1, tag="NetworkStats", ws=null, uid=1000, pid=2123
12-30 09:27:18.232  2123  2245 W BestClock: java.time.DateTimeException: Missing network time fix
12-30 09:27:18.234  2123  2245 W BestClock: java.time.DateTimeException: Missing network time fix
12-30 09:27:18.235  2123  2245 D PowerManagerService: releaseWakeLockInternal: lock=9254867 [NetworkStats], flags=0x0, mOwnerUid:1000, mOwnerPid:2123
12-30 09:27:18.245  3725  3924 I YUnity  : BOX_LOG BoxScreen [DP] Update: FPS=48
12-30 09:27:18.248  1162  2963 I vendor.qti.bluetooth@1.1-ibs_handler: ProcessIbsCmd: Received IBS_SLEEP_IND: 0xFE
12-30 09:27:18.268  1162  2963 I vendor.qti.bluetooth@1.1-ibs_handler: ProcessIbsCmd: Received IBS_WAKE_IND: 0xFD
12-30 09:27:18.268  1162  2963 I vendor.qti.bluetooth@1.1-ibs_handler: ProcessIbsCmd: Writing IBS_WAKE_ACK
12-30 09:27:18.309  1162  2963 I vendor.qti.bluetooth@1.1-ibs_handler: ProcessIbsCmd: Received IBS_SLEEP_IND: 0xFE
12-30 09:27:18.330  3853 13064 I ScreencastSinkNative: [0]on audio data received, size:2048
12-30 09:27:18.385  2123  2708 D ActivityManager: freezer override set to true
12-30 09:27:18.406  1482  1743 I DataMonitor: (cam_dl):[dur: avg:16.57, min:16.67, max:16.67)] [lat: avg:6.91, min:6.32, max:7.99], miss(0) total:180
12-30 09:27:18.406  1482  1743 I DataMonitor: (cam_ul):[dur: avg:16.57, min:16.67, max:16.67)] [lat: avg:6.81, min:6.28, max:8.01], miss(0) total:180
12-30 09:27:18.406  1482  1743 I DataMonitor: (cam_ur):[dur: avg:16.57, min:16.67, max:16.67)] [lat: avg:6.73, min:6.27, max:8.14], miss(0) total:180
12-30 09:27:18.406  1482  1743 I DataMonitor: (cam_dr):[dur: avg:16.57, min:16.67, max:16.67)] [lat: avg:6.89, min:6.29, max:7.78], miss(0) total:180
12-30 09:27:18.406  1482  1743 I DataMonitor: (cam_auxl):[dur: avg:16.57, min:16.66, max:16.67)] [lat: avg:7.75, min:7.04, max:9.18], miss(0) total:180
12-30 09:27:18.406  1482  1743 I DataMonitor: (cam_auxr):[dur: avg:16.57, min:16.66, max:16.67)] [lat: avg:7.73, min:7.03, max:9.65], miss(0) total:180
12-30 09:27:18.406  1482  1743 I DataMonitor: (cam_lvst):[dur: avg:13.90, min:13.89, max:18.69)] [lat: avg:11.22, min:11.00, max:12.26], miss(0) total:215
12-30 09:27:18.406  1482  1743 I DataMonitor: (cam_rvst):[dur: avg:13.90, min:13.89, max:18.69)] [lat: avg:11.27, min:11.00, max:12.72], miss(0) total:215
12-30 09:27:18.406  1482  1743 I DataMonitor: (cam_let):[dur: avg:11.12, min:11.16, max:11.16)] [lat: avg:4.86, min:4.65, max:6.52], miss(0) total:269
12-30 09:27:18.406  1482  1743 I DataMonitor: (cam_ret):[dur: avg:11.12, min:11.16, max:11.16)] [lat: avg:4.93, min:4.66, max:6.64], miss(0) total:269
12-30 09:27:18.406  1482  1743 I DataMonitor: (cam_tof):[dur: avg:32.96, min:33.33, max:33.33)] [lat: avg:25.23, min:24.48, max:26.65], miss(0) total:90
12-30 09:27:18.406  1482  1743 I DataMonitor: (imu_hmd):[dur: avg:0.98, min:0.98, max:0.98)] [lat: avg:0.59, min:0.36, max:1.10], miss(0) total:3073
12-30 09:27:18.406  1482  1743 I DataMonitor: (slam):[lat: avg:4.71, min:3.90, max:5.28], [ql: 0 0.000000] total:3072
12-30 09:27:18.406  1482  1743 I DataMonitor: (eye_pose):[lat: avg:7.82, min:6.17, max:17.09], [ql: 268 1.000000] total:268
12-30 09:27:18.416  3395 12481 I guardianservice: Explicit concurrent copying GC freed 2694(112KB) AllocSpace objects, 1(20KB) LOS objects, 91% free, 2184KB/26MB, paused 24us,15us total 8.210ms
12-30 09:27:18.431  2123  2708 D ActivityManager: freezer override set to false
12-30 09:27:18.440  1482  1747 I trackingservice: [Tobii_ETL]TobiiETLImpl.cpp:230 tobii_etl_process_frames() Successfully processed frame 114330
12-30 09:27:18.519  3725  3924 D TrackingClient: Hand Pose 0 (L:1):(-0.289699:0.875893:0.239030:0.302903)(-0.444795:1.234833:-0.637743)
12-30 09:27:18.589  2123  2206 D ActivityManager: freezing 2934 com.android.permissioncontroller
12-30 09:27:18.606  1482  4607 D ETMultiCamera: frameid:114345, frameduration:11164271, delay:4950786, boottime:1304575579600, exposure:3000000, gain:98, cameraid:9
12-30 09:27:18.606  1482  4607 D ETMultiCamera: frameid:114345, frameduration:11164271, delay:5238963, boottime:1304575571579, exposure:3000000, gain:98, cameraid:8
12-30 09:27:18.703  3853 13061 I ScreencastSinkNative: [0]on video data received, size:167164
12-30 09:27:18.759  3725  4635 I PerfStats.cpp: FPS=72.02/72, Prd=27.40ms, Early=72.02, Stale=0.00, Lat=-1, Fov=0, CPU/GPU=4/5, Free=8059MB, ATW=4.63ms, APP=3.97ms/1.15ms, GD=0.00, CPU%=0.53, GPU%=0.29
12-30 09:27:18.766  1482  4607 D VSTCamera: frameid:91355, frameduration:13887448, delay:21353611, boottime:1304719705161, exposure:8333333, gain:520, cameraid:6
12-30 09:27:18.766  1482  4607 D VSTCamera: frameid:91355, frameduration:13887447, delay:21601267, boottime:1304719708390, exposure:8333333, gain:520, cameraid:7
12-30 09:27:18.775  1482  1747 I trackingservice: [Tobii_ETL]TobiiETLImpl.cpp:230 tobii_etl_process_frames() Successfully processed frame 114360
12-30 09:27:18.861  1482  4607 D TrackingCamera: frameid:76593, qdelay:6348473, frameduration:16666510, boottime:1304829762590, exposure:3051000,gain:52, cameraid:2
12-30 09:27:18.861  1482  4607 D TrackingCamera: frameid:76593, qdelay:6537848, frameduration:16666458, boottime:1304829762538, exposure:3051000,gain:52, cameraid:1
12-30 09:27:18.861  1482  4607 D TrackingCamera: frameid:76593, qdelay:6730140, frameduration:16666458, boottime:1304829762538, exposure:3051000,gain:52, cameraid:3
12-30 09:27:18.862  1482  4607 D TrackingCamera: frameid:76593, qdelay:6883265, frameduration:16666458, boottime:1304829762538, exposure:3051000,gain:52, cameraid:0
12-30 09:27:18.877  1162  2967 I vendor.qti.bluetooth@1.1-ibs_handler: DeviceSleep: TX Awake, Sending SLEEP_IND
12-30 09:27:18.877  1162  2967 D vendor.qti.bluetooth@1.1-ibs_handler: SerialClockVote: vote for UART CLK OFF
12-30 09:27:18.932  2488  2732 E VSTDisplayManager: VST FPS:73
12-30 09:27:18.945  1482  4607 D TrackingAuxMultiCamera: frameid:76593, frameduration:16666458, delay:7089098, boottime:1304913094413, exposure:3786000, gain:110, cameraid:5
12-30 09:27:18.946  1482  4607 D TrackingAuxMultiCamera: frameid:76593, frameduration:16666458, delay:7222796, boottime:1304913094361, exposure:3786000, gain:110, cameraid:4
12-30 09:27:19.002  3853  4015 I ScreencastSinkNative: [0]aud 1s, cap: 0.00[ 93 ] / max: 0, enc: 0.00[ 93 ] / max: 0, bitrate: 1.45M, send connect: 0.00[ 0 ] / max: 0, lost: 0, pkg: 0.00[ 0 ]/ max: 0, msg: 0.21[ 187 ]/ max: 3, dec: 0.00[ 0 ]/ max: 0, play: 88.37[ 94 ]/ max: 113, total: 0.00 / max: 0
12-30 09:27:19.006  3853  4013 I ScreencastSinkNative: [0]vid 1s, cap: 0.00[ 60 ] / max: 0, enc: 0.00[ 60 ] / max: 0, bitrate: 31.44M, send connect: 0.00[ 0 ] / max: 0, lost: 0, pkg: 0.00[ 0 ]/ max: 0, msg: 0.13[ 121 ]/ max: 1, dec: 10.20[ 61 ]/ max: 17, play: 1.32[ 61 ]/ max: 6, total: 0.00 / max: 0
12-30 09:27:19.028  1162  2869 D vendor.qti.bluetooth@1.1-wake_lock: Release wakelock is released 
12-30 09:27:19.069  1482  1736 I HandTrackingModule: [hand] hand FPS:(52:0), ts: 1309073433885
12-30 09:27:19.098  2488  2732 I CompositorMonitor: fps:72.0, prd:27.8 ms, cpu:1.3 ms, gpu:3.4 ms, early:72.0, stale:0.0, max_stale:0.0, sw_mode:0, drr:72.0, lat_mode:-1
12-30 09:27:19.110  1482  1747 I trackingservice: [Tobii_ETL]TobiiETLImpl.cpp:230 tobii_etl_process_frames() Successfully processed frame 114390
12-30 09:27:19.134  2123  5284 D ActivityManager: freezer override set to true
12-30 09:27:19.136  2123  5284 D ActivityManager: sync unfroze 2934 com.android.permissioncontroller for 19
12-30 09:27:19.172  2488 12729 I rruntimeservice: Explicit concurrent copying GC freed 2705(128KB) AllocSpace objects, 1(20KB) LOS objects, 92% free, 2126KB/26MB, paused 20us,14us total 5.168ms
12-30 09:27:19.189  2123  5284 D ActivityManager: freezer override set to false
12-30 09:27:19.236  1482  1744 I DataSetModule: mcu log: [log_level:1 msg:HOST Tsync:1 CtrlIMUen:0 HmdIMUen:0 OTA left:0 right:0]
12-30 09:27:19.236  1482  1744 I DataSetModule: mcu log: [log_level:1 msg:RF Chan: 4 22 48 2 74 74 0 0 0 0]
12-30 09:27:19.236  1482  1744 I DataSetModule: mcu log: [log_level:1 msg:RX right pkt:1675 rssi: -70, -44, -55, -54, -51]
12-30 09:27:19.246  3725  3924 I YUnity  : BOX_LOG BoxScreen [DP] Update: FPS=53
12-30 09:27:19.423  3853 13064 I ScreencastSinkNative: [0]on audio data received, size:2048
12-30 09:27:19.444  1482  1747 I trackingservice: [Tobii_ETL]TobiiETLImpl.cpp:230 tobii_etl_process_frames() Successfully processed frame 114420
12-30 09:27:19.445  2488  2732 I YCameraManager: rgb frame miss frame_stream:0, cur_frame:91404, last_frame:91402
12-30 09:27:19.489  2123  5284 D ActivityManager: freezer override set to true
12-30 09:27:19.515  2488  2732 I YCameraManager: rgb frame miss frame_stream:0, cur_frame:91409, last_frame:91407
12-30 09:27:19.515  3395  3495 I guardianservice: Explicit concurrent copying GC freed 2694(112KB) AllocSpace objects, 1(20KB) LOS objects, 91% free, 2184KB/26MB, paused 24us,14us total 5.490ms
12-30 09:27:19.533  2123  5284 D ActivityManager: freezer override set to false
12-30 09:27:19.538  1162  2963 I vendor.qti.bluetooth@1.1-ibs_handler: ProcessIbsCmd: Received IBS_WAKE_IND: 0xFD
12-30 09:27:19.538  1162  2963 D vendor.qti.bluetooth@1.1-ibs_handler: SerialClockVote: vote for UART CLK ON
12-30 09:27:19.538  1162  2963 D vendor.qti.bluetooth@1.1-wake_lock: Acquire wakelock is acquired 
12-30 09:27:19.538  1162  2963 I vendor.qti.bluetooth@1.1-ibs_handler: ProcessIbsCmd: Writing IBS_WAKE_ACK
12-30 09:27:19.538  2582  2965 I bt_stack: [INFO:bta_tmap_main.cc(192)] BTTmapCback: bttmap cback
12-30 09:27:19.538  2582  2965 I bt_stack: [INFO:bta_tmap_main.cc(197)] HandleTmapEvent: Tmap handle event: BTA_GATTS_PHY_UPDATE_EVT
12-30 09:27:19.538  2582  2965 I bt_stack: [INFO:bta_tmap_main.cc(274)] HandleTmapEvent: event not matched !!
12-30 09:27:19.538  2582  2965 I bt_stack: [INFO:pacs_client.cc(2773)] pacs_gattc_callback: Event : Unknown Event
12-30 09:27:19.538  2582  2965 I bt_stack: [INFO:ascs_client.cc(1778)] ascs_gattc_callback: Event : Unknown Event
12-30 09:27:19.538  2582  2965 I bt_stack: [INFO:bta_vcp_controller.cc(1122)] vcp_controller_gattc_callback event = Unknown GATT Callback Event
12-30 09:27:19.538  2582  2965 I bt_stack: [INFO:has_client.cc(1817)] GattcCallback: event = 25
12-30 09:27:19.538  2582  2965 I bt_stack: [INFO:bta_mcp_main.cc(895)] HandleMcsEvent   mcs handle event BTA_GATTS_PHY_UPDATE_EVT
12-30 09:27:19.538  2582  2965 I bt_stack: [INFO:bta_mcp_main.cc(1634)] HandleMcsEvent event to media handler MCP_PHY_UPDATE
12-30 09:27:19.538  2582  2965 I bt_stack: [INFO:bta_mcp_main.cc(1645)] MediaStateInactiveHandler handle event MCP_PHY_UPDATE in state MCP_STATE_INACTIVE
12-30 09:27:19.538  2582  2965 I bt_stack: [INFO:bta_mcp_main.cc(1653)] MediaStateInactiveHandler device: 0xb40000703162d500
12-30 09:27:19.538  2582  2965 I bt_stack: [INFO:bta_mcp_main.cc(1654)] MediaStateInactiveHandler inactive mcs handle event MCP_PHY_UPDATE
12-30 09:27:19.538  2582  2965 I bt_stack: [INFO:bta_mcp_main.cc(3234)] DeviceStateConnectionHandler  device connected handle MCP_PHY_UPDATE
12-30 09:27:19.538  2582  2965 I bt_stack: [INFO:bta_mcp_main.cc(1638)] HandleMcsEventfree rsp data
12-30 09:27:19.538  2582  2965 I bt_stack: [INFO:bta_cc_main.cc(1163)] HandleCcsEvent: event: : Unknown bta cc event
12-30 09:27:19.538  2582  2965 I bt_stack: [INFO:bta_cc_main.cc(2323)] CCSHandler: inactive ccs handle event CCS_PHY_UPDATE
12-30 09:27:19.538  2582  2965 I bt_stack: [INFO:bta_cc_main.cc(2608)] CCSHandler: calling device state: 1
12-30 09:27:19.538  2582  2965 I bt_stack: [INFO:bta_cc_main.cc(2086)] DeviceStateConnectionHandler: device connected handle: 150
12-30 09:27:19.538  2582  2965 I bt_stack: [INFO:bta_cc_main.cc(2163)] DeviceStateConnectionHandler: device CCS_PHY_UPDATE update: 150
12-30 09:27:19.538  2582  2965 I bt_stack: [INFO:bta_cc_main.cc(2072)] HandleCcsEventfree rsp data
12-30 09:27:19.538  2582  2836 D BtGatt.GattService: onServerPhyUpdate() - connId=14, status=0
12-30 09:27:19.538  2582  2836 D BtGatt.GattService: onClientPhyUpdate() - connId=16, status=0
12-30 09:27:19.538  3819  4186 D BluetoothGattServer: onPhyUpdate() - device=78:63:84:BD:D0:5A, txPHy=2, rxPHy=2
12-30 09:27:19.538  4011  4041 D BluetoothGatt: onPhyUpdate() - status=0 address=78:63:84:BD:D0:5A txPhy=2 rxPhy=2
12-30 09:27:19.584  2488  2732 I YCameraManager: rgb frame miss frame_stream:0, cur_frame:91414, last_frame:91412
12-30 09:27:19.598  1162  2963 I vendor.qti.bluetooth@1.1-ibs_handler: ProcessIbsCmd: Received IBS_SLEEP_IND: 0xFE
12-30 09:27:19.599  1162  2963 D vendor.qti.bluetooth@1.1-ibs_handler: SerialClockVote: vote for UART CLK OFF
12-30 09:27:19.695  2488  2732 I YCameraManager: rgb frame miss frame_stream:0, cur_frame:91422, last_frame:91420
12-30 09:27:19.722  2123  2245 D PowerManagerService: acquireWakeLockInternal: lock=9254867, flags=0x1, tag="NetworkStats", ws=null, uid=1000, pid=2123
12-30 09:27:19.723  2123  2245 W BestClock: java.time.DateTimeException: Missing network time fix
12-30 09:27:19.724  2123  2245 W BestClock: java.time.DateTimeException: Missing network time fix
12-30 09:27:19.724  2123  2245 D PowerManagerService: releaseWakeLockInternal: lock=9254867 [NetworkStats], flags=0x0, mOwnerUid:1000, mOwnerPid:2123
12-30 09:27:19.749  1162  2869 D vendor.qti.bluetooth@1.1-wake_lock: Release wakelock is released 
12-30 09:27:19.751  2488  2732 I YCameraManager: rgb frame miss frame_stream:0, cur_frame:91426, last_frame:91424
12-30 09:27:19.773  3725  4635 I PerfStats.cpp: FPS=72.03/72, Prd=27.79ms, Early=72.03, Stale=0.00, Lat=-1, Fov=0, CPU/GPU=4/5, Free=8059MB, ATW=4.69ms, APP=4.01ms/1.34ms, GD=0.00, CPU%=0.51, GPU%=0.29
12-30 09:27:19.780  1482  1747 I trackingservice: [Tobii_ETL]TobiiETLImpl.cpp:230 tobii_etl_process_frames() Successfully processed frame 114450
12-30 09:27:19.807  1482  4565 I VrlinkDataSource: timeSync.ts:1309824593628, offset:6250
12-30 09:27:19.945  2488  2732 E VSTDisplayManager: VST FPS:73
12-30 09:27:19.956  1482  4607 D ETMultiCamera: frameid:114466, frameduration:11164270, delay:4723130, boottime:1305926456370, exposure:3000000, gain:98, cameraid:9
12-30 09:27:19.956  1482  4607 D ETMultiCamera: frameid:114466, frameduration:11164271, delay:4873182, boottime:1305926448350, exposure:3000000, gain:98, cameraid:8
12-30 09:27:19.967  4162  4396 D NetworkService: TotalRxSpeed : 4.1831MB/s  /  TotalTxSpeed : 48.6KB/s
12-30 09:27:19.967  4162  4396 D NetworkService: SystemRxSpeed : 4.1831MB/s  /  SystemTxSpeed : 48.7KB/s
12-30 09:27:20.001  3853  4015 I ScreencastSinkNative: [0]aud 1s, cap: 0.00[ 95 ] / max: 0, enc: 0.00[ 95 ] / max: 0, bitrate: 1.48M, send connect: 0.00[ 0 ] / max: 0, lost: 0, pkg: 0.00[ 0 ]/ max: 0, msg: 0.15[ 189 ]/ max: 2, dec: 0.00[ 0 ]/ max: 0, play: 88.71[ 94 ]/ max: 113, total: 0.00 / max: 0
12-30 09:27:20.004  3853  4013 I ScreencastSinkNative: [0]vid 1s, cap: 0.00[ 61 ] / max: 0, enc: 0.00[ 61 ] / max: 0, bitrate: 29.96M, send connect: 0.00[ 0 ] / max: 0, lost: 0, pkg: 0.00[ 0 ]/ max: 0, msg: 0.24[ 121 ]/ max: 2, dec: 9.76[ 60 ]/ max: 15, play: 1.40[ 60 ]/ max: 5, total: 0.00 / max: 0
12-30 09:27:20.080  1482  1736 I HandTrackingModule: [hand] hand FPS:(44:0), ts: 1310090088364
12-30 09:27:20.112  2488  2732 I CompositorMonitor: fps:72.0, prd:27.9 ms, cpu:1.4 ms, gpu:3.4 ms, early:72.0, stale:0.0, max_stale:0.0, sw_mode:0, drr:72.0, lat_mode:-1
12-30 09:27:20.116  1482  1747 I trackingservice: [Tobii_ETL]TobiiETLImpl.cpp:230 tobii_etl_process_frames() Successfully processed frame 114480
12-30 09:27:20.259  3725  3924 I YUnity  : BOX_LOG BoxScreen [DP] Update: FPS=59
12-30 09:27:20.307  1482  4649 E trackingservice: [EYETRACKING_TOBII]EyeTrackingModule_Tobii.cpp:371 xr_callback() Frame 114497 is already processed.
12-30 09:27:20.357  2123  2314 D ActivityManager: freezer override set to true
12-30 09:27:20.384  3853 13061 I ScreencastSinkNative: [0]on video data received, size:60305
12-30 09:27:20.449  1482  1747 I trackingservice: [Tobii_ETL]TobiiETLImpl.cpp:230 tobii_etl_process_frames() Successfully processed frame 114510
12-30 09:27:20.457  2123  2314 D ActivityManager: freezer override set to false
12-30 09:27:20.460  1482  4607 D VSTCamera: frameid:91476, frameduration:13887448, delay:21351475, boottime:1306413182713, exposure:8333333, gain:661, cameraid:7
12-30 09:27:20.460  1482  4607 D VSTCamera: frameid:91476, frameduration:13887448, delay:21502672, boottime:1306413179484, exposure:8333333, gain:661, cameraid:6
12-30 09:27:20.483  3853 13064 I ScreencastSinkNative: [0]on audio data received, size:2048
12-30 09:27:20.596  2123  2314 D ActivityManager: freezer override set to true
12-30 09:27:20.623  3395  4534 I guardianservice: Explicit concurrent copying GC freed 2694(112KB) AllocSpace objects, 1(20KB) LOS objects, 91% free, 2184KB/26MB, paused 25us,14us total 8.048ms
12-30 09:27:20.639  2123  2314 D ActivityManager: freezer override set to false
12-30 09:27:20.694  1161  2467 D dtsaudio: eagle pipeline proc call 24000 (size =960, inCh=3, outCh=3, android fmt in=5, out=5) ret 0 
12-30 09:27:20.773  3725  4635 I PerfStats.cpp: FPS=72.02/72, Prd=27.90ms, Early=72.02, Stale=0.00, Lat=-1, Fov=0, CPU/GPU=4/5, Free=8059MB, ATW=4.75ms, APP=3.86ms/1.11ms, GD=0.00, CPU%=0.51, GPU%=0.29
12-30 09:27:20.785  1482  1747 I trackingservice: [Tobii_ETL]TobiiETLImpl.cpp:230 tobii_etl_process_frames() Successfully processed frame 114540
12-30 09:27:20.791  2123  2206 D ActivityManager: freezing 4433 com.android.providers.calendar
12-30 09:27:20.832  1166  1166 W healthd : battery l=82 v=8192 t=28.0 h=2 st=2 c=-1482824 fc=2364000 cc=41 chg=u
12-30 09:27:20.811  2123  2159 I Yvr_BatteryService: processLight level=82 status=2
12-30 09:27:20.815  3725  3725 D CommonSdk: postRunnable -- BATTERY_CHANGED, com.yvr.commonsdk.AndroidBroadcastReceiver$$ExternalSyntheticLambda0@1a27710, false
12-30 09:27:20.815  3725  3725 D CommonSdk: postRunnable -- runnable size: 0
12-30 09:27:20.815  3725  3725 D CommonSdk: postRunnable -- BATTERY_CHANGED, com.yvr.commonsdk.AndroidBroadcastReceiver$$ExternalSyntheticLambda0@1a27710
12-30 09:27:20.815  3725  3725 D CommonSdk: postRunnable -1- notifyAll
12-30 09:27:20.815  3725  3725 D CommonSdk: postRunnable -2- notifyAll
12-30 09:27:20.815  3725  3787 D CommonSdk: run -1- syncRunnable 3 wait
12-30 09:27:20.815  3725  3787 D CommonSdk: run -2- state: RUNNABLE
12-30 09:27:20.815  3725  3787 D CommonSdk: run -2- unityAppResume: true, runnableSize: 1, hasMessages: false
12-30 09:27:20.815  3725  3787 D CommonSdk: run -3- BATTERY_CHANGED, com.yvr.commonsdk.AndroidBroadcastReceiver$$ExternalSyntheticLambda0@1a27710
12-30 09:27:20.816  3725  3786 D CommonSdk: handleMessage --1-- 100, unityAppResume: true, allowPause: false
12-30 09:27:20.816  3725  3786 D CommonSdk: handleMessage com.yvr.commonsdk.AndroidBroadcastReceiver$$ExternalSyntheticLambda0@1a27710
12-30 09:27:20.816  3725  3786 D AndroidBroadcastReceiver: onReceive callback 1 {"level":82,"scale":100,"TAG":"android.intent.action.BATTERY_CHANGED"}
12-30 09:27:20.816  3819  3819 D shareScreen: bluetooth onReceive action=android.intent.action.BATTERY_CHANGED
12-30 09:27:20.816  3725  3786 D YUnity  : [AD] Android com.yvr.commonsdk.CommonCallback
12-30 09:27:20.816  3725  3786 I YUnity  : [AD][AndroidBroadcast] Broadcast whole json message is {"level":82,"scale":100,"TAG":"android.intent.action.BATTERY_CHANGED"}
12-30 09:27:20.816  3725  3786 D AndroidBroadcastReceiver: onReceive callback 2
12-30 09:27:20.816  3725  3786 D CommonSdk: handleMessage --2-- used: 1ms
12-30 09:27:20.816  3725  3786 D CommonSdk: handleMessage --3-- 
12-30 09:27:20.817  4140  4140 D DeviceUtils: isVerityModeDisabled verityMode: enforcing, forceEnableWP: false
12-30 09:27:20.817  4140  4140 D BatteryMonitor: onReceive android.intent.action.BATTERY_CHANGED, screenOffAbnormalCount: 0, preLevel: 0, preTimestamp: 0, bugreportUploaded: false, isCharging: true, sScreenOffAbnormalCountMax: 10
12-30 09:27:20.817  4140  4140 D BatteryMonitor: onReceive isCharging=true, isScreenOn=true, level=82, scale=100, pluggedIn = true
12-30 09:27:20.818  3419  3419 I LowBatteryUIController: status:2,level:82,[true,true,true]
12-30 09:27:20.818  3725  3787 D CommonSdk: run -1- unityAppResume: true, size: 0
12-30 09:27:20.818  3725  3787 D CommonSdk: run -1- syncRunnable 1 wait
12-30 09:27:20.818  3725  3787 D CommonSdk: run -1- syncRunnable 2 wait
12-30 09:27:20.818  2437  5545 D PowerUI : can't show warning due to - plugged: true status unknown: false
12-30 09:27:20.818  2488  2488 I BatteryReceiver: Battery: status = 2, level = 82, temp = 280
12-30 09:27:20.878  1482  4607 D TrackingCamera: frameid:76714, qdelay:6365452, frameduration:16666458, boottime:1306846405142, exposure:3051000,gain:52, cameraid:2
12-30 09:27:20.878  1482  4607 D TrackingCamera: frameid:76714, qdelay:6601650, frameduration:16666458, boottime:1306846405142, exposure:3051000,gain:52, cameraid:3
12-30 09:27:20.878  1482  4607 D TrackingCamera: frameid:76714, qdelay:6770608, frameduration:16666458, boottime:1306846405142, exposure:3051000,gain:52, cameraid:1
12-30 09:27:20.878  1482  4607 D TrackingCamera: frameid:76714, qdelay:6971493, frameduration:16666458, boottime:1306846405142, exposure:3051000,gain:52, cameraid:0
12-30 09:27:20.959  2488  2732 E VSTDisplayManager: VST FPS:73
12-30 09:27:20.962  1482  4607 D TrackingAuxMultiCamera: frameid:76714, frameduration:16666459, delay:7506722, boottime:1306929741997, exposure:3833000, gain:129, cameraid:5
12-30 09:27:20.963  1482  4607 D TrackingAuxMultiCamera: frameid:76714, frameduration:16666459, delay:7715211, boottime:1306929741945, exposure:3833000, gain:129, cameraid:4
12-30 09:27:21.000  3853  4013 I ScreencastSinkNative: [0]vid 1s, cap: 0.00[ 59 ] / max: 0, enc: 0.00[ 59 ] / max: 0, bitrate: 28.95M, send connect: 0.00[ 0 ] / max: 0, lost: 0, pkg: 0.00[ 0 ]/ max: 0, msg: 0.12[ 119 ]/ max: 3, dec: 9.33[ 60 ]/ max: 15, play: 1.37[ 60 ]/ max: 5, total: 0.00 / max: 0
12-30 09:27:21.000  3853  4015 I ScreencastSinkNative: [0]aud 1s, cap: 0.00[ 92 ] / max: 0, enc: 0.00[ 92 ] / max: 0, bitrate: 1.44M, send connect: 0.00[ 0 ] / max: 0, lost: 0, pkg: 0.00[ 0 ]/ max: 0, msg: 0.19[ 186 ]/ max: 2, dec: 0.00[ 0 ]/ max: 0, play: 88.90[ 94 ]/ max: 113, total: 0.00 / max: 0
12-30 09:27:21.030  1482  4607 D TOFCamera3Device: frameid:38357, frameduration:33332917, delay:25401798, boottime:1306979635879, exposure:1130000, gain:0, cameraid:10
12-30 09:27:21.098  1482  1736 I HandTrackingModule: [hand] hand FPS:(0:0), ts: 1311106742895
12-30 09:27:21.120  1482  1747 I trackingservice: [Tobii_ETL]TobiiETLImpl.cpp:230 tobii_etl_process_frames() Successfully processed frame 114570
12-30 09:27:21.125  2488  2732 I CompositorMonitor: fps:72.0, prd:27.5 ms, cpu:1.3 ms, gpu:3.3 ms, early:72.0, stale:0.0, max_stale:0.0, sw_mode:0, drr:72.0, lat_mode:-1
12-30 09:27:21.203  2123  2314 D ActivityManager: freezer override set to true
12-30 09:27:21.204  2123  2314 D ActivityManager: sync unfroze 4433 com.android.providers.calendar for 19
12-30 09:27:21.206  2123  2245 D PowerManagerService: acquireWakeLockInternal: lock=9254867, flags=0x1, tag="NetworkStats", ws=null, uid=1000, pid=2123
12-30 09:27:21.207  2123  2245 W BestClock: java.time.DateTimeException: Missing network time fix
12-30 09:27:21.209  2488  2732 I VstCameraDeviceImpl: calculatePhase, fn:91530 (95 : 95), delay:10301303
12-30 09:27:21.209  2123  2245 W BestClock: java.time.DateTimeException: Missing network time fix
12-30 09:27:21.209  2123  2245 D PowerManagerService: releaseWakeLockInternal: lock=9254867 [NetworkStats], flags=0x0, mOwnerUid:1000, mOwnerPid:2123
12-30 09:27:21.239  2488  5700 I rruntimeservice: Explicit concurrent copying GC freed 2742(144KB) AllocSpace objects, 1(20KB) LOS objects, 92% free, 2126KB/26MB, paused 21us,11us total 5.107ms
12-30 09:27:21.255  2123  2314 D ActivityManager: freezer override set to false
12-30 09:27:21.271  3725  3924 I YUnity  : BOX_LOG BoxScreen [DP] Update: FPS=51
12-30 09:27:21.307  1482  4607 D ETMultiCamera: frameid:114587, frameduration:11164271, delay:4840005, boottime:1307277333141, exposure:3000000, gain:98, cameraid:9
12-30 09:27:21.307  1482  4607 D ETMultiCamera: frameid:114587, frameduration:11164270, delay:4999432, boottime:1307277325120, exposure:3000000, gain:98, cameraid:8
12-30 09:27:21.331  1482  4702 I MotionAnalyzer: [Motion] device:2 still out, still_count: 62, motion_rate: 0.310000 size:200 , stillState:0
12-30 09:27:21.332  1482  2049 I InputDeviceManager: AM_Handle self refresh
12-30 09:27:21.332  1482  2049 I InputDeviceManager: [HAND] AM_Handle tracking:1 hand_switch:1 LController(0:0) RController(1:1), ButtonTouch(0:0), controller_tracking:0, hand_tracking:1, force controller tracking: 0, support hand tracking: 1
12-30 09:27:21.332  1482  2049 I TrackingManagerService: switch inputDevice 4, mCurrentInputDevice 4
