12-30 09:27:05.253  1482  4607 D VSTCamera: frameid:90387, frameduration:13887448, delay:21380230, boottime:1291206313859, exposure:8333333, gain:423, cameraid:6
12-30 09:27:05.253  1482  4607 D VSTCamera: frameid:90387, frameduration:13887500, delay:21554710, boottime:1291206317088, exposure:8333333, gain:416, cameraid:7
12-30 09:27:05.253  2123  2708 D ActivityManager: freezer override set to false
12-30 09:27:05.357  1482  4649 E trackingservice: [EYETRACKING_TOBII]EyeTrackingModule_Tobii.cpp:371 xr_callback() Frame 113158 is already processed.
12-30 09:27:05.378  1482  1747 I trackingservice: [Tobii_ETL]TobiiETLImpl.cpp:230 tobii_etl_process_frames() Successfully processed frame 113160
12-30 09:27:05.412  3853 13064 I ScreencastSinkNative: [0]on audio data received, size:2048
12-30 09:27:05.611  3725  4635 I PerfStats.cpp: FPS=72.03/72, Prd=30.82ms, Early=72.03, Stale=0.00, Lat=-1, Fov=0, CPU/GPU=4/5, Free=8064MB, ATW=4.91ms, APP=4.08ms/4.06ms, GD=0.00, CPU%=0.56, GPU%=0.39
12-30 09:27:05.714  1482  1747 I trackingservice: [Tobii_ETL]TobiiETLImpl.cpp:230 tobii_etl_process_frames() Successfully processed frame 113190
12-30 09:27:05.755  2488  2732 E VSTDisplayManager: VST FPS:73
12-30 09:27:05.806  1482  4565 I VrlinkDataSource: timeSync.ts:1295822868946, offset:5000
12-30 09:27:05.830  2488  2628 W DisplayConfig: vsync period is not stable, time_diff_ns: -3888.000000, current drr: 72.000000 target drr: 72.000000 ts_ns[1291804967000] state ts_ns[1291804970888.000000]
12-30 09:27:05.883  1482  1736 I HandTrackingModule: [hand] hand FPS:(0:0), ts: 1295890012832
12-30 09:27:05.922  2488  2732 I CompositorMonitor: fps:72.0, prd:30.8 ms, cpu:1.4 ms, gpu:3.5 ms, early:72.0, stale:0.0, max_stale:0.0, sw_mode:0, drr:72.0, lat_mode:-1
12-30 09:27:05.950  4162  4396 D NetworkService: TotalRxSpeed : 4.2179MB/s  /  TotalTxSpeed : 47.1KB/s
12-30 09:27:05.950  4162  4396 D NetworkService: SystemRxSpeed : 4.2179MB/s  /  SystemTxSpeed : 47.1KB/s
12-30 09:27:06.008  3853  4015 I ScreencastSinkNative: [0]aud 1s, cap: 0.00[ 94 ] / max: 0, enc: 0.00[ 94 ] / max: 0, bitrate: 1.47M, send connect: 0.00[ 0 ] / max: 0, lost: 0, pkg: 0.00[ 0 ]/ max: 0, msg: 0.11[ 188 ]/ max: 2, dec: 0.00[ 0 ]/ max: 0, play: 85.40[ 94 ]/ max: 106, total: 0.00 / max: 0
12-30 09:27:06.010  3853  4013 I ScreencastSinkNative: [0]vid 1s, cap: 0.00[ 60 ] / max: 0, enc: 0.00[ 60 ] / max: 0, bitrate: 29.90M, send connect: 0.00[ 0 ] / max: 0, lost: 0, pkg: 0.00[ 0 ]/ max: 0, msg: 0.17[ 122 ]/ max: 1, dec: 10.29[ 62 ]/ max: 19, play: 1.33[ 62 ]/ max: 3, total: 0.00 / max: 0
12-30 09:27:06.049  1482  1747 I trackingservice: [Tobii_ETL]TobiiETLImpl.cpp:230 tobii_etl_process_frames() Successfully processed frame 113220
12-30 09:27:06.130  2488  2732 I VstCameraDeviceImpl: calculatePhase, fn:90450 (95 : 95), delay:10107506
12-30 09:27:06.135  3725  3924 I YUnity  : BOX_LOG BoxScreen [DP] Update: FPS=55
12-30 09:27:06.308  2123  5565 D ActivityManager: freezer override set to true
12-30 09:27:06.340  3395  5793 I guardianservice: Explicit concurrent copying GC freed 2694(112KB) AllocSpace objects, 1(20KB) LOS objects, 91% free, 2184KB/26MB, paused 20us,16us total 7.141ms
12-30 09:27:06.358  2123  5565 D ActivityManager: freezer override set to false
12-30 09:27:06.377  1232 13094 I QC2Comp : [hevcD_38] Stats: Pending(0) i/p-done(0) Works: Q: 3336/Done 3337|Work-Rate: Q(60.0/s Avg=60.1/s) Done(59.998/s Avg=60.100/s)| Stream: 77.49fps 35.8Mbps
12-30 09:27:06.377  1232 13094 I QC2Comp : [hevcD_38] Mem-usage:  [In-1D: 4 bufs 33.750 MB] [1D-55: 28 bufs 0.438 MB] [2D-56: 29 bufs 348.227 MB] | Total: 382.414 MB
12-30 09:27:06.382  1482  1747 I trackingservice: [Tobii_ETL]TobiiETLImpl.cpp:230 tobii_etl_process_frames() Successfully processed frame 113250
12-30 09:27:06.398  2123  2245 D PowerManagerService: acquireWakeLockInternal: lock=9254867, flags=0x1, tag="NetworkStats", ws=null, uid=1000, pid=2123
12-30 09:27:06.400  2123  2245 W BestClock: java.time.DateTimeException: Missing network time fix
12-30 09:27:06.402  2123  2245 W BestClock: java.time.DateTimeException: Missing network time fix
12-30 09:27:06.403  2123  2245 D PowerManagerService: releaseWakeLockInternal: lock=9254867 [NetworkStats], flags=0x0, mOwnerUid:1000, mOwnerPid:2123
12-30 09:27:06.405  1482  1743 I DataMonitor: (cam_dl):[dur: avg:16.57, min:16.67, max:16.67)] [lat: avg:6.18, min:5.82, max:7.34], miss(0) total:180
12-30 09:27:06.405  1482  1743 I DataMonitor: (cam_ul):[dur: avg:16.57, min:16.67, max:16.67)] [lat: avg:6.10, min:5.77, max:8.48], miss(0) total:180
12-30 09:27:06.405  1482  1743 I DataMonitor: (cam_ur):[dur: avg:16.57, min:16.67, max:16.67)] [lat: avg:6.02, min:5.77, max:7.54], miss(0) total:180
12-30 09:27:06.405  1482  1743 I DataMonitor: (cam_dr):[dur: avg:16.57, min:16.67, max:16.67)] [lat: avg:6.18, min:5.80, max:7.89], miss(0) total:180
12-30 09:27:06.405  1482  1743 I DataMonitor: (cam_auxl):[dur: avg:16.57, min:16.67, max:16.67)] [lat: avg:7.36, min:7.02, max:9.74], miss(0) total:180
12-30 09:27:06.405  1482  1743 I DataMonitor: (cam_auxr):[dur: avg:16.57, min:16.67, max:16.67)] [lat: avg:7.35, min:7.02, max:10.39], miss(0) total:180
12-30 09:27:06.405  1482  1743 I DataMonitor: (cam_lvst):[dur: avg:13.88, min:13.89, max:18.69)] [lat: avg:11.31, min:10.98, max:13.60], miss(0) total:215
12-30 09:27:06.405  1482  1743 I DataMonitor: (cam_rvst):[dur: avg:13.88, min:13.89, max:18.69)] [lat: avg:11.35, min:11.00, max:13.40], miss(0) total:215
12-30 09:27:06.405  1482  1743 I DataMonitor: (cam_let):[dur: avg:11.12, min:11.16, max:11.16)] [lat: avg:2.95, min:2.72, max:4.94], miss(0) total:269
12-30 09:27:06.405  1482  1743 I DataMonitor: (cam_ret):[dur: avg:11.12, min:11.16, max:11.16)] [lat: avg:3.04, min:2.74, max:4.89], miss(0) total:269
12-30 09:27:06.405  1482  1743 I DataMonitor: (cam_tof):[dur: avg:32.96, min:33.33, max:33.33)] [lat: avg:25.32, min:24.46, max:27.13], miss(0) total:90
12-30 09:27:06.405  1482  1743 I DataMonitor: (imu_hmd):[dur: avg:0.98, min:0.98, max:0.98)] [lat: avg:0.59, min:0.36, max:1.23], miss(0) total:3072
12-30 09:27:06.405  1482  1743 I DataMonitor: (slam):[lat: avg:4.71, min:3.90, max:5.36], [ql: 0 0.000000] total:3072
12-30 09:27:06.405  1482  1743 I DataMonitor: (eye_pose):[lat: avg:6.18, min:3.90, max:15.22], [ql: 187 0.703008] total:266
12-30 09:27:06.447  1482  4607 D ETMultiCamera: frameid:113256, frameduration:11164271, delay:2748396, boottime:1292419605641, exposure:1075000, gain:98, cameraid:8
12-30 09:27:06.447  1482  4607 D ETMultiCamera: frameid:113256, frameduration:11164271, delay:2850114, boottime:1292419613662, exposure:1075000, gain:98, cameraid:9
12-30 09:27:06.473  9298  9298 I sd 0    : 0:0:0: [sda] Synchronizing SCSI cache
12-30 09:27:06.470  2123  2206 D ActivityManager: freezing 2974 com.qualcomm.qtil.btdsda
12-30 09:27:06.481  3853 13064 I ScreencastSinkNative: [0]on audio data received, size:2048
12-30 09:27:06.625  3725  4635 I PerfStats.cpp: FPS=72.02/72, Prd=30.76ms, Early=72.02, Stale=0.00, Lat=-1, Fov=0, CPU/GPU=4/5, Free=8064MB, ATW=4.91ms, APP=4.23ms/3.97ms, GD=0.00, CPU%=0.56, GPU%=0.39
12-30 09:27:06.718  1482  1747 I trackingservice: [Tobii_ETL]TobiiETLImpl.cpp:230 tobii_etl_process_frames() Successfully processed frame 113280
12-30 09:27:06.726  2123  5565 D ActivityManager: freezer override set to true
12-30 09:27:06.726  2123  5565 D ActivityManager: sync unfroze 2974 com.qualcomm.qtil.btdsda for 19
12-30 09:27:06.761  1482  4607 D TrackingCamera: frameid:75867, qdelay:5913707, frameduration:16666458, boottime:1292729910955, exposure:2553000,gain:52, cameraid:2
12-30 09:27:06.761  1482  4607 D TrackingCamera: frameid:75867, qdelay:6199019, frameduration:16666510, boottime:1292729910955, exposure:2553000,gain:52, cameraid:3
12-30 09:27:06.761  1482  4607 D TrackingCamera: frameid:75867, qdelay:6468238, frameduration:16666458, boottime:1292729910903, exposure:2553000,gain:52, cameraid:0
12-30 09:27:06.762  1482  4607 D TrackingCamera: frameid:75867, qdelay:6905061, frameduration:16666510, boottime:1292729910955, exposure:2553000,gain:52, cameraid:1
12-30 09:27:06.766  2488  4568 I rruntimeservice: Explicit concurrent copying GC freed 2705(128KB) AllocSpace objects, 1(20KB) LOS objects, 92% free, 2126KB/26MB, paused 118us,15us total 9.385ms
12-30 09:27:06.769  2488  2732 E VSTDisplayManager: VST FPS:73
12-30 09:27:06.782  2123  5565 D ActivityManager: freezer override set to false
12-30 09:27:06.846  1482  4607 D TrackingAuxMultiCamera: frameid:75867, frameduration:16666458, delay:7758092, boottime:1292813241778, exposure:3809000, gain:58, cameraid:4
12-30 09:27:06.847  1482  4607 D TrackingAuxMultiCamera: frameid:75867, frameduration:16666458, delay:7946061, boottime:1292813241778, exposure:3809000, gain:58, cameraid:5
12-30 09:27:06.898  1482  1736 I HandTrackingModule: [hand] hand FPS:(0:0), ts: 1296906667364
12-30 09:27:06.900  1482  1746 I EyeStateMonitor: eyepose change to 0, pose timestamp: 1296908324665
12-30 09:27:06.900  1482  1746 E TrackingManagerService: eye isValid 0
12-30 09:27:06.900  2123  5155 E YvrRuntimeService: eyeStateEvent mIsEyeValid=false
12-30 09:27:06.901  3395  5793 I FOO     : onEyeStateEventChange 0
12-30 09:27:06.901  2488  4801 I rruntimeservice: Mount state changed to (0)
12-30 09:27:06.901  3395  3637 D VrGuardianService: onMotionChange: 102
12-30 09:27:06.921  3853 13061 I ScreencastSinkNative: [0]on video data received, size:53847
12-30 09:27:06.921  3853 13092 D BufferPoolAccessor2.0: bufferpool2 0xb400006fe162eec8 : 4(35389440 size) total buffers - 4(35389440 size) used buffers - 1/5 (recycle/alloc) - 4/3370 (fetch/transfer)
12-30 09:27:06.936  2488  2732 I CompositorMonitor: fps:72.0, prd:30.9 ms, cpu:1.5 ms, gpu:3.5 ms, early:72.0, stale:0.0, max_stale:0.0, sw_mode:0, drr:72.0, lat_mode:-1
12-30 09:27:06.937  1482  4607 D VSTCamera: frameid:90508, frameduration:13887448, delay:21711844, boottime:1292890390213, exposure:8333333, gain:405, cameraid:6
12-30 09:27:06.937  1482  4607 D VSTCamera: frameid:90508, frameduration:13887448, delay:21935541, boottime:1292890393443, exposure:8333333, gain:405, cameraid:7
12-30 09:27:07.004  3853  4013 I ScreencastSinkNative: [0]vid 1s, cap: 0.00[ 60 ] / max: 0, enc: 0.00[ 60 ] / max: 0, bitrate: 29.76M, send connect: 0.00[ 0 ] / max: 0, lost: 0, pkg: 0.00[ 0 ]/ max: 0, msg: 0.09[ 120 ]/ max: 1, dec: 10.03[ 60 ]/ max: 14, play: 1.39[ 60 ]/ max: 5, total: 0.00 / max: 0
12-30 09:27:07.008  3853  4015 I ScreencastSinkNative: [0]aud 1s, cap: 0.00[ 94 ] / max: 0, enc: 0.00[ 94 ] / max: 0, bitrate: 1.47M, send connect: 0.00[ 0 ] / max: 0, lost: 0, pkg: 0.00[ 0 ]/ max: 0, msg: 0.14[ 188 ]/ max: 2, dec: 0.00[ 0 ]/ max: 0, play: 84.90[ 94 ]/ max: 106, total: 0.00 / max: 0
12-30 09:27:07.052  1482  1747 I trackingservice: [Tobii_ETL]TobiiETLImpl.cpp:230 tobii_etl_process_frames() Successfully processed frame 113310
12-30 09:27:07.135  3725  3924 I YUnity  : BOX_LOG BoxScreen [DP] Update: FPS=55
12-30 09:27:07.324  2488  2732 I YCameraManager: rgb frame miss frame_stream:0, cur_frame:90536, last_frame:90534
12-30 09:27:07.360  4140  4289 D DeviceUtils: isVerityModeDisabled verityMode: enforcing, forceEnableWP: false
12-30 09:27:07.360  4140  4289 D PerformanceService: handleMessage - isLow: false, lowMemForLmk: false
12-30 09:27:07.360  4140  4289 D DeviceUtils: isVerityModeDisabled verityMode: enforcing, forceEnableWP: false
12-30 09:27:07.380  2488  2732 I YCameraManager: rgb frame miss frame_stream:0, cur_frame:90540, last_frame:90538
12-30 09:27:07.388  1482  1747 I trackingservice: [Tobii_ETL]TobiiETLImpl.cpp:230 tobii_etl_process_frames() Successfully processed frame 113340
12-30 09:27:07.411  2123  5155 D ActivityManager: freezer override set to true
12-30 09:27:07.439  3395  6190 I guardianservice: Explicit concurrent copying GC freed 2704(112KB) AllocSpace objects, 1(20KB) LOS objects, 91% free, 2184KB/26MB, paused 21us,15us total 5.702ms
12-30 09:27:07.449  2488  2732 I YCameraManager: rgb frame miss frame_stream:0, cur_frame:90545, last_frame:90543
12-30 09:27:07.456  2123  5155 D ActivityManager: freezer override set to false
12-30 09:27:07.547  2488  2732 I YCameraManager: rgb frame miss frame_stream:0, cur_frame:90552, last_frame:90550
12-30 09:27:07.559  3853 13064 I ScreencastSinkNative: [0]on audio data received, size:2048
12-30 09:27:07.638  3725  4635 I PerfStats.cpp: FPS=72.02/72, Prd=30.92ms, Early=72.02, Stale=0.00, Lat=-1, Fov=0, CPU/GPU=4/5, Free=8063MB, ATW=4.92ms, APP=4.07ms/3.62ms, GD=0.00, CPU%=0.54, GPU%=0.39
12-30 09:27:07.723  1482  1747 I trackingservice: [Tobii_ETL]TobiiETLImpl.cpp:230 tobii_etl_process_frames() Successfully processed frame 113370
12-30 09:27:07.783  2488  2732 E VSTDisplayManager: VST FPS:73
12-30 09:27:07.798  1482  4607 D ETMultiCamera: frameid:113377, frameduration:11164271, delay:2954333, boottime:1293770307412, exposure:1250000, gain:98, cameraid:8
12-30 09:27:07.798  1482  4607 D ETMultiCamera: frameid:113377, frameduration:11164271, delay:3119853, boottime:1293770315433, exposure:1250000, gain:98, cameraid:9
12-30 09:27:07.806  1482  4565 I VrlinkDataSource: timeSync.ts:1297823035039, offset:5468
12-30 09:27:07.869  4011  4197 D BoxService: D3: bleClientConnect: true, scan:N, filterType:, p2p: true, dp is streaming, hdmi is not streaming, boxBondMode: 0
12-30 09:27:07.869  4011  4197 D BleClient: heartBeat mBluetoothGatt: android.bluetooth.BluetoothGatt@2e71b3f
12-30 09:27:07.871  1162  1162 D vendor.qti.bluetooth@1.1-ibs_handler: SerialClockVote: vote for UART CLK ON
12-30 09:27:07.872  1162  1162 D vendor.qti.bluetooth@1.1-wake_lock: Acquire wakelock is acquired 
12-30 09:27:07.872  1162  1162 I vendor.qti.bluetooth@1.1-ibs_handler: DeviceWakeUp: Writing IBS_WAKE_IND
12-30 09:27:07.877  1162  2963 I vendor.qti.bluetooth@1.1-ibs_handler: ProcessIbsCmd: Received IBS_WAKE_ACK: 0xFC
12-30 09:27:07.877  1162  2963 I vendor.qti.bluetooth@1.1-ibs_handler: ProcessIbsCmd: Signal wack_cond_
12-30 09:27:07.877  1162  1162 D vendor.qti.bluetooth@1.1-ibs_handler: DeviceWakeUp: Unblocked from waiting for FC, pthread_cond_timedwait ret = 0
12-30 09:27:07.885  2123  2245 D PowerManagerService: acquireWakeLockInternal: lock=9254867, flags=0x1, tag="NetworkStats", ws=null, uid=1000, pid=2123
12-30 09:27:07.889  1162  2963 I vendor.qti.bluetooth@1.1-ibs_handler: ProcessIbsCmd: Received IBS_WAKE_IND: 0xFD
12-30 09:27:07.889  1162  2963 I vendor.qti.bluetooth@1.1-ibs_handler: ProcessIbsCmd: Writing IBS_WAKE_ACK
12-30 09:27:07.890  2123  2245 W BestClock: java.time.DateTimeException: Missing network time fix
12-30 09:27:07.892  2123  2245 W BestClock: java.time.DateTimeException: Missing network time fix
12-30 09:27:07.892  2123  2245 D PowerManagerService: releaseWakeLockInternal: lock=9254867 [NetworkStats], flags=0x0, mOwnerUid:1000, mOwnerPid:2123
12-30 09:27:07.898  1482  1736 I HandTrackingModule: [hand] hand FPS:(0:0), ts: 1297907315968
12-30 09:27:07.917  3725  3924 D YUnity  : LocalDataController Save
12-30 09:27:07.929  1162  2963 I vendor.qti.bluetooth@1.1-ibs_handler: ProcessIbsCmd: Received IBS_SLEEP_IND: 0xFE
12-30 09:27:07.948  1162  2963 I vendor.qti.bluetooth@1.1-ibs_handler: ProcessIbsCmd: Received IBS_WAKE_IND: 0xFD
12-30 09:27:07.948  1162  2963 I vendor.qti.bluetooth@1.1-ibs_handler: ProcessIbsCmd: Writing IBS_WAKE_ACK
12-30 09:27:07.948  2582  2965 I bt_stack: [INFO:gatt_main.cc(1726)] gatt_data_process op_code = 11, msg_len = 9, lcid = 4
12-30 09:27:07.949  2123  5565 D PowerManagerService: acquireWakeLockInternal: lock=21747029, flags=0x1, tag="com.yvr.boxmanager:partial_lock", ws=null, uid=1000, pid=4011
12-30 09:27:07.949  2488  2732 I CompositorMonitor: fps:72.0, prd:29.8 ms, cpu:1.4 ms, gpu:3.4 ms, early:72.0, stale:0.0, max_stale:0.0, sw_mode:0, drr:72.0, lat_mode:-1
12-30 09:27:07.949  4011  4041 D BleClient: onCharacteristicRead heartbeat 3190, 3190, bleServerConnected: true
12-30 09:27:07.952  4162  4396 D NetworkService: TotalRxSpeed : 3.10168MB/s  /  TotalTxSpeed : 47.7KB/s
12-30 09:27:07.952  4162  4396 D NetworkService: SystemRxSpeed : 3.10168MB/s  /  SystemTxSpeed : 47.7KB/s
12-30 09:27:07.960  2123  5565 D ActivityManager: freezer override set to true
12-30 09:27:07.988  1162  2963 I vendor.qti.bluetooth@1.1-ibs_handler: ProcessIbsCmd: Received IBS_SLEEP_IND: 0xFE
12-30 09:27:08.003  3853  4015 I ScreencastSinkNative: [0]aud 1s, cap: 0.00[ 93 ] / max: 0, enc: 0.00[ 93 ] / max: 0, bitrate: 1.45M, send connect: 0.00[ 0 ] / max: 0, lost: 0, pkg: 0.00[ 0 ]/ max: 0, msg: 0.10[ 186 ]/ max: 2, dec: 0.00[ 0 ]/ max: 0, play: 84.39[ 93 ]/ max: 105, total: 0.00 / max: 0
12-30 09:27:08.008  3853  4013 I ScreencastSinkNative: [0]vid 1s, cap: 0.00[ 60 ] / max: 0, enc: 0.00[ 60 ] / max: 0, bitrate: 29.47M, send connect: 0.00[ 0 ] / max: 0, lost: 0, pkg: 0.00[ 0 ]/ max: 0, msg: 0.12[ 120 ]/ max: 2, dec: 10.13[ 60 ]/ max: 17, play: 1.26[ 60 ]/ max: 5, total: 0.00 / max: 0
12-30 09:27:08.053  2123  5565 D ActivityManager: freezer override set to false
12-30 09:27:08.057  1482  1747 I trackingservice: [Tobii_ETL]TobiiETLImpl.cpp:230 tobii_etl_process_frames() Successfully processed frame 113400
12-30 09:27:08.137  3725  3924 I YUnity  : BOX_LOG BoxScreen [DP] Update: FPS=50
12-30 09:27:08.392  1482  1747 I trackingservice: [Tobii_ETL]TobiiETLImpl.cpp:230 tobii_etl_process_frames() Successfully processed frame 113430
12-30 09:27:08.512  2123  5155 D ActivityManager: freezer override set to true
12-30 09:27:08.537  2123  2206 D ActivityManager: Skipping freeze for process 2934 com.android.permissioncontroller curAdj = 905(override)
12-30 09:27:08.537  3395  5793 I guardianservice: Explicit concurrent copying GC freed 2694(112KB) AllocSpace objects, 1(20KB) LOS objects, 91% free, 2184KB/26MB, paused 20us,13us total 5.917ms
12-30 09:27:08.553  2123  5155 D ActivityManager: freezer override set to false
12-30 09:27:08.606  3853 13061 I ScreencastSinkNative: [0]on video data received, size:53258
12-30 09:27:08.631  1482  4607 D VSTCamera: frameid:90629, frameduration:13887448, delay:16140750, boottime:1294589413963, exposure:3000000, gain:1528, cameraid:6
12-30 09:27:08.631  1482  4607 D VSTCamera: frameid:90629, frameduration:13887448, delay:16373927, boottime:1294589417192, exposure:3000000, gain:1528, cameraid:7
12-30 09:27:08.631  3853 13064 I ScreencastSinkNative: [0]on audio data received, size:2048
12-30 09:27:08.643  4761 13157 I adbd    : cancelling pending write# 0
12-30 09:27:08.643  4761 13157 I adbd    : cancelling pending write# 1
12-30 09:27:08.643  4761  4761 I adbd    : UsbFfs: offline
12-30 09:27:08.644  4761  4761 I adbd    : authentication not required
12-30 09:27:08.653  3725  4635 I PerfStats.cpp: FPS=72.02/72, Prd=29.75ms, Early=72.02, Stale=0.00, Lat=-1, Fov=0, CPU/GPU=4/5, Free=8063MB, ATW=4.82ms, APP=3.68ms/2.34ms, GD=0.00, CPU%=0.54, GPU%=0.39
12-30 09:27:08.726  1482  1747 I trackingservice: [Tobii_ETL]TobiiETLImpl.cpp:230 tobii_etl_process_frames() Successfully processed frame 113460
12-30 09:27:08.778  1482  4607 D TrackingCamera: frameid:75988, qdelay:6511414, frameduration:16666458, boottime:1294746551059, exposure:3238000,gain:52, cameraid:2
12-30 09:27:08.778  1482  4607 D TrackingCamera: frameid:75988, qdelay:6716206, frameduration:16666458, boottime:1294746551059, exposure:3238000,gain:52, cameraid:1
12-30 09:27:08.778  1482  4607 D TrackingCamera: frameid:75988, qdelay:6892091, frameduration:16666458, boottime:1294746551059, exposure:3238000,gain:52, cameraid:3
12-30 09:27:08.779  1482  4607 D TrackingCamera: frameid:75988, qdelay:7097352, frameduration:16666458, boottime:1294746551059, exposure:3238000,gain:52, cameraid:0
12-30 09:27:08.796  2488  2732 E VSTDisplayManager: VST FPS:73
12-30 09:27:08.798  2123  5155 D ActivityManager: freezer override set to true
12-30 09:27:08.836  2488  4568 I rruntimeservice: Explicit concurrent copying GC freed 2705(112KB) AllocSpace objects, 1(20KB) LOS objects, 92% free, 2126KB/26MB, paused 22us,13us total 8.527ms
12-30 09:27:08.850  2123  5155 D ActivityManager: freezer override set to false
12-30 09:27:08.862  1482  4607 D TrackingAuxMultiCamera: frameid:75988, frameduration:16666458, delay:7341466, boottime:1294829882882, exposure:4103000, gain:117, cameraid:5
12-30 09:27:08.863  1482  4607 D TrackingAuxMultiCamera: frameid:75988, frameduration:16666458, delay:7516518, boottime:1294829882882, exposure:4103000, gain:117, cameraid:4
12-30 09:27:08.877  1162  2967 I vendor.qti.bluetooth@1.1-ibs_handler: DeviceSleep: TX Awake, Sending SLEEP_IND
12-30 09:27:08.877  1162  2967 D vendor.qti.bluetooth@1.1-ibs_handler: SerialClockVote: vote for UART CLK OFF
12-30 09:27:08.916  1482  1736 I HandTrackingModule: [hand] hand FPS:(0:0), ts: 1298923649968
12-30 09:27:08.930  1482  4607 D TOFCamera3Device: frameid:37994, frameduration:33332917, delay:25182115, boottime:1294879780254, exposure:1130000, gain:0, cameraid:10
12-30 09:27:08.963  2488  2732 I CompositorMonitor: fps:72.0, prd:28.6 ms, cpu:1.3 ms, gpu:3.4 ms, early:72.0, stale:0.0, max_stale:0.0, sw_mode:0, drr:72.0, lat_mode:-1
12-30 09:27:08.996  2741  2741 I wpa_supplicant: P2P-DEVICE-LOST p2p_dev_addr=bc:17:b8:d6:74:15
12-30 09:27:09.001  4011  4011 I WifiDirect: on peers available, device:000183 06:7e:35:4d:1e:fc
12-30 09:27:09.002  3853  4015 I ScreencastSinkNative: [0]aud 1s, cap: 0.00[ 94 ] / max: 0, enc: 0.00[ 94 ] / max: 0, bitrate: 1.47M, send connect: 0.00[ 0 ] / max: 0, lost: 0, pkg: 0.00[ 0 ]/ max: 0, msg: 0.08[ 188 ]/ max: 3, dec: 0.00[ 0 ]/ max: 0, play: 84.19[ 94 ]/ max: 106, total: 0.00 / max: 0
12-30 09:27:09.002  3853  4013 I ScreencastSinkNative: [0]vid 1s, cap: 0.00[ 60 ] / max: 0, enc: 0.00[ 60 ] / max: 0, bitrate: 29.79M, send connect: 0.00[ 0 ] / max: 0, lost: 0, pkg: 0.00[ 0 ]/ max: 0, msg: 0.17[ 120 ]/ max: 2, dec: 9.93[ 60 ]/ max: 15, play: 1.55[ 60 ]/ max: 4, total: 0.00 / max: 0
12-30 09:27:09.027  1162  2869 D vendor.qti.bluetooth@1.1-wake_lock: Release wakelock is released 
12-30 09:27:09.063  1482  1747 I trackingservice: [Tobii_ETL]TobiiETLImpl.cpp:230 tobii_etl_process_frames() Successfully processed frame 113490
12-30 09:27:09.070  1482  2078 I ThermalManager: [npu:51.2][skin:53.8][camera:50.6][gpu:51.2][ddr:52.1][soc:54.5][cpu:107.6%][pss:1920976KB rss: 857088KB][fan1:36:5576][fan2:39:6012]
12-30 09:27:09.149  1482  4607 D ETMultiCamera: frameid:113498, frameduration:11164271, delay:3765530, boottime:1295120592204, exposure:1850000, gain:98, cameraid:9
12-30 09:27:09.150  1482  4607 D ETMultiCamera: frameid:113498, frameduration:11164271, delay:4087353, boottime:1295120584183, exposure:1850000, gain:98, cameraid:8
12-30 09:27:09.152  3725  3924 I YUnity  : BOX_LOG BoxScreen [DP] Update: FPS=56
12-30 09:27:09.237  1482  1744 I DataSetModule: mcu log: [log_level:1 msg:HOST Tsync:1 CtrlIMUen:0 HmdIMUen:0 OTA left:0 right:0]
12-30 09:27:09.237  1482  1744 I DataSetModule: mcu log: [log_level:1 msg:RF Chan: 4 22 48 2 74 74 0 0 0 0]
12-30 09:27:09.237  1482  1744 I DataSetModule: mcu log: [log_level:1 msg:RX right pkt:1685 rssi: -63, -44, -50, -50, -50]
12-30 09:27:09.310  2488  2732 D TimeWarp: DoubleFrame[90622] : 2
12-30 09:27:09.372  2123  2245 D PowerManagerService: acquireWakeLockInternal: lock=9254867, flags=0x1, tag="NetworkStats", ws=null, uid=1000, pid=2123
12-30 09:27:09.373  2123  2245 W BestClock: java.time.DateTimeException: Missing network time fix
12-30 09:27:09.375  2123  2245 W BestClock: java.time.DateTimeException: Missing network time fix
12-30 09:27:09.375  2123  2245 D PowerManagerService: releaseWakeLockInternal: lock=9254867 [NetworkStats], flags=0x0, mOwnerUid:1000, mOwnerPid:2123
12-30 09:27:09.397  1482  1747 I trackingservice: [Tobii_ETL]TobiiETLImpl.cpp:230 tobii_etl_process_frames() Successfully processed frame 113520
12-30 09:27:09.405  1482  1743 I DataMonitor: (cam_dl):[dur: avg:16.57, min:16.66, max:16.67)] [lat: avg:6.85, min:5.86, max:9.22], miss(0) total:180
12-30 09:27:09.405  1482  1743 I DataMonitor: (cam_ul):[dur: avg:16.57, min:16.66, max:16.67)] [lat: avg:6.76, min:5.77, max:9.58], miss(0) total:180
12-30 09:27:09.405  1482  1743 I DataMonitor: (cam_ur):[dur: avg:16.57, min:16.66, max:16.67)] [lat: avg:6.64, min:5.77, max:8.61], miss(0) total:180
12-30 09:27:09.405  1482  1743 I DataMonitor: (cam_dr):[dur: avg:16.57, min:16.66, max:16.67)] [lat: avg:6.86, min:5.86, max:8.80], miss(0) total:180
12-30 09:27:09.405  1482  1743 I DataMonitor: (cam_auxl):[dur: avg:16.57, min:16.66, max:16.67)] [lat: avg:7.48, min:6.04, max:8.86], miss(0) total:180
12-30 09:27:09.405  1482  1743 I DataMonitor: (cam_auxr):[dur: avg:16.57, min:16.66, max:16.67)] [lat: avg:7.46, min:5.95, max:8.97], miss(0) total:180
12-30 09:27:09.405  1482  1743 I DataMonitor: (cam_lvst):[dur: avg:13.88, min:13.89, max:18.69)] [lat: avg:11.26, min:10.99, max:12.36], miss(0) total:215
12-30 09:27:09.405  1482  1743 I DataMonitor: (cam_rvst):[dur: avg:13.88, min:13.89, max:18.69)] [lat: avg:11.31, min:11.00, max:12.15], miss(0) total:215
12-30 09:27:09.405  1482  1743 I DataMonitor: (cam_let):[dur: avg:11.12, min:11.14, max:11.16)] [lat: avg:3.24, min:2.74, max:5.34], miss(0) total:268
12-30 09:27:09.405  1482  1743 I DataMonitor: (cam_ret):[dur: avg:11.12, min:11.14, max:11.16)] [lat: avg:3.31, min:2.75, max:5.44], miss(0) total:268
12-30 09:27:09.405  1482  1743 I DataMonitor: (cam_tof):[dur: avg:32.96, min:33.33, max:33.33)] [lat: avg:25.29, min:24.14, max:27.27], miss(0) total:90
12-30 09:27:09.405  1482  1743 I DataMonitor: (imu_hmd):[dur: avg:0.98, min:0.98, max:0.98)] [lat: avg:0.59, min:0.35, max:1.04], miss(0) total:3072
12-30 09:27:09.405  1482  1743 I DataMonitor: (slam):[lat: avg:4.70, min:3.91, max:5.29], [ql: 0 0.000000] total:3072
12-30 09:27:09.405  1482  1743 I DataMonitor: (eye_pose):[lat: avg:6.38, min:3.86, max:16.00], [ql: 268 1.000000] total:268
12-30 09:27:09.611  2123  2708 D ActivityManager: freezer override set to true
12-30 09:27:09.639  3395  3440 I guardianservice: Explicit concurrent copying GC freed 2694(112KB) AllocSpace objects, 1(20KB) LOS objects, 91% free, 2184KB/26MB, paused 27us,12us total 7.228ms
12-30 09:27:09.655  2123  2708 D ActivityManager: freezer override set to false
12-30 09:27:09.666  3725  4635 I PerfStats.cpp: FPS=72.02/72, Prd=28.55ms, Early=72.02, Stale=0.00, Lat=-1, Fov=0, CPU/GPU=4/5, Free=8062MB, ATW=4.70ms, APP=3.74ms/2.11ms, GD=0.00, CPU%=0.56, GPU%=0.31
12-30 09:27:09.710  3853 13064 I ScreencastSinkNative: [0]on audio data received, size:2048
12-30 09:27:09.732  1482  1747 I trackingservice: [Tobii_ETL]TobiiETLImpl.cpp:230 tobii_etl_process_frames() Successfully processed frame 113550
12-30 09:27:09.806  1482  4565 I VrlinkDataSource: timeSync.ts:1299823221392, offset:5417
12-30 09:27:09.810  2488  2732 E VSTDisplayManager: VST FPS:73
12-30 09:27:09.893  2488  2732 I VstCameraDeviceImpl: calculatePhase, fn:90720 (95 : 95), delay:9895629
12-30 09:27:09.907  2488  2732 I VstCameraDeviceImpl: calculatePhase, fn:90720 (95 : 100), delay:23751775
12-30 09:27:09.921  2488  2732 I YCameraManager: rgb frame miss frame_stream:0, cur_frame:90722, last_frame:90720
12-30 09:27:09.931  1482  1736 I HandTrackingModule: [hand] hand FPS:(0:0), ts: 1299940304551
12-30 09:27:09.956  4162  4396 D NetworkService: TotalRxSpeed : 4.3100MB/s  /  TotalTxSpeed : 48.3KB/s
12-30 09:27:09.956  4162  4396 D NetworkService: SystemRxSpeed : 4.3100MB/s  /  SystemTxSpeed : 48.3KB/s
12-30 09:27:09.976  2488  2732 I CompositorMonitor: fps:71.0, prd:28.4 ms, cpu:1.3 ms, gpu:3.3 ms, early:70.1, stale:1.0, max_stale:1.0, sw_mode:0, drr:72.0, lat_mode:-1
12-30 09:27:10.003  3853  4013 I ScreencastSinkNative: [0]vid 1s, cap: 0.00[ 59 ] / max: 0, enc: 0.00[ 59 ] / max: 0, bitrate: 30.87M, send connect: 0.00[ 0 ] / max: 0, lost: 0, pkg: 0.00[ 0 ]/ max: 0, msg: 0.12[ 119 ]/ max: 1, dec: 9.68[ 60 ]/ max: 13, play: 1.31[ 60 ]/ max: 4, total: 0.00 / max: 0
12-30 09:27:10.004  2488  2732 I YCameraManager: rgb frame miss frame_stream:0, cur_frame:90728, last_frame:90726
12-30 09:27:10.009  3853  4015 I ScreencastSinkNative: [0]aud 1s, cap: 0.00[ 93 ] / max: 0, enc: 0.00[ 93 ] / max: 0, bitrate: 1.45M, send connect: 0.00[ 0 ] / max: 0, lost: 0, pkg: 0.00[ 0 ]/ max: 0, msg: 0.09[ 187 ]/ max: 1, dec: 0.00[ 0 ]/ max: 0, play: 84.98[ 94 ]/ max: 107, total: 0.00 / max: 0
12-30 09:27:10.067  1482  1747 I trackingservice: [Tobii_ETL]TobiiETLImpl.cpp:230 tobii_etl_process_frames() Successfully processed frame 113580
12-30 09:27:10.129  2488  2732 I YCameraManager: rgb frame miss frame_stream:0, cur_frame:90737, last_frame:90735
12-30 09:27:10.166  3725  3924 I YUnity  : BOX_LOG BoxScreen [DP] Update: FPS=50
12-30 09:27:10.285  3853 13061 I ScreencastSinkNative: [0]on video data received, size:147273
12-30 09:27:10.316  1482  4607 D VSTCamera: frameid:90750, frameduration:13887448, delay:21638301, boottime:1296269263963, exposure:8333333, gain:602, cameraid:6
12-30 09:27:10.317  1482  4607 D VSTCamera: frameid:90750, frameduration:13887448, delay:22490748, boottime:1296269267193, exposure:8333333, gain:602, cameraid:7
12-30 09:27:10.402  1482  1747 I trackingservice: [Tobii_ETL]TobiiETLImpl.cpp:230 tobii_etl_process_frames() Successfully processed frame 113610
12-30 09:27:10.500  1482  4607 D ETMultiCamera: frameid:113619, frameduration:11164271, delay:4152821, boottime:1296470868975, exposure:2450000, gain:98, cameraid:9
12-30 09:27:10.500  1482  4607 D ETMultiCamera: frameid:113619, frameduration:11164271, delay:4307092, boottime:1296470860954, exposure:2450000, gain:98, cameraid:8
12-30 09:27:10.612  2123  2206 D ActivityManager: freezing 4433 com.android.providers.calendar
12-30 09:27:10.666  3725  4635 I PerfStats.cpp: FPS=71.04/72, Prd=28.40ms, Early=70.05, Stale=0.99, Lat=-1, Fov=0, CPU/GPU=4/5, Free=8062MB, ATW=4.61ms, APP=3.89ms/1.34ms, GD=0.00, CPU%=0.56, GPU%=0.31
12-30 09:27:10.676  2488  2732 D TimeWarp: warp count[92000] update vsync[93950]
12-30 09:27:10.696  1161  2467 D dtsaudio: eagle pipeline proc call 23500 (size =960, inCh=3, outCh=3, android fmt in=5, out=5) ret 0 
12-30 09:27:10.706  2123  2708 D ActivityManager: freezer override set to true
12-30 09:27:10.707  2123  2708 D ActivityManager: sync unfroze 4433 com.android.providers.calendar for 19
12-30 09:27:10.735  3395  4534 I guardianservice: Explicit concurrent copying GC freed 2694(112KB) AllocSpace objects, 1(20KB) LOS objects, 91% free, 2184KB/26MB, paused 28us,13us total 8.210ms
12-30 09:27:10.737  1482  1747 I trackingservice: [Tobii_ETL]TobiiETLImpl.cpp:230 tobii_etl_process_frames() Successfully processed frame 113640
12-30 09:27:10.750  2123  2708 D ActivityManager: freezer override set to false
12-30 09:27:10.793  3853 13064 I ScreencastSinkNative: [0]on audio data received, size:2048
12-30 09:27:10.795  1482  4607 D TrackingCamera: frameid:76109, qdelay:6495528, frameduration:16666458, boottime:1296763193663, exposure:3238000,gain:52, cameraid:2
12-30 09:27:10.795  1482  4607 D TrackingCamera: frameid:76109, qdelay:6733080, frameduration:16666458, boottime:1296763193611, exposure:3238000,gain:52, cameraid:0
12-30 09:27:10.795  1482  4607 D TrackingCamera: frameid:76109, qdelay:6905685, frameduration:16666458, boottime:1296763193663, exposure:3238000,gain:52, cameraid:1
12-30 09:27:10.795  1482  4607 D TrackingCamera: frameid:76109, qdelay:7052039, frameduration:16666458, boottime:1296763193663, exposure:3238000,gain:52, cameraid:3
12-30 09:27:10.823  2488  2732 E VSTDisplayManager: VST FPS:73
12-30 09:27:10.848  2123  2245 D PowerManagerService: acquireWakeLockInternal: lock=9254867, flags=0x1, tag="NetworkStats", ws=null, uid=1000, pid=2123
12-30 09:27:10.849  2123  2245 W BestClock: java.time.DateTimeException: Missing network time fix
12-30 09:27:10.850  2123  2245 W BestClock: java.time.DateTimeException: Missing network time fix
12-30 09:27:10.851  2123  2245 D PowerManagerService: releaseWakeLockInternal: lock=9254867 [NetworkStats], flags=0x0, mOwnerUid:1000, mOwnerPid:2123
12-30 09:27:10.863  2123  5155 D ActivityManager: freezer override set to true
12-30 09:27:10.879  1482  4607 D TrackingAuxMultiCamera: frameid:76109, frameduration:16666459, delay:7372267, boottime:1296846526976, exposure:3900000, gain:110, cameraid:5
12-30 09:27:10.879  1482  4607 D TrackingAuxMultiCamera: frameid:76109, frameduration:16666511, delay:7506903, boottime:1296846527028, exposure:3900000, gain:110, cameraid:4
12-30 09:27:10.901  2488 12729 I rruntimeservice: Explicit concurrent copying GC freed 2705(128KB) AllocSpace objects, 1(20KB) LOS objects, 92% free, 2126KB/26MB, paused 23us,15us total 8.092ms
12-30 09:27:10.915  2123  5155 D ActivityManager: freezer override set to false
12-30 09:27:10.953  1482  1736 I HandTrackingModule: [hand] hand FPS:(0:0), ts: 1300956959030
12-30 09:27:10.990  2488  2732 I CompositorMonitor: fps:72.0, prd:27.6 ms, cpu:1.3 ms, gpu:3.3 ms, early:72.0, stale:0.0, max_stale:0.0, sw_mode:0, drr:72.0, lat_mode:-1
12-30 09:27:11.001  3853  4015 I ScreencastSinkNative: [0]aud 1s, cap: 0.00[ 95 ] / max: 0, enc: 0.00[ 95 ] / max: 0, bitrate: 1.48M, send connect: 0.00[ 0 ] / max: 0, lost: 0, pkg: 0.00[ 0 ]/ max: 0, msg: 0.11[ 189 ]/ max: 2, dec: 0.00[ 0 ]/ max: 0, play: 84.96[ 94 ]/ max: 106, total: 0.00 / max: 0
12-30 09:27:11.004  3853  4013 I ScreencastSinkNative: [0]vid 1s, cap: 0.00[ 60 ] / max: 0, enc: 0.00[ 60 ] / max: 0, bitrate: 30.77M, send connect: 0.00[ 0 ] / max: 0, lost: 0, pkg: 0.00[ 0 ]/ max: 0, msg: 0.10[ 120 ]/ max: 1, dec: 9.72[ 60 ]/ max: 14, play: 1.13[ 60 ]/ max: 3, total: 0.00 / max: 0
12-30 09:27:11.071  1482  1747 I trackingservice: [Tobii_ETL]TobiiETLImpl.cpp:230 tobii_etl_process_frames() Successfully processed frame 113670
12-30 09:27:11.166  3725  3924 I YUnity  : BOX_LOG BoxScreen [DP] Update: FPS=55
12-30 09:27:11.377  1232 13094 I QC2Comp : [hevcD_38] Stats: Pending(1) i/p-done(1) Works: Q: 3636/Done 3636|Work-Rate: Q(60.0/s Avg=60.1/s) Done(59.799/s Avg=60.075/s)| Stream: 63.86fps 33.6Mbps
12-30 09:27:11.377  1232 13094 I QC2Comp : [hevcD_38] Mem-usage:  [In-1D: 4 bufs 33.750 MB] [1D-55: 28 bufs 0.438 MB] [2D-56: 29 bufs 348.227 MB] | Total: 382.414 MB
12-30 09:27:11.406  1482  1747 I trackingservice: [Tobii_ETL]TobiiETLImpl.cpp:230 tobii_etl_process_frames() Successfully processed frame 113700
12-30 09:27:11.559 11585 11585 I sd 0    : 0:0:0: [sda] Synchronizing SCSI cache
12-30 09:27:11.679  3725  4635 I PerfStats.cpp: FPS=72.03/72, Prd=27.59ms, Early=72.03, Stale=0.00, Lat=-1, Fov=0, CPU/GPU=4/5, Free=8060MB, ATW=4.65ms, APP=3.88ms/1.09ms, GD=0.00, CPU%=0.52, GPU%=0.30
12-30 09:27:11.742  1482  1747 I trackingservice: [Tobii_ETL]TobiiETLImpl.cpp:230 tobii_etl_process_frames() Successfully processed frame 113730
12-30 09:27:11.803  2123  2314 D ActivityManager: freezer override set to true
12-30 09:27:11.806  1482  4565 I VrlinkDataSource: timeSync.ts:1301823473475, offset:20468
12-30 09:27:11.828  3395  6190 I guardianservice: Explicit concurrent copying GC freed 2694(112KB) AllocSpace objects, 1(20KB) LOS objects, 91% free, 2184KB/26MB, paused 20us,13us total 5.358ms
12-30 09:27:11.837  2488  2732 E VSTDisplayManager: VST FPS:73
12-30 09:27:11.845  2123  2314 D ActivityManager: freezer override set to false
12-30 09:27:11.851  1482  4607 D ETMultiCamera: frameid:113740, frameduration:11164271, delay:4713966, boottime:1297821187725, exposure:3000000, gain:98, cameraid:8
12-30 09:27:11.851  1482  4607 D ETMultiCamera: frameid:113740, frameduration:11164270, delay:4839175, boottime:1297821195745, exposure:3000000, gain:98, cameraid:9
12-30 09:27:11.869  3853 13064 I ScreencastSinkNative: [0]on audio data received, size:2048
12-30 09:27:11.958  4162  4396 D NetworkService: TotalRxSpeed : 4.881MB/s  /  TotalTxSpeed : 47.6KB/s
12-30 09:27:11.958  4162  4396 D NetworkService: SystemRxSpeed : 4.881MB/s  /  SystemTxSpeed : 47.6KB/s
12-30 09:27:11.964  1482  1736 I HandTrackingModule: [hand] hand FPS:(0:0), ts: 1301973613562
12-30 09:27:11.970  3853 13061 I ScreencastSinkNative: [0]on video data received, size:45241
12-30 09:27:12.003  2488  2732 I CompositorMonitor: fps:72.0, prd:27.5 ms, cpu:1.3 ms, gpu:3.3 ms, early:72.0, stale:0.0, max_stale:0.0, sw_mode:0, drr:72.0, lat_mode:-1
12-30 09:27:12.005  1482  4607 D VSTCamera: frameid:90871, frameduration:13887396, delay:21421061, boottime:1297958169380, exposure:8333333, gain:621, cameraid:6
12-30 09:27:12.005  1482  4607 D VSTCamera: frameid:90871, frameduration:13887448, delay:21557103, boottime:1297958172609, exposure:8333333, gain:621, cameraid:7
12-30 09:27:12.007  3853  4015 I ScreencastSinkNative: [0]aud 1s, cap: 0.00[ 94 ] / max: 0, enc: 0.00[ 94 ] / max: 0, bitrate: 1.47M, send connect: 0.00[ 0 ] / max: 0, lost: 0, pkg: 0.00[ 0 ]/ max: 0, msg: 0.09[ 187 ]/ max: 2, dec: 0.00[ 0 ]/ max: 0, play: 85.76[ 93 ]/ max: 106, total: 0.00 / max: 0
12-30 09:27:12.010  3853  4013 I ScreencastSinkNative: [0]vid 1s, cap: 0.00[ 61 ] / max: 0, enc: 0.00[ 61 ] / max: 0, bitrate: 30.79M, send connect: 0.00[ 0 ] / max: 0, lost: 0, pkg: 0.00[ 0 ]/ max: 0, msg: 0.12[ 121 ]/ max: 1, dec: 9.68[ 60 ]/ max: 15, play: 1.15[ 60 ]/ max: 4, total: 0.00 / max: 0
12-30 09:27:12.055  3853 13092 D BufferPoolAccessor2.0: bufferpool2 0xb400006fe162eec8 : 4(35389440 size) total buffers - 4(35389440 size) used buffers - 1/5 (recycle/alloc) - 4/3678 (fetch/transfer)
12-30 09:27:12.077  1482  1747 I trackingservice: [Tobii_ETL]TobiiETLImpl.cpp:230 tobii_etl_process_frames() Successfully processed frame 113760
12-30 09:27:12.099  2123  2314 D ActivityManager: freezer override set to true
12-30 09:27:12.193   209   209 I (virq   : irq_count)- GICv3:IPI(1):20990628 GICv3:arch_timer(11):11785505 GICv3:IPI(2):8160904 GICv3:IPI(6):7445987 GICv3:spi_geni(57):1182408 GICv3:ipcc_0(35):643867 GICv3:hfi(305):483166 GICv3:csid1(339):479712 GICv3:csid0(337):452260 ipcc:glink-native-cdsp(487):374878
12-30 09:27:12.193   209   209 I (cpu    : irq_count)- 0:8950340 1:7145684 2:14024756 3:10761391 4:7312728 5:7368999
12-30 09:27:12.193   209   209 I (ipi    : irq_count)- 0:20990629 1:8160904 2:0 3:0 4:0 5:7445987 6:0
12-30 09:27:12.178  3725  3924 I YUnity  : BOX_LOG BoxScreen [DP] Update: FPS=57
12-30 09:27:12.195  2123  2314 D ActivityManager: freezer override set to false
12-30 09:27:12.315  1251  1885 W AudioFlinger: track(80) underrun, track state ACTIVE  framesReady(320) < framesDesired(962)
12-30 09:27:12.320  2123  2245 D PowerManagerService: acquireWakeLockInternal: lock=9254867, flags=0x1, tag="NetworkStats", ws=null, uid=1000, pid=2123
12-30 09:27:12.321  2123  2245 W BestClock: java.time.DateTimeException: Missing network time fix
12-30 09:27:12.322  2123  2245 W BestClock: java.time.DateTimeException: Missing network time fix
12-30 09:27:12.322  2123  2245 D PowerManagerService: releaseWakeLockInternal: lock=9254867 [NetworkStats], flags=0x0, mOwnerUid:1000, mOwnerPid:2123
12-30 09:27:12.385  4140  4289 D DeviceUtils: isVerityModeDisabled verityMode: enforcing, forceEnableWP: false
12-30 09:27:12.386  4140  4289 D PerformanceService: handleMessage - isLow: false, lowMemForLmk: false
12-30 09:27:12.386  4140  4289 D DeviceUtils: isVerityModeDisabled verityMode: enforcing, forceEnableWP: false
12-30 09:27:12.405  1482  1743 I DataMonitor: (cam_dl):[dur: avg:16.57, min:16.67, max:16.67)] [lat: avg:6.88, min:6.48, max:8.07], miss(0) total:180
12-30 09:27:12.406  1482  1743 I DataMonitor: (cam_ul):[dur: avg:16.57, min:16.67, max:16.67)] [lat: avg:6.79, min:6.46, max:7.77], miss(0) total:180
12-30 09:27:12.406  1482  1743 I DataMonitor: (cam_ur):[dur: avg:16.57, min:16.67, max:16.67)] [lat: avg:6.65, min:6.46, max:8.36], miss(0) total:180
12-30 09:27:12.406  1482  1743 I DataMonitor: (cam_dr):[dur: avg:16.57, min:16.67, max:16.67)] [lat: avg:6.87, min:6.48, max:8.81], miss(0) total:180
12-30 09:27:12.406  1482  1743 I DataMonitor: (cam_auxl):[dur: avg:16.57, min:16.66, max:16.67)] [lat: avg:7.74, min:7.19, max:10.19], miss(0) total:180
12-30 09:27:12.406  1482  1743 I DataMonitor: (cam_auxr):[dur: avg:16.57, min:16.66, max:16.67)] [lat: avg:7.74, min:7.17, max:10.75], miss(0) total:180
12-30 09:27:12.406  1482  1743 I DataMonitor: (cam_lvst):[dur: avg:13.88, min:13.89, max:18.69)] [lat: avg:11.23, min:11.00, max:13.02], miss(0) total:215
12-30 09:27:12.406  1482  1743 I DataMonitor: (cam_rvst):[dur: avg:13.88, min:13.89, max:18.69)] [lat: avg:11.30, min:11.03, max:12.92], miss(0) total:215
12-30 09:27:12.406  1482  1743 I DataMonitor: (cam_let):[dur: avg:11.12, min:11.14, max:11.16)] [lat: avg:4.47, min:3.67, max:6.26], miss(0) total:269
12-30 09:27:12.406  1482  1743 I DataMonitor: (cam_ret):[dur: avg:11.12, min:11.14, max:11.16)] [lat: avg:4.55, min:3.71, max:6.35], miss(0) total:269
12-30 09:27:12.406  1482  1743 I DataMonitor: (cam_tof):[dur: avg:32.96, min:33.33, max:33.33)] [lat: avg:25.26, min:24.62, max:26.63], miss(0) total:90
12-30 09:27:12.406  1482  1743 I DataMonitor: (imu_hmd):[dur: avg:0.98, min:0.98, max:0.98)] [lat: avg:0.59, min:0.35, max:1.26], miss(0) total:3073
12-30 09:27:12.406  1482  1743 I DataMonitor: (slam):[lat: avg:4.70, min:3.91, max:5.29], [ql: 0 0.000000] total:3072
12-30 09:27:12.406  1482  1743 I DataMonitor: (eye_pose):[lat: avg:7.52, min:5.53, max:17.52], [ql: 269 1.000000] total:269
12-30 09:27:12.411  1482  1747 I trackingservice: [Tobii_ETL]TobiiETLImpl.cpp:230 tobii_etl_process_frames() Successfully processed frame 113790
12-30 09:27:12.414  1251  1885 W AudioFlinger: track(80) underrun, track state ACTIVE  framesReady(640) < framesDesired(962)
12-30 09:27:12.433  1251  1885 W AudioFlinger: track(80) underrun, track state ACTIVE  framesReady(0) < framesDesired(962)
12-30 09:27:12.493  3725  4586 I yvr.spatialhome: EglImage dataspace changed, need recreate
12-30 09:27:12.545  2488  2732 I YCameraManager: rgb frame miss frame_stream:0, cur_frame:90910, last_frame:90908
12-30 09:27:12.693  3725  4635 I PerfStats.cpp: FPS=72.02/72, Prd=27.51ms, Early=72.02, Stale=0.00, Lat=-1, Fov=0, CPU/GPU=4/5, Free=8060MB, ATW=4.65ms, APP=3.89ms/1.12ms, GD=0.00, CPU%=0.52, GPU%=0.30
12-30 09:27:12.747  1482  1747 I trackingservice: [Tobii_ETL]TobiiETLImpl.cpp:230 tobii_etl_process_frames() Successfully processed frame 113820
12-30 09:27:12.811  1482  4607 D TrackingCamera: frameid:76230, qdelay:6486569, frameduration:16666458, boottime:1298779836267, exposure:3238000,gain:52, cameraid:2
12-30 09:27:12.811  1482  4607 D TrackingCamera: frameid:76230, qdelay:6691413, frameduration:16666458, boottime:1298779836267, exposure:3238000,gain:52, cameraid:1
12-30 09:27:12.812  1482  4607 D TrackingCamera: frameid:76230, qdelay:6830996, frameduration:16666458, boottime:1298779836267, exposure:3238000,gain:52, cameraid:3
12-30 09:27:12.812  1482  4607 D TrackingCamera: frameid:76230, qdelay:7032403, frameduration:16666458, boottime:1298779836267, exposure:3238000,gain:52, cameraid:0
12-30 09:27:12.850  2488  2732 E VSTDisplayManager: VST FPS:73
12-30 09:27:12.895  1482  4607 D TrackingAuxMultiCamera: frameid:76230, frameduration:16666458, delay:7251017, boottime:1298863169580, exposure:3900000, gain:110, cameraid:4
12-30 09:27:12.896  1482  4607 D TrackingAuxMultiCamera: frameid:76230, frameduration:16666406, delay:7512006, boottime:1298863169580, exposure:3900000, gain:110, cameraid:5
12-30 09:27:12.902  2123  5155 D ActivityManager: freezer override set to true
12-30 09:27:12.933  3395 12481 I guardianservice: Explicit concurrent copying GC freed 2694(112KB) AllocSpace objects, 1(20KB) LOS objects, 91% free, 2184KB/26MB, paused 28us,13us total 10.488ms
12-30 09:27:12.940  3853 13064 I ScreencastSinkNative: [0]on audio data received, size:2048
12-30 09:27:12.963  1482  4607 D TOFCamera3Device: frameid:38115, frameduration:33332917, delay:24942114, boottime:1298913065462, exposure:1130000, gain:0, cameraid:10
12-30 09:27:12.964  2488 12729 I rruntimeservice: Explicit concurrent copying GC freed 2705(112KB) AllocSpace objects, 1(20KB) LOS objects, 92% free, 2126KB/26MB, paused 21us,49us total 5.624ms
12-30 09:27:12.977  2123  2314 D ActivityManager: freezer override set to false
12-30 09:27:12.981  1482  1736 I HandTrackingModule: [hand] hand FPS:(0:0), ts: 1302990268145
12-30 09:27:13.003  3853  4013 I ScreencastSinkNative: [0]vid 1s, cap: 0.00[ 59 ] / max: 0, enc: 0.00[ 59 ] / max: 0, bitrate: 28.80M, send connect: 0.00[ 0 ] / max: 0, lost: 0, pkg: 0.00[ 0 ]/ max: 0, msg: 0.12[ 119 ]/ max: 1, dec: 10.77[ 60 ]/ max: 18, play: 1.27[ 60 ]/ max: 4, total: 0.00 / max: 0
12-30 09:27:13.008  3853  4015 I ScreencastSinkNative: [0]aud 1s, cap: 0.00[ 92 ] / max: 0, enc: 0.00[ 92 ] / max: 0, bitrate: 1.44M, send connect: 0.00[ 0 ] / max: 0, lost: 0, pkg: 0.00[ 0 ]/ max: 0, msg: 0.09[ 186 ]/ max: 1, dec: 0.00[ 0 ]/ max: 0, play: 67.70[ 94 ]/ max: 114, total: 0.00 / max: 0
12-30 09:27:13.017  2488  2732 I CompositorMonitor: fps:72.0, prd:27.5 ms, cpu:1.3 ms, gpu:3.3 ms, early:72.0, stale:0.0, max_stale:0.0, sw_mode:0, drr:72.0, lat_mode:-1
12-30 09:27:13.084  1482  1747 I trackingservice: [Tobii_ETL]TobiiETLImpl.cpp:230 tobii_etl_process_frames() Successfully processed frame 113850
12-30 09:27:13.180  3725  3924 I YUnity  : BOX_LOG BoxScreen [DP] Update: FPS=43
12-30 09:27:13.201  1482  2078 I ThermalManager: [npu:49.9][skin:53.7][camera:50.6][gpu:50.9][ddr:51.7][soc:54.3][cpu:94.8%][pss:1922256KB rss: 858376KB][fan1:36:5576][fan2:39:6012]
12-30 09:27:13.202  1482  4607 D ETMultiCamera: frameid:113861, frameduration:11164270, delay:4694695, boottime:1299172064495, exposure:3000000, gain:98, cameraid:8
12-30 09:27:13.202  1482  4607 D ETMultiCamera: frameid:113861, frameduration:11164271, delay:4802924, boottime:1299172072516, exposure:3000000, gain:98, cameraid:9
12-30 09:27:13.417  1482  1747 I trackingservice: [Tobii_ETL]TobiiETLImpl.cpp:230 tobii_etl_process_frames() Successfully processed frame 113880
12-30 09:27:13.652  3853 13061 I ScreencastSinkNative: [0]on video data received, size:137091
12-30 09:27:13.670  2488  2732 I VstCameraDeviceImpl: calculatePhase, fn:90990 (95 : 95), delay:10126253
12-30 09:27:13.691  2123  2245 D PowerManagerService: acquireWakeLockInternal: lock=9254867, flags=0x1, tag="NetworkStats", ws=null, uid=1000, pid=2123
12-30 09:27:13.692  2123  2245 W BestClock: java.time.DateTimeException: Missing network time fix
12-30 09:27:13.694  2123  2245 W BestClock: java.time.DateTimeException: Missing network time fix
12-30 09:27:13.694  2123  2245 D PowerManagerService: releaseWakeLockInternal: lock=9254867 [NetworkStats], flags=0x0, mOwnerUid:1000, mOwnerPid:2123
12-30 09:27:13.698  1482  4607 D VSTCamera: frameid:90992, frameduration:13887396, delay:21455488, boottime:1299651903911, exposure:8333333, gain:621, cameraid:6
12-30 09:27:13.699  1482  4607 D VSTCamera: frameid:90992, frameduration:13887447, delay:21615436, boottime:1299651907140, exposure:8333333, gain:621, cameraid:7
12-30 09:27:13.706  3725  4635 I PerfStats.cpp: FPS=72.02/72, Prd=27.55ms, Early=72.02, Stale=0.00, Lat=-1, Fov=0, CPU/GPU=4/5, Free=8059MB, ATW=4.64ms, APP=3.87ms/1.04ms, GD=0.00, CPU%=0.50, GPU%=0.29
12-30 09:27:13.751  1482  1747 I trackingservice: [Tobii_ETL]TobiiETLImpl.cpp:230 tobii_etl_process_frames() Successfully processed frame 113910
12-30 09:27:13.807  1482  4565 I VrlinkDataSource: timeSync.ts:1303823825453, offset:5156
12-30 09:27:13.864  2488  2732 E VSTDisplayManager: VST FPS:73
12-30 09:27:13.955  2123  2314 D PowerManagerService: releaseWakeLockInternal: lock=21747029 [com.yvr.boxmanager:partial_lock], flags=0x10000, mOwnerUid:1000, mOwnerPid:4011
12-30 09:27:13.960  4162  4396 D NetworkService: TotalRxSpeed : 4.1515MB/s  /  TotalTxSpeed : 52.2KB/s
12-30 09:27:13.960  4162  4396 D NetworkService: SystemRxSpeed : 4.1515MB/s  /  SystemTxSpeed : 52.1KB/s
12-30 09:27:13.999  1482  1736 I HandTrackingModule: [hand] hand FPS:(0:0), ts: 1304006922676
12-30 09:27:14.001  3853  4015 I ScreencastSinkNative: [0]aud 1s, cap: 0.00[ 94 ] / max: 0, enc: 0.00[ 94 ] / max: 0, bitrate: 1.47M, send connect: 0.00[ 0 ] / max: 0, lost: 0, pkg: 0.00[ 0 ]/ max: 0, msg: 0.14[ 187 ]/ max: 2, dec: 0.00[ 0 ]/ max: 0, play: 89.15[ 93 ]/ max: 113, total: 0.00 / max: 0
12-30 09:27:14.002  2123  2314 D ActivityManager: freezer override set to true
12-30 09:27:14.007  3853  4013 I ScreencastSinkNative: [0]vid 1s, cap: 0.00[ 60 ] / max: 0, enc: 0.00[ 60 ] / max: 0, bitrate: 29.99M, send connect: 0.00[ 0 ] / max: 0, lost: 0, pkg: 0.00[ 0 ]/ max: 0, msg: 0.12[ 120 ]/ max: 1, dec: 9.37[ 60 ]/ max: 16, play: 1.21[ 60 ]/ max: 3, total: 0.00 / max: 0
12-30 09:27:14.026  3395  6190 I guardianservice: Explicit concurrent copying GC freed 2694(112KB) AllocSpace objects, 1(20KB) LOS objects, 91% free, 2184KB/26MB, paused 64us,11us total 5.615ms
12-30 09:27:14.028  3853 13064 I ScreencastSinkNative: [0]on audio data received, size:2048
12-30 09:27:14.031  2488  2732 I CompositorMonitor: fps:72.0, prd:27.4 ms, cpu:1.3 ms, gpu:3.3 ms, early:72.0, stale:0.0, max_stale:0.0, sw_mode:0, drr:72.0, lat_mode:-1
12-30 09:27:14.042  2123  2314 D ActivityManager: freezer override set to false
12-30 09:27:14.086  1482  1747 I trackingservice: [Tobii_ETL]TobiiETLImpl.cpp:230 tobii_etl_process_frames() Successfully processed frame 113940
12-30 09:27:14.171  4140  4289 D DeviceUtils: isVerityModeDisabled verityMode: enforcing, forceEnableWP: false
12-30 09:27:14.172  4140  4289 D PerformanceService: printCpuStat -- CPU%= [0.54, 0.38, 0.45, 0.70, 0.58, 0.55, 0.55]
12-30 09:27:14.191  3725  3924 I YUnity  : BOX_LOG BoxScreen [DP] Update: FPS=54
12-30 09:27:14.421  1482  1747 I trackingservice: [Tobii_ETL]TobiiETLImpl.cpp:230 tobii_etl_process_frames() Successfully processed frame 113970
12-30 09:27:14.548  3725  4586 I yvr.spatialhome: WaitFrame:waitFrameEnd[1300.522729 s], targetCompletionTimeSec[1300.533119 s(+4.965885ms)], PredictedDisplayTime=[1300.550697 s] boot:mono[diff:-0.000000(s)]
12-30 09:27:14.548  3725  4586 I yvr.spatialhome: BeginFrame: Frame=91000, Time=1300.523255 s
