12-30 09:26:57.364  2582  3027 D BroadcastService: getBroadcastAddress
12-30 09:26:57.364  2582  3027 D BroadcastService: isBroadcastActive: Broadcast is turned to off
12-30 09:26:57.365  3819  4186 I shareScreen: onNotificationSent:null,78:63:84:BD:D0:5A,0
12-30 09:26:57.365  2123  2245 D PowerManagerService: releaseWakeLockInternal: lock=9254867 [NetworkStats], flags=0x0, mOwnerUid:1000, mOwnerPid:2123
12-30 09:26:57.364  1101  1101 I binder:1101_4: type=1400 audit(0.0:627): avc:  denied  { add_name } for  name="globalAlert" scontext=u:r:netd:s0 tcontext=u:object_r:proc_net:s0 tclass=dir permissive=1
12-30 09:26:57.383  3819  7742 D shareScreen: send ble data:[27, 0, 0, 56, 50]
12-30 09:26:57.389  1162  2963 I vendor.qti.bluetooth@1.1-ibs_handler: ProcessIbsCmd: Received IBS_WAKE_IND: 0xFD
12-30 09:26:57.389  1162  2963 I vendor.qti.bluetooth@1.1-ibs_handler: ProcessIbsCmd: Writing IBS_WAKE_ACK
12-30 09:26:57.404  1482  1743 I DataMonitor: (cam_dl):[dur: avg:16.57, min:16.67, max:16.67)] [lat: avg:5.87, min:5.50, max:6.74], miss(0) total:180
12-30 09:26:57.404  1482  1743 I DataMonitor: (cam_ul):[dur: avg:16.57, min:16.67, max:16.67)] [lat: avg:5.83, min:5.48, max:6.59], miss(0) total:180
12-30 09:26:57.404  1482  1743 I DataMonitor: (cam_ur):[dur: avg:16.57, min:16.67, max:16.67)] [lat: avg:5.79, min:5.48, max:7.13], miss(0) total:180
12-30 09:26:57.404  1482  1743 I DataMonitor: (cam_dr):[dur: avg:16.57, min:16.67, max:16.67)] [lat: avg:5.87, min:5.48, max:7.27], miss(0) total:180
12-30 09:26:57.404  1482  1743 I DataMonitor: (cam_auxl):[dur: avg:16.57, min:16.67, max:16.67)] [lat: avg:7.26, min:7.03, max:8.38], miss(0) total:180
12-30 09:26:57.404  1482  1743 I DataMonitor: (cam_auxr):[dur: avg:16.57, min:16.67, max:16.67)] [lat: avg:7.23, min:7.03, max:8.60], miss(0) total:180
12-30 09:26:57.404  1482  1743 I DataMonitor: (cam_lvst):[dur: avg:13.88, min:13.89, max:18.69)] [lat: avg:11.36, min:11.00, max:12.85], miss(0) total:215
12-30 09:26:57.404  1482  1743 I DataMonitor: (cam_rvst):[dur: avg:13.88, min:13.89, max:18.69)] [lat: avg:11.42, min:11.02, max:12.77], miss(0) total:215
12-30 09:26:57.404  1482  1743 I DataMonitor: (cam_let):[dur: avg:11.12, min:11.16, max:11.16)] [lat: avg:2.94, min:2.72, max:4.79], miss(0) total:268
12-30 09:26:57.404  1482  1743 I DataMonitor: (cam_ret):[dur: avg:11.12, min:11.16, max:11.16)] [lat: avg:3.02, min:2.72, max:4.90], miss(0) total:268
12-30 09:26:57.404  1482  1743 I DataMonitor: (cam_tof):[dur: avg:32.96, min:33.33, max:33.33)] [lat: avg:25.28, min:24.49, max:27.79], miss(0) total:90
12-30 09:26:57.404  1482  1743 I DataMonitor: (imu_hmd):[dur: avg:0.98, min:0.98, max:0.98)] [lat: avg:0.59, min:0.36, max:0.98], miss(0) total:3071
12-30 09:26:57.404  1482  1743 I DataMonitor: (slam):[lat: avg:4.70, min:3.90, max:5.33], [ql: 0 0.000000] total:3072
12-30 09:26:57.404  1482  1743 I DataMonitor: (eye_pose):[lat: avg:6.55, min:3.93, max:15.15], [ql: 114 0.426966] total:267
12-30 09:26:57.429  1162  2963 I vendor.qti.bluetooth@1.1-ibs_handler: ProcessIbsCmd: Received IBS_SLEEP_IND: 0xFE
12-30 09:26:57.489  2123  5565 D ActivityManager: freezer override set to true
12-30 09:26:57.517  3725  4635 I PerfStats.cpp: FPS=72.02/72, Prd=31.00ms, Early=72.02, Stale=0.00, Lat=-1, Fov=0, CPU/GPU=4/5, Free=8066MB, ATW=4.91ms, APP=4.25ms/4.04ms, GD=0.00, CPU%=0.54, GPU%=0.39
12-30 09:26:57.521  3395  4534 I guardianservice: Explicit concurrent copying GC freed 2694(112KB) AllocSpace objects, 1(20KB) LOS objects, 91% free, 2184KB/26MB, paused 23us,12us total 11.357ms
12-30 09:26:57.536  2123  5565 D ActivityManager: freezer override set to false
12-30 09:26:57.647  2488  2732 E VSTDisplayManager: VST FPS:73
12-30 09:26:57.674  1482  1747 I trackingservice: [Tobii_ETL]TobiiETLImpl.cpp:230 tobii_etl_process_frames() Successfully processed frame 112470
12-30 09:26:57.765  1482  1736 I HandTrackingModule: [hand] hand FPS:(0:0), ts: 1287773300551
12-30 09:26:57.802  1482  4565 I VrlinkDataSource: timeSync.ts:1287819585720, offset:5937
12-30 09:26:57.812  1482  1746 I EyeStateMonitor: eyepose change to 0, pose timestamp: 1287820608206
12-30 09:26:57.812  1482  1746 E TrackingManagerService: eye isValid 0
12-30 09:26:57.812  3395  4534 I FOO     : onEyeStateEventChange 0
12-30 09:26:57.812  2123  5565 E YvrRuntimeService: eyeStateEvent mIsEyeValid=false
12-30 09:26:57.812  2488  4801 I rruntimeservice: Mount state changed to (0)
12-30 09:26:57.812  3395  3637 D VrGuardianService: onMotionChange: 102
12-30 09:26:57.814  2488  2732 I CompositorMonitor: fps:72.0, prd:30.8 ms, cpu:1.4 ms, gpu:3.5 ms, early:72.0, stale:0.0, max_stale:0.0, sw_mode:0, drr:72.0, lat_mode:-1
12-30 09:26:57.836  2057  3090 I libusbconfigfs: event=1 on fd=5
12-30 09:26:57.860  3853 13064 I ScreencastSinkNative: [0]on audio data received, size:2048
12-30 09:26:57.868  4011  4197 D BoxService: D3: bleClientConnect: true, scan:N, filterType:, p2p: true, dp is streaming, hdmi is not streaming, boxBondMode: 0
12-30 09:26:57.868  4011  4197 D BleClient: heartBeat mBluetoothGatt: android.bluetooth.BluetoothGatt@2e71b3f
12-30 09:26:57.898  1162  2963 I vendor.qti.bluetooth@1.1-ibs_handler: ProcessIbsCmd: Received IBS_WAKE_IND: 0xFD
12-30 09:26:57.898  1162  2963 I vendor.qti.bluetooth@1.1-ibs_handler: ProcessIbsCmd: Writing IBS_WAKE_ACK
12-30 09:26:57.938  1162  2963 I vendor.qti.bluetooth@1.1-ibs_handler: ProcessIbsCmd: Received IBS_SLEEP_IND: 0xFE
12-30 09:26:57.939  4162  4396 D NetworkService: TotalRxSpeed : 4.1716MB/s  /  TotalTxSpeed : 46.9KB/s
12-30 09:26:57.939  4162  4396 D NetworkService: SystemRxSpeed : 4.1716MB/s  /  SystemTxSpeed : 46.9KB/s
12-30 09:26:57.958  1162  2963 I vendor.qti.bluetooth@1.1-ibs_handler: ProcessIbsCmd: Received IBS_WAKE_IND: 0xFD
12-30 09:26:57.958  1162  2963 I vendor.qti.bluetooth@1.1-ibs_handler: ProcessIbsCmd: Writing IBS_WAKE_ACK
12-30 09:26:57.958  2582  2965 I bt_stack: [INFO:gatt_main.cc(1726)] gatt_data_process op_code = 11, msg_len = 9, lcid = 4
12-30 09:26:57.961  2123  5155 D PowerManagerService: acquireWakeLockInternal: lock=21747029, flags=0x1, tag="com.yvr.boxmanager:partial_lock", ws=null, uid=1000, pid=4011
12-30 09:26:57.962  4011  4041 D BleClient: onCharacteristicRead heartbeat 3190, 3190, bleServerConnected: true
12-30 09:26:57.998  1162  2963 I vendor.qti.bluetooth@1.1-ibs_handler: ProcessIbsCmd: Received IBS_SLEEP_IND: 0xFE
12-30 09:26:58.000  3853  4015 I ScreencastSinkNative: [0]aud 1s, cap: 0.00[ 93 ] / max: 0, enc: 0.00[ 93 ] / max: 0, bitrate: 1.45M, send connect: 0.00[ 0 ] / max: 0, lost: 0, pkg: 0.00[ 0 ]/ max: 0, msg: 0.10[ 187 ]/ max: 3, dec: 0.00[ 0 ]/ max: 0, play: 86.04[ 94 ]/ max: 106, total: 0.00 / max: 0
12-30 09:26:58.003  3853  4013 I ScreencastSinkNative: [0]vid 1s, cap: 0.00[ 61 ] / max: 0, enc: 0.00[ 61 ] / max: 0, bitrate: 30.77M, send connect: 0.00[ 0 ] / max: 0, lost: 0, pkg: 0.00[ 0 ]/ max: 0, msg: 0.22[ 120 ]/ max: 2, dec: 9.90[ 60 ]/ max: 18, play: 1.48[ 59 ]/ max: 4, total: 0.00 / max: 0
12-30 09:26:58.010  1482  1747 I trackingservice: [Tobii_ETL]TobiiETLImpl.cpp:230 tobii_etl_process_frames() Successfully processed frame 112500
12-30 09:26:58.027  3725  3924 I YUnity  : BOX_LOG BoxScreen [DP] Update: FPS=57
12-30 09:26:58.087  1482  1746 I EyeStateMonitor: eyepose change to 1, pose timestamp: 1288088550706
12-30 09:26:58.087  1482  1746 E TrackingManagerService: eye isValid 1
12-30 09:26:58.087  3395  4534 I FOO     : onEyeStateEventChange 1
12-30 09:26:58.087  2123  5155 E YvrRuntimeService: eyeStateEvent mIsEyeValid=true
12-30 09:26:58.087  2488  4570 I rruntimeservice: Mount state changed to (1)
12-30 09:26:58.087  3395  3637 D VrGuardianService: onMotionChange: 101
12-30 09:26:58.088  2123  2221 D YvrRuntimeService: handleMessage - GO_TO_WAKEUP, sMount: true, pSensorEnable: true
12-30 09:26:58.088  2123  2221 D YvrRuntimeService: yvrWakeUpAndScreenOn mLastScreenOnState =true
12-30 09:26:58.185  2123  2206 D ActivityManager: freezing 2934 com.android.permissioncontroller
12-30 09:26:58.342  1482  4607 D ETMultiCamera: frameid:112530, frameduration:11164271, delay:3049388, boottime:1284314345016, exposure:1075000, gain:98, cameraid:8
12-30 09:26:58.343  1482  4607 D ETMultiCamera: frameid:112530, frameduration:11164271, delay:3368242, boottime:1284314353037, exposure:1075000, gain:98, cameraid:9
12-30 09:26:58.346  1482  1747 I trackingservice: [Tobii_ETL]TobiiETLImpl.cpp:230 tobii_etl_process_frames() Successfully processed frame 112530
12-30 09:26:58.439  2123  5155 D ActivityManager: freezer override set to true
12-30 09:26:58.442  2123  5155 D ActivityManager: sync unfroze 2934 com.android.permissioncontroller for 19
12-30 09:26:58.479  2488  2509 I rruntimeservice: Explicit concurrent copying GC freed 2742(160KB) AllocSpace objects, 1(20KB) LOS objects, 92% free, 2126KB/26MB, paused 24us,14us total 4.944ms
12-30 09:26:58.495  1482  4607 D VSTCamera: frameid:89903, frameduration:13887448, delay:21524191, boottime:1284448560786, exposure:8333333, gain:443, cameraid:7
12-30 09:26:58.495  1482  4607 D VSTCamera: frameid:89903, frameduration:13887448, delay:21857993, boottime:1284448557557, exposure:8333333, gain:443, cameraid:6
12-30 09:26:58.498  2123  5155 D ActivityManager: freezer override set to false
12-30 09:26:58.502  3853 13061 I ScreencastSinkNative: [0]on video data received, size:36894
12-30 09:26:58.518  3725  4635 I PerfStats.cpp: FPS=72.02/72, Prd=30.83ms, Early=72.02, Stale=0.00, Lat=-1, Fov=0, CPU/GPU=4/5, Free=8067MB, ATW=4.94ms, APP=4.03ms/4.03ms, GD=0.00, CPU%=0.55, GPU%=0.39
12-30 09:26:58.584  4070  4207 W CalorieTask: catch calorie return, actId: , bodyInfo: 
12-30 09:26:58.591  2488  2732 I VstCameraDeviceImpl: calculatePhase, fn:89910 (95 : 95), delay:10104071
12-30 09:26:58.594  2123  5155 D ActivityManager: freezer override set to true
12-30 09:26:58.622  3395  4534 I guardianservice: Explicit concurrent copying GC freed 2714(128KB) AllocSpace objects, 1(20KB) LOS objects, 91% free, 2184KB/26MB, paused 22us,14us total 5.726ms
12-30 09:26:58.638  2123  5155 D ActivityManager: freezer override set to false
12-30 09:26:58.661  2488  2732 E VSTDisplayManager: VST FPS:73
12-30 09:26:58.680  1482  1747 I trackingservice: [Tobii_ETL]TobiiETLImpl.cpp:230 tobii_etl_process_frames() Successfully processed frame 112560
12-30 09:26:58.694  1482  4607 D TrackingCamera: frameid:75383, qdelay:5598897, frameduration:16666459, boottime:1284663341497, exposure:2266000,gain:52, cameraid:2
12-30 09:26:58.694  1482  4607 D TrackingCamera: frameid:75383, qdelay:6043845, frameduration:16666511, boottime:1284663341549, exposure:2266000,gain:52, cameraid:1
12-30 09:26:58.695  1482  4607 D TrackingCamera: frameid:75383, qdelay:6431709, frameduration:16666511, boottime:1284663341549, exposure:2266000,gain:52, cameraid:3
12-30 09:26:58.695  1482  4607 D TrackingCamera: frameid:75383, qdelay:6794313, frameduration:16666459, boottime:1284663341497, exposure:2266000,gain:52, cameraid:0
12-30 09:26:58.780  1482  4607 D TrackingAuxMultiCamera: frameid:75383, frameduration:16666458, delay:8027262, boottime:1284746671361, exposure:3809000, gain:58, cameraid:4
12-30 09:26:58.780  1482  4607 D TrackingAuxMultiCamera: frameid:75383, frameduration:16666458, delay:8304918, boottime:1284746671361, exposure:3809000, gain:58, cameraid:5
12-30 09:26:58.782  1482  1736 I HandTrackingModule: [hand] hand FPS:(0:0), ts: 1288789955030
12-30 09:26:58.827  2488  2732 I CompositorMonitor: fps:72.0, prd:30.9 ms, cpu:1.5 ms, gpu:3.5 ms, early:72.0, stale:0.0, max_stale:0.0, sw_mode:0, drr:72.0, lat_mode:-1
12-30 09:26:58.832  3725  3924 D YUnity  : LocalDataController Save
12-30 09:26:58.852  2123  2245 D PowerManagerService: acquireWakeLockInternal: lock=9254867, flags=0x1, tag="NetworkStats", ws=null, uid=1000, pid=2123
12-30 09:26:58.853  2123  2245 W BestClock: java.time.DateTimeException: Missing network time fix
12-30 09:26:58.855  2123  2245 W BestClock: java.time.DateTimeException: Missing network time fix
12-30 09:26:58.860  2123  2245 D PowerManagerService: releaseWakeLockInternal: lock=9254867 [NetworkStats], flags=0x0, mOwnerUid:1000, mOwnerPid:2123
12-30 09:26:58.856  1101  1101 I binder:1101_4: type=1400 audit(0.0:628): avc:  denied  { create } for  name="globalAlert" scontext=u:r:netd:s0 tcontext=u:object_r:proc_net:s0 tclass=file permissive=1
12-30 09:26:58.869  1162  2967 I vendor.qti.bluetooth@1.1-ibs_handler: DeviceSleep: TX Awake, Sending SLEEP_IND
12-30 09:26:58.869  1162  2967 D vendor.qti.bluetooth@1.1-ibs_handler: SerialClockVote: vote for UART CLK OFF
12-30 09:26:58.938  3853 13064 I ScreencastSinkNative: [0]on audio data received, size:2048
12-30 09:26:59.008  3853  4013 I ScreencastSinkNative: [0]vid 1s, cap: 0.00[ 60 ] / max: 0, enc: 0.00[ 60 ] / max: 0, bitrate: 29.90M, send connect: 0.00[ 0 ] / max: 0, lost: 0, pkg: 0.00[ 0 ]/ max: 0, msg: 0.12[ 122 ]/ max: 1, dec: 10.29[ 61 ]/ max: 16, play: 1.36[ 62 ]/ max: 7, total: 0.00 / max: 0
12-30 09:26:59.010  3853  4015 I ScreencastSinkNative: [0]aud 1s, cap: 0.00[ 95 ] / max: 0, enc: 0.00[ 95 ] / max: 0, bitrate: 1.48M, send connect: 0.00[ 0 ] / max: 0, lost: 0, pkg: 0.00[ 0 ]/ max: 0, msg: 0.13[ 189 ]/ max: 4, dec: 0.00[ 0 ]/ max: 0, play: 85.98[ 94 ]/ max: 106, total: 0.00 / max: 0
12-30 09:26:59.016  1482  1747 I trackingservice: [Tobii_ETL]TobiiETLImpl.cpp:230 tobii_etl_process_frames() Successfully processed frame 112590
12-30 09:26:59.019  1162  2869 D vendor.qti.bluetooth@1.1-wake_lock: Release wakelock is released 
12-30 09:26:59.040  3725  3924 I YUnity  : BOX_LOG BoxScreen [DP] Update: FPS=53
12-30 09:26:59.162  4140  4289 D DeviceUtils: isVerityModeDisabled verityMode: enforcing, forceEnableWP: false
12-30 09:26:59.163  4140  4289 D PerformanceService: printCpuStat -- CPU%= [0.54, 0.39, 0.46, 0.70, 0.59, 0.57, 0.56]
12-30 09:26:59.237  1482  1744 I DataSetModule: mcu log: [log_level:1 msg:HOST Tsync:1 CtrlIMUen:0 HmdIMUen:0 OTA left:0 right:0]
12-30 09:26:59.237  1482  1744 I DataSetModule: mcu log: [log_level:1 msg:RF Chan: 4 22 48 2 74 74 0 0 0 0]
12-30 09:26:59.237  1482  1744 I DataSetModule: mcu log: [log_level:1 msg:RX right pkt:1688 rssi: -81, -46, -51, -51, -50]
12-30 09:26:59.352  1482  1747 I trackingservice: [Tobii_ETL]TobiiETLImpl.cpp:230 tobii_etl_process_frames() Successfully processed frame 112620
12-30 09:26:59.530  3725  4635 I PerfStats.cpp: FPS=72.02/72, Prd=30.87ms, Early=72.02, Stale=0.00, Lat=-1, Fov=0, CPU/GPU=4/5, Free=8067MB, ATW=4.93ms, APP=4.31ms/4.03ms, GD=0.00, CPU%=0.55, GPU%=0.39
12-30 09:26:59.619  2488  2732 I YCameraManager: rgb frame miss frame_stream:0, cur_frame:89984, last_frame:89982
12-30 09:26:59.660  2488  2732 I YCameraManager: rgb frame miss frame_stream:0, cur_frame:89987, last_frame:89985
12-30 09:26:59.674  2488  2732 E VSTDisplayManager: VST FPS:73
12-30 09:26:59.684  2123  5284 D ActivityManager: freezer override set to true
12-30 09:26:59.685  1482  1747 I trackingservice: [Tobii_ETL]TobiiETLImpl.cpp:230 tobii_etl_process_frames() Successfully processed frame 112650
12-30 09:26:59.688  2488  2732 I YCameraManager: rgb frame miss frame_stream:0, cur_frame:89989, last_frame:89987
12-30 09:26:59.693  1482  4607 D ETMultiCamera: frameid:112651, frameduration:11164271, delay:2778398, boottime:1285665221787, exposure:1075000, gain:98, cameraid:8
12-30 09:26:59.693  1482  4607 D ETMultiCamera: frameid:112651, frameduration:11164271, delay:3071106, boottime:1285665229808, exposure:1075000, gain:98, cameraid:9
12-30 09:26:59.728  3395  5793 I guardianservice: Explicit concurrent copying GC freed 2694(112KB) AllocSpace objects, 1(20KB) LOS objects, 91% free, 2184KB/26MB, paused 21us,15us total 7.975ms
12-30 09:26:59.775  2123  5284 D ActivityManager: freezer override set to false
12-30 09:26:59.784  1482  1736 I HandTrackingModule: [hand] hand FPS:(0:0), ts: 1289790085645
12-30 09:26:59.805  1482  4565 I VrlinkDataSource: timeSync.ts:1289820429469, offset:7291
12-30 09:26:59.841  2488  2732 I CompositorMonitor: fps:72.0, prd:30.9 ms, cpu:1.4 ms, gpu:3.5 ms, early:72.0, stale:0.0, max_stale:0.0, sw_mode:0, drr:72.0, lat_mode:-1
12-30 09:26:59.942  4162  4396 D NetworkService: TotalRxSpeed : 4.1575MB/s  /  TotalTxSpeed : 46.6KB/s
12-30 09:26:59.942  4162  4396 D NetworkService: SystemRxSpeed : 4.1575MB/s  /  SystemTxSpeed : 46.6KB/s
12-30 09:27:00.001  3853  4013 I ScreencastSinkNative: [0]vid 1s, cap: 0.00[ 60 ] / max: 0, enc: 0.00[ 60 ] / max: 0, bitrate: 29.99M, send connect: 0.00[ 0 ] / max: 0, lost: 0, pkg: 0.00[ 0 ]/ max: 0, msg: 0.11[ 119 ]/ max: 1, dec: 10.25[ 59 ]/ max: 18, play: 1.56[ 59 ]/ max: 4, total: 0.00 / max: 0
12-30 09:27:00.002  2123  2210 D PowerManagerService: acquireWakeLockInternal: lock=180877879, flags=0x1, tag="*alarm*", ws=WorkSource{1000}, uid=1000, pid=2123
12-30 09:27:00.002  2123  2123 D PowerManagerService: releaseWakeLockInternal: lock=180877879 [*alarm*], flags=0x0, mOwnerUid:1000, mOwnerPid:2123
12-30 09:27:00.003  3853  4015 I ScreencastSinkNative: [0]aud 1s, cap: 0.00[ 94 ] / max: 0, enc: 0.00[ 94 ] / max: 0, bitrate: 1.47M, send connect: 0.00[ 0 ] / max: 0, lost: 0, pkg: 0.00[ 0 ]/ max: 0, msg: 0.13[ 187 ]/ max: 5, dec: 0.00[ 0 ]/ max: 0, play: 86.15[ 93 ]/ max: 107, total: 0.00 / max: 0
12-30 09:27:00.010  3853 13064 I ScreencastSinkNative: [0]on audio data received, size:2048
12-30 09:27:00.020  1482  1747 I trackingservice: [Tobii_ETL]TobiiETLImpl.cpp:230 tobii_etl_process_frames() Successfully processed frame 112680
12-30 09:27:00.054  3725  3924 I YUnity  : BOX_LOG BoxScreen [DP] Update: FPS=56
12-30 09:27:00.183  3853 13061 I ScreencastSinkNative: [0]on video data received, size:34153
12-30 09:27:00.185  1482  4607 D VSTCamera: frameid:90024, frameduration:13887448, delay:21373357, boottime:1286138543495, exposure:8333333, gain:443, cameraid:6
12-30 09:27:00.185  1482  4607 D VSTCamera: frameid:90024, frameduration:13887396, delay:21641638, boottime:1286138546672, exposure:8333333, gain:443, cameraid:7
12-30 09:27:00.250  2123  2206 D ActivityManager: freezing 4433 com.android.providers.calendar
12-30 09:27:00.355  1482  1747 I trackingservice: [Tobii_ETL]TobiiETLImpl.cpp:230 tobii_etl_process_frames() Successfully processed frame 112710
12-30 09:27:00.354  2123  2245 D PowerManagerService: acquireWakeLockInternal: lock=9254867, flags=0x1, tag="NetworkStats", ws=null, uid=1000, pid=2123
12-30 09:27:00.360  2123  2245 W BestClock: java.time.DateTimeException: Missing network time fix
12-30 09:27:00.364  2123  2245 W BestClock: java.time.DateTimeException: Missing network time fix
12-30 09:27:00.364  2123  2245 D PowerManagerService: releaseWakeLockInternal: lock=9254867 [NetworkStats], flags=0x0, mOwnerUid:1000, mOwnerPid:2123
12-30 09:27:00.404  1482  1743 I DataMonitor: (cam_dl):[dur: avg:16.57, min:16.67, max:16.67)] [lat: avg:6.07, min:5.49, max:7.61], miss(0) total:180
12-30 09:27:00.404  1482  1743 I DataMonitor: (cam_ul):[dur: avg:16.57, min:16.67, max:16.67)] [lat: avg:5.96, min:5.48, max:7.30], miss(0) total:180
12-30 09:27:00.404  1482  1743 I DataMonitor: (cam_ur):[dur: avg:16.57, min:16.67, max:16.67)] [lat: avg:5.94, min:5.49, max:7.09], miss(0) total:180
12-30 09:27:00.404  1482  1743 I DataMonitor: (cam_dr):[dur: avg:16.57, min:16.67, max:16.67)] [lat: avg:6.03, min:5.49, max:7.29], miss(0) total:180
12-30 09:27:00.404  1482  1743 I DataMonitor: (cam_auxl):[dur: avg:16.57, min:16.67, max:16.67)] [lat: avg:7.38, min:7.02, max:9.18], miss(0) total:180
12-30 09:27:00.404  1482  1743 I DataMonitor: (cam_auxr):[dur: avg:16.57, min:16.67, max:16.67)] [lat: avg:7.34, min:7.03, max:8.81], miss(0) total:180
12-30 09:27:00.404  1482  1743 I DataMonitor: (cam_lvst):[dur: avg:13.92, min:13.89, max:18.69)] [lat: avg:11.30, min:11.00, max:12.67], miss(0) total:214
12-30 09:27:00.404  1482  1743 I DataMonitor: (cam_rvst):[dur: avg:13.92, min:13.89, max:18.69)] [lat: avg:11.35, min:11.02, max:12.75], miss(0) total:214
12-30 09:27:00.404  1482  1743 I DataMonitor: (cam_let):[dur: avg:11.12, min:11.16, max:11.16)] [lat: avg:2.95, min:2.71, max:4.88], miss(0) total:269
12-30 09:27:00.404  1482  1743 I DataMonitor: (cam_ret):[dur: avg:11.12, min:11.16, max:11.16)] [lat: avg:3.04, min:2.73, max:4.71], miss(0) total:269
12-30 09:27:00.404  1482  1743 I DataMonitor: (cam_tof):[dur: avg:32.96, min:33.33, max:33.33)] [lat: avg:25.31, min:24.47, max:27.64], miss(0) total:90
12-30 09:27:00.404  1482  1743 I DataMonitor: (imu_hmd):[dur: avg:0.98, min:0.98, max:0.98)] [lat: avg:0.59, min:0.36, max:1.00], miss(0) total:3073
12-30 09:27:00.405  1482  1743 I DataMonitor: (slam):[lat: avg:4.71, min:3.92, max:5.31], [ql: 0 0.000000] total:3072
12-30 09:27:00.405  1482  1743 I DataMonitor: (eye_pose):[lat: avg:6.57, min:3.87, max:15.37], [ql: 126 0.468401] total:269
12-30 09:27:00.514  2123  5284 D ActivityManager: freezer override set to true
12-30 09:27:00.516  2123  5284 D ActivityManager: sync unfroze 4433 com.android.providers.calendar for 19
12-30 09:27:00.543  3725  4635 I PerfStats.cpp: FPS=72.03/72, Prd=30.92ms, Early=72.03, Stale=0.00, Lat=-1, Fov=0, CPU/GPU=4/5, Free=8065MB, ATW=4.93ms, APP=4.03ms/4.13ms, GD=0.00, CPU%=0.55, GPU%=0.40
12-30 09:27:00.556  2488  4907 I rruntimeservice: Explicit concurrent copying GC freed 2705(128KB) AllocSpace objects, 1(20KB) LOS objects, 92% free, 2126KB/26MB, paused 22us,17us total 9.723ms
12-30 09:27:00.571  2123  5284 D ActivityManager: freezer override set to false
12-30 09:27:00.646  3725  4586 I yvr.spatialhome: WaitFrame:waitFrameEnd[1286.620769 s], targetCompletionTimeSec[1286.634829 s(+8.205625ms)], PredictedDisplayTime=[1286.652547 s] boot:mono[diff:-0.000000(s)]
12-30 09:27:00.647  3725  4586 I yvr.spatialhome: BeginFrame: Frame=90000, Time=1286.621703 s
12-30 09:27:00.651  3725  4586 I yvr.spatialhome: SubmitFrame: Frame=[90000], Time[1286.626465 s]
12-30 09:27:00.660  3725  4586 I TimeCalculator.cpp: Sleep[8.062107 ms]  TargetCompositeTime[1286.648714 s(+0.000000ms)],TargetVSyncTime[1286.653914 s(+5.199624ms)]
12-30 09:27:00.688  2488  2732 E VSTDisplayManager: VST FPS:73
12-30 09:27:00.690  1482  1747 I trackingservice: [Tobii_ETL]TobiiETLImpl.cpp:230 tobii_etl_process_frames() Successfully processed frame 112740
12-30 09:27:00.696  1161  2467 D dtsaudio: eagle pipeline proc call 23000 (size =960, inCh=3, outCh=3, android fmt in=5, out=5) ret 0 
12-30 09:27:00.711  1482  4607 D TrackingCamera: frameid:75504, qdelay:5770480, frameduration:16666458, boottime:1286679983142, exposure:2553000,gain:52, cameraid:3
12-30 09:27:00.711  1482  4607 D TrackingCamera: frameid:75504, qdelay:5927720, frameduration:16666510, boottime:1286679983142, exposure:2553000,gain:52, cameraid:2
12-30 09:27:00.711  1482  4607 D TrackingCamera: frameid:75504, qdelay:6079439, frameduration:16666458, boottime:1286679983142, exposure:2553000,gain:52, cameraid:1
12-30 09:27:00.711  1482  4607 D TrackingCamera: frameid:75504, qdelay:6219491, frameduration:16666510, boottime:1286679983142, exposure:2553000,gain:52, cameraid:0
12-30 09:27:00.783  1482  2078 I ThermalManager: [npu:51.6][skin:53.7][camera:50.6][gpu:52.3][ddr:52.1][soc:54.4][cpu:107.6%][pss:1921773KB rss: 857884KB][fan1:36:5586][fan2:39:6012]
12-30 09:27:00.795  1482  4607 D TrackingAuxMultiCamera: frameid:75504, frameduration:16666458, delay:7103199, boottime:1286763313965, exposure:3809000, gain:58, cameraid:5
12-30 09:27:00.796  1482  4607 D TrackingAuxMultiCamera: frameid:75504, frameduration:16666458, delay:7248772, boottime:1286763313965, exposure:3809000, gain:58, cameraid:4
12-30 09:27:00.797  1482  1736 I HandTrackingModule: [hand] hand FPS:(0:0), ts: 1290806740176
12-30 09:27:00.806  2123  5284 D ActivityManager: freezer override set to true
12-30 09:27:00.835  3395  4534 I guardianservice: Explicit concurrent copying GC freed 2694(112KB) AllocSpace objects, 1(20KB) LOS objects, 91% free, 2184KB/26MB, paused 84us,19us total 8.911ms
12-30 09:27:00.849  2123  5284 D ActivityManager: freezer override set to false
12-30 09:27:00.854  2488  2732 I CompositorMonitor: fps:72.0, prd:30.8 ms, cpu:1.4 ms, gpu:3.5 ms, early:71.0, stale:0.0, max_stale:0.0, sw_mode:0, drr:72.0, lat_mode:-1
12-30 09:27:00.863  1482  4607 D TOFCamera3Device: frameid:37752, frameduration:33332917, delay:25111650, boottime:1286813209837, exposure:1130000, gain:0, cameraid:10
12-30 09:27:00.940  4761  4761 I /apex/com.android.adbd/bin/adbd: type=1400 audit(0.0:629): avc:  denied  { search } for  comm=73796E6320737663203234 name="0" dev="tmpfs" ino=12 scontext=u:r:su:s0 tcontext=u:object_r:mnt_user_file:s0 tclass=dir permissive=1
12-30 09:27:00.940  4761  4761 I /apex/com.android.adbd/bin/adbd: type=1400 audit(0.0:630): avc:  denied  { read } for  comm=73796E6320737663203234 name="primary" dev="tmpfs" ino=42 scontext=u:r:su:s0 tcontext=u:object_r:mnt_user_file:s0 tclass=lnk_file permissive=1
12-30 09:27:00.940  4761  4761 I /apex/com.android.adbd/bin/adbd: type=1400 audit(0.0:631): avc:  denied  { search } for  comm=73796E6320737663203234 name="/" dev="fuse" ino=143 scontext=u:r:su:s0 tcontext=u:object_r:fuse:s0 tclass=dir permissive=1
12-30 09:27:00.944  4761  4761 I /apex/com.android.adbd/bin/adbd: type=1400 audit(0.0:632): avc:  denied  { read } for  comm=73796E6320737663203234 name="accuracy_test" dev="fuse" ino=4081 scontext=u:r:su:s0 tcontext=u:object_r:fuse:s0 tclass=dir permissive=1
12-30 09:27:00.944  4761  4761 I /apex/com.android.adbd/bin/adbd: type=1400 audit(0.0:633): avc:  denied  { open } for  comm=73796E6320737663203234 path="/storage/emulated/0/misc/yvr/accuracy_test" dev="fuse" ino=4081 scontext=u:r:su:s0 tcontext=u:object_r:fuse:s0 tclass=dir permissive=1
12-30 09:27:00.944  4761  4761 I /apex/com.android.adbd/bin/adbd: type=1400 audit(0.0:634): avc:  denied  { getattr } for  comm=73796E6320737663203234 path="/storage/emulated/0/misc/yvr/accuracy_test/repeat_frame.txt" dev="fuse" ino=8173 scontext=u:r:su:s0 tcontext=u:object_r:fuse:s0 tclass=file permissive=1
12-30 09:27:00.950  4761 13378 I adbd    : adbd: do_recv: sdcard/misc/yvr/accuracy_test/repeat_frame.txt
12-30 09:27:00.950  4761 13378 I adbd    : adbd: data/app Flag: 0
12-30 09:27:00.950  4761 13378 I adbd    : adbd: system/app Flag: 0
12-30 09:27:00.950  4761 13378 I adbd    : adbd: system/framework Flag: 0
12-30 09:27:00.950  4761 13378 I adbd    : adbd: system/priv-app Flag: 0
12-30 09:27:00.950  4761 13378 I adbd    : adbd: Flag: 0
12-30 09:27:00.948  4761  4761 I /apex/com.android.adbd/bin/adbd: type=1400 audit(0.0:635): avc:  denied  { read } for  comm=73796E6320737663203234 name="repeat_frame.txt" dev="fuse" ino=8173 scontext=u:r:su:s0 tcontext=u:object_r:fuse:s0 tclass=file permissive=1
12-30 09:27:00.948  4761  4761 I /apex/com.android.adbd/bin/adbd: type=1400 audit(0.0:636): avc:  denied  { open } for  comm=73796E6320737663203234 path="/storage/emulated/0/misc/yvr/accuracy_test/repeat_frame.txt" dev="fuse" ino=8173 scontext=u:r:su:s0 tcontext=u:object_r:fuse:s0 tclass=file permissive=1
12-30 09:27:01.005  3853  4015 I ScreencastSinkNative: [0]aud 1s, cap: 0.00[ 93 ] / max: 0, enc: 0.00[ 93 ] / max: 0, bitrate: 1.45M, send connect: 0.00[ 0 ] / max: 0, lost: 0, pkg: 0.00[ 0 ]/ max: 0, msg: 0.14[ 187 ]/ max: 1, dec: 0.00[ 0 ]/ max: 0, play: 83.44[ 94 ]/ max: 107, total: 0.00 / max: 0
12-30 09:27:01.009  3853  4013 I ScreencastSinkNative: [0]vid 1s, cap: 0.00[ 60 ] / max: 0, enc: 0.00[ 60 ] / max: 0, bitrate: 30.33M, send connect: 0.00[ 0 ] / max: 0, lost: 0, pkg: 0.00[ 0 ]/ max: 0, msg: 0.22[ 120 ]/ max: 1, dec: 10.41[ 60 ]/ max: 19, play: 1.39[ 60 ]/ max: 4, total: 0.00 / max: 0
12-30 09:27:01.024  1482  1747 I trackingservice: [Tobii_ETL]TobiiETLImpl.cpp:230 tobii_etl_process_frames() Successfully processed frame 112770
12-30 09:27:01.044  1482  4607 D ETMultiCamera: frameid:112772, frameduration:11164271, delay:2786835, boottime:1287016106579, exposure:1075000, gain:98, cameraid:9
12-30 09:27:01.044  1482  4607 D ETMultiCamera: frameid:112772, frameduration:11164271, delay:2933866, boottime:1287016098558, exposure:1075000, gain:98, cameraid:8
12-30 09:27:01.068  3725  3924 I YUnity  : BOX_LOG BoxScreen [DP] Update: FPS=52
12-30 09:27:01.114 11464 11464 I sd 0    : 0:0:0: [sda] Synchronizing SCSI cache
12-30 09:27:01.092  3853 13064 I ScreencastSinkNative: [0]on audio data received, size:2048
12-30 09:27:01.359  1482  1747 I trackingservice: [Tobii_ETL]TobiiETLImpl.cpp:230 tobii_etl_process_frames() Successfully processed frame 112800
12-30 09:27:01.376  1232 13094 I QC2Comp : [hevcD_38] Stats: Pending(0) i/p-done(0) Works: Q: 3036/Done 3037|Work-Rate: Q(60.0/s Avg=60.1/s) Done(60.195/s Avg=60.110/s)| Stream: 76.93fps 37.7Mbps
12-30 09:27:01.376  1232 13094 I QC2Comp : [hevcD_38] Mem-usage:  [In-1D: 4 bufs 33.750 MB] [1D-55: 28 bufs 0.438 MB] [2D-56: 29 bufs 348.227 MB] | Total: 382.414 MB
12-30 09:27:01.557  3725  4635 I PerfStats.cpp: FPS=72.02/72, Prd=30.83ms, Early=71.04, Stale=0.00, Lat=-1, Fov=0, CPU/GPU=4/5, Free=8065MB, ATW=4.96ms, APP=4.39ms/4.01ms, GD=0.00, CPU%=0.55, GPU%=0.40
12-30 09:27:01.693  1482  1747 I trackingservice: [Tobii_ETL]TobiiETLImpl.cpp:230 tobii_etl_process_frames() Successfully processed frame 112830
12-30 09:27:01.701  2488  2732 E VSTDisplayManager: VST FPS:73
12-30 09:27:01.805  1482  4565 I VrlinkDataSource: timeSync.ts:1291822443270, offset:10521
12-30 09:27:01.817  1482  1736 I HandTrackingModule: [hand] hand FPS:(0:0), ts: 1291823394707
12-30 09:27:01.823  3853 13092 D BufferPoolAccessor2.0: bufferpool2 0xb400006fe162eec8 : 4(35389440 size) total buffers - 4(35389440 size) used buffers - 1/5 (recycle/alloc) - 4/3063 (fetch/transfer)
12-30 09:27:01.868  2488  2732 I CompositorMonitor: fps:72.0, prd:31.1 ms, cpu:1.4 ms, gpu:3.5 ms, early:71.0, stale:0.0, max_stale:0.0, sw_mode:0, drr:72.0, lat_mode:-1
12-30 09:27:01.869  1482  4607 D VSTCamera: frameid:90145, frameduration:13887448, delay:21500232, boottime:1287822655161, exposure:8333333, gain:443, cameraid:6
12-30 09:27:01.869  1482  4607 D VSTCamera: frameid:90145, frameduration:13887448, delay:21733513, boottime:1287822658338, exposure:8333333, gain:443, cameraid:7
12-30 09:27:01.873  3853 13061 I ScreencastSinkNative: [0]on video data received, size:50576
12-30 09:27:01.886  2123  2245 D PowerManagerService: acquireWakeLockInternal: lock=9254867, flags=0x1, tag="NetworkStats", ws=null, uid=1000, pid=2123
12-30 09:27:01.889  2123  2245 W BestClock: java.time.DateTimeException: Missing network time fix
12-30 09:27:01.891  2123  2245 W BestClock: java.time.DateTimeException: Missing network time fix
12-30 09:27:01.892  2123  2245 D PowerManagerService: releaseWakeLockInternal: lock=9254867 [NetworkStats], flags=0x0, mOwnerUid:1000, mOwnerPid:2123
12-30 09:27:01.906  2123  2708 D ActivityManager: freezer override set to true
12-30 09:27:01.939  3395 12481 I guardianservice: Explicit concurrent copying GC freed 2694(112KB) AllocSpace objects, 1(20KB) LOS objects, 91% free, 2184KB/26MB, paused 179us,14us total 9.382ms
12-30 09:27:01.945  4162  4396 D NetworkService: TotalRxSpeed : 4.582MB/s  /  TotalTxSpeed : 46.8KB/s
12-30 09:27:01.945  4162  4396 D NetworkService: SystemRxSpeed : 4.582MB/s  /  SystemTxSpeed : 46.8KB/s
12-30 09:27:01.957  2123  2708 D ActivityManager: freezer override set to false
12-30 09:27:02.003  3853  4015 I ScreencastSinkNative: [0]aud 1s, cap: 0.00[ 93 ] / max: 0, enc: 0.00[ 93 ] / max: 0, bitrate: 1.45M, send connect: 0.00[ 0 ] / max: 0, lost: 0, pkg: 0.00[ 0 ]/ max: 0, msg: 0.14[ 187 ]/ max: 2, dec: 0.00[ 0 ]/ max: 0, play: 85.73[ 94 ]/ max: 106, total: 0.00 / max: 0
12-30 09:27:02.003  3853  4013 I ScreencastSinkNative: [0]vid 1s, cap: 0.00[ 60 ] / max: 0, enc: 0.00[ 60 ] / max: 0, bitrate: 30.46M, send connect: 0.00[ 0 ] / max: 0, lost: 0, pkg: 0.00[ 0 ]/ max: 0, msg: 0.17[ 120 ]/ max: 3, dec: 10.17[ 60 ]/ max: 19, play: 1.41[ 60 ]/ max: 5, total: 0.00 / max: 0
12-30 09:27:02.007  2488  2732 I YCameraManager: rgb frame miss frame_stream:0, cur_frame:90155, last_frame:90153
12-30 09:27:02.028  1482  1747 I trackingservice: [Tobii_ETL]TobiiETLImpl.cpp:230 tobii_etl_process_frames() Successfully processed frame 112860
12-30 09:27:02.048  2488  2732 I YCameraManager: rgb frame miss frame_stream:0, cur_frame:90158, last_frame:90156
12-30 09:27:02.084  3725  3924 I YUnity  : BOX_LOG BoxScreen [DP] Update: FPS=56
12-30 09:27:02.169  3853 13064 I ScreencastSinkNative: [0]on audio data received, size:2048
12-30 09:27:02.215  2488  2732 I YCameraManager: rgb frame miss frame_stream:0, cur_frame:90170, last_frame:90168
12-30 09:27:02.338  4140  4289 D DeviceUtils: isVerityModeDisabled verityMode: enforcing, forceEnableWP: false
12-30 09:27:02.338  4140  4289 D PerformanceService: handleMessage - isLow: false, lowMemForLmk: false
12-30 09:27:02.338  4140  4289 D DeviceUtils: isVerityModeDisabled verityMode: enforcing, forceEnableWP: false
12-30 09:27:02.364  1482  1747 I trackingservice: [Tobii_ETL]TobiiETLImpl.cpp:230 tobii_etl_process_frames() Successfully processed frame 112890
12-30 09:27:02.368  2488  2732 I VstCameraDeviceImpl: calculatePhase, fn:90180 (95 : 100), delay:18868393
12-30 09:27:02.395  1482  4607 D ETMultiCamera: frameid:112893, frameduration:11164271, delay:2947407, boottime:1288366975329, exposure:1075000, gain:98, cameraid:8
12-30 09:27:02.395  1482  4607 D ETMultiCamera: frameid:112893, frameduration:11164271, delay:3081001, boottime:1288366983350, exposure:1075000, gain:98, cameraid:9
12-30 09:27:02.571  3725  4635 I PerfStats.cpp: FPS=72.02/72, Prd=31.09ms, Early=71.04, Stale=0.00, Lat=-1, Fov=0, CPU/GPU=4/5, Free=8065MB, ATW=4.95ms, APP=4.06ms/4.16ms, GD=0.00, CPU%=0.55, GPU%=0.40
12-30 09:27:02.571  1482  1746 I EyeStateMonitor: eyepose change to 0, pose timestamp: 1292576587581
12-30 09:27:02.572  1482  1746 E TrackingManagerService: eye isValid 0
12-30 09:27:02.572  3395 12481 I FOO     : onEyeStateEventChange 0
12-30 09:27:02.572  3395  3637 D VrGuardianService: onMotionChange: 102
12-30 09:27:02.572  2488  4801 I rruntimeservice: Mount state changed to (0)
12-30 09:27:02.572  2123  2314 E YvrRuntimeService: eyeStateEvent mIsEyeValid=false
12-30 09:27:02.586  2123  2314 D ActivityManager: freezer override set to true
12-30 09:27:02.625  2488  2505 I rruntimeservice: Explicit concurrent copying GC freed 2705(128KB) AllocSpace objects, 1(20KB) LOS objects, 92% free, 2126KB/26MB, paused 21us,23us total 9.190ms
12-30 09:27:02.639  2123  2314 D ActivityManager: freezer override set to false
12-30 09:27:02.717 12222 12222 I (virq   : irq_count)- GICv3:IPI(1):20811335 GICv3:arch_timer(11):11694909 GICv3:IPI(2):8096535 GICv3:IPI(6):7393790 GICv3:spi_geni(57):1173585 GICv3:ipcc_0(35):635823 GICv3:hfi(305):480098 GICv3:csid1(339):476152 GICv3:csid0(337):448911 ipcc:glink-native-cdsp(487):371464
12-30 09:27:02.717 12222 12222 I (cpu    : irq_count)- 0:8887853 1:7097504 2:13906284 3:10672522 4:7247217 5:7301441
12-30 09:27:02.717 12222 12222 I (ipi    : irq_count)- 0:20811336 1:8096535 2:0 3:0 4:0 5:7393791 6:0
12-30 09:27:02.698  1482  1747 I trackingservice: [Tobii_ETL]TobiiETLImpl.cpp:230 tobii_etl_process_frames() Successfully processed frame 112920
12-30 09:27:02.715  2488  2732 E VSTDisplayManager: VST FPS:73
12-30 09:27:02.727  1482  4607 D TrackingCamera: frameid:75625, qdelay:5886781, frameduration:16666511, boottime:1288696625747, exposure:2553000,gain:52, cameraid:1
12-30 09:27:02.728  1482  4607 D TrackingCamera: frameid:75625, qdelay:6073864, frameduration:16666407, boottime:1288696625695, exposure:2553000,gain:52, cameraid:0
12-30 09:27:02.728  1482  4607 D TrackingCamera: frameid:75625, qdelay:6210166, frameduration:16666511, boottime:1288696625747, exposure:2553000,gain:52, cameraid:3
12-30 09:27:02.728  1482  4607 D TrackingCamera: frameid:75625, qdelay:6340947, frameduration:16666459, boottime:1288696625747, exposure:2553000,gain:52, cameraid:2
12-30 09:27:02.812  1482  4607 D TrackingAuxMultiCamera: frameid:75625, frameduration:16666459, delay:7312885, boottime:1288779956570, exposure:3809000, gain:58, cameraid:5
12-30 09:27:02.813  1482  4607 D TrackingAuxMultiCamera: frameid:75625, frameduration:16666459, delay:7489291, boottime:1288779956570, exposure:3809000, gain:58, cameraid:4
12-30 09:27:02.832  1482  1736 I HandTrackingModule: [hand] hand FPS:(0:0), ts: 1292840049239
12-30 09:27:02.881  2488  2732 I CompositorMonitor: fps:72.0, prd:30.8 ms, cpu:1.4 ms, gpu:3.5 ms, early:72.0, stale:0.0, max_stale:0.0, sw_mode:0, drr:72.0, lat_mode:-1
12-30 09:27:03.002  3853  4015 I ScreencastSinkNative: [0]aud 1s, cap: 0.00[ 94 ] / max: 0, enc: 0.00[ 94 ] / max: 0, bitrate: 1.47M, send connect: 0.00[ 0 ] / max: 0, lost: 0, pkg: 0.00[ 0 ]/ max: 0, msg: 0.14[ 188 ]/ max: 4, dec: 0.00[ 0 ]/ max: 0, play: 85.91[ 94 ]/ max: 108, total: 0.00 / max: 0
12-30 09:27:03.009  3853  4013 I ScreencastSinkNative: [0]vid 1s, cap: 0.00[ 60 ] / max: 0, enc: 0.00[ 60 ] / max: 0, bitrate: 27.72M, send connect: 0.00[ 0 ] / max: 0, lost: 0, pkg: 0.00[ 0 ]/ max: 0, msg: 0.11[ 119 ]/ max: 1, dec: 9.31[ 60 ]/ max: 13, play: 1.36[ 60 ]/ max: 6, total: 0.00 / max: 0
12-30 09:27:03.015  2123  2314 D ActivityManager: freezer override set to true
12-30 09:27:03.032  1482  1747 I trackingservice: [Tobii_ETL]TobiiETLImpl.cpp:230 tobii_etl_process_frames() Successfully processed frame 112950
12-30 09:27:03.044  3395  6190 I guardianservice: Explicit concurrent copying GC freed 2704(112KB) AllocSpace objects, 1(20KB) LOS objects, 91% free, 2184KB/26MB, paused 28us,12us total 11.022ms
12-30 09:27:03.059  2123  2314 D ActivityManager: freezer override set to false
12-30 09:27:03.095  3725  3924 I YUnity  : BOX_LOG BoxScreen [DP] Update: FPS=57
12-30 09:27:03.254  3853 13064 I ScreencastSinkNative: [0]on audio data received, size:2048
12-30 09:27:03.367  1482  1747 I trackingservice: [Tobii_ETL]TobiiETLImpl.cpp:230 tobii_etl_process_frames() Successfully processed frame 112980
12-30 09:27:03.405  1482  1743 I DataMonitor: (cam_dl):[dur: avg:16.57, min:16.67, max:16.67)] [lat: avg:6.28, min:5.80, max:8.75], miss(0) total:180
12-30 09:27:03.405  1482  1743 I DataMonitor: (cam_ul):[dur: avg:16.57, min:16.67, max:16.67)] [lat: avg:6.21, min:5.78, max:7.82], miss(0) total:180
12-30 09:27:03.405  1482  1743 I DataMonitor: (cam_ur):[dur: avg:16.57, min:16.67, max:16.67)] [lat: avg:6.12, min:5.77, max:7.72], miss(0) total:180
12-30 09:27:03.405  1482  1743 I DataMonitor: (cam_dr):[dur: avg:16.57, min:16.67, max:16.67)] [lat: avg:6.30, min:5.77, max:8.24], miss(0) total:180
12-30 09:27:03.405  1482  1743 I DataMonitor: (cam_auxl):[dur: avg:16.57, min:16.67, max:16.67)] [lat: avg:7.37, min:7.02, max:10.24], miss(0) total:180
12-30 09:27:03.405  1482  1743 I DataMonitor: (cam_auxr):[dur: avg:16.57, min:16.67, max:16.67)] [lat: avg:7.33, min:7.03, max:9.88], miss(0) total:180
12-30 09:27:03.405  1482  1743 I DataMonitor: (cam_lvst):[dur: avg:13.89, min:13.89, max:18.69)] [lat: avg:11.32, min:11.00, max:12.83], miss(0) total:215
12-30 09:27:03.405  1482  1743 I DataMonitor: (cam_rvst):[dur: avg:13.89, min:13.89, max:18.69)] [lat: avg:11.34, min:11.00, max:12.64], miss(0) total:215
12-30 09:27:03.405  1482  1743 I DataMonitor: (cam_let):[dur: avg:11.12, min:11.16, max:11.16)] [lat: avg:2.93, min:2.73, max:4.43], miss(0) total:269
12-30 09:27:03.405  1482  1743 I DataMonitor: (cam_ret):[dur: avg:11.12, min:11.16, max:11.16)] [lat: avg:3.01, min:2.74, max:4.55], miss(0) total:269
12-30 09:27:03.405  1482  1743 I DataMonitor: (cam_tof):[dur: avg:32.96, min:33.33, max:33.33)] [lat: avg:25.36, min:24.45, max:26.55], miss(0) total:90
12-30 09:27:03.405  1482  1743 I DataMonitor: (imu_hmd):[dur: avg:0.98, min:0.98, max:0.98)] [lat: avg:0.59, min:0.35, max:1.05], miss(0) total:3071
12-30 09:27:03.405  1482  1743 I DataMonitor: (slam):[lat: avg:4.71, min:3.92, max:10.46], [ql: 0 0.000000] total:3072
12-30 09:27:03.405  1482  1743 I DataMonitor: (eye_pose):[lat: avg:5.84, min:3.86, max:14.59], [ql: 209 0.776952] total:269
12-30 09:27:03.434  2123  2245 D PowerManagerService: acquireWakeLockInternal: lock=9254867, flags=0x1, tag="NetworkStats", ws=null, uid=1000, pid=2123
12-30 09:27:03.435  2123  2245 W BestClock: java.time.DateTimeException: Missing network time fix
12-30 09:27:03.436  2123  2245 W BestClock: java.time.DateTimeException: Missing network time fix
12-30 09:27:03.436  2123  2245 D PowerManagerService: releaseWakeLockInternal: lock=9254867 [NetworkStats], flags=0x0, mOwnerUid:1000, mOwnerPid:2123
12-30 09:27:03.554  3853 13061 I ScreencastSinkNative: [0]on video data received, size:51710
12-30 09:27:03.563  1482  4607 D VSTCamera: frameid:90266, frameduration:13887448, delay:21495126, boottime:1289516327922, exposure:8333333, gain:394, cameraid:6
12-30 09:27:03.563  1482  4607 D VSTCamera: frameid:90266, frameduration:13887448, delay:21910439, boottime:1289516331151, exposure:8333333, gain:394, cameraid:7
12-30 09:27:03.585  3725  4635 I PerfStats.cpp: FPS=72.02/72, Prd=30.84ms, Early=72.02, Stale=0.00, Lat=-1, Fov=0, CPU/GPU=4/5, Free=8064MB, ATW=4.91ms, APP=4.19ms/4.00ms, GD=0.00, CPU%=0.55, GPU%=0.39
12-30 09:27:03.595  3725  3924 D YUnity  : LocalDataController Save
12-30 09:27:03.659  1482  4649 E trackingservice: [EYETRACKING_TOBII]EyeTrackingModule_Tobii.cpp:371 xr_callback() Frame 113006 is already processed.
12-30 09:27:03.703  1482  1747 I trackingservice: [Tobii_ETL]TobiiETLImpl.cpp:230 tobii_etl_process_frames() Successfully processed frame 113010
12-30 09:27:03.728  2488  2732 E VSTDisplayManager: VST FPS:73
12-30 09:27:03.746  1482  4607 D ETMultiCamera: frameid:113014, frameduration:11164271, delay:3510948, boottime:1289717852100, exposure:1075000, gain:98, cameraid:8
12-30 09:27:03.747  1482  4607 D ETMultiCamera: frameid:113014, frameduration:11164270, delay:3651574, boottime:1289717860120, exposure:1075000, gain:98, cameraid:9
12-30 09:27:03.806  1482  4565 I VrlinkDataSource: timeSync.ts:1293822665769, offset:5573
12-30 09:27:03.809  2123  5155 D ActivityManager: freezer override set to true
12-30 09:27:03.853  1482  1736 I HandTrackingModule: [hand] hand FPS:(0:0), ts: 1293856703718
12-30 09:27:03.895  2488  2732 I CompositorMonitor: fps:72.0, prd:30.8 ms, cpu:1.4 ms, gpu:3.5 ms, early:72.0, stale:0.0, max_stale:0.0, sw_mode:0, drr:72.0, lat_mode:-1
12-30 09:27:03.925  2123  5155 D ActivityManager: freezer override set to false
12-30 09:27:03.947  4162  4396 D NetworkService: TotalRxSpeed : 4.651MB/s  /  TotalTxSpeed : 47.5KB/s
12-30 09:27:03.947  4162  4396 D NetworkService: SystemRxSpeed : 4.651MB/s  /  SystemTxSpeed : 47.5KB/s
12-30 09:27:03.968  2123  2708 D PowerManagerService: releaseWakeLockInternal: lock=21747029 [com.yvr.boxmanager:partial_lock], flags=0x10000, mOwnerUid:1000, mOwnerPid:4011
12-30 09:27:04.002  3853  4013 I ScreencastSinkNative: [0]vid 1s, cap: 0.00[ 60 ] / max: 0, enc: 0.00[ 60 ] / max: 0, bitrate: 30.19M, send connect: 0.00[ 0 ] / max: 0, lost: 0, pkg: 0.00[ 0 ]/ max: 0, msg: 0.16[ 121 ]/ max: 2, dec: 9.80[ 60 ]/ max: 14, play: 1.39[ 60 ]/ max: 3, total: 0.00 / max: 0
12-30 09:27:04.008  3853  4015 I ScreencastSinkNative: [0]aud 1s, cap: 0.00[ 95 ] / max: 0, enc: 0.00[ 95 ] / max: 0, bitrate: 1.48M, send connect: 0.00[ 0 ] / max: 0, lost: 0, pkg: 0.00[ 0 ]/ max: 0, msg: 0.12[ 188 ]/ max: 2, dec: 0.00[ 0 ]/ max: 0, play: 85.62[ 93 ]/ max: 107, total: 0.00 / max: 0
12-30 09:27:04.037  1482  1747 I trackingservice: [Tobii_ETL]TobiiETLImpl.cpp:230 tobii_etl_process_frames() Successfully processed frame 113040
12-30 09:27:04.108  3725  3924 I YUnity  : BOX_LOG BoxScreen [DP] Update: FPS=54
12-30 09:27:04.114  2123  2708 D ActivityManager: freezer override set to true
12-30 09:27:04.141  3395  6190 I guardianservice: Explicit concurrent copying GC freed 2694(128KB) AllocSpace objects, 1(20KB) LOS objects, 91% free, 2184KB/26MB, paused 40us,12us total 6.278ms
12-30 09:27:04.158  2123  2708 D ActivityManager: freezer override set to false
12-30 09:27:04.255  2123  2206 D ActivityManager: freezing 3531 com.android.printspooler
12-30 09:27:04.320  3853 13064 I ScreencastSinkNative: [0]on audio data received, size:2048
12-30 09:27:04.373  1482  1747 I trackingservice: [Tobii_ETL]TobiiETLImpl.cpp:230 tobii_etl_process_frames() Successfully processed frame 113070
12-30 09:27:04.501  1482  1746 I EyeStateMonitor: eyepose change to 1, pose timestamp: 1294508006435
12-30 09:27:04.501  1482  1746 E TrackingManagerService: eye isValid 1
12-30 09:27:04.501  3395  6190 I FOO     : onEyeStateEventChange 1
12-30 09:27:04.501  2123  2708 E YvrRuntimeService: eyeStateEvent mIsEyeValid=true
12-30 09:27:04.501  2488  4907 I rruntimeservice: Mount state changed to (1)
12-30 09:27:04.502  2123  2221 D YvrRuntimeService: handleMessage - GO_TO_WAKEUP, sMount: true, pSensorEnable: true
12-30 09:27:04.502  2123  2221 D YvrRuntimeService: yvrWakeUpAndScreenOn mLastScreenOnState =true
12-30 09:27:04.502  3395  3637 D VrGuardianService: onMotionChange: 101
12-30 09:27:04.598  3725  4635 I PerfStats.cpp: FPS=72.02/72, Prd=30.84ms, Early=72.02, Stale=0.00, Lat=-1, Fov=0, CPU/GPU=4/5, Free=8064MB, ATW=4.93ms, APP=4.20ms/4.00ms, GD=0.00, CPU%=0.55, GPU%=0.39
12-30 09:27:04.655  2123  2708 D ActivityManager: freezer override set to true
12-30 09:27:04.656  2123  2708 D ActivityManager: sync unfroze 3531 com.android.printspooler for 19
12-30 09:27:04.695  2488  2505 I rruntimeservice: Explicit concurrent copying GC freed 2705(112KB) AllocSpace objects, 1(20KB) LOS objects, 92% free, 2126KB/26MB, paused 464us,18us total 7.039ms
12-30 09:27:04.709  1482  1747 I trackingservice: [Tobii_ETL]TobiiETLImpl.cpp:230 tobii_etl_process_frames() Successfully processed frame 113100
12-30 09:27:04.711  2123  2708 D ActivityManager: freezer override set to false
12-30 09:27:04.728  2488  2732 I YCameraManager: rgb frame miss frame_stream:0, cur_frame:90350, last_frame:90348
12-30 09:27:04.742  2488  2732 E VSTDisplayManager: VST FPS:73
12-30 09:27:04.744  1482  4607 D TrackingCamera: frameid:75746, qdelay:5993238, frameduration:16666459, boottime:1290713268351, exposure:2553000,gain:52, cameraid:2
12-30 09:27:04.744  1482  4607 D TrackingCamera: frameid:75746, qdelay:6255270, frameduration:16666459, boottime:1290713268351, exposure:2553000,gain:52, cameraid:1
12-30 09:27:04.745  1482  4607 D TrackingCamera: frameid:75746, qdelay:6486728, frameduration:16666511, boottime:1290713268351, exposure:2553000,gain:52, cameraid:0
12-30 09:27:04.745  1482  4607 D TrackingCamera: frameid:75746, qdelay:6814176, frameduration:16666407, boottime:1290713268299, exposure:2553000,gain:52, cameraid:3
12-30 09:27:04.829  1482  4607 D TrackingAuxMultiCamera: frameid:75746, frameduration:16666511, delay:7232832, boottime:1290796599174, exposure:3809000, gain:58, cameraid:5
12-30 09:27:04.830  1482  4607 D TrackingAuxMultiCamera: frameid:75746, frameduration:16666459, delay:7394551, boottime:1290796599174, exposure:3809000, gain:58, cameraid:4
12-30 09:27:04.863  1482  1736 I HandTrackingModule: [hand] hand FPS:(0:0), ts: 1294873358301
12-30 09:27:04.897  1482  4607 D TOFCamera3Device: frameid:37873, frameduration:33332916, delay:25669982, boottime:1290846495045, exposure:1130000, gain:0, cameraid:10
12-30 09:27:04.908  2488  2732 I CompositorMonitor: fps:72.0, prd:30.8 ms, cpu:1.4 ms, gpu:3.5 ms, early:72.0, stale:0.0, max_stale:0.0, sw_mode:0, drr:72.0, lat_mode:-1
12-30 09:27:04.923  1482  4649 E trackingservice: [EYETRACKING_TOBII]EyeTrackingModule_Tobii.cpp:371 xr_callback() Frame 113119 is already processed.
12-30 09:27:04.933  1482  2078 I ThermalManager: [npu:50.9][skin:53.7][camera:50.6][gpu:51.6][ddr:52.1][soc:54.5][cpu:105.3%][pss:1921924KB rss: 858036KB][fan1:36:5586][fan2:39:6012]
12-30 09:27:04.936  2123  2245 D PowerManagerService: acquireWakeLockInternal: lock=9254867, flags=0x1, tag="NetworkStats", ws=null, uid=1000, pid=2123
12-30 09:27:04.939  2123  2245 W BestClock: java.time.DateTimeException: Missing network time fix
12-30 09:27:04.944  2123  2245 W BestClock: java.time.DateTimeException: Missing network time fix
12-30 09:27:04.945  2123  2245 D PowerManagerService: releaseWakeLockInternal: lock=9254867 [NetworkStats], flags=0x0, mOwnerUid:1000, mOwnerPid:2123
12-30 09:27:04.944  1101  1101 I binder:1101_4: type=1400 audit(0.0:637): avc:  denied  { add_name } for  name="globalAlert" scontext=u:r:netd:s0 tcontext=u:object_r:proc_net:s0 tclass=dir permissive=1
12-30 09:27:05.003  3853  4015 I ScreencastSinkNative: [0]aud 1s, cap: 0.00[ 93 ] / max: 0, enc: 0.00[ 93 ] / max: 0, bitrate: 1.45M, send connect: 0.00[ 0 ] / max: 0, lost: 0, pkg: 0.00[ 0 ]/ max: 0, msg: 0.16[ 187 ]/ max: 4, dec: 0.00[ 0 ]/ max: 0, play: 86.14[ 94 ]/ max: 110, total: 0.00 / max: 0
12-30 09:27:05.004  3853  4013 I ScreencastSinkNative: [0]vid 1s, cap: 0.00[ 60 ] / max: 0, enc: 0.00[ 60 ] / max: 0, bitrate: 31.54M, send connect: 0.00[ 0 ] / max: 0, lost: 0, pkg: 0.00[ 0 ]/ max: 0, msg: 0.12[ 118 ]/ max: 1, dec: 9.95[ 58 ]/ max: 17, play: 1.42[ 58 ]/ max: 4, total: 0.00 / max: 0
12-30 09:27:05.043  1482  1747 I trackingservice: [Tobii_ETL]TobiiETLImpl.cpp:230 tobii_etl_process_frames() Successfully processed frame 113130
12-30 09:27:05.097  1482  4607 D ETMultiCamera: frameid:113135, frameduration:11164270, delay:3240792, boottime:1291068728870, exposure:1075000, gain:98, cameraid:8
12-30 09:27:05.097  1482  4607 D ETMultiCamera: frameid:113135, frameduration:11164271, delay:3406052, boottime:1291068736891, exposure:1075000, gain:98, cameraid:9
12-30 09:27:05.122  3725  3924 I YUnity  : BOX_LOG BoxScreen [DP] Update: FPS=53
12-30 09:27:05.210  2123  2708 D ActivityManager: freezer override set to true
12-30 09:27:05.234  3853 13061 I ScreencastSinkNative: [0]on video data received, size:53757
12-30 09:27:05.236  3395  6190 I guardianservice: Explicit concurrent copying GC freed 2704(128KB) AllocSpace objects, 1(20KB) LOS objects, 91% free, 2184KB/26MB, paused 23us,24us total 8.470ms
