12-30 09:27:29.502  2488  4738 I rruntimeservice: Explicit concurrent copying GC freed 2705(128KB) AllocSpace objects, 1(20KB) LOS objects, 92% free, 2126KB/26MB, paused 69us,15us total 9.046ms
12-30 09:27:29.520  2123  2314 D ActivityManager: freezer override set to false
12-30 09:27:29.525  1425  1425 I CNSS    : cnss_open_log_file: directory /data/vendor/wifi/wlan_logs/ created
12-30 09:27:29.727  1482  2078 I ThermalManager: [npu:49.9][skin:53.6][camera:50.6][gpu:50.9][ddr:51.7][soc:54.2][cpu:93.3%][pss:1922620KB rss: 859060KB][fan1:36:5586][fan2:39:6012]
12-30 09:27:29.809  1482  4565 I VrlinkDataSource: timeSync.ts:1319826087999, offset:5938
12-30 09:27:29.827  1482  1747 I trackingservice: [Tobii_ETL]TobiiETLImpl.cpp:230 tobii_etl_process_frames() Successfully processed frame 115350
12-30 09:27:29.868  3725  4635 I PerfStats.cpp: FPS=71.04/72, Prd=30.26ms, Early=71.04, Stale=0.99, Lat=-1, Fov=0, CPU/GPU=4/5, Free=8053MB, ATW=4.74ms, APP=3.91ms/3.64ms, GD=0.00, CPU%=0.51, GPU%=0.37
12-30 09:27:29.980  4162  4396 D NetworkService: TotalRxSpeed : 3.10158MB/s  /  TotalTxSpeed : 47.6KB/s
12-30 09:27:29.980  4162  4396 D NetworkService: SystemRxSpeed : 3.10158MB/s  /  SystemTxSpeed : 47.6KB/s
12-30 09:27:30.005  3853  4015 I ScreencastSinkNative: [0]aud 1s, cap: 0.00[ 94 ] / max: 0, enc: 0.00[ 94 ] / max: 0, bitrate: 1.47M, send connect: 0.00[ 0 ] / max: 0, lost: 0, pkg: 0.00[ 0 ]/ max: 0, msg: 0.12[ 187 ]/ max: 3, dec: 0.00[ 0 ]/ max: 0, play: 86.35[ 93 ]/ max: 111, total: 0.00 / max: 0
12-30 09:27:30.005  3853  4013 I ScreencastSinkNative: [0]vid 1s, cap: 0.00[ 59 ] / max: 0, enc: 0.00[ 59 ] / max: 0, bitrate: 29.84M, send connect: 0.00[ 0 ] / max: 0, lost: 0, pkg: 0.00[ 0 ]/ max: 0, msg: 0.12[ 116 ]/ max: 1, dec: 9.57[ 57 ]/ max: 16, play: 1.43[ 57 ]/ max: 5, total: 0.00 / max: 0
12-30 09:27:30.081  2488  2732 E VSTDisplayManager: VST FPS:73
12-30 09:27:30.162  1482  1747 I trackingservice: [Tobii_ETL]TobiiETLImpl.cpp:230 tobii_etl_process_frames() Successfully processed frame 115380
12-30 09:27:30.185  3853 13064 I ScreencastSinkNative: [0]on audio data received, size:2048
12-30 09:27:30.219  2123  2245 D PowerManagerService: acquireWakeLockInternal: lock=9254867, flags=0x1, tag="NetworkStats", ws=null, uid=1000, pid=2123
12-30 09:27:30.224  2123  2245 W BestClock: java.time.DateTimeException: Missing network time fix
12-30 09:27:30.228  2123  2245 W BestClock: java.time.DateTimeException: Missing network time fix
12-30 09:27:30.228  2123  2245 D PowerManagerService: releaseWakeLockInternal: lock=9254867 [NetworkStats], flags=0x0, mOwnerUid:1000, mOwnerPid:2123
12-30 09:27:30.232  1482  1736 I HandTrackingModule: [hand] hand FPS:(0:0), ts: 1320241271627
12-30 09:27:30.247  2488  2732 I CompositorMonitor: fps:72.0, prd:30.0 ms, cpu:1.4 ms, gpu:3.4 ms, early:72.0, stale:0.0, max_stale:0.0, sw_mode:0, drr:72.0, lat_mode:-1
12-30 09:27:30.322  3725  3924 I YUnity  : BOX_LOG BoxScreen [DP] Update: FPS=51
12-30 09:27:30.408  1482  1743 I DataMonitor: (cam_dl):[dur: avg:16.57, min:16.67, max:16.67)] [lat: avg:9.11, min:8.88, max:9.93], miss(0) total:180
12-30 09:27:30.408  1482  1743 I DataMonitor: (cam_ul):[dur: avg:16.57, min:16.67, max:16.67)] [lat: avg:9.21, min:8.88, max:10.45], miss(0) total:180
12-30 09:27:30.408  1482  1743 I DataMonitor: (cam_ur):[dur: avg:16.57, min:16.67, max:16.67)] [lat: avg:9.24, min:8.88, max:10.92], miss(0) total:180
12-30 09:27:30.408  1482  1743 I DataMonitor: (cam_dr):[dur: avg:16.57, min:16.67, max:16.67)] [lat: avg:9.32, min:8.92, max:10.58], miss(0) total:180
12-30 09:27:30.408  1482  1743 I DataMonitor: (cam_auxl):[dur: avg:16.57, min:16.67, max:16.67)] [lat: avg:10.15, min:9.63, max:12.29], miss(0) total:180
12-30 09:27:30.408  1482  1743 I DataMonitor: (cam_auxr):[dur: avg:16.57, min:16.67, max:16.67)] [lat: avg:10.13, min:9.58, max:12.08], miss(0) total:180
12-30 09:27:30.408  1482  1743 I DataMonitor: (cam_lvst):[dur: avg:13.89, min:13.89, max:18.69)] [lat: avg:11.29, min:10.99, max:14.10], miss(0) total:215
12-30 09:27:30.408  1482  1743 I DataMonitor: (cam_rvst):[dur: avg:13.89, min:13.89, max:18.69)] [lat: avg:11.32, min:11.03, max:13.99], miss(0) total:215
12-30 09:27:30.408  1482  1743 I DataMonitor: (cam_let):[dur: avg:11.12, min:11.16, max:11.16)] [lat: avg:4.89, min:4.65, max:6.63], miss(0) total:269
12-30 09:27:30.408  1482  1743 I DataMonitor: (cam_ret):[dur: avg:11.12, min:11.16, max:11.16)] [lat: avg:4.97, min:4.66, max:6.77], miss(0) total:269
12-30 09:27:30.408  1482  1743 I DataMonitor: (cam_tof):[dur: avg:32.96, min:33.33, max:33.33)] [lat: avg:24.40, min:23.93, max:27.71], miss(0) total:90
12-30 09:27:30.408  1482  1743 I DataMonitor: (imu_hmd):[dur: avg:0.98, min:0.98, max:0.98)] [lat: avg:0.59, min:0.35, max:0.99], miss(0) total:3073
12-30 09:27:30.408  1482  1743 I DataMonitor: (slam):[lat: avg:4.70, min:3.91, max:7.27], [ql: 3072 1.000000] total:3072
12-30 09:27:30.408  1482  1743 I DataMonitor: (eye_pose):[lat: avg:7.64, min:5.97, max:15.89], [ql: 267 1.000000] total:267
12-30 09:27:30.488  1162  2963 I vendor.qti.bluetooth@1.1-ibs_handler: ProcessIbsCmd: Received IBS_WAKE_IND: 0xFD
12-30 09:27:30.488  1162  2963 D vendor.qti.bluetooth@1.1-ibs_handler: SerialClockVote: vote for UART CLK ON
12-30 09:27:30.489  1162  2963 D vendor.qti.bluetooth@1.1-wake_lock: Acquire wakelock is acquired 
12-30 09:27:30.489  1162  2963 I vendor.qti.bluetooth@1.1-ibs_handler: ProcessIbsCmd: Writing IBS_WAKE_ACK
12-30 09:27:30.489  2582  2965 I bt_stack: [INFO:bta_tmap_main.cc(192)] BTTmapCback: bttmap cback
12-30 09:27:30.489  2582  2965 I bt_stack: [INFO:bta_tmap_main.cc(197)] HandleTmapEvent: Tmap handle event: BTA_GATTS_PHY_UPDATE_EVT
12-30 09:27:30.489  2582  2965 I bt_stack: [INFO:bta_tmap_main.cc(274)] HandleTmapEvent: event not matched !!
12-30 09:27:30.489  2582  2965 I bt_stack: [INFO:pacs_client.cc(2773)] pacs_gattc_callback: Event : Unknown Event
12-30 09:27:30.489  2582  2965 I bt_stack: [INFO:ascs_client.cc(1778)] ascs_gattc_callback: Event : Unknown Event
12-30 09:27:30.489  2582  2965 I bt_stack: [INFO:bta_vcp_controller.cc(1122)] vcp_controller_gattc_callback event = Unknown GATT Callback Event
12-30 09:27:30.489  2582  2965 I bt_stack: [INFO:has_client.cc(1817)] GattcCallback: event = 25
12-30 09:27:30.489  2582  2965 I bt_stack: [INFO:bta_mcp_main.cc(895)] HandleMcsEvent   mcs handle event BTA_GATTS_PHY_UPDATE_EVT
12-30 09:27:30.489  2582  2965 I bt_stack: [INFO:bta_mcp_main.cc(1634)] HandleMcsEvent event to media handler MCP_PHY_UPDATE
12-30 09:27:30.489  2582  2965 I bt_stack: [INFO:bta_mcp_main.cc(1645)] MediaStateInactiveHandler handle event MCP_PHY_UPDATE in state MCP_STATE_INACTIVE
12-30 09:27:30.489  2582  2965 I bt_stack: [INFO:bta_mcp_main.cc(1653)] MediaStateInactiveHandler device: 0xb40000703162d500
12-30 09:27:30.489  2582  2965 I bt_stack: [INFO:bta_mcp_main.cc(1654)] MediaStateInactiveHandler inactive mcs handle event MCP_PHY_UPDATE
12-30 09:27:30.489  2582  2965 I bt_stack: [INFO:bta_mcp_main.cc(3234)] DeviceStateConnectionHandler  device connected handle MCP_PHY_UPDATE
12-30 09:27:30.489  2582  2965 I bt_stack: [INFO:bta_mcp_main.cc(1638)] HandleMcsEventfree rsp data
12-30 09:27:30.489  2582  2965 I bt_stack: [INFO:bta_cc_main.cc(1163)] HandleCcsEvent: event: : Unknown bta cc event
12-30 09:27:30.489  2582  2965 I bt_stack: [INFO:bta_cc_main.cc(2323)] CCSHandler: inactive ccs handle event CCS_PHY_UPDATE
12-30 09:27:30.489  2582  2965 I bt_stack: [INFO:bta_cc_main.cc(2608)] CCSHandler: calling device state: 1
12-30 09:27:30.489  2582  2965 I bt_stack: [INFO:bta_cc_main.cc(2086)] DeviceStateConnectionHandler: device connected handle: 150
12-30 09:27:30.489  2582  2965 I bt_stack: [INFO:bta_cc_main.cc(2163)] DeviceStateConnectionHandler: device CCS_PHY_UPDATE update: 150
12-30 09:27:30.489  2582  2965 I bt_stack: [INFO:bta_cc_main.cc(2072)] HandleCcsEventfree rsp data
12-30 09:27:30.490  2582  2836 D BtGatt.GattService: onServerPhyUpdate() - connId=14, status=0
12-30 09:27:30.490  2582  2836 D BtGatt.GattService: onClientPhyUpdate() - connId=16, status=0
12-30 09:27:30.491  3819  4186 D BluetoothGattServer: onPhyUpdate() - device=78:63:84:BD:D0:5A, txPHy=2, rxPHy=1
12-30 09:27:30.491  4011  4041 D BluetoothGatt: onPhyUpdate() - status=0 address=78:63:84:BD:D0:5A txPhy=2 rxPhy=1
12-30 09:27:30.492  2123  5284 D ActivityManager: freezer override set to true
12-30 09:27:30.497  1482  1747 I trackingservice: [Tobii_ETL]TobiiETLImpl.cpp:230 tobii_etl_process_frames() Successfully processed frame 115410
12-30 09:27:30.513  3853 13061 I ScreencastSinkNative: [0]on video data received, size:180114
12-30 09:27:30.524  3395  5793 I guardianservice: Explicit concurrent copying GC freed 2694(112KB) AllocSpace objects, 1(20KB) LOS objects, 91% free, 2185KB/26MB, paused 52us,13us total 11.755ms
12-30 09:27:30.541  2123  5284 D ActivityManager: freezer override set to false
12-30 09:27:30.549  1162  2963 I vendor.qti.bluetooth@1.1-ibs_handler: ProcessIbsCmd: Received IBS_SLEEP_IND: 0xFE
12-30 09:27:30.549  1162  2963 D vendor.qti.bluetooth@1.1-ibs_handler: SerialClockVote: vote for UART CLK OFF
12-30 09:27:30.583  1482  4607 D VSTCamera: frameid:92202, frameduration:13887448, delay:24084283, boottime:1316533508911, exposure:10000000, gain:1600, cameraid:7
12-30 09:27:30.583  1482  4607 D VSTCamera: frameid:92202, frameduration:13887448, delay:24305481, boottime:1316533505682, exposure:10000000, gain:1600, cameraid:6
12-30 09:27:30.694  1161  2467 D dtsaudio: eagle pipeline proc call 24500 (size =960, inCh=3, outCh=3, android fmt in=5, out=5) ret 0 
12-30 09:27:30.699  1162  2869 D vendor.qti.bluetooth@1.1-wake_lock: Release wakelock is released 
12-30 09:27:30.763  1482  4607 D ETMultiCamera: frameid:115434, frameduration:11164271, delay:4780209, boottime:1316733470537, exposure:3000000, gain:98, cameraid:9
12-30 09:27:30.763  1482  4607 D ETMultiCamera: frameid:115434, frameduration:11164271, delay:4921459, boottime:1316733462516, exposure:3000000, gain:98, cameraid:8
12-30 09:27:30.832  1482  1747 I trackingservice: [Tobii_ETL]TobiiETLImpl.cpp:230 tobii_etl_process_frames() Successfully processed frame 115440
12-30 09:27:30.880  3725  4635 I PerfStats.cpp: FPS=72.02/72, Prd=30.02ms, Early=72.02, Stale=0.00, Lat=-1, Fov=0, CPU/GPU=4/5, Free=8053MB, ATW=4.73ms, APP=3.87ms/3.73ms, GD=0.00, CPU%=0.51, GPU%=0.37
12-30 09:27:30.964  1482  4607 D TrackingCamera: frameid:77319, qdelay:8919702, frameduration:16666458, boottime:1316929620523, exposure:5654994,gain:761, cameraid:1
12-30 09:27:30.964  1482  4607 D TrackingCamera: frameid:77319, qdelay:9078504, frameduration:16666458, boottime:1316929620523, exposure:5654994,gain:761, cameraid:0
12-30 09:27:30.964  1482  4607 D TrackingCamera: frameid:77319, qdelay:9264234, frameduration:16666458, boottime:1316929620523, exposure:5654994,gain:761, cameraid:2
12-30 09:27:30.964  1482  4607 D TrackingCamera: frameid:77319, qdelay:9415484, frameduration:16666458, boottime:1316929620523, exposure:5654994,gain:761, cameraid:3
12-30 09:27:31.009  3853  4015 I ScreencastSinkNative: [0]aud 1s, cap: 0.00[ 94 ] / max: 0, enc: 0.00[ 94 ] / max: 0, bitrate: 1.47M, send connect: 0.00[ 0 ] / max: 0, lost: 0, pkg: 0.00[ 0 ]/ max: 0, msg: 0.19[ 188 ]/ max: 3, dec: 0.00[ 0 ]/ max: 0, play: 87.18[ 94 ]/ max: 112, total: 0.00 / max: 0
12-30 09:27:31.010  3853  4013 I ScreencastSinkNative: [0]vid 1s, cap: 0.00[ 60 ] / max: 0, enc: 0.00[ 60 ] / max: 0, bitrate: 30.19M, send connect: 0.00[ 0 ] / max: 0, lost: 0, pkg: 0.00[ 0 ]/ max: 0, msg: 0.14[ 122 ]/ max: 1, dec: 10.03[ 62 ]/ max: 15, play: 1.29[ 62 ]/ max: 6, total: 0.00 / max: 0
12-30 09:27:31.048  1482  4607 D TrackingAuxMultiCamera: frameid:77319, frameduration:16666510, delay:9923624, boottime:1317012952382, exposure:6351000, gain:761, cameraid:4
12-30 09:27:31.048  1482  4607 D TrackingAuxMultiCamera: frameid:77319, frameduration:16666458, delay:10065291, boottime:1317012952382, exposure:6351000, gain:761, cameraid:5
12-30 09:27:31.094  2488  2732 E VSTDisplayManager: VST FPS:73
12-30 09:27:31.133   209   209 I (virq   : irq_count)- GICv3:IPI(1):21348310 GICv3:arch_timer(11):11966773 GICv3:IPI(2):8271412 GICv3:IPI(6):7548162 GICv3:spi_geni(57):1200061 GICv3:ipcc_0(35):660646 GICv3:hfi(305):489298 GICv3:csid1(339):486949 GICv3:csid0(337):459095 ipcc:glink-native-cdsp(487):382337
12-30 09:27:31.133   209   209 I (cpu    : irq_count)- 0:9065762 1:7236698 2:14255142 3:10941454 4:7444646 5:7500794
12-30 09:27:31.133   209   209 I (ipi    : irq_count)- 0:21348313 1:8271412 2:0 3:0 4:0 5:7548162 6:0
12-30 09:27:31.167  1482  1747 I trackingservice: [Tobii_ETL]TobiiETLImpl.cpp:230 tobii_etl_process_frames() Successfully processed frame 115470
12-30 09:27:31.250  1482  1736 I HandTrackingModule: [hand] hand FPS:(0:0), ts: 1321257926158
12-30 09:27:31.259  3853 13064 I ScreencastSinkNative: [0]on audio data received, size:2048
12-30 09:27:31.261  2488  2732 I CompositorMonitor: fps:72.0, prd:30.3 ms, cpu:1.4 ms, gpu:3.4 ms, early:72.0, stale:0.0, max_stale:0.0, sw_mode:0, drr:72.0, lat_mode:-1
12-30 09:27:31.295  2123  2206 D ActivityManager: freezing 4433 com.android.providers.calendar
12-30 09:27:31.336  3725  3924 I YUnity  : BOX_LOG BoxScreen [DP] Update: FPS=51
12-30 09:27:31.378  1232 13094 I QC2Comp : [hevcD_38] Stats: Pending(1) i/p-done(1) Works: Q: 4835/Done 4835|Work-Rate: Q(59.8/s Avg=60.0/s) Done(59.798/s Avg=60.043/s)| Stream: 79.33fps 33.5Mbps
12-30 09:27:31.378  1232 13094 I QC2Comp : [hevcD_38] Mem-usage:  [In-1D: 4 bufs 33.750 MB] [1D-55: 28 bufs 0.438 MB] [2D-56: 29 bufs 348.227 MB] | Total: 382.414 MB
12-30 09:27:31.455  2488  2732 I YCameraManager: rgb frame miss frame_stream:0, cur_frame:92265, last_frame:92263
12-30 09:27:31.483  2488  2732 I YCameraManager: rgb frame miss frame_stream:0, cur_frame:92267, last_frame:92265
12-30 09:27:31.502  1482  1747 I trackingservice: [Tobii_ETL]TobiiETLImpl.cpp:230 tobii_etl_process_frames() Successfully processed frame 115500
12-30 09:27:31.525  2488  2732 I YCameraManager: rgb frame miss frame_stream:0, cur_frame:92270, last_frame:92268
12-30 09:27:31.535  2123  5565 D ActivityManager: freezer override set to true
12-30 09:27:31.535  2123  5565 D ActivityManager: sync unfroze 4433 com.android.providers.calendar for 19
12-30 09:27:31.552  2488  2732 I YCameraManager: rgb frame miss frame_stream:0, cur_frame:92272, last_frame:92270
12-30 09:27:31.570  2488  4907 I rruntimeservice: Explicit concurrent copying GC freed 2705(128KB) AllocSpace objects, 1(20KB) LOS objects, 92% free, 2126KB/26MB, paused 22us,14us total 5.299ms
12-30 09:27:31.580  2488  2732 I YCameraManager: rgb frame miss frame_stream:0, cur_frame:92274, last_frame:92272
12-30 09:27:31.586  2123  5565 D ActivityManager: freezer override set to false
12-30 09:27:31.602  2123  5565 D ActivityManager: freezer override set to true
12-30 09:27:31.622  2488  2732 I YCameraManager: rgb frame miss frame_stream:0, cur_frame:92277, last_frame:92275
12-30 09:27:31.626  3395  5793 I guardianservice: Explicit concurrent copying GC freed 2694(128KB) AllocSpace objects, 1(20KB) LOS objects, 91% free, 2185KB/26MB, paused 23us,15us total 6.303ms
12-30 09:27:31.641  2123  5565 D ActivityManager: freezer override set to false
12-30 09:27:31.719  2123  2245 D PowerManagerService: acquireWakeLockInternal: lock=9254867, flags=0x1, tag="NetworkStats", ws=null, uid=1000, pid=2123
12-30 09:27:31.720  2123  2245 W BestClock: java.time.DateTimeException: Missing network time fix
12-30 09:27:31.722  2123  2245 W BestClock: java.time.DateTimeException: Missing network time fix
12-30 09:27:31.723  2123  2245 D PowerManagerService: releaseWakeLockInternal: lock=9254867 [NetworkStats], flags=0x0, mOwnerUid:1000, mOwnerPid:2123
12-30 09:27:31.810  1482  4565 I VrlinkDataSource: timeSync.ts:1321826613884, offset:5729
12-30 09:27:31.837  1482  1747 I trackingservice: [Tobii_ETL]TobiiETLImpl.cpp:230 tobii_etl_process_frames() Successfully processed frame 115530
12-30 09:27:31.894  3725  4635 I PerfStats.cpp: FPS=72.02/72, Prd=30.30ms, Early=72.02, Stale=0.00, Lat=-1, Fov=0, CPU/GPU=4/5, Free=8052MB, ATW=4.77ms, APP=3.97ms/3.67ms, GD=0.00, CPU%=0.50, GPU%=0.37
12-30 09:27:31.983  4162  4396 D NetworkService: TotalRxSpeed : 4.860MB/s  /  TotalTxSpeed : 48.6KB/s
12-30 09:27:31.983  4162  4396 D NetworkService: SystemRxSpeed : 4.861MB/s  /  SystemTxSpeed : 48.6KB/s
12-30 09:27:32.001  3853  4015 I ScreencastSinkNative: [0]aud 1s, cap: 0.00[ 93 ] / max: 0, enc: 0.00[ 93 ] / max: 0, bitrate: 1.45M, send connect: 0.00[ 0 ] / max: 0, lost: 0, pkg: 0.00[ 0 ]/ max: 0, msg: 0.12[ 187 ]/ max: 2, dec: 0.00[ 0 ]/ max: 0, play: 86.95[ 94 ]/ max: 112, total: 0.00 / max: 0
12-30 09:27:32.006  3853  4013 I ScreencastSinkNative: [0]vid 1s, cap: 0.00[ 60 ] / max: 0, enc: 0.00[ 60 ] / max: 0, bitrate: 28.80M, send connect: 0.00[ 0 ] / max: 0, lost: 0, pkg: 0.00[ 0 ]/ max: 0, msg: 0.14[ 120 ]/ max: 2, dec: 9.81[ 60 ]/ max: 15, play: 1.34[ 60 ]/ max: 4, total: 0.00 / max: 0
12-30 09:27:32.071 11585 11585 I sd 0    : 0:0:0: [sda] Synchronizing SCSI cache
12-30 09:27:32.062  1482  4649 E trackingservice: [EYETRACKING_TOBII]EyeTrackingModule_Tobii.cpp:371 xr_callback() Frame 115550 is already processed.
12-30 09:27:32.108  2488  2732 E VSTDisplayManager: VST FPS:73
12-30 09:27:32.116  1482  4607 D ETMultiCamera: frameid:115555, frameduration:11164271, delay:6980000, boottime:1318084339287, exposure:3000000, gain:98, cameraid:8
12-30 09:27:32.117  1482  4607 D ETMultiCamera: frameid:115555, frameduration:11164271, delay:7291667, boottime:1318084347308, exposure:3000000, gain:98, cameraid:9
12-30 09:27:32.172  1482  1747 I trackingservice: [Tobii_ETL]TobiiETLImpl.cpp:230 tobii_etl_process_frames() Successfully processed frame 115560
12-30 09:27:32.191  3853 13061 I ScreencastSinkNative: [0]on video data received, size:91928
12-30 09:27:32.266  1482  1736 I HandTrackingModule: [hand] hand FPS:(0:0), ts: 1322274580690
12-30 09:27:32.271  1482  4607 D VSTCamera: frameid:92323, frameduration:13887448, delay:22992356, boottime:1318223491619, exposure:10000000, gain:1600, cameraid:6
12-30 09:27:32.272  1482  4607 D VSTCamera: frameid:92323, frameduration:13887447, delay:23100950, boottime:1318223494848, exposure:10000000, gain:1600, cameraid:7
12-30 09:27:32.274  2488  2732 I CompositorMonitor: fps:72.0, prd:30.1 ms, cpu:1.3 ms, gpu:3.4 ms, early:72.0, stale:0.0, max_stale:0.0, sw_mode:0, drr:72.0, lat_mode:-1
12-30 09:27:32.330  3853 13064 I ScreencastSinkNative: [0]on audio data received, size:2048
12-30 09:27:32.351  3725  3924 I YUnity  : BOX_LOG BoxScreen [DP] Update: FPS=55
12-30 09:27:32.469  4140  4289 D DeviceUtils: isVerityModeDisabled verityMode: enforcing, forceEnableWP: false
12-30 09:27:32.470  4140  4289 D PerformanceService: handleMessage - isLow: false, lowMemForLmk: false
12-30 09:27:32.470  4140  4289 D DeviceUtils: isVerityModeDisabled verityMode: enforcing, forceEnableWP: false
12-30 09:27:32.507  1482  1747 I trackingservice: [Tobii_ETL]TobiiETLImpl.cpp:230 tobii_etl_process_frames() Successfully processed frame 115590
12-30 09:27:32.510  2488  2732 I VstCameraDeviceImpl: calculatePhase, fn:92340 (95 : 100), delay:10737600
12-30 09:27:32.558  3853 13092 D BufferPoolAccessor2.0: bufferpool2 0xb400006fe162eec8 : 4(35389440 size) total buffers - 4(35389440 size) used buffers - 1/5 (recycle/alloc) - 4/4907 (fetch/transfer)
12-30 09:27:32.702  2123  2708 D ActivityManager: freezer override set to true
12-30 09:27:32.727  3395  6190 I guardianservice: Explicit concurrent copying GC freed 2694(112KB) AllocSpace objects, 1(20KB) LOS objects, 91% free, 2185KB/26MB, paused 31us,25us total 7.697ms
12-30 09:27:32.742  2123  2708 D ActivityManager: freezer override set to false
12-30 09:27:32.746  2123  2708 D ActivityManager: freezer override set to true
12-30 09:27:32.826  2123  2708 D ActivityManager: freezer override set to false
12-30 09:27:32.841  1482  1747 I trackingservice: [Tobii_ETL]TobiiETLImpl.cpp:230 tobii_etl_process_frames() Successfully processed frame 115620
12-30 09:27:32.895  3725  4635 I PerfStats.cpp: FPS=72.02/72, Prd=30.12ms, Early=72.02, Stale=0.00, Lat=-1, Fov=0, CPU/GPU=4/5, Free=8052MB, ATW=4.73ms, APP=3.79ms/3.64ms, GD=0.00, CPU%=0.50, GPU%=0.37
12-30 09:27:32.980  1482  4607 D TrackingCamera: frameid:77440, qdelay:8938398, frameduration:16666459, boottime:1318946263076, exposure:5654994,gain:761, cameraid:1
12-30 09:27:32.980  1482  4607 D TrackingCamera: frameid:77440, qdelay:9125482, frameduration:16666459, boottime:1318946263076, exposure:5654994,gain:761, cameraid:0
12-30 09:27:32.981  1482  4607 D TrackingCamera: frameid:77440, qdelay:9295430, frameduration:16666459, boottime:1318946263076, exposure:5654994,gain:761, cameraid:3
12-30 09:27:32.981  1482  4607 D TrackingCamera: frameid:77440, qdelay:9474857, frameduration:16666459, boottime:1318946263128, exposure:5654994,gain:761, cameraid:2
12-30 09:27:33.004  3853  4013 I ScreencastSinkNative: [0]vid 1s, cap: 0.00[ 60 ] / max: 0, enc: 0.00[ 60 ] / max: 0, bitrate: 29.13M, send connect: 0.00[ 0 ] / max: 0, lost: 0, pkg: 0.00[ 0 ]/ max: 0, msg: 0.18[ 119 ]/ max: 2, dec: 9.69[ 59 ]/ max: 14, play: 1.21[ 59 ]/ max: 4, total: 0.00 / max: 0
12-30 09:27:33.005  3853  4015 I ScreencastSinkNative: [0]aud 1s, cap: 0.00[ 94 ] / max: 0, enc: 0.00[ 94 ] / max: 0, bitrate: 1.47M, send connect: 0.00[ 0 ] / max: 0, lost: 0, pkg: 0.00[ 0 ]/ max: 0, msg: 0.16[ 188 ]/ max: 2, dec: 0.00[ 0 ]/ max: 0, play: 85.89[ 94 ]/ max: 112, total: 0.00 / max: 0
12-30 09:27:33.064  1482  4607 D TrackingAuxMultiCamera: frameid:77440, frameduration:16666510, delay:9693051, boottime:1319029594934, exposure:6351000, gain:761, cameraid:5
12-30 09:27:33.065  1482  4607 D TrackingAuxMultiCamera: frameid:77440, frameduration:16666458, delay:9846384, boottime:1319029594934, exposure:6351000, gain:761, cameraid:4
12-30 09:27:33.121  2488  2732 E VSTDisplayManager: VST FPS:73
12-30 09:27:33.129  1482  4607 D TOFCamera3Device: frameid:38720, frameduration:33332916, delay:24709138, boottime:1319079491295, exposure:1130000, gain:0, cameraid:10
12-30 09:27:33.176  1482  1747 I trackingservice: [Tobii_ETL]TobiiETLImpl.cpp:230 tobii_etl_process_frames() Successfully processed frame 115650
12-30 09:27:33.221  2123  2245 D PowerManagerService: acquireWakeLockInternal: lock=9254867, flags=0x1, tag="NetworkStats", ws=null, uid=1000, pid=2123
12-30 09:27:33.224  2123  2245 W BestClock: java.time.DateTimeException: Missing network time fix
12-30 09:27:33.227  2123  2245 W BestClock: java.time.DateTimeException: Missing network time fix
12-30 09:27:33.227  2123  2245 D PowerManagerService: releaseWakeLockInternal: lock=9254867 [NetworkStats], flags=0x0, mOwnerUid:1000, mOwnerPid:2123
12-30 09:27:33.224  1101  1101 I binder:1101_4: type=1400 audit(0.0:639): avc:  denied  { add_name } for  name="globalAlert" scontext=u:r:netd:s0 tcontext=u:object_r:proc_net:s0 tclass=dir permissive=1
12-30 09:27:33.287  1482  1736 I HandTrackingModule: [hand] hand FPS:(0:0), ts: 1323291235221
12-30 09:27:33.288  2488  2732 I CompositorMonitor: fps:72.0, prd:29.9 ms, cpu:1.3 ms, gpu:3.4 ms, early:72.0, stale:0.0, max_stale:0.0, sw_mode:0, drr:72.0, lat_mode:-1
12-30 09:27:33.352  3725  3924 I YUnity  : BOX_LOG BoxScreen [DP] Update: FPS=46
12-30 09:27:33.408  1482  1743 I DataMonitor: (cam_dl):[dur: avg:16.57, min:16.67, max:16.67)] [lat: avg:9.11, min:8.88, max:10.20], miss(0) total:180
12-30 09:27:33.408  1482  1743 I DataMonitor: (cam_ul):[dur: avg:16.57, min:16.67, max:16.67)] [lat: avg:9.28, min:8.88, max:10.95], miss(0) total:180
12-30 09:27:33.408  1482  1743 I DataMonitor: (cam_ur):[dur: avg:16.57, min:16.67, max:16.67)] [lat: avg:9.26, min:8.87, max:10.99], miss(0) total:180
12-30 09:27:33.408  1482  1743 I DataMonitor: (cam_dr):[dur: avg:16.57, min:16.67, max:16.67)] [lat: avg:9.33, min:8.89, max:10.72], miss(0) total:180
12-30 09:27:33.408  1482  1743 I DataMonitor: (cam_auxl):[dur: avg:16.57, min:16.67, max:16.67)] [lat: avg:10.26, min:9.59, max:12.39], miss(0) total:180
12-30 09:27:33.408  1482  1743 I DataMonitor: (cam_auxr):[dur: avg:16.57, min:16.67, max:16.67)] [lat: avg:10.25, min:9.59, max:12.66], miss(0) total:180
12-30 09:27:33.408  1482  1743 I DataMonitor: (cam_lvst):[dur: avg:13.88, min:13.89, max:18.69)] [lat: avg:11.33, min:10.99, max:12.97], miss(0) total:215
12-30 09:27:33.408  1482  1743 I DataMonitor: (cam_rvst):[dur: avg:13.88, min:13.89, max:18.69)] [lat: avg:11.39, min:11.00, max:12.92], miss(0) total:215
12-30 09:27:33.408  1482  1743 I DataMonitor: (cam_let):[dur: avg:11.12, min:11.16, max:11.16)] [lat: avg:4.87, min:4.64, max:6.98], miss(0) total:268
12-30 09:27:33.408  1482  1743 I DataMonitor: (cam_ret):[dur: avg:11.12, min:11.16, max:11.16)] [lat: avg:4.95, min:4.65, max:7.35], miss(0) total:268
12-30 09:27:33.408  1482  1743 I DataMonitor: (cam_tof):[dur: avg:32.96, min:33.33, max:33.33)] [lat: avg:24.43, min:23.89, max:25.36], miss(0) total:90
12-30 09:27:33.408  1482  1743 I DataMonitor: (imu_hmd):[dur: avg:0.98, min:0.98, max:0.98)] [lat: avg:0.60, min:0.35, max:0.90], miss(0) total:3072
12-30 09:27:33.408  1482  1743 I DataMonitor: (slam):[lat: avg:4.71, min:3.90, max:8.60], [ql: 3072 1.000000] total:3072
12-30 09:27:33.408  1482  1743 I DataMonitor: (eye_pose):[lat: avg:7.60, min:5.86, max:12.87], [ql: 268 1.000000] total:268
12-30 09:27:33.410  3853 13064 I ScreencastSinkNative: [0]on audio data received, size:2048
12-30 09:27:33.465  1482  4607 D ETMultiCamera: frameid:115676, frameduration:11164271, delay:4678802, boottime:1319435216058, exposure:3000000, gain:98, cameraid:8
12-30 09:27:33.465  1482  4607 D ETMultiCamera: frameid:115676, frameduration:11164271, delay:4798177, boottime:1319435224079, exposure:3000000, gain:98, cameraid:9
12-30 09:27:33.511  1482  1747 I trackingservice: [Tobii_ETL]TobiiETLImpl.cpp:230 tobii_etl_process_frames() Successfully processed frame 115680
12-30 09:27:33.601  2123  2708 D ActivityManager: freezer override set to true
12-30 09:27:33.635  2488  4789 I rruntimeservice: Explicit concurrent copying GC freed 2705(128KB) AllocSpace objects, 1(20KB) LOS objects, 92% free, 2126KB/26MB, paused 23us,12us total 5.120ms
12-30 09:27:33.650  2123  2708 D ActivityManager: freezer override set to false
12-30 09:27:33.796  2123  5155 D ActivityManager: freezer override set to true
12-30 09:27:33.810  1482  4565 I VrlinkDataSource: timeSync.ts:1323826828779, offset:6458
12-30 09:27:33.824  3395  5793 I guardianservice: Explicit concurrent copying GC freed 2694(112KB) AllocSpace objects, 1(20KB) LOS objects, 91% free, 2185KB/26MB, paused 29us,12us total 8.864ms
12-30 09:27:33.829  1482  2078 I ThermalManager: [npu:49.9][skin:53.6][camera:50.2][gpu:51.6][ddr:52.1][soc:54.3][cpu:88.0%][pss:1922506KB rss: 858944KB][fan1:36:5586][fan2:39:6012]
12-30 09:27:33.839  2123  5155 D ActivityManager: freezer override set to false
12-30 09:27:33.847  1482  1747 I trackingservice: [Tobii_ETL]TobiiETLImpl.cpp:230 tobii_etl_process_frames() Successfully processed frame 115710
12-30 09:27:33.877  3853 13061 I ScreencastSinkNative: [0]on video data received, size:35376
12-30 09:27:33.908  3725  4635 I PerfStats.cpp: FPS=72.02/72, Prd=29.89ms, Early=72.02, Stale=0.00, Lat=-1, Fov=0, CPU/GPU=4/5, Free=8053MB, ATW=4.72ms, APP=3.91ms/3.60ms, GD=0.00, CPU%=0.51, GPU%=0.37
12-30 09:27:33.956  1482  4607 D VSTCamera: frameid:92444, frameduration:13887448, delay:23185168, boottime:1319907545942, exposure:10000000, gain:1600, cameraid:6
12-30 09:27:33.956  1482  4607 D VSTCamera: frameid:92444, frameduration:13887448, delay:23374647, boottime:1319907549171, exposure:10000000, gain:1600, cameraid:7
12-30 09:27:33.966  2123  5155 D PowerManagerService: releaseWakeLockInternal: lock=21747029 [com.yvr.boxmanager:partial_lock], flags=0x10000, mOwnerUid:1000, mOwnerPid:4011
12-30 09:27:33.990  4162  4396 D NetworkService: TotalRxSpeed : 4.1163MB/s  /  TotalTxSpeed : 48.3KB/s
12-30 09:27:33.990  4162  4396 D NetworkService: SystemRxSpeed : 4.1174MB/s  /  SystemTxSpeed : 48.4KB/s
12-30 09:27:34.004  3853  4013 I ScreencastSinkNative: [0]vid 1s, cap: 0.00[ 60 ] / max: 0, enc: 0.00[ 60 ] / max: 0, bitrate: 31.30M, send connect: 0.00[ 0 ] / max: 0, lost: 0, pkg: 0.00[ 0 ]/ max: 0, msg: 0.27[ 121 ]/ max: 3, dec: 10.00[ 61 ]/ max: 15, play: 1.56[ 61 ]/ max: 5, total: 0.00 / max: 0
12-30 09:27:34.004  3853  4015 I ScreencastSinkNative: [0]aud 1s, cap: 0.00[ 94 ] / max: 0, enc: 0.00[ 94 ] / max: 0, bitrate: 1.47M, send connect: 0.00[ 0 ] / max: 0, lost: 0, pkg: 0.00[ 0 ]/ max: 0, msg: 0.16[ 187 ]/ max: 2, dec: 0.00[ 0 ]/ max: 0, play: 86.31[ 93 ]/ max: 112, total: 0.00 / max: 0
12-30 09:27:34.135  2488  2732 E VSTDisplayManager: VST FPS:73
12-30 09:27:34.182  1482  1747 I trackingservice: [Tobii_ETL]TobiiETLImpl.cpp:230 tobii_etl_process_frames() Successfully processed frame 115740
12-30 09:27:34.299  1482  1736 I HandTrackingModule: [hand] hand FPS:(0:0), ts: 1324307096707
12-30 09:27:34.302  2488  2732 I CompositorMonitor: fps:72.0, prd:30.1 ms, cpu:1.3 ms, gpu:3.4 ms, early:72.0, stale:0.0, max_stale:0.0, sw_mode:0, drr:72.0, lat_mode:-1
12-30 09:27:34.302  2488  2732 I YCameraManager: rgb frame miss frame_stream:0, cur_frame:92469, last_frame:92467
12-30 09:27:34.352  3725  3924 I YUnity  : BOX_LOG BoxScreen [DP] Update: FPS=46
12-30 09:27:34.413  2488  2732 I YCameraManager: rgb frame miss frame_stream:0, cur_frame:92477, last_frame:92475
12-30 09:27:34.503  3853 13064 I ScreencastSinkNative: [0]on audio data received, size:2048
12-30 09:27:34.518  1482  1747 I trackingservice: [Tobii_ETL]TobiiETLImpl.cpp:230 tobii_etl_process_frames() Successfully processed frame 115770
12-30 09:27:34.700  2123  2245 D PowerManagerService: acquireWakeLockInternal: lock=9254867, flags=0x1, tag="NetworkStats", ws=null, uid=1000, pid=2123
12-30 09:27:34.701  2123  2245 W BestClock: java.time.DateTimeException: Missing network time fix
12-30 09:27:34.703  2123  2245 W BestClock: java.time.DateTimeException: Missing network time fix
12-30 09:27:34.703  2123  2245 D PowerManagerService: releaseWakeLockInternal: lock=9254867 [NetworkStats], flags=0x0, mOwnerUid:1000, mOwnerPid:2123
12-30 09:27:34.816  1482  4607 D ETMultiCamera: frameid:115797, frameduration:11164271, delay:4665780, boottime:1320786092829, exposure:3000000, gain:98, cameraid:8
12-30 09:27:34.816  1482  4607 D ETMultiCamera: frameid:115797, frameduration:11164271, delay:4791561, boottime:1320786100850, exposure:3000000, gain:98, cameraid:9
12-30 09:27:34.852  1482  1747 I trackingservice: [Tobii_ETL]TobiiETLImpl.cpp:230 tobii_etl_process_frames() Successfully processed frame 115800
12-30 09:27:34.892  2123  5155 D ActivityManager: freezer override set to true
12-30 09:27:34.908  3725  4635 I PerfStats.cpp: FPS=72.02/72, Prd=30.13ms, Early=72.02, Stale=0.00, Lat=-1, Fov=0, CPU/GPU=4/5, Free=8053MB, ATW=4.72ms, APP=3.71ms/3.80ms, GD=0.00, CPU%=0.51, GPU%=0.37
12-30 09:27:34.921  3395 12481 I guardianservice: Explicit concurrent copying GC freed 2694(112KB) AllocSpace objects, 1(20KB) LOS objects, 91% free, 2185KB/26MB, paused 19us,12us total 9.205ms
12-30 09:27:34.935  2123  5155 D ActivityManager: freezer override set to false
12-30 09:27:34.995  1482  4607 D TrackingCamera: frameid:77561, qdelay:7320269, frameduration:16666458, boottime:1320962904642, exposure:4044000,gain:442, cameraid:0
12-30 09:27:34.995  1482  4607 D TrackingCamera: frameid:77561, qdelay:7556987, frameduration:16666511, boottime:1320962904695, exposure:4044000,gain:442, cameraid:1
12-30 09:27:34.996  1482  4607 D TrackingCamera: frameid:77561, qdelay:7680165, frameduration:16666458, boottime:1320962904642, exposure:4044000,gain:442, cameraid:2
12-30 09:27:34.996  1482  4607 D TrackingCamera: frameid:77561, qdelay:7815633, frameduration:16666511, boottime:1320962904695, exposure:4044000,gain:442, cameraid:3
12-30 09:27:35.009  3853  4013 I ScreencastSinkNative: [0]vid 1s, cap: 0.00[ 60 ] / max: 0, enc: 0.00[ 60 ] / max: 0, bitrate: 29.73M, send connect: 0.00[ 0 ] / max: 0, lost: 0, pkg: 0.00[ 0 ]/ max: 0, msg: 0.15[ 120 ]/ max: 2, dec: 9.62[ 60 ]/ max: 16, play: 1.47[ 60 ]/ max: 5, total: 0.00 / max: 0
12-30 09:27:35.009  3853  4015 I ScreencastSinkNative: [0]aud 1s, cap: 0.00[ 94 ] / max: 0, enc: 0.00[ 94 ] / max: 0, bitrate: 1.47M, send connect: 0.00[ 0 ] / max: 0, lost: 0, pkg: 0.00[ 0 ]/ max: 0, msg: 0.13[ 188 ]/ max: 3, dec: 0.00[ 0 ]/ max: 0, play: 84.75[ 94 ]/ max: 113, total: 0.00 / max: 0
12-30 09:27:35.081  1482  4607 D TrackingAuxMultiCamera: frameid:77561, frameduration:16666510, delay:9688988, boottime:1321046237486, exposure:6351000, gain:761, cameraid:4
12-30 09:27:35.082  1482  4607 D TrackingAuxMultiCamera: frameid:77561, frameduration:16666458, delay:9952477, boottime:1321046237486, exposure:6351000, gain:761, cameraid:5
12-30 09:27:35.149  2488  2732 E VSTDisplayManager: VST FPS:73
12-30 09:27:35.186  1482  1747 I trackingservice: [Tobii_ETL]TobiiETLImpl.cpp:230 tobii_etl_process_frames() Successfully processed frame 115830
12-30 09:27:35.315  2488  2732 I CompositorMonitor: fps:72.0, prd:29.9 ms, cpu:1.3 ms, gpu:3.4 ms, early:72.0, stale:0.0, max_stale:0.0, sw_mode:0, drr:72.0, lat_mode:-1
12-30 09:27:35.317  1482  1736 I HandTrackingModule: [hand] hand FPS:(0:0), ts: 1325323750187
12-30 09:27:35.364  3725  3924 I YUnity  : BOX_LOG BoxScreen [DP] Update: FPS=53
12-30 09:27:35.426  2123  2206 D ActivityManager: freezing 3531 com.android.printspooler
12-30 09:27:35.521  1482  1747 I trackingservice: [Tobii_ETL]TobiiETLImpl.cpp:230 tobii_etl_process_frames() Successfully processed frame 115860
12-30 09:27:35.548  3853 13061 I ScreencastSinkNative: [0]on video data received, size:25312
12-30 09:27:35.570  3853 13064 I ScreencastSinkNative: [0]on audio data received, size:2048
12-30 09:27:35.618  1162  2963 I vendor.qti.bluetooth@1.1-ibs_handler: ProcessIbsCmd: Received IBS_WAKE_IND: 0xFD
12-30 09:27:35.618  1162  2963 D vendor.qti.bluetooth@1.1-ibs_handler: SerialClockVote: vote for UART CLK ON
12-30 09:27:35.618  1162  2963 D vendor.qti.bluetooth@1.1-wake_lock: Acquire wakelock is acquired 
12-30 09:27:35.618  1162  2963 I vendor.qti.bluetooth@1.1-ibs_handler: ProcessIbsCmd: Writing IBS_WAKE_ACK
12-30 09:27:35.619  2582  2965 I bt_stack: [INFO:bta_tmap_main.cc(192)] BTTmapCback: bttmap cback
12-30 09:27:35.619  2582  2965 I bt_stack: [INFO:bta_tmap_main.cc(197)] HandleTmapEvent: Tmap handle event: BTA_GATTS_PHY_UPDATE_EVT
12-30 09:27:35.619  2582  2965 I bt_stack: [INFO:bta_tmap_main.cc(274)] HandleTmapEvent: event not matched !!
12-30 09:27:35.619  2582  2965 I bt_stack: [INFO:pacs_client.cc(2773)] pacs_gattc_callback: Event : Unknown Event
12-30 09:27:35.619  2582  2965 I bt_stack: [INFO:ascs_client.cc(1778)] ascs_gattc_callback: Event : Unknown Event
12-30 09:27:35.619  2582  2965 I bt_stack: [INFO:bta_vcp_controller.cc(1122)] vcp_controller_gattc_callback event = Unknown GATT Callback Event
12-30 09:27:35.619  2582  2965 I bt_stack: [INFO:has_client.cc(1817)] GattcCallback: event = 25
12-30 09:27:35.619  2582  2965 I bt_stack: [INFO:bta_mcp_main.cc(895)] HandleMcsEvent   mcs handle event BTA_GATTS_PHY_UPDATE_EVT
12-30 09:27:35.619  2582  2965 I bt_stack: [INFO:bta_mcp_main.cc(1634)] HandleMcsEvent event to media handler MCP_PHY_UPDATE
12-30 09:27:35.619  2582  2965 I bt_stack: [INFO:bta_mcp_main.cc(1645)] MediaStateInactiveHandler handle event MCP_PHY_UPDATE in state MCP_STATE_INACTIVE
12-30 09:27:35.619  2582  2965 I bt_stack: [INFO:bta_mcp_main.cc(1653)] MediaStateInactiveHandler device: 0xb40000703162d500
12-30 09:27:35.619  2582  2965 I bt_stack: [INFO:bta_mcp_main.cc(1654)] MediaStateInactiveHandler inactive mcs handle event MCP_PHY_UPDATE
12-30 09:27:35.619  2582  2965 I bt_stack: [INFO:bta_mcp_main.cc(3234)] DeviceStateConnectionHandler  device connected handle MCP_PHY_UPDATE
12-30 09:27:35.619  2582  2965 I bt_stack: [INFO:bta_mcp_main.cc(1638)] HandleMcsEventfree rsp data
12-30 09:27:35.619  2582  2965 I bt_stack: [INFO:bta_cc_main.cc(1163)] HandleCcsEvent: event: : Unknown bta cc event
12-30 09:27:35.619  2582  2965 I bt_stack: [INFO:bta_cc_main.cc(2323)] CCSHandler: inactive ccs handle event CCS_PHY_UPDATE
12-30 09:27:35.619  2582  2965 I bt_stack: [INFO:bta_cc_main.cc(2608)] CCSHandler: calling device state: 1
12-30 09:27:35.619  2582  2965 I bt_stack: [INFO:bta_cc_main.cc(2086)] DeviceStateConnectionHandler: device connected handle: 150
12-30 09:27:35.619  2582  2965 I bt_stack: [INFO:bta_cc_main.cc(2163)] DeviceStateConnectionHandler: device CCS_PHY_UPDATE update: 150
12-30 09:27:35.619  2582  2965 I bt_stack: [INFO:bta_cc_main.cc(2072)] HandleCcsEventfree rsp data
12-30 09:27:35.619  2582  2836 D BtGatt.GattService: onServerPhyUpdate() - connId=14, status=0
12-30 09:27:35.619  2582  2836 D BtGatt.GattService: onClientPhyUpdate() - connId=16, status=0
12-30 09:27:35.619  4011  4041 D BluetoothGatt: onPhyUpdate() - status=0 address=78:63:84:BD:D0:5A txPhy=2 rxPhy=2
12-30 09:27:35.619  3819  4186 D BluetoothGattServer: onPhyUpdate() - device=78:63:84:BD:D0:5A, txPHy=2, rxPHy=2
12-30 09:27:35.649  1482  4607 D VSTCamera: frameid:92565, frameduration:13887448, delay:23144958, boottime:1321601227557, exposure:10000000, gain:1600, cameraid:6
12-30 09:27:35.650  1482  4607 D VSTCamera: frameid:92565, frameduration:13887396, delay:23400948, boottime:1321601230734, exposure:10000000, gain:1600, cameraid:7
12-30 09:27:35.666  2123  5284 D ActivityManager: freezer override set to true
12-30 09:27:35.668  2123  5284 D ActivityManager: sync unfroze 3531 com.android.printspooler for 19
12-30 09:27:35.679  1162  2963 I vendor.qti.bluetooth@1.1-ibs_handler: ProcessIbsCmd: Received IBS_SLEEP_IND: 0xFE
12-30 09:27:35.679  1162  2963 D vendor.qti.bluetooth@1.1-ibs_handler: SerialClockVote: vote for UART CLK OFF
12-30 09:27:35.704  2488  4570 I rruntimeservice: Explicit concurrent copying GC freed 2705(128KB) AllocSpace objects, 1(20KB) LOS objects, 92% free, 2126KB/26MB, paused 23us,8us total 4.535ms
12-30 09:27:35.718  2123  5284 D ActivityManager: freezer override set to false
12-30 09:27:35.811  1482  4565 I VrlinkDataSource: timeSync.ts:1325827782059, offset:5938
12-30 09:27:35.829  1162  2869 D vendor.qti.bluetooth@1.1-wake_lock: Release wakelock is released 
12-30 09:27:35.856  1482  1747 I trackingservice: [Tobii_ETL]TobiiETLImpl.cpp:230 tobii_etl_process_frames() Successfully processed frame 115890
12-30 09:27:35.922  3725  4635 I PerfStats.cpp: FPS=72.02/72, Prd=29.89ms, Early=72.02, Stale=0.00, Lat=-1, Fov=0, CPU/GPU=4/5, Free=8052MB, ATW=4.76ms, APP=3.86ms/3.73ms, GD=0.00, CPU%=0.50, GPU%=0.37
12-30 09:27:35.988  2123  5284 D ActivityManager: freezer override set to true
12-30 09:27:35.992  4162  4396 D NetworkService: TotalRxSpeed : 4.1804MB/s  /  TotalTxSpeed : 48.8KB/s
12-30 09:27:35.992  4162  4396 D NetworkService: SystemRxSpeed : 4.1793MB/s  /  SystemTxSpeed : 48.7KB/s
12-30 09:27:36.005  3853  4015 I ScreencastSinkNative: [0]aud 1s, cap: 0.00[ 93 ] / max: 0, enc: 0.00[ 93 ] / max: 0, bitrate: 1.45M, send connect: 0.00[ 0 ] / max: 0, lost: 0, pkg: 0.00[ 0 ]/ max: 0, msg: 0.15[ 187 ]/ max: 3, dec: 0.00[ 0 ]/ max: 0, play: 86.60[ 94 ]/ max: 114, total: 0.00 / max: 0
12-30 09:27:36.009  3853  4013 I ScreencastSinkNative: [0]vid 1s, cap: 0.00[ 59 ] / max: 0, enc: 0.00[ 59 ] / max: 0, bitrate: 30.64M, send connect: 0.00[ 0 ] / max: 0, lost: 0, pkg: 0.00[ 0 ]/ max: 0, msg: 0.09[ 119 ]/ max: 1, dec: 10.10[ 60 ]/ max: 16, play: 1.52[ 60 ]/ max: 6, total: 0.00 / max: 0
12-30 09:27:36.012  3395 12481 I guardianservice: Explicit concurrent copying GC freed 2694(128KB) AllocSpace objects, 1(20KB) LOS objects, 91% free, 2185KB/26MB, paused 21us,12us total 5.713ms
12-30 09:27:36.032  2123  5284 D ActivityManager: freezer override set to false
12-30 09:27:36.162  2488  2732 E VSTDisplayManager: VST FPS:73
12-30 09:27:36.167  1482  4607 D ETMultiCamera: frameid:115918, frameduration:11164270, delay:4794843, boottime:1322136977620, exposure:3000000, gain:98, cameraid:9
12-30 09:27:36.167  1482  4607 D ETMultiCamera: frameid:115918, frameduration:11164271, delay:4958123, boottime:1322136969600, exposure:3000000, gain:98, cameraid:8
12-30 09:27:36.192  1482  1747 I trackingservice: [Tobii_ETL]TobiiETLImpl.cpp:230 tobii_etl_process_frames() Successfully processed frame 115920
12-30 09:27:36.203  2123  2245 D PowerManagerService: acquireWakeLockInternal: lock=9254867, flags=0x1, tag="NetworkStats", ws=null, uid=1000, pid=2123
12-30 09:27:36.204  2123  2245 W BestClock: java.time.DateTimeException: Missing network time fix
12-30 09:27:36.206  2123  2245 W BestClock: java.time.DateTimeException: Missing network time fix
12-30 09:27:36.207  2123  2245 D PowerManagerService: releaseWakeLockInternal: lock=9254867 [NetworkStats], flags=0x0, mOwnerUid:1000, mOwnerPid:2123
12-30 09:27:36.273  2488  2732 I VstCameraDeviceImpl: calculatePhase, fn:92610 (95 : 95), delay:9967963
12-30 09:27:36.318  1482  1736 I HandTrackingModule: [hand] hand FPS:(0:0), ts: 1326324211312
12-30 09:27:36.329  2488  2732 I CompositorMonitor: fps:72.0, prd:30.4 ms, cpu:1.4 ms, gpu:3.4 ms, early:72.0, stale:0.0, max_stale:0.0, sw_mode:0, drr:72.0, lat_mode:-1
12-30 09:27:36.364  3725  3924 I YUnity  : BOX_LOG BoxScreen [DP] Update: FPS=50
12-30 09:27:36.378  1232 13094 I QC2Comp : [hevcD_38] Stats: Pending(0) i/p-done(0) Works: Q: 5135/Done 5136|Work-Rate: Q(60.0/s Avg=60.0/s) Done(60.198/s Avg=60.052/s)| Stream: 72.29fps 35.5Mbps
12-30 09:27:36.378  1232 13094 I QC2Comp : [hevcD_38] Mem-usage:  [In-1D: 4 bufs 33.750 MB] [1D-55: 28 bufs 0.438 MB] [2D-56: 29 bufs 348.227 MB] | Total: 382.414 MB
12-30 09:27:36.408  1482  1743 I DataMonitor: (cam_dl):[dur: avg:16.57, min:16.66, max:16.67)] [lat: avg:8.17, min:6.86, max:10.04], miss(0) total:180
12-30 09:27:36.408  1482  1743 I DataMonitor: (cam_ul):[dur: avg:16.57, min:16.66, max:16.67)] [lat: avg:8.35, min:6.97, max:10.33], miss(0) total:180
12-30 09:27:36.408  1482  1743 I DataMonitor: (cam_ur):[dur: avg:16.57, min:16.66, max:16.67)] [lat: avg:8.29, min:7.06, max:10.17], miss(0) total:180
12-30 09:27:36.408  1482  1743 I DataMonitor: (cam_dr):[dur: avg:16.57, min:16.66, max:16.67)] [lat: avg:8.42, min:7.06, max:10.02], miss(0) total:180
12-30 09:27:36.408  1482  1743 I DataMonitor: (cam_auxl):[dur: avg:16.57, min:16.67, max:16.67)] [lat: avg:9.95, min:9.57, max:11.71], miss(0) total:180
12-30 09:27:36.408  1482  1743 I DataMonitor: (cam_auxr):[dur: avg:16.57, min:16.67, max:16.67)] [lat: avg:9.90, min:9.57, max:11.36], miss(0) total:180
12-30 09:27:36.408  1482  1743 I DataMonitor: (cam_lvst):[dur: avg:13.88, min:13.89, max:18.69)] [lat: avg:11.29, min:11.00, max:13.34], miss(0) total:215
12-30 09:27:36.408  1482  1743 I DataMonitor: (cam_rvst):[dur: avg:13.88, min:13.89, max:18.69)] [lat: avg:11.34, min:11.01, max:13.45], miss(0) total:215
12-30 09:27:36.408  1482  1743 I DataMonitor: (cam_let):[dur: avg:11.12, min:11.16, max:11.16)] [lat: avg:4.82, min:4.65, max:6.07], miss(0) total:269
12-30 09:27:36.408  1482  1743 I DataMonitor: (cam_ret):[dur: avg:11.12, min:11.16, max:11.16)] [lat: avg:4.91, min:4.67, max:6.21], miss(0) total:269
12-30 09:27:36.408  1482  1743 I DataMonitor: (cam_tof):[dur: avg:32.96, min:33.33, max:33.33)] [lat: avg:24.64, min:23.91, max:26.29], miss(0) total:90
12-30 09:27:36.408  1482  1743 I DataMonitor: (imu_hmd):[dur: avg:0.98, min:0.98, max:0.98)] [lat: avg:0.59, min:0.36, max:0.91], miss(0) total:3072
12-30 09:27:36.408  1482  1743 I DataMonitor: (slam):[lat: avg:4.71, min:3.91, max:9.94], [ql: 3073 1.000000] total:3073
12-30 09:27:36.408  1482  1743 I DataMonitor: (eye_pose):[lat: avg:7.55, min:6.13, max:16.62], [ql: 269 1.000000] total:269
12-30 09:27:36.459  1482  4649 E trackingservice: [EYETRACKING_TOBII]EyeTrackingModule_Tobii.cpp:371 xr_callback() Frame 115944 is already processed.
12-30 09:27:36.526  1482  1747 I trackingservice: [Tobii_ETL]TobiiETLImpl.cpp:230 tobii_etl_process_frames() Successfully processed frame 115950
12-30 09:27:36.640  3853 13064 I ScreencastSinkNative: [0]on audio data received, size:2048
12-30 09:27:36.788  1162  2963 I vendor.qti.bluetooth@1.1-ibs_handler: ProcessIbsCmd: Received IBS_WAKE_IND: 0xFD
12-30 09:27:36.788  1162  2963 D vendor.qti.bluetooth@1.1-ibs_handler: SerialClockVote: vote for UART CLK ON
12-30 09:27:36.788  1162  2963 D vendor.qti.bluetooth@1.1-wake_lock: Acquire wakelock is acquired 
12-30 09:27:36.788  1162  2963 I vendor.qti.bluetooth@1.1-ibs_handler: ProcessIbsCmd: Writing IBS_WAKE_ACK
12-30 09:27:36.789  2582  2965 I bt_stack: [INFO:bta_tmap_main.cc(192)] BTTmapCback: bttmap cback
12-30 09:27:36.789  2582  2965 I bt_stack: [INFO:bta_tmap_main.cc(197)] HandleTmapEvent: Tmap handle event: BTA_GATTS_PHY_UPDATE_EVT
12-30 09:27:36.789  2582  2965 I bt_stack: [INFO:bta_tmap_main.cc(274)] HandleTmapEvent: event not matched !!
12-30 09:27:36.789  2582  2965 I bt_stack: [INFO:pacs_client.cc(2773)] pacs_gattc_callback: Event : Unknown Event
12-30 09:27:36.789  2582  2965 I bt_stack: [INFO:ascs_client.cc(1778)] ascs_gattc_callback: Event : Unknown Event
12-30 09:27:36.789  2582  2965 I bt_stack: [INFO:bta_vcp_controller.cc(1122)] vcp_controller_gattc_callback event = Unknown GATT Callback Event
12-30 09:27:36.789  2582  2965 I bt_stack: [INFO:has_client.cc(1817)] GattcCallback: event = 25
12-30 09:27:36.789  2582  2965 I bt_stack: [INFO:bta_mcp_main.cc(895)] HandleMcsEvent   mcs handle event BTA_GATTS_PHY_UPDATE_EVT
12-30 09:27:36.789  2582  2965 I bt_stack: [INFO:bta_mcp_main.cc(1634)] HandleMcsEvent event to media handler MCP_PHY_UPDATE
12-30 09:27:36.789  2582  2965 I bt_stack: [INFO:bta_mcp_main.cc(1645)] MediaStateInactiveHandler handle event MCP_PHY_UPDATE in state MCP_STATE_INACTIVE
12-30 09:27:36.789  2582  2965 I bt_stack: [INFO:bta_mcp_main.cc(1653)] MediaStateInactiveHandler device: 0xb40000703162d500
12-30 09:27:36.789  2582  2965 I bt_stack: [INFO:bta_mcp_main.cc(1654)] MediaStateInactiveHandler inactive mcs handle event MCP_PHY_UPDATE
12-30 09:27:36.789  2582  2965 I bt_stack: [INFO:bta_mcp_main.cc(3234)] DeviceStateConnectionHandler  device connected handle MCP_PHY_UPDATE
12-30 09:27:36.789  2582  2965 I bt_stack: [INFO:bta_mcp_main.cc(1638)] HandleMcsEventfree rsp data
12-30 09:27:36.789  2582  2965 I bt_stack: [INFO:bta_cc_main.cc(1163)] HandleCcsEvent: event: : Unknown bta cc event
12-30 09:27:36.789  2582  2965 I bt_stack: [INFO:bta_cc_main.cc(2323)] CCSHandler: inactive ccs handle event CCS_PHY_UPDATE
12-30 09:27:36.789  2582  2965 I bt_stack: [INFO:bta_cc_main.cc(2608)] CCSHandler: calling device state: 1
12-30 09:27:36.789  2582  2965 I bt_stack: [INFO:bta_cc_main.cc(2086)] DeviceStateConnectionHandler: device connected handle: 150
12-30 09:27:36.789  2582  2965 I bt_stack: [INFO:bta_cc_main.cc(2163)] DeviceStateConnectionHandler: device CCS_PHY_UPDATE update: 150
12-30 09:27:36.789  2582  2965 I bt_stack: [INFO:bta_cc_main.cc(2072)] HandleCcsEventfree rsp data
12-30 09:27:36.790  2582  2836 D BtGatt.GattService: onServerPhyUpdate() - connId=14, status=0
12-30 09:27:36.790  2582  2836 D BtGatt.GattService: onClientPhyUpdate() - connId=16, status=0
12-30 09:27:36.790  3819  4186 D BluetoothGattServer: onPhyUpdate() - device=78:63:84:BD:D0:5A, txPHy=2, rxPHy=1
12-30 09:27:36.790  4011  4041 D BluetoothGatt: onPhyUpdate() - status=0 address=78:63:84:BD:D0:5A txPhy=2 rxPhy=1
12-30 09:27:36.828  1162  2963 I vendor.qti.bluetooth@1.1-ibs_handler: ProcessIbsCmd: Received IBS_SLEEP_IND: 0xFE
12-30 09:27:36.829  1162  2963 D vendor.qti.bluetooth@1.1-ibs_handler: SerialClockVote: vote for UART CLK OFF
12-30 09:27:36.829  1482  4649 E trackingservice: [EYETRACKING_TOBII]EyeTrackingModule_Tobii.cpp:371 xr_callback() Frame 115977 is already processed.
12-30 09:27:36.839  1162  2963 I vendor.qti.bluetooth@1.1-ibs_handler: ProcessIbsCmd: Received IBS_WAKE_IND: 0xFD
12-30 09:27:36.839  1162  2963 D vendor.qti.bluetooth@1.1-ibs_handler: SerialClockVote: vote for UART CLK ON
12-30 09:27:36.839  1162  2963 I vendor.qti.bluetooth@1.1-ibs_handler: ProcessIbsCmd: Writing IBS_WAKE_ACK
12-30 09:27:36.854  2123  2708 D ActivityManager: freezer override set to true
12-30 09:27:36.861  1482  1747 I trackingservice: [Tobii_ETL]TobiiETLImpl.cpp:230 tobii_etl_process_frames() Successfully processed frame 115980
12-30 09:27:36.879  1162  2963 I vendor.qti.bluetooth@1.1-ibs_handler: ProcessIbsCmd: Received IBS_SLEEP_IND: 0xFE
12-30 09:27:36.879  1162  2963 D vendor.qti.bluetooth@1.1-ibs_handler: SerialClockVote: vote for UART CLK OFF
12-30 09:27:36.935  3725  4635 I PerfStats.cpp: FPS=72.02/72, Prd=30.36ms, Early=72.02, Stale=0.00, Lat=-1, Fov=0, CPU/GPU=4/5, Free=8052MB, ATW=4.82ms, APP=4.19ms/3.67ms, GD=0.00, CPU%=0.50, GPU%=0.37
12-30 09:27:36.952  2123  2708 D ActivityManager: freezer override set to false
12-30 09:27:37.000  3853  4013 I ScreencastSinkNative: [0]vid 1s, cap: 0.00[ 60 ] / max: 0, enc: 0.00[ 60 ] / max: 0, bitrate: 28.46M, send connect: 0.00[ 0 ] / max: 0, lost: 0, pkg: 0.00[ 0 ]/ max: 0, msg: 0.18[ 120 ]/ max: 1, dec: 9.47[ 60 ]/ max: 12, play: 1.30[ 60 ]/ max: 4, total: 0.00 / max: 0
12-30 09:27:37.003  3853  4015 I ScreencastSinkNative: [0]aud 1s, cap: 0.00[ 94 ] / max: 0, enc: 0.00[ 94 ] / max: 0, bitrate: 1.47M, send connect: 0.00[ 0 ] / max: 0, lost: 0, pkg: 0.00[ 0 ]/ max: 0, msg: 0.20[ 188 ]/ max: 4, dec: 0.00[ 0 ]/ max: 0, play: 87.58[ 94 ]/ max: 113, total: 0.00 / max: 0
12-30 09:27:37.013  1482  4607 D TrackingCamera: frameid:77682, qdelay:8492008, frameduration:16666458, boottime:1322979548215, exposure:5161000,gain:761, cameraid:2
12-30 09:27:37.013  1482  4607 D TrackingCamera: frameid:77682, qdelay:8763935, frameduration:16666458, boottime:1322979548215, exposure:5161000,gain:761, cameraid:0
12-30 09:27:37.013  1482  4607 D TrackingCamera: frameid:77682, qdelay:8956279, frameduration:16666458, boottime:1322979548215, exposure:5161000,gain:761, cameraid:3
